###############################################################################
#                                                                             #
# IAR ELF Linker V1.40.1.50106 for STM8                 20/Apr/2020  14:24:27 #
# Copyright 2010-2013 IAR Systems AB.                                         #
#                                                                             #
#    Output file  =  E:\金鸽\s281\prog\子站\281wt106\Debug\Exe\281wt2.out     #
#    Map file     =  E:\金鸽\s281\prog\子站\281wt106\Debug\List\281wt2.map    #
#    Command line =  E:\金鸽\s281\prog\子站\281wt106\Debug\Obj\Rf433.o        #
#                    E:\金鸽\s281\prog\子站\281wt106\Debug\Obj\SX127X_Driver. #
#                    o E:\金鸽\s281\prog\子站\281wt106\Debug\Obj\SX127X_Hal.o #
#                     E:\金鸽\s281\prog\子站\281wt106\Debug\Obj\flash_eeprom. #
#                    o E:\金鸽\s281\prog\子站\281wt106\Debug\Obj\hw_config.o  #
#                    E:\金鸽\s281\prog\子站\281wt106\Debug\Obj\it.o           #
#                    E:\金鸽\s281\prog\子站\281wt106\Debug\Obj\lora.o         #
#                    E:\金鸽\s281\prog\子站\281wt106\Debug\Obj\main.o         #
#                    E:\金鸽\s281\prog\子站\281wt106\Debug\Obj\pccmd.o        #
#                    E:\金鸽\s281\prog\子站\281wt106\Debug\Obj\stm8l15x_adc.o #
#                     E:\金鸽\s281\prog\子站\281wt106\Debug\Obj\stm8l15x_clk. #
#                    o E:\金鸽\s281\prog\子站\281wt106\Debug\Obj\stm8l15x_dma #
#                    .o E:\金鸽\s281\prog\子站\281wt106\Debug\Obj\stm8l15x_ex #
#                    ti.o E:\金鸽\s281\prog\子站\281wt106\Debug\Obj\stm8l15x_ #
#                    flash.o E:\金鸽\s281\prog\子站\281wt106\Debug\Obj\stm8l1 #
#                    5x_gpio.o E:\金鸽\s281\prog\子站\281wt106\Debug\Obj\stm8 #
#                    l15x_iwdg.o E:\金鸽\s281\prog\子站\281wt106\Debug\Obj\st #
#                    m8l15x_pwr.o E:\金鸽\s281\prog\子站\281wt106\Debug\Obj\s #
#                    tm8l15x_rtc.o E:\金鸽\s281\prog\子站\281wt106\Debug\Obj\ #
#                    stm8l15x_spi.o E:\金鸽\s281\prog\子站\281wt106\Debug\Obj #
#                    \stm8l15x_tim1.o E:\金鸽\s281\prog\子站\281wt106\Debug\O #
#                    bj\stm8l15x_usart.o --redirect _Printf=_PrintfFullNoMb   #
#                    --redirect _Scanf=_ScanfFullNoMb -o                      #
#                    E:\金鸽\s281\prog\子站\281wt106\Debug\Exe\281wt2.out     #
#                    --map E:\金鸽\s281\prog\子站\281wt106\Debug\List\281wt2. #
#                    map --config "C:\Program Files (x86)\IAR                 #
#                    Systems\Embedded Workbench 6.5\stm8\config\lnkstm8l151k4 #
#                    .icf" --config_def _CSTACK_SIZE=0x100 --config_def       #
#                    _HEAP_SIZE=0 --entry __iar_program_start --debug_lib     #
#                                                                             #
#                                                                             #
###############################################################################

*******************************************************************************
*** RUNTIME MODEL ATTRIBUTES
***

__SystemLibrary            = DLib
__code_model               = small
__core                     = stm8
__data_model               = medium
__dlib_file_descriptor     = 0
__dlib_full_locale_support = 0
__rt_version               = 4


*******************************************************************************
*** PLACEMENT SUMMARY
***

"A1":  place at start of [0x000000-0x0000ff] { rw section .vregs };
"A2":  place at end of [0x000000-0x0007ff] { block CSTACK };
"P2":  place in [from 0x000000 to 0x0007ff] {
          block HEAP, rw section .far.bss, rw section .far.data,
          rw section .far.noinit, rw section .far_func.textrw,
          rw section .huge.bss, rw section .huge.data, rw section .huge.noinit,
          rw section .huge_func.textrw, rw section .iar.dynexit,
          rw section .near.bss, rw section .near.data, rw section .near.noinit,
          rw section .near_func.textrw };
"A3":  place at start of [0x008000-0x00bfff] { block INTVEC };
"P3":  place in [from 0x008000 to 0x00bfff] {
          ro section .far.data_init, ro section .far_func.textrw_init,
          ro section .huge.data_init, ro section .huge_func.textrw_init,
          ro section .iar.init_table, ro section .init_array,
          ro section .near.data_init, ro section .near.rodata,
          ro section .near_func.text, ro section .near_func.textrw_init,
          ro section .tiny.data_init, ro section .tiny.rodata_init };

  Section            Kind      Address    Size  Object
  -------            ----      -------    ----  ------
"A1":                                     0x10
  .vregs             uninit   0x000000    0x10  vregs.o [4]
                            - 0x000010    0x10

"P2", part 1 of 2:                         0x4
  P2 s0                       0x000010     0x4  <Init block>
    .near.data       inited   0x000010     0x4  SX127X_Driver.o [1]
                            - 0x000014     0x4

"P2", part 2 of 2:                       0x240
  .near.bss          zero     0x000014    0xfa  Rf433.o [1]
  .near.bss          zero     0x00010e    0x80  hw_config.o [1]
  .near.bss          zero     0x00018e    0x64  pccmd.o [1]
  .near.bss          zero     0x0001f2    0x15  Rf433.o [1]
  .near.bss          zero     0x000207     0xb  SX127X_Driver.o [1]
  .near.bss          zero     0x000212     0xb  flash_eeprom.o [1]
  .near.bss          zero     0x00021d     0x8  SX127X_Driver.o [1]
  .near.bss          zero     0x000225     0x2  Rf433.o [1]
  .near.bss          zero     0x000227     0x2  it.o [1]
  .near.bss          zero     0x000229     0x2  it.o [1]
  .near.bss          zero     0x00022b     0x2  it.o [1]
  .near.bss          zero     0x00022d     0x2  it.o [1]
  .near.bss          zero     0x00022f     0x2  it.o [1]
  .near.bss          zero     0x000231     0x2  main.o [1]
  .near.bss          zero     0x000233     0x2  main.o [1]
  .near.bss          zero     0x000235     0x2  main.o [1]
  .near.bss          zero     0x000237     0x2  main.o [1]
  .near.bss          zero     0x000239     0x2  main.o [1]
  .near.bss          zero     0x00023b     0x2  main.o [1]
  .near.bss          zero     0x00023d     0x2  pccmd.o [1]
  .near.bss          zero     0x00023f     0x2  pccmd.o [1]
  .near.bss          zero     0x000241     0x2  pccmd.o [1]
  .near.bss          zero     0x000243     0x1  Rf433.o [1]
  .near.bss          zero     0x000244     0x1  Rf433.o [1]
  .near.bss          zero     0x000245     0x1  Rf433.o [1]
  .near.bss          zero     0x000246     0x1  hw_config.o [1]
  .near.bss          zero     0x000247     0x1  hw_config.o [1]
  .near.bss          zero     0x000248     0x1  it.o [1]
  .near.bss          zero     0x000249     0x1  it.o [1]
  .near.bss          zero     0x00024a     0x1  it.o [1]
  .near.bss          zero     0x00024b     0x1  lora.o [1]
  .near.bss          zero     0x00024c     0x1  lora.o [1]
  .near.bss          zero     0x00024d     0x1  lora.o [1]
  .near.bss          zero     0x00024e     0x1  main.o [1]
  .near.bss          zero     0x00024f     0x1  main.o [1]
  .near.bss          zero     0x000250     0x1  main.o [1]
  .near.bss          zero     0x000251     0x1  main.o [1]
  .near.bss          zero     0x000252     0x1  main.o [1]
  .near.bss          zero     0x000253     0x1  pccmd.o [1]
                            - 0x000254   0x240

"A2":                                    0x100
  CSTACK                      0x000700   0x100  <Block>
    CSTACK           uninit   0x000700   0x100  <Block tail>
                            - 0x000800   0x100

"A3":                                     0x80
  INTVEC                      0x008000    0x80  <Block>
    .intvec          const    0x008000    0x80  interrupt.o [4]
                            - 0x008080    0x80

"P3":                                   0x35e3
  .near_func.text    ro code  0x008080   0x465  float.o [4]
  .near_func.text    ro code  0x0084e5   0x42f  xprintffull_nomb.o [4]
  .near_func.text    ro code  0x008914   0x410  xprintffull_nomb.o [4]
  .near_func.text    ro code  0x008d24   0x392  SX127X_Driver.o [1]
  .near_func.text    ro code  0x0090b6   0x385  xprintffull_nomb.o [4]
  .near_func.text    ro code  0x00943b   0x21d  long.o [4]
  .near_func.text    ro code  0x009658   0x171  xprintffull_nomb.o [4]
  .near_func.text    ro code  0x0097c9   0x161  float_libsup.o [4]
  .near_func.text    ro code  0x00992a   0x132  main.o [1]
  .near_func.text    ro code  0x009a5c   0x132  vreg_util.o [4]
  .near_func.text    ro code  0x009b8e   0x109  pccmd.o [1]
  .near_func.text    ro code  0x009c97    0xf6  main.o [1]
  .near_func.text    ro code  0x009d8d    0xd1  stm8l15x_rtc.o [1]
  .near_func.text    ro code  0x009e5e    0xcb  hw_config.o [1]
  .near_func.text    ro code  0x009f29    0xc8  it.o [1]
  .near_func.text    ro code  0x009ff1    0xbb  Rf433.o [1]
  .near_func.text    ro code  0x00a0ac    0xa3  hw_config.o [1]
  .near_func.text    ro code  0x00a14f    0x9c  flash_eeprom.o [1]
  .near_func.text    ro code  0x00a1eb    0x8a  Rf433.o [1]
  .near_func.text    ro code  0x00a275    0x89  stm8l15x_usart.o [1]
  .near_func.text    ro code  0x00a2fe    0x80  stm8l15x_clk.o [1]
  .near_func.text    ro code  0x00a37e    0x7e  hw_config.o [1]
  .near_func.text    ro code  0x00a3fc    0x72  stm8l15x_gpio.o [1]
  .near_func.text    ro code  0x00a46e    0x72  long_util.o [4]
  .near_func.text    ro code  0x00a4e0    0x6b  stm8l15x_usart.o [1]
  .near_func.text    ro code  0x00a54b    0x69  main.o [1]
  .near_func.text    ro code  0x00a5b4    0x62  Rf433.o [1]
  .near_func.text    ro code  0x00a616    0x62  stm8l15x_clk.o [1]
  .near_func.text    ro code  0x00a678    0x60  SX127X_Driver.o [1]
  .near_func.text    ro code  0x00a6d8    0x60  lora.o [1]
  .near_func.text    ro code  0x00a738    0x5e  SX127X_Hal.o [1]
  .near_func.text    ro code  0x00a796    0x5c  main.o [1]
  .near_func.text    ro code  0x00a7f2    0x59  short.o [4]
  .near_func.text    ro code  0x00a84b    0x57  pccmd.o [1]
  .near_func.text    ro code  0x00a8a2    0x4f  hw_config.o [1]
  .near_func.text    ro code  0x00a8f1    0x4f  hw_config.o [1]
  .near_func.text    ro code  0x00a940    0x49  stm8l15x_flash.o [1]
  .near_func.text    ro code  0x00a989    0x44  SX127X_Hal.o [1]
  .near_func.text    ro code  0x00a9cd    0x43  xprintffull_nomb.o [4]
  .near_func.text    ro code  0x00aa10    0x41  main.o [1]
  .near_func.text    ro code  0x00aa51    0x40  it.o [1]
  .near_func.text    ro code  0x00aa91    0x3f  xprintffull_nomb.o [4]
  .near_func.text    ro code  0x00aad0    0x3d  SX127X_Hal.o [1]
  .near_func.text    ro code  0x00ab0d    0x3c  stm8l15x_rtc.o [1]
  .near_func.text    const    0x00ab49    0x3c  xprintffull_nomb.o [4]
  .near_func.text    ro code  0x00ab85    0x3b  hw_config.o [1]
  .near_func.text    ro code  0x00abc0    0x3b  lora.o [1]
  .near_func.text    ro code  0x00abfb    0x39  xprintffull_nomb.o [4]
  .near_func.text    ro code  0x00ac34    0x38  stm8l15x_clk.o [1]
  .near_func.text    ro code  0x00ac6c    0x37  main.o [1]
  .near_func.text    ro code  0x00aca3    0x36  stm8l15x_rtc.o [1]
  .near_func.text    ro code  0x00acd9    0x35  stm8l15x_usart.o [1]
  .near_func.text    ro code  0x00ad0e    0x33  lora.o [1]
  .near_func.text    ro code  0x00ad41    0x33  stm8l15x_spi.o [1]
  .near_func.text    ro code  0x00ad74    0x33  xprintffull_nomb.o [4]
  .near_func.text    ro code  0x00ada7    0x30  div.o [4]
  .near_func.text    ro code  0x00add7    0x2f  stm8l15x_rtc.o [1]
  .near_func.text    ro code  0x00ae06    0x2f  xprintffull_nomb.o [4]
  .near.rodata       const    0x00ae35    0x2c  hw_config.o [1]
  .near.rodata       const    0x00ae61    0x2c  hw_config.o [1]
  .near.rodata       const    0x00ae8d    0x2c  hw_config.o [1]
  .near.rodata       const    0x00aeb9    0x2c  hw_config.o [1]
  .near_func.text    ro code  0x00aee5    0x2c  it.o [1]
  .near_func.text    ro code  0x00af11    0x2b  it.o [1]
  .near_func.text    ro code  0x00af3c    0x28  init_small.o [4]
  .near_func.text    ro code  0x00af64    0x26  pccmd.o [1]
  .near_func.text    ro code  0x00af8a    0x25  memcpy.o [4]
  .near_func.text    ro code  0x00afaf    0x23  hw_config.o [1]
  .near_func.text    ro code  0x00afd2    0x23  stm8l15x_rtc.o [1]
  .near_func.text    ro code  0x00aff5    0x23  stm8l15x_rtc.o [1]
  .near.rodata       const    0x00b018    0x22  hw_config.o [1]
  .near_func.text    ro code  0x00b03a    0x22  hw_config.o [1]
  .near_func.text    ro code  0x00b05c    0x21  hw_config.o [1]
  .iar.init_table    const    0x00b07d    0x12  - Linker created -
  .near.rodata       const    0x00b08f    0x20  hw_config.o [1]
  .near_func.text    ro code  0x00b0af    0x20  printf.o [4]
  .near_func.text    ro code  0x00b0cf    0x1f  dc_util.o [4]
  .near_func.text    ro code  0x00b0ee    0x1e  init_small.o [4]
  .near.rodata       const    0x00b10c    0x1d  hw_config.o [1]
  .near_func.text    ro code  0x00b129    0x1c  it.o [1]
  .near_func.text    ro code  0x00b145    0x1c  stm8l15x_adc.o [1]
  .near_func.text    ro code  0x00b161    0x1a  stm8l15x_adc.o [1]
  .near_func.text    ro code  0x00b17b    0x1a  stm8l15x_rtc.o [1]
  .near_func.text    ro code  0x00b195    0x19  hw_config.o [1]
  .near_func.text    ro code  0x00b1ae    0x19  stm8l15x_adc.o [1]
  .near_func.text    ro code  0x00b1c7    0x19  stm8l15x_flash.o [1]
  .near_func.text    ro code  0x00b1e0    0x19  xprout.o [4]
  .near_func.text    ro code  0x00b1f9    0x18  it.o [1]
  .near_func.text    ro code  0x00b211    0x18  xprintffull_nomb.o [4]
  .near_func.text    ro code  0x00b229    0x17  init.o [4]
  .near_func.text    ro code  0x00b240    0x16  lora.o [1]
  .near_func.text    ro code  0x00b256    0x16  stm8l15x_adc.o [1]
  .near_func.text    ro code  0x00b26c    0x16  stm8l15x_exti.o [1]
  .near.rodata       const    0x00b282    0x15  main.o [1]
  .near_func.text    ro code  0x00b297    0x15  memchr.o [4]
  .near_func.text    ro code  0x00b2ac    0x15  strchr.o [4]
  .near_func.text    ro code  0x00b2c1    0x14  pccmd.o [1]
  .near_func.text    ro code  0x00b2d5    0x14  __dbg_xxexit.o [3]
  .near_func.text    ro code  0x00b2e9    0x13  hw_config.o [1]
  .near_func.text    ro code  0x00b2fc    0x13  cstartup.o [4]
  .near_func.text    ro code  0x00b30f    0x12  strlen.o [4]
  .near.rodata       const    0x00b321    0x10  main.o [1]
  .near.rodata       const    0x00b331    0x10  main.o [1]
  .near.rodata       const    0x00b341    0x10  pccmd.o [1]
  .near_func.text    ro code  0x00b351    0x10  stm8l15x_usart.o [1]
  .near.rodata       const    0x00b361     0xf  main.o [1]
  .near_func.text    ro code  0x00b370     0xf  hw_config.o [1]
  .near_func.text    ro code  0x00b37f     0xf  main.o [1]
  .near_func.text    ro code  0x00b38e     0xf  stm8l15x_clk.o [1]
  .near_func.text    ro code  0x00b39d     0xf  stm8l15x_clk.o [1]
  .near_func.text    ro code  0x00b3ac     0xf  stm8l15x_spi.o [1]
  .near.rodata       const    0x00b3bb     0xe  main.o [1]
  .near.rodata       const    0x00b3c9     0xe  main.o [1]
  .near.rodata       const    0x00b3d7     0xd  SX127X_Driver.o [1]
  .near.rodata       const    0x00b3e4     0xd  main.o [1]
  .near.rodata       const    0x00b3f1     0xd  pccmd.o [1]
  .near_func.text    ro code  0x00b3fe     0xd  stm8l15x_adc.o [1]
  .near_func.text    ro code  0x00b40b     0xd  stm8l15x_clk.o [1]
  .near_func.text    ro code  0x00b418     0xd  stm8l15x_pwr.o [1]
  .near_func.text    ro code  0x00b425     0xd  stm8l15x_spi.o [1]
  .near_func.text    ro code  0x00b432     0xd  move.o [4]
  .near.rodata       const    0x00b43f     0xc  hw_config.o [1]
  .near.rodata       const    0x00b44b     0xc  lora.o [1]
  .near.rodata       const    0x00b457     0xc  main.o [1]
  .near_func.text    ro code  0x00b463     0xc  xprintffull_nomb.o [4]
  .near_func.text    ro code  0x00b46f     0xc  switch.o [4]
  .near.rodata       const    0x00b47b     0xb  lora.o [1]
  .near_func.text    ro code  0x00b486     0xb  stm8l15x_adc.o [1]
  .near_func.text    ro code  0x00b491     0xb  xprintffull_nomb.o [4]
  .near.rodata       const    0x00b49c     0xa  Rf433.o [1]
  .near_func.text    ro code  0x00b4a6     0xa  stm8l15x_clk.o [1]
  .near_func.text    ro code  0x00b4b0     0xa  xprintffull_nomb.o [4]
  .near_func.text    ro code  0x00b4ba     0xa  xprintffull_nomb.o [4]
  .near_func.text    ro code  0x00b4c4     0xa  xprintffull_nomb.o [4]
  .near_func.text    ro code  0x00b4ce     0xa  xprintffull_nomb.o [4]
  .near.rodata       const    0x00b4d8     0x9  main.o [1]
  .near.rodata       const    0x00b4e1     0x9  main.o [1]
  .near_func.text    ro code  0x00b4ea     0x9  hw_config.o [1]
  .near_func.text    ro code  0x00b4f3     0x9  stm8l15x_rtc.o [1]
  .near_func.text    ro code  0x00b4fc     0x9  xprintffull_nomb.o [4]
  .near_func.text    ro code  0x00b505     0x9  xprintffull_nomb.o [4]
  .near_func.text    ro code  0x00b50e     0x9  xprintffull_nomb.o [4]
  .near_func.text    ro code  0x00b517     0x9  xprintffull_nomb.o [4]
  .near_func.text    ro code  0x00b520     0x9  xprintffull_nomb.o [4]
  .near_func.text    ro code  0x00b529     0x9  xprintffull_nomb.o [4]
  .near.rodata       const    0x00b532     0x8  Rf433.o [1]
  .near.rodata       const    0x00b53a     0x8  main.o [1]
  .near.rodata       const    0x00b542     0x8  main.o [1]
  .near_func.text    ro code  0x00b54a     0x8  xprintffull_nomb.o [4]
  .near_func.text    ro code  0x00b552     0x8  xprintffull_nomb.o [4]
  .near_func.text    ro code  0x00b55a     0x8  xprintffull_nomb.o [4]
  .near_func.text    ro code  0x00b562     0x8  xprintffull_nomb.o [4]
  .near.rodata       const    0x00b56a     0x7  hw_config.o [1]
  .near.rodata       const    0x00b571     0x7  pccmd.o [1]
  .near.rodata       const    0x00b578     0x7  pccmd.o [1]
  .near.rodata       const    0x00b57f     0x7  xprintffull_nomb.o [4]
  .near_func.text    ro code  0x00b586     0x7  stm8l15x_flash.o [1]
  .near_func.text    ro code  0x00b58d     0x7  xprintffull_nomb.o [4]
  .near_func.text    ro code  0x00b594     0x7  xprintffull_nomb.o [4]
  .near_func.text    ro code  0x00b59b     0x7  xprintffull_nomb.o [4]
  .near_func.text    ro code  0x00b5a2     0x7  xprintffull_nomb.o [4]
  .near.rodata       const    0x00b5a9     0x6  pccmd.o [1]
  .near.rodata       const    0x00b5af     0x6  pccmd.o [1]
  .near_func.text    ro code  0x00b5b5     0x6  xprintffull_nomb.o [4]
  .near_func.text    ro code  0x00b5bb     0x6  xprintffull_nomb.o [4]
  .near_func.text    ro code  0x00b5c1     0x6  xprintffull_nomb.o [4]
  .near.rodata       const    0x00b5c7     0x5  pccmd.o [1]
  .near.rodata       const    0x00b5cc     0x5  pccmd.o [1]
  .near.rodata       const    0x00b5d1     0x5  stm8l15x_clk.o [1]
  .near_func.text    ro code  0x00b5d6     0x5  it.o [1]
  .near_func.text    ro code  0x00b5db     0x5  stm8l15x_adc.o [1]
  .near_func.text    ro code  0x00b5e0     0x5  stm8l15x_iwdg.o [1]
  .near_func.text    ro code  0x00b5e5     0x5  stm8l15x_iwdg.o [1]
  .near_func.text    ro code  0x00b5ea     0x5  stm8l15x_spi.o [1]
  .near_func.text    ro code  0x00b5ef     0x5  stm8l15x_spi.o [1]
  .near_func.text    ro code  0x00b5f4     0x5  stm8l15x_usart.o [1]
  .near_func.text    ro code  0x00b5f9     0x5  char.o [4]
  .near_func.text    ro code  0x00b5fe     0x5  xprintffull_nomb.o [4]
  .near_func.text    ro code  0x00b603     0x5  cexit.o [4]
  .near.rodata       const    0x00b608     0x4  lora.o [1]
  .near.rodata       const    0x00b60c     0x4  xprintffull_nomb.o [4]
  .near.rodata       const    0x00b610     0x4  xprintffull_nomb.o [4]
  .near.rodata       const    0x00b614     0x4  xprintffull_nomb.o [4]
  .near.rodata       const    0x00b618     0x4  xprintffull_nomb.o [4]
  .near_func.text    ro code  0x00b61c     0x4  stm8l15x_clk.o [1]
  .near_func.text    ro code  0x00b620     0x4  stm8l15x_flash.o [1]
  .near_func.text    ro code  0x00b624     0x4  stm8l15x_flash.o [1]
  .near_func.text    ro code  0x00b628     0x4  stm8l15x_gpio.o [1]
  .near_func.text    ro code  0x00b62c     0x4  stm8l15x_iwdg.o [1]
  .near_func.text    ro code  0x00b630     0x4  stm8l15x_iwdg.o [1]
  .near_func.text    ro code  0x00b634     0x4  stm8l15x_iwdg.o [1]
  .near_func.text    ro code  0x00b638     0x3  stm8l15x_gpio.o [1]
  .near_func.text    ro code  0x00b63b     0x3  interrupt.o [4]
  .near_func.text    ro code  0x00b63e     0x3  low_level_init.o [4]
  .near_func.text    ro code  0x00b641     0x3  exit.o [4]
  .near_func.text    ro code  0x00b644     0x3  unhandled_exception.o [4]
  .near.rodata       const    0x00b647     0x2  xprintffull_nomb.o [4]
  .near_func.text    ro code  0x00b649     0x1  hw_config.o [1]
  .near_func.text    ro code  0x00b64a     0x1  it.o [1]
  .near_func.text    ro code  0x00b64b     0x1  it.o [1]
  .near_func.text    ro code  0x00b64c     0x1  it.o [1]
  .near_func.text    ro code  0x00b64d     0x1  it.o [1]
  .near_func.text    ro code  0x00b64e     0x1  it.o [1]
  .near_func.text    ro code  0x00b64f     0x1  it.o [1]
  .near_func.text    ro code  0x00b650     0x1  it.o [1]
  .near_func.text    ro code  0x00b651     0x1  it.o [1]
  .near_func.text    ro code  0x00b652     0x1  it.o [1]
  .near_func.text    ro code  0x00b653     0x1  it.o [1]
  .near_func.text    ro code  0x00b654     0x1  it.o [1]
  .near_func.text    ro code  0x00b655     0x1  it.o [1]
  .near_func.text    ro code  0x00b656     0x1  it.o [1]
  .near_func.text    ro code  0x00b657     0x1  it.o [1]
  .near_func.text    ro code  0x00b658     0x1  it.o [1]
  .near_func.text    ro code  0x00b659     0x1  it.o [1]
  .near_func.text    ro code  0x00b65a     0x1  it.o [1]
  .near_func.text    ro code  0x00b65b     0x1  it.o [1]
  .near_func.text    ro code  0x00b65c     0x1  it.o [1]
  .near_func.text    ro code  0x00b65d     0x1  it.o [1]
  .near_func.text    ro code  0x00b65e     0x1  __dbg_break.o [3]
  Initializer bytes  ro data  0x00b65f     0x4  <for P2 s0>
                            - 0x00b663  0x35e3


*******************************************************************************
*** INIT TABLE
***

          Address   Size
          -------   ----
Zero (__iar_zero_init2)
    1 destination range, total size 0x240:
          0x000014  0x240

Copy (__iar_copy_init2)
    1 source range, total size 0x4:
          0x00b65f    0x4
    1 destination range, total size 0x4:
          0x000010    0x4



*******************************************************************************
*** MODULE SUMMARY
***

    Module                 ro code  ro data  rw data
    ------                 -------  -------  -------
E:\金鸽\s281\prog\子站\281wt106\Debug\Obj: [1]
    Rf433.o                    423       18      276
    SX127X_Driver.o          1 010       17       23
    SX127X_Hal.o               223
    flash_eeprom.o             156                11
    hw_config.o                880      290      130
    it.o                       428                13
    lora.o                     228       27        3
    main.o                     884      155       17
    pccmd.o                    410       65      107
    stm8l15x_adc.o             130
    stm8l15x_clk.o             339        5
    stm8l15x_exti.o             22
    stm8l15x_flash.o           113
    stm8l15x_gpio.o            121
    stm8l15x_iwdg.o             22
    stm8l15x_pwr.o              13
    stm8l15x_rtc.o             475
    stm8l15x_spi.o              89
    stm8l15x_usart.o           318
    ------------------------------------------------
    Total:                   6 284      577      580

command line: [2]
    ------------------------------------------------
    Total:

dbgstm8smd.a: [3]
    __dbg_break.o                1
    __dbg_xxexit.o              20
    ------------------------------------------------
    Total:                      21

dlstm8smn.a: [4]
    cexit.o                      5
    char.o                       5
    cstartup.o                  19
    dc_util.o                   31
    div.o                       48
    exit.o                       3
    float.o                  1 125
    float_libsup.o             353
    init.o                      23
    init_small.o                70
    interrupt.o                  3      128
    long.o                     541
    long_util.o                114
    low_level_init.o             3
    memchr.o                    21
    memcpy.o                    37
    move.o                      13
    printf.o                    32
    short.o                     89
    strchr.o                    21
    strlen.o                    18
    switch.o                    12
    unhandled_exception.o        3
    vreg_util.o                306
    vregs.o                                       16
    xprintffull_nomb.o       3 890       85
    xprout.o                    25
    ------------------------------------------------
    Total:                   6 810      213       16

    Linker created                       18      256
----------------------------------------------------
    Grand Total:            13 115      808      852


*******************************************************************************
*** ENTRY LIST
***

Entry                    Address   Size  Type      Object
-----                    -------   ----  ----      ------
?add32_l0_l0_0x         0x009469         Code  Gb  long.o [4]
?add32_l0_l0_dl         0x009464         Code  Gb  long.o [4]
?and32_l0_l0_0x         0x0095fe         Code  Gb  long.o [4]
?and32_l0_l0_l1         0x0095fb         Code  Gb  long.o [4]
?b0                     0x000000         Data  Gb  vregs.o [4]
?b1                     0x000001         Data  Gb  vregs.o [4]
?b10                    0x00000a         Data  Gb  vregs.o [4]
?b11                    0x00000b         Data  Gb  vregs.o [4]
?b12                    0x00000c         Data  Gb  vregs.o [4]
?b13                    0x00000d         Data  Gb  vregs.o [4]
?b14                    0x00000e         Data  Gb  vregs.o [4]
?b15                    0x00000f         Data  Gb  vregs.o [4]
?b2                     0x000002         Data  Gb  vregs.o [4]
?b3                     0x000003         Data  Gb  vregs.o [4]
?b4                     0x000004         Data  Gb  vregs.o [4]
?b5                     0x000005         Data  Gb  vregs.o [4]
?b6                     0x000006         Data  Gb  vregs.o [4]
?b7                     0x000007         Data  Gb  vregs.o [4]
?b8                     0x000008         Data  Gb  vregs.o [4]
?b9                     0x000009         Data  Gb  vregs.o [4]
?dc32_l1                0x00b0d6         Code  Gb  dc_util.o [4]
?dc32_px                0x00b0e3         Code  Gb  dc_util.o [4]
?dc8_px                 0x00b0cf         Code  Gb  dc_util.o [4]
?dec32_0x_0x            0x009450         Code  Gb  long.o [4]
?dec32_l1_l1            0x00944b         Code  Gb  long.o [4]
?e0                     0x000001         Data  Gb  vregs.o [4]
?e1                     0x000005         Data  Gb  vregs.o [4]
?e2                     0x000009         Data  Gb  vregs.o [4]
?e3                     0x00000d         Data  Gb  vregs.o [4]
?epilogue_l2            0x009b01         Code  Gb  vreg_util.o [4]
?epilogue_l2_l3         0x009afe         Code  Gb  vreg_util.o [4]
?epilogue_l2_w6         0x009b05         Code  Gb  vreg_util.o [4]
?epilogue_w4            0x009b0c         Code  Gb  vreg_util.o [4]
?fadd32_l0_l0_l1        0x0080a3         Code  Gb  float.o [4]
?fcastf32s32_l0_l0      0x0083a0         Code  Gb  float.o [4]
?fcastf32u32_l0_l0      0x0083ab         Code  Gb  float.o [4]
?fcasts32f32_l0_l0      0x00833f         Code  Gb  float.o [4]
?fcastu32f32_l0_l0      0x008328         Code  Gb  float.o [4]
?fcmpge32_c_l0_0x       0x0082c9         Code  Gb  float.o [4]
?fcmpge32_c_l0_dc32     0x0082c4         Code  Gb  float.o [4]
?fcmplt32_c_l0_0x       0x0082d2         Code  Gb  float.o [4]
?fcmplt32_c_l0_dc32     0x0082cd         Code  Gb  float.o [4]
?fdiv32_l0_l0_dc32      0x008211         Code  Gb  float.o [4]
?fdiv32_l0_l0_l1        0x008216         Code  Gb  float.o [4]
?fmul32_l0_l0_dc32      0x008171         Code  Gb  float.o [4]
?fmul32_l0_l0_l1        0x008176         Code  Gb  float.o [4]
?fsub32_l0_l0_l1        0x00809d         Code  Gb  float.o [4]
?l0                     0x000000         Data  Gb  vregs.o [4]
?l1                     0x000004         Data  Gb  vregs.o [4]
?l2                     0x000008         Data  Gb  vregs.o [4]
?l3                     0x00000c         Data  Gb  vregs.o [4]
?load32_0x_l0           0x00a4b3         Code  Gb  long_util.o [4]
?load32_0x_l2           0x00a4d2         Code  Gb  long_util.o [4]
?load32_asp_l0          0x00a4a7         Code  Gb  long_util.o [4]
?load32_asp_l2          0x00a4c6         Code  Gb  long_util.o [4]
?load32_dbsp_l0         0x00a4a2         Code  Gb  long_util.o [4]
?load32_dbsp_l2         0x00a4c1         Code  Gb  long_util.o [4]
?load32_l0_0x           0x00a47e         Code  Gb  long_util.o [4]
?load32_l0_asp          0x00a473         Code  Gb  long_util.o [4]
?load32_l0_dbsp         0x00a46e         Code  Gb  long_util.o [4]
?load32_l0_xsp          0x00a475         Code  Gb  long_util.o [4]
?load32_l1_0x           0x00a48a         Code  Gb  long_util.o [4]
?load32_l2_0x           0x00a496         Code  Gb  long_util.o [4]
?load32_xsp_l0          0x00a4a9         Code  Gb  long_util.o [4]
?load32_xsp_l2          0x00a4c8         Code  Gb  long_util.o [4]
?mov_e0_e1              0x009b36         Code  Gb  vreg_util.o [4]
?mov_e0_e2              0x009b43         Code  Gb  vreg_util.o [4]
?mov_e1_e0              0x009b50         Code  Gb  vreg_util.o [4]
?mov_e1_e2              0x009b5d         Code  Gb  vreg_util.o [4]
?mov_e1_e3              0x009b6a         Code  Gb  vreg_util.o [4]
?mov_e2_e0              0x009b77         Code  Gb  vreg_util.o [4]
?mov_e3_e0              0x009b84         Code  Gb  vreg_util.o [4]
?mov_l0_l1              0x009b33         Code  Gb  vreg_util.o [4]
?mov_l0_l2              0x009b40         Code  Gb  vreg_util.o [4]
?mov_l1_l0              0x009b4d         Code  Gb  vreg_util.o [4]
?mov_l1_l2              0x009b5a         Code  Gb  vreg_util.o [4]
?mov_l1_l3              0x009b67         Code  Gb  vreg_util.o [4]
?mov_l2_l0              0x009b74         Code  Gb  vreg_util.o [4]
?mov_l3_l0              0x009b81         Code  Gb  vreg_util.o [4]
?mov_w1_w3              0x009b39         Code  Gb  vreg_util.o [4]
?mov_w1_w5              0x009b46         Code  Gb  vreg_util.o [4]
?mov_w1_w6              0x009b10         Code  Gb  vreg_util.o [4]
?mov_w2_w0              0x009b17         Code  Gb  vreg_util.o [4]
?mov_w2_w1              0x009b1e         Code  Gb  vreg_util.o [4]
?mov_w3_w1              0x009b53         Code  Gb  vreg_util.o [4]
?mov_w3_w5              0x009b60         Code  Gb  vreg_util.o [4]
?mov_w3_w7              0x009b6d         Code  Gb  vreg_util.o [4]
?mov_w4_w1              0x009b25         Code  Gb  vreg_util.o [4]
?mov_w5_w0              0x009b2c         Code  Gb  vreg_util.o [4]
?mov_w5_w1              0x009b7a         Code  Gb  vreg_util.o [4]
?mov_w7_w1              0x009b87         Code  Gb  vreg_util.o [4]
?move1616_v_x_y_a       0x00b432         Code  Gb  move.o [4]
?mul16_x_x_w0           0x00a7f2         Code  Gb  short.o [4]
?mul32_l0_l0_0x         0x00949f         Code  Gb  long.o [4]
?mul32_l0_l0_dl         0x00949c         Code  Gb  long.o [4]
?mul32_l0_l0_l1         0x0094a8         Code  Gb  long.o [4]
?neg32_l0_l0            0x00943b         Code  Gb  long.o [4]
?pop_l0                 0x009aca         Code  Gb  vreg_util.o [4]
?pop_l1                 0x009ad5         Code  Gb  vreg_util.o [4]
?pop_l2                 0x009ae0         Code  Gb  vreg_util.o [4]
?pop_l3                 0x009aeb         Code  Gb  vreg_util.o [4]
?pop_w4                 0x009a83         Code  Gb  vreg_util.o [4]
?pop_w6                 0x009a8a         Code  Gb  vreg_util.o [4]
?push_l0                0x009a99         Code  Gb  vreg_util.o [4]
?push_l1                0x009a9e         Code  Gb  vreg_util.o [4]
?push_l2                0x009aa3         Code  Gb  vreg_util.o [4]
?push_l3                0x009aa8         Code  Gb  vreg_util.o [4]
?push_w0                0x009a5c         Code  Gb  vreg_util.o [4]
?push_w1                0x009a61         Code  Gb  vreg_util.o [4]
?push_w4                0x009a66         Code  Gb  vreg_util.o [4]
?push_w6                0x009a6b         Code  Gb  vreg_util.o [4]
?scmp32_c_l0_l1         0x0095e4         Code  Gb  long.o [4]
?sdiv16_x_x_y           0x00a810         Code  Gb  short.o [4]
?sdiv32_l0_l0_dl        0x00959b         Code  Gb  long.o [4]
?sdiv32_l0_l0_l1        0x00959e         Code  Gb  long.o [4]
?sext16_x_a             0x00a844         Code  Gb  short.o [4]
?sext32_l0_a            0x00964b         Code  Gb  long.o [4]
?sext32_l0_x            0x009640         Code  Gb  long.o [4]
?sll16_x_x_4            0x00a831         Code  Gb  short.o [4]
?sll16_x_x_a            0x00a829         Code  Gb  short.o [4]
?sll8_a_a_5             0x00b5f9         Code  Gb  char.o [4]
?smod32_l1_l0_l1        0x00959e         Code  Gb  long.o [4]
?sra16_x_x_4            0x00a83f         Code  Gb  short.o [4]
?sra16_x_x_5            0x00a83e         Code  Gb  short.o [4]
?sra16_x_x_6            0x00a83d         Code  Gb  short.o [4]
?sra16_x_x_7            0x00a83c         Code  Gb  short.o [4]
?sra16_x_x_8            0x00a83b         Code  Gb  short.o [4]
?sra32_0x_0x_a          0x009632         Code  Gb  long.o [4]
?sra32_l0_l0_a          0x00962f         Code  Gb  long.o [4]
?sra32_l0_l0_db         0x00962b         Code  Gb  long.o [4]
?srl16_x_x_4            0x00a836         Code  Gb  short.o [4]
?srl32_0x_0x_a          0x00961d         Code  Gb  long.o [4]
?srl32_l0_l0_a          0x00961a         Code  Gb  long.o [4]
?srl32_l0_l0_db         0x009616         Code  Gb  long.o [4]
?sub32_l0_l0_0x         0x009484         Code  Gb  long.o [4]
?sub32_l0_l0_l1         0x009481         Code  Gb  long.o [4]
?switch8vlt_0x_a_0x     0x00b46f         Code  Gb  switch.o [4]
?udiv32_l0_l0_dl        0x00952b         Code  Gb  long.o [4]
?udiv32_l0_l0_l1        0x00952e         Code  Gb  long.o [4]
?umod32_l1_l0_dl        0x009526         Code  Gb  long.o [4]
?umod32_l1_l0_l1        0x00952e         Code  Gb  long.o [4]
?w0                     0x000000         Data  Gb  vregs.o [4]
?w1                     0x000002         Data  Gb  vregs.o [4]
?w2                     0x000004         Data  Gb  vregs.o [4]
?w3                     0x000006         Data  Gb  vregs.o [4]
?w4                     0x000008         Data  Gb  vregs.o [4]
?w5                     0x00000a         Data  Gb  vregs.o [4]
?w6                     0x00000c         Data  Gb  vregs.o [4]
?w7                     0x00000e         Data  Gb  vregs.o [4]
ADC1_COMP_IRQHandler    0x009f29   0xc8  Code  Gb  it.o [1]
ADC_ChannelCmd          0x00b1ae   0x19  Code  Gb  stm8l15x_adc.o [1]
ADC_Cmd                 0x00b3fe    0xd  Code  Gb  stm8l15x_adc.o [1]
ADC_GetConversionValue  0x00b161   0x1a  Code  Gb  stm8l15x_adc.o [1]
ADC_ITConfig            0x00b486    0xb  Code  Gb  stm8l15x_adc.o [1]
ADC_Init                0x00b256   0x16  Code  Gb  stm8l15x_adc.o [1]
ADC_SamplingTimeConfig  0x00b145   0x1c  Code  Gb  stm8l15x_adc.o [1]
ADC_SoftwareStartConv   0x00b5db    0x5  Code  Gb  stm8l15x_adc.o [1]
AckOk                   0x000244    0x1  Data  Gb  Rf433.o [1]
AdcCh                   0x000248    0x1  Data  Gb  it.o [1]
AdcVal1                 0x000229    0x2  Data  Gb  it.o [1]
AdcVal2                 0x00022b    0x2  Data  Gb  it.o [1]
AdcVref                 0x00022d    0x2  Data  Gb  it.o [1]
AinState                0x000235    0x2  Data  Gb  main.o [1]
AlarmCnt                0x000233    0x2  Data  Gb  main.o [1]
AnaSetCmd               0x009b8e  0x109  Code  Gb  pccmd.o [1]
BAUDMODE                0x00b08f   0x20  Data  Gb  hw_config.o [1]
BatVal                  0x00024e    0x1  Data  Gb  main.o [1]
CLK_GetClockFreq        0x00ac34   0x38  Code  Gb  stm8l15x_clk.o [1]
CLK_GetFlagStatus       0x00a2fe   0x80  Code  Gb  stm8l15x_clk.o [1]
CLK_HSEConfig           0x00b38e    0xf  Code  Gb  stm8l15x_clk.o [1]
CLK_LSEConfig           0x00b39d    0xf  Code  Gb  stm8l15x_clk.o [1]
CLK_LSICmd              0x00b40b    0xd  Code  Gb  stm8l15x_clk.o [1]
CLK_PeripheralClockConfig
                        0x00a616   0x62  Code  Gb  stm8l15x_clk.o [1]
CLK_RTCClockConfig      0x00b4a6    0xa  Code  Gb  stm8l15x_clk.o [1]
CLK_SYSCLKDivConfig     0x00b61c    0x4  Code  Gb  stm8l15x_clk.o [1]
CSTACK$$Base            0x000700          --   Gb  - Linker created -
CSTACK$$Limit           0x000800          --   Gb  - Linker created -
CheckSet                0x00aa10   0x41  Code  Gb  main.o [1]
CheckVal                0x00a796   0x5c  Code  Gb  main.o [1]
CommCnt                 0x000231    0x2  Data  Gb  main.o [1]
CompStr                 0x00af64   0x26  Code  Gb  pccmd.o [1]
EXTI0_IRQHandler        0x00b1f9   0x18  Code  Gb  it.o [1]
EXTI1_IRQHandler        0x00b64d    0x1  Code  Gb  it.o [1]
EXTI2_IRQHandler        0x00b64e    0x1  Code  Gb  it.o [1]
EXTI3_IRQHandler        0x00b64f    0x1  Code  Gb  it.o [1]
EXTI4_IRQHandler        0x00b650    0x1  Code  Gb  it.o [1]
EXTI5_IRQHandler        0x00b651    0x1  Code  Gb  it.o [1]
EXTI6_IRQHandler        0x00b652    0x1  Code  Gb  it.o [1]
EXTI7_IRQHandler        0x00b653    0x1  Code  Gb  it.o [1]
EXTIB_G_IRQHandler      0x00b64b    0x1  Code  Gb  it.o [1]
EXTID_H_IRQHandler      0x00b64c    0x1  Code  Gb  it.o [1]
EXTIE_F_PVD_IRQHandler  0x00b64a    0x1  Code  Gb  it.o [1]
EXTI_ClearITPendingBit  0x00b26c   0x16  Code  Gb  stm8l15x_exti.o [1]
EnWatchDog              0x00afaf   0x23  Code  Gb  hw_config.o [1]
FLASH_Lock              0x00b586    0x7  Code  Gb  stm8l15x_flash.o [1]
FLASH_ProgramByte       0x00b620    0x4  Code  Gb  stm8l15x_flash.o [1]
FLASH_ReadByte          0x00b624    0x4  Code  Gb  stm8l15x_flash.o [1]
FLASH_Unlock            0x00b1c7   0x19  Code  Gb  stm8l15x_flash.o [1]
FLASH_WaitForLastOperation
                        0x00a940   0x49  Code  Gb  stm8l15x_flash.o [1]
GPIO_Init               0x00a3fc   0x72  Code  Gb  stm8l15x_gpio.o [1]
GPIO_ResetBits          0x00b628    0x4  Code  Gb  stm8l15x_gpio.o [1]
GPIO_SetBits            0x00b638    0x3  Code  Gb  stm8l15x_gpio.o [1]
G_LoRaConfig            0x00021d    0x8  Data  Gb  SX127X_Driver.o [1]
G_LoRaPara              0x000207    0xb  Data  Gb  SX127X_Driver.o [1]
G_TsXms                 0x000010    0x4  Data  Gb  SX127X_Driver.o [1]
GetFreq                 0x009019   0x60  Code  Gb  SX127X_Driver.o [1]
GetSensor               0x00a54b   0x69  Code  Gb  main.o [1]
GointoStandby           0x00ac6c   0x37  Code  Gb  main.o [1]
I2C1_SPI2_IRQHandler    0x00b65d    0x1  Code  Gb  it.o [1]
INTVEC$$Base            0x008000          --   Gb  - Linker created -
INTVEC$$Limit           0x008080          --   Gb  - Linker created -
IWDG_Enable             0x00b5e5    0x5  Code  Gb  stm8l15x_iwdg.o [1]
IWDG_ReloadCounter      0x00b5e0    0x5  Code  Gb  stm8l15x_iwdg.o [1]
IWDG_SetPrescaler       0x00b630    0x4  Code  Gb  stm8l15x_iwdg.o [1]
IWDG_SetReload          0x00b634    0x4  Code  Gb  stm8l15x_iwdg.o [1]
IWDG_WriteAccessCmd     0x00b62c    0x4  Code  Gb  stm8l15x_iwdg.o [1]
InSetMode               0x000251    0x1  Data  Gb  main.o [1]
InitGpio                0x00a37e   0x7e  Code  Gb  hw_config.o [1]
InitLora                0x00abc0   0x3b  Code  Gb  lora.o [1]
InitRtc                 0x00ab85   0x3b  Code  Gb  hw_config.o [1]
Intst                   0x000250    0x1  Data  Gb  main.o [1]
IsrTime                 0x00aa51   0x40  Code  Gb  it.o [1]
LCD_AES_IRQHandler      0x00b654    0x1  Code  Gb  it.o [1]
LastSendStamp           0x000225    0x2  Data  Gb  Rf433.o [1]
LedCnt                  0x000249    0x1  Data  Gb  it.o [1]
LoadInt                 0x00aa91   0x3f  Code  Lc  xprintffull_nomb.o [4]
ManualSetBuf            0x00018e   0x64  Data  Gb  pccmd.o [1]
ManualSetCmdLen         0x00023d    0x2  Data  Gb  pccmd.o [1]
PTvolt                  0x00022f    0x2  Data  Gb  it.o [1]
PWR_UltraLowPowerCmd    0x00b418    0xd  Code  Gb  stm8l15x_pwr.o [1]
PackSeq                 0x000243    0x1  Data  Gb  Rf433.o [1]
PrintInfo               0x00a916   0x2a  Code  Gb  hw_config.o [1]
ProcLora                0x00a6d8   0x60  Code  Gb  lora.o [1]
ProcPcCmd               0x00b2c1   0x14  Code  Gb  pccmd.o [1]
ProcRfCmd               0x009ff1   0xbb  Code  Gb  Rf433.o [1]
PutinUart1              0x00a8a2   0x4f  Code  Gb  hw_config.o [1]
RTC_CSSLSE_IRQHandler   0x00b129   0x1c  Code  Gb  it.o [1]
RTC_ClearITPendingBit   0x00b4f3    0x9  Code  Gb  stm8l15x_rtc.o [1]
RTC_DeInit              0x009d8d   0xd1  Code  Gb  stm8l15x_rtc.o [1]
RTC_EnterInitMode       0x00afd2   0x23  Code  Gb  stm8l15x_rtc.o [1]
RTC_ITConfig            0x00ab0d   0x3c  Code  Gb  stm8l15x_rtc.o [1]
RTC_SetWakeUpCounter    0x00b17b   0x1a  Code  Gb  stm8l15x_rtc.o [1]
RTC_WaitForSynchro      0x00add7   0x2f  Code  Gb  stm8l15x_rtc.o [1]
RTC_WakeUpClockConfig   0x00aff5   0x23  Code  Gb  stm8l15x_rtc.o [1]
RTC_WakeUpCmd           0x00aca3   0x36  Code  Gb  stm8l15x_rtc.o [1]
ReadEeprom              0x00a1ae   0x3d  Code  Gb  flash_eeprom.o [1]
ReadSysInfo             0x00a15b    0xc  Code  Gb  flash_eeprom.o [1]
RecLen                  0x000245    0x1  Data  Gb  Rf433.o [1]
RecU1                   0x000014   0xfa  Data  Gb  Rf433.o [1]
Region$$Table$$Base     0x00b07d          --   Gb  - Linker created -
Region$$Table$$Limit    0x00b08f          --   Gb  - Linker created -
SPI1_IRQHandler         0x00b65c    0x1  Code  Gb  it.o [1]
SPI_Cmd                 0x00b425    0xd  Code  Gb  stm8l15x_spi.o [1]
SPI_GetFlagStatus       0x00b3ac    0xf  Code  Gb  stm8l15x_spi.o [1]
SPI_Init                0x00ad41   0x33  Code  Gb  stm8l15x_spi.o [1]
SPI_RW                  0x00a767   0x2f  Code  Gb  SX127X_Hal.o [1]
SPI_ReceiveData         0x00b5ef    0x5  Code  Gb  stm8l15x_spi.o [1]
SPI_SendData            0x00b5ea    0x5  Code  Gb  stm8l15x_spi.o [1]
SWITCH_CSS_BREAK_DAC_IRQHandler
                        0x00b655    0x1  Code  Gb  it.o [1]
SX127X_Init             0x00a73b   0x2c  Code  Gb  SX127X_Hal.o [1]
SX127X_Lora_init        0x008e8a   0xf9  Code  Gb  SX127X_Driver.o [1]
SX127X_PoutSet          0x00a678   0x60  Code  Gb  SX127X_Driver.o [1]
SX127X_Read             0x0090a0    0x7  Code  Gb  SX127X_Driver.o [1]
SX127X_ReadBuffer       0x00a989   0x44  Code  Gb  SX127X_Hal.o [1]
SX127X_ReadFifo         0x00909a    0x6  Code  Gb  SX127X_Driver.o [1]
SX127X_ReadWriteByte    0x00a738    0x3  Code  Gb  SX127X_Hal.o [1]
SX127X_Reset            0x009079   0x21  Code  Gb  SX127X_Driver.o [1]
SX127X_RxPacket         0x008d36   0xa5  Code  Gb  SX127X_Driver.o [1]
SX127X_SleepMode        0x008d2d    0x9  Code  Gb  SX127X_Driver.o [1]
SX127X_StandbyMode      0x008d24    0x9  Code  Gb  SX127X_Driver.o [1]
SX127X_StartRx          0x008ddb   0x4c  Code  Gb  SX127X_Driver.o [1]
SX127X_TxPacket         0x008e27   0x63  Code  Gb  SX127X_Driver.o [1]
SX127X_Write            0x0090a7    0xf  Code  Gb  SX127X_Driver.o [1]
SX127X_WriteBuffer      0x00aad0   0x3d  Code  Gb  SX127X_Hal.o [1]
SYSDivFactor            0x00b5d1    0x5  Data  Gb  stm8l15x_clk.o [1]
SaveSysInfo             0x00a14f    0xc  Code  Gb  flash_eeprom.o [1]
SendLoraPack            0x00b240   0x16  Code  Gb  lora.o [1]
SendPackDat             0x00a1eb   0x8a  Code  Gb  Rf433.o [1]
SendPackSet             0x00a5b4   0x62  Code  Gb  Rf433.o [1]
SendU1                  0x0001f2   0x15  Data  Gb  Rf433.o [1]
SetFreq                 0x008f83   0x96  Code  Gb  SX127X_Driver.o [1]
SetLowPwr               0x00b649    0x1  Code  Gb  hw_config.o [1]
SetSystem               0x00a8f1   0x25  Code  Gb  hw_config.o [1]
StartAdc                0x009e5e   0xcb  Code  Gb  hw_config.o [1]
StopAdc                 0x00b195   0x19  Code  Gb  hw_config.o [1]
SysInfo                 0x000212    0xb  Data  Gb  flash_eeprom.o [1]
SysTick                 0x000227    0x2  Data  Gb  it.o [1]
TIM1_CC_IRQHandler      0x00b65a    0x1  Code  Gb  it.o [1]
TIM1_UPD_OVF_TRG_COM_IRQHandler
                        0x00b5d6    0x5  Code  Gb  it.o [1]
TIM2_CC_USART2_RX_IRQHandler
                        0x00b657    0x1  Code  Gb  it.o [1]
TIM2_UPD_OVF_TRG_BRK_USART2_TX_IRQHandler
                        0x00b656    0x1  Code  Gb  it.o [1]
TIM3_CC_USART3_RX_IRQHandler
                        0x00b659    0x1  Code  Gb  it.o [1]
TIM3_UPD_OVF_TRG_BRK_USART3_TX_IRQHandler
                        0x00b658    0x1  Code  Gb  it.o [1]
TIM4_UPD_OVF_TRG_IRQHandler
                        0x00b65b    0x1  Code  Gb  it.o [1]
TstSend                 0x00024f    0x1  Data  Gb  main.o [1]
TxBuffer1               0x00010e   0x80  Data  Gb  hw_config.o [1]
TxPtr1                  0x000246    0x1  Data  Gb  hw_config.o [1]
TxSav1                  0x000247    0x1  Data  Gb  hw_config.o [1]
USART1_RX_TIM5_CC_IRQHandler
                        0x00af11   0x2b  Code  Gb  it.o [1]
USART1_TX_TIM5_UPD_OVF_TRG_BRK_IRQHandler
                        0x00aee5   0x2c  Code  Gb  it.o [1]
USART_ClearITPendingBit
                        0x00b5f4    0x5  Code  Gb  stm8l15x_usart.o [1]
USART_Cmd               0x00b351   0x10  Code  Gb  stm8l15x_usart.o [1]
USART_DeInit            0x00acd9   0x35  Code  Gb  stm8l15x_usart.o [1]
USART_ITConfig          0x00a4e0   0x6b  Code  Gb  stm8l15x_usart.o [1]
USART_Init              0x00a275   0x89  Code  Gb  stm8l15x_usart.o [1]
Uart_Init               0x00a0ac   0xa3  Code  Gb  hw_config.o [1]
WaitSendOk              0x00ad0e   0x33  Code  Gb  lora.o [1]
WaitTxdOver             0x00b37f    0xf  Code  Gb  main.o [1]
WorkMode                0x00992a  0x132  Code  Gb  main.o [1]
WriteEeprom             0x00a167   0x47  Code  Gb  flash_eeprom.o [1]
_GenldFullNoMb          0x0090b6  0x385  Code  Lc  xprintffull_nomb.o [4]
_LdtobFullNoMb          0x0084e5  0x42f  Code  Lc  xprintffull_nomb.o [4]
_LitobFullNoMb          0x009658  0x171  Code  Lc  xprintffull_nomb.o [4]
_PrintfFullNoMb         0x008914  0x410  Code  Gb  xprintffull_nomb.o [4]
_Prout                  0x00b1e0   0x19  Code  Gb  xprout.o [4]
_PutcharFullNoMb        0x00ae06   0x2f  Code  Lc  xprintffull_nomb.o [4]
_PutcharsFullNoMb       0x00ad74   0x33  Code  Lc  xprintffull_nomb.o [4]
__DebugBreak            0x00b65e    0x1  Code  Gb  __dbg_break.o [3]
__exit                  0x00b2d5   0x14  Code  Gb  __dbg_xxexit.o [3]
__iar_Dnorm             0x0097c9         Code  Gb  float_libsup.o [4]
__iar_Dscale            0x009857         Code  Gb  float_libsup.o [4]
__iar_Dunscale          0x009805         Code  Gb  float_libsup.o [4]
__iar_Memchr            0x00b297   0x15  Code  Gb  memchr.o [4]
__iar_Strchr            0x00b2ac   0x15  Code  Gb  strchr.o [4]
__iar_copy_init2        0x00af3c         Code  Gb  init_small.o [4]
__iar_data_init2        0x00b229   0x17  Code  Gb  init.o [4]
__iar_program_start     0x00b2fc         Code  Gb  cstartup.o [4]
__iar_unhandled_exception
                        0x00b644         Code  Gb  unhandled_exception.o [4]
__iar_zero_init2        0x00b0ee         Code  Gb  init_small.o [4]
__intvec                0x008000         Data  Gb  interrupt.o [4]
__low_level_init        0x00b63e    0x3  Code  Gb  low_level_init.o [4]
_exit                   0x00b603         Code  Gb  cexit.o [4]
_interrupt_1            0x00b63b         Code  Wk  interrupt.o [4]
_interrupt_10           0x00b1f9         Code  Gb  it.o [1]
_interrupt_11           0x00b64d         Code  Gb  it.o [1]
_interrupt_12           0x00b64e         Code  Gb  it.o [1]
_interrupt_13           0x00b64f         Code  Gb  it.o [1]
_interrupt_14           0x00b650         Code  Gb  it.o [1]
_interrupt_15           0x00b651         Code  Gb  it.o [1]
_interrupt_16           0x00b652         Code  Gb  it.o [1]
_interrupt_17           0x00b653         Code  Gb  it.o [1]
_interrupt_18           0x00b654         Code  Gb  it.o [1]
_interrupt_19           0x00b655         Code  Gb  it.o [1]
_interrupt_2            0x00b63b         Code  Wk  interrupt.o [4]
_interrupt_20           0x009f29         Code  Gb  it.o [1]
_interrupt_21           0x00b656         Code  Gb  it.o [1]
_interrupt_22           0x00b657         Code  Gb  it.o [1]
_interrupt_23           0x00b658         Code  Gb  it.o [1]
_interrupt_24           0x00b659         Code  Gb  it.o [1]
_interrupt_25           0x00b5d6         Code  Gb  it.o [1]
_interrupt_26           0x00b65a         Code  Gb  it.o [1]
_interrupt_27           0x00b65b         Code  Gb  it.o [1]
_interrupt_28           0x00b65c         Code  Gb  it.o [1]
_interrupt_29           0x00aee5         Code  Gb  it.o [1]
_interrupt_3            0x00b63b         Code  Wk  interrupt.o [4]
_interrupt_30           0x00af11         Code  Gb  it.o [1]
_interrupt_31           0x00b65d         Code  Gb  it.o [1]
_interrupt_4            0x00b63b         Code  Wk  interrupt.o [4]
_interrupt_5            0x00b63b         Code  Wk  interrupt.o [4]
_interrupt_6            0x00b129         Code  Gb  it.o [1]
_interrupt_7            0x00b64a         Code  Gb  it.o [1]
_interrupt_8            0x00b64b         Code  Gb  it.o [1]
_interrupt_9            0x00b64c         Code  Gb  it.o [1]
delay1us                0x00b4ea    0x9  Code  Gb  hw_config.o [1]
delayTick               0x00b03a   0x22  Code  Gb  hw_config.o [1]
delayTickWfi            0x00b05c   0x21  Code  Gb  hw_config.o [1]
delayus                 0x00b2e9   0x13  Code  Gb  hw_config.o [1]
div                     0x00ada7   0x30  Code  Gb  div.o [4]
exit                    0x00b641    0x3  Code  Gb  exit.o [4]
g_Temp                  0x000237    0x2  Data  Gb  main.o [1]
g_humid                 0x000239    0x2  Data  Gb  main.o [1]
main                    0x009c97   0xf6  Code  Gb  main.o [1]
memcpy                  0x00af8a   0x25  Code  Gb  memcpy.o [4]
pad                     0x00abfb   0x39  Code  Lc  xprintffull_nomb.o [4]
pccmdIsr                0x00a84b   0x57  Code  Gb  pccmd.o [1]
printf                  0x00b0af   0x20  Code  Gb  printf.o [4]
putchar                 0x00b370    0xf  Code  Gb  hw_config.o [1]
r1                      0x00024b    0x1  Data  Gb  lora.o [1]
r2                      0x00024c    0x1  Data  Gb  lora.o [1]
r3                      0x00024d    0x1  Data  Gb  lora.o [1]
scale                   0x00a9cd   0x43  Code  Lc  xprintffull_nomb.o [4]
strlen                  0x00b30f   0x12  Code  Gb  strlen.o [4]
tmp                     0x00024a    0x1  Data  Gb  it.o [1]


[1] = E:\金鸽\s281\prog\子站\281wt106\Debug\Obj
[2] = command line
[3] = dbgstm8smd.a
[4] = dlstm8smn.a

  13 115 bytes of readonly  code memory
     808 bytes of readonly  data memory
     852 bytes of readwrite data memory

Errors: none
Warnings: none
