Component: ARM Compiler 5.05 update 1 (build 106) Tool: armlink [4d0efa]

==============================================================================

Section Cross References

    main.o(i.CheckAlarmTim) refers to main.o(.data) for alarmSendTim
    main.o(i.GetCo2SenorBySec) refers to hc_tim.o(i.GetSysSec) for GetSysSec
    main.o(i.GetCo2SenorBySec) refers to hardware.o(i.GetGetCo2Data) for GetGetCo2Data
    main.o(i.GetCo2SenorBySec) refers to hc_wdt.o(i.WdtFeedDog) for WdtFeedDog
    main.o(i.GetCo2SenorBySec) refers to main.o(.data) for tempSec
    main.o(i.LoraPro) refers to _printf_percent.o(.ARM.Collect$$_printf_percent$$00000000) for _printf_percent
    main.o(i.LoraPro) refers to _printf_d.o(.ARM.Collect$$_printf_percent$$00000009) for _printf_d
    main.o(i.LoraPro) refers to _printf_dec.o(.text) for _printf_int_dec
    main.o(i.LoraPro) refers to hc_wdt.o(i.WdtFeedDog) for WdtFeedDog
    main.o(i.LoraPro) refers to hardware.o(i.GetSensorData) for GetSensorData
    main.o(i.LoraPro) refers to hardware.o(i.IsDataAlarm) for IsDataAlarm
    main.o(i.LoraPro) refers to hc_tim.o(i.GetSysMin) for GetSysMin
    main.o(i.LoraPro) refers to hc_tim.o(i.GetSysSec) for GetSysSec
    main.o(i.LoraPro) refers to noretval__2printf.o(.text) for __2printf
    main.o(i.LoraPro) refers to hardware.o(i.CLEDON) for CLEDON
    main.o(i.LoraPro) refers to ddl.o(i.delay100us) for delay100us
    main.o(i.LoraPro) refers to hardware.o(i.CLEDOFF) for CLEDOFF
    main.o(i.LoraPro) refers to main.o(i.ReadyToSend) for ReadyToSend
    main.o(i.LoraPro) refers to main.o(i.CheckAlarmTim) for CheckAlarmTim
    main.o(i.LoraPro) refers to aeabi_sdiv.o(.text) for __aeabi_idivmod
    main.o(i.LoraPro) refers to main.o(i.GetCo2SenorBySec) for GetCo2SenorBySec
    main.o(i.LoraPro) refers to main.o(.data) for timCount
    main.o(i.LoraPro) refers to hardware.o(.data) for Tvoc
    main.o(i.LoraPro) refers to sysconfig.o(.bss) for DevInfo
    main.o(i.PCSetDevUid) refers to _printf_percent.o(.ARM.Collect$$_printf_percent$$00000000) for _printf_percent
    main.o(i.PCSetDevUid) refers to _printf_s.o(.ARM.Collect$$_printf_percent$$00000014) for _printf_s
    main.o(i.PCSetDevUid) refers to _printf_str.o(.text) for _printf_str
    main.o(i.PCSetDevUid) refers to sysconfig.o(i.SaveDevInfo) for SaveDevInfo
    main.o(i.PCSetDevUid) refers to noretval__2printf.o(.text) for __2printf
    main.o(i.PCSetDevUid) refers to hc_usart.o(.data) for UartLen
    main.o(i.PCSetDevUid) refers to hc_usart.o(.bss) for RxBuf
    main.o(i.PCSetDevUid) refers to sysconfig.o(.bss) for DevInfo
    main.o(i.ReadyToSend) refers to loradealdat.o(i.LoraSendDat) for LoraSendDat
    main.o(i.ReadyToSend) refers to main.o(i.NVIC_SystemReset) for NVIC_SystemReset
    main.o(i.ReadyToSend) refers to hardware.o(i.LEDShow) for LEDShow
    main.o(i.ReadyToSend) refers to hardware.o(i.CLEDON) for CLEDON
    main.o(i.ReadyToSend) refers to loradealdat.o(.data) for needRestart
    main.o(i.SetDevSerialNum) refers to main.o(i.GetCo2SenorBySec) for GetCo2SenorBySec
    main.o(i.SetDevSerialNum) refers to main.o(i.PCSetDevUid) for PCSetDevUid
    main.o(i.SetDevSerialNum) refers to hc_usart.o(i.CloseUartRx) for CloseUartRx
    main.o(i.SetDevSerialNum) refers to sysconfig.o(.bss) for DevInfo
    main.o(i.SetDevSerialNum) refers to hardware.o(.bss) for ChipId
    main.o(i.loraToMatchHost) refers to hardware.o(i.CLEDOFF) for CLEDOFF
    main.o(i.loraToMatchHost) refers to loradealdat.o(i.LoraRecDat) for LoraRecDat
    main.o(i.loraToMatchHost) refers to hc_tim.o(i.GetSysMin) for GetSysMin
    main.o(i.loraToMatchHost) refers to loradealdat.o(i.LoraSendDat) for LoraSendDat
    main.o(i.loraToMatchHost) refers to main.o(i.NVIC_SystemReset) for NVIC_SystemReset
    main.o(i.loraToMatchHost) refers to main.o(i.GetCo2SenorBySec) for GetCo2SenorBySec
    main.o(i.loraToMatchHost) refers to noretval__2printf.o(.text) for __2printf
    main.o(i.loraToMatchHost) refers to hardware.o(i.CLEDON) for CLEDON
    main.o(i.loraToMatchHost) refers to main.o(i.LoraPro) for LoraPro
    main.o(i.loraToMatchHost) refers to main.o(.data) for SysMin
    main.o(i.main) refers to hardware.o(i.TotalInit) for TotalInit
    main.o(i.main) refers to hardware.o(i.DebugDevInfo) for DebugDevInfo
    main.o(i.main) refers to hc_tim.o(i.GetSysSec) for GetSysSec
    main.o(i.main) refers to main.o(i.SetDevSerialNum) for SetDevSerialNum
    main.o(i.main) refers to hc_time3.o(i.TimeCntStart) for TimeCntStart
    main.o(i.main) refers to hc_wdt.o(i.WdtFeedDog) for WdtFeedDog
    main.o(i.main) refers to hardware.o(i.GetGetCo2Data) for GetGetCo2Data
    main.o(i.main) refers to hardware.o(i.GetSensorData) for GetSensorData
    main.o(i.main) refers to main.o(i.loraToMatchHost) for loraToMatchHost
    main.o(i.main) refers to hardware.o(i.CLEDOFF) for CLEDOFF
    main.o(i.main) refers to noretval__2printf.o(.text) for __2printf
    main.o(i.main) refers to main.o(i.LoraPro) for LoraPro
[...]
    i.SetDevInfoDef                          0x00003fcc   Section        0  sysconfig.o(i.SetDevInfoDef)
    i.SetDevSerialNum                        0x00004080   Section        0  main.o(i.SetDevSerialNum)
    i.SetRepCnt                              0x000040d8   Section        0  loradealdat.o(i.SetRepCnt)
    i.SetWorkFreq                            0x0000410c   Section        0  loradealdat.o(i.SetWorkFreq)
    i.Soil_GetSoilTempAndHUmi                0x0000414c   Section        0  soil.o(i.Soil_GetSoilTempAndHUmi)
    i.Spi1ReadWriteByte                      0x00004210   Section        0  hc_spi.o(i.Spi1ReadWriteByte)
    i.SpiHardWareInit                        0x0000421c   Section        0  hc_spi.o(i.SpiHardWareInit)
    i.SpiHardWareRWByte                      0x00004248   Section        0  hc_spi.o(i.SpiHardWareRWByte)
    i.SpiInit                                0x00004298   Section        0  hc_spi.o(i.SpiInit)
    i.SpiPortInit                            0x000042a0   Section        0  hc_spi.o(i.SpiPortInit)
    i.Spi_GetStatus                          0x000042fe   Section        0  spi.o(i.Spi_GetStatus)
    i.Spi_Init                               0x00004310   Section        0  spi.o(i.Spi_Init)
    i.Spi_ReceiveData                        0x00004330   Section        0  spi.o(i.Spi_ReceiveData)
    i.Spi_SendData                           0x00004338   Section        0  spi.o(i.Spi_SendData)
    i.Spi_SetCS                              0x00004340   Section        0  spi.o(i.Spi_SetCS)
    i.SysTick_Handler                        0x00004344   Section        0  interrupts_hc32l13x.o(i.SysTick_Handler)
    i.Sysctrl_ClkSourceEnable                0x0000434c   Section        0  sysctrl.o(i.Sysctrl_ClkSourceEnable)
    i.Sysctrl_GetHClkFreq                    0x000044b8   Section        0  sysctrl.o(i.Sysctrl_GetHClkFreq)
    i.Sysctrl_GetPClkFreq                    0x0000462c   Section        0  sysctrl.o(i.Sysctrl_GetPClkFreq)
    i.Sysctrl_SetPeripheralGate              0x0000464c   Section        0  sysctrl.o(i.Sysctrl_SetPeripheralGate)
    i.Sysctrl_SetRCHTrim                     0x00004664   Section        0  sysctrl.o(i.Sysctrl_SetRCHTrim)
    i.Sysctrl_SysClkSwitch                   0x0000468c   Section        0  sysctrl.o(i.Sysctrl_SysClkSwitch)
    i.SystemCoreClockUpdate                  0x000046b8   Section        0  system_hc32l13x.o(i.SystemCoreClockUpdate)
    i.SystemInit                             0x000046c8   Section        0  system_hc32l13x.o(i.SystemInit)
    i.TIM0_IRQHandler                        0x00004708   Section        0  hc_tim.o(i.TIM0_IRQHandler)
    i.TIM3_IRQHandler                        0x00004740   Section        0  hc_time3.o(i.TIM3_IRQHandler)
    i.Tim3_ClearIntFlag                      0x00004780   Section        0  timer3.o(i.Tim3_ClearIntFlag)
    i.Tim3_GetIntFlag                        0x00004794   Section        0  timer3.o(i.Tim3_GetIntFlag)
    i.Tim3_M0_ARRSet                         0x000047ac   Section        0  timer3.o(i.Tim3_M0_ARRSet)
    i.Tim3_M0_Cnt16Set                       0x000047c8   Section        0  timer3.o(i.Tim3_M0_Cnt16Set)
    i.Tim3_M0_Run                            0x000047e4   Section        0  timer3.o(i.Tim3_M0_Run)
    i.Tim3_Mode0_EnableIrq                   0x000047fc   Section        0  timer3.o(i.Tim3_Mode0_EnableIrq)
    i.Tim3_Mode0_Init                        0x00004814   Section        0  timer3.o(i.Tim3_Mode0_Init)
    i.TimInit                                0x000048c0   Section        0  hc_tim.o(i.TimInit)
    i.TimSet                                 0x0000492c   Section        0  hc_tim.o(i.TimSet)
    i.Time3Init                              0x0000495c   Section        0  hc_time3.o(i.Time3Init)
    i.TimeCntStart                           0x000049ae   Section        0  hc_time3.o(i.TimeCntStart)
    i.TotalInit                              0x000049b8   Section        0  hardware.o(i.TotalInit)
    i.UART0_IRQHandler                       0x00004a40   Section        0  hc_usart.o(i.UART0_IRQHandler)
    i.UART1_IRQHandler                       0x00004a84   Section        0  hc_usart.o(i.UART1_IRQHandler)
    i.Uart_ClrStatus                         0x00004abc   Section        0  uart.o(i.Uart_ClrStatus)
    i.Uart_DisableIrq                        0x00004ad2   Section        0  uart.o(i.Uart_DisableIrq)
    i.Uart_EnableFunc                        0x00004ae6   Section        0  uart.o(i.Uart_EnableFunc)
    i.Uart_EnableIrq                         0x00004afa   Section        0  uart.o(i.Uart_EnableIrq)
    i.Uart_GetStatus                         0x00004b0e   Section        0  uart.o(i.Uart_GetStatus)
    i.Uart_Init                              0x00004b28   Section        0  uart.o(i.Uart_Init)
    i.Uart_ReceiveData                       0x00004bbc   Section        0  uart.o(i.Uart_ReceiveData)
    i.Uart_SendDataIt                        0x00004bc4   Section        0  uart.o(i.Uart_SendDataIt)
    i.Usart0Init                             0x00004bd6   Section        0  hc_usart.o(i.Usart0Init)
    i.Usart1Init                             0x00004c3c   Section        0  hc_usart.o(i.Usart1Init)
    i.UsartPortInit                          0x00004ca4   Section        0  hc_usart.o(i.UsartPortInit)
    i.WdtFeedDog                             0x00004d1a   Section        0  hc_wdt.o(i.WdtFeedDog)
    i.WdtInit                                0x00004d22   Section        0  hc_wdt.o(i.WdtInit)
    i.Wdt_Feed                               0x00004d38   Section        0  wdt.o(i.Wdt_Feed)
    i.Wdt_Init                               0x00004d48   Section        0  wdt.o(i.Wdt_Init)
    i.Wdt_WriteWdtLoad                       0x00004d74   Section        0  wdt.o(i.Wdt_WriteWdtLoad)
    i._HidePinInit                           0x00004d8c   Section        0  system_hc32l13x.o(i._HidePinInit)
    _HidePinInit                             0x00004d8d   Thumb Code    24  system_hc32l13x.o(i._HidePinInit)
    i._SysctrlUnlock                         0x00004da8   Section        0  sysctrl.o(i._SysctrlUnlock)
    _SysctrlUnlock                           0x00004da9   Thumb Code    12  sysctrl.o(i._SysctrlUnlock)
    i.__ARM_common_switch8                   0x00004dc0   Section        0  sysctrl.o(i.__ARM_common_switch8)
    i._is_digit                              0x00004ddc   Section        0  __printf_wp.o(i._is_digit)
    i._sys_exit                              0x00004dea   Section        0  ddl.o(i._sys_exit)
    i._ttywrch                               0x00004dee   Section        0  ddl.o(i._ttywrch)
    i.ddl_memclr                             0x00004df0   Section        0  ddl.o(i.ddl_memclr)
    i.delay100us                             0x00004e10   Section        0  ddl.o(i.delay100us)
    i.delay10us                              0x00004e6c   Section        0  ddl.o(i.delay10us)
    i.delay1ms                               0x00004ec8   Section        0  ddl.o(i.delay1ms)
    i.delay1us                               0x00004f20   Section        0  ddl.o(i.delay1us)
    i.fputc                                  0x00004f7c   Section        0  hc_usart.o(i.fputc)
    i.loraToMatchHost                        0x00004fa0   Section        0  main.o(i.loraToMatchHost)
    i.main                                   0x00005030   Section        0  main.o(i.main)
    x$fpl$fadd                               0x00005094   Section      140  faddsub.o(x$fpl$fadd)
    _fadd1                                   0x000050a1   Thumb Code     0  faddsub.o(x$fpl$fadd)
    x$fpl$frleqf                             0x00005120   Section       88  frlef.o(x$fpl$frleqf)
    x$fpl$fsub                               0x00005178   Section      208  faddsub.o(x$fpl$fsub)
    _fsub1                                   0x00005185   Thumb Code     0  faddsub.o(x$fpl$fsub)
    .constdata                               0x00005248   Section       32  flash.o(.constdata)
    x$fpl$usenofp                            0x00005248   Section        0  usenofp.o(x$fpl$usenofp)
    .constdata                               0x00005268   Section       24  sysctrl.o(.constdata)
    .constdata                               0x00005280   Section        8  uart.o(.constdata)
    .constdata                               0x00005288   Section       16  hardware.o(.constdata)
    .constdata                               0x00005298   Section      520  soil.o(.constdata)
    .constdata                               0x000054a0   Section       40  _printf_hex_int.o(.constdata)
    uc_hextab                                0x000054a0   Data          20  _printf_hex_int.o(.constdata)
    lc_hextab                                0x000054b4   Data          20  _printf_hex_int.o(.constdata)
    .constdata                               0x000054c8   Section       17  __printf_flags_wp.o(.constdata)
    maptable                                 0x000054c8   Data          17  __printf_flags_wp.o(.constdata)
    .constdata                               0x000054d9   Section      128  ddiv.o(.constdata)
    ddiv_reciptbl                            0x000054d9   Data         128  ddiv.o(.constdata)
    .constdata                               0x00005559   Section       64  fdiv.o(.constdata)
    fdiv_tab                                 0x00005559   Data          64  fdiv.o(.constdata)
    .data                                    0x20000000   Section        7  main.o(.data)
    SendCnt                                  0x20000006   Data           1  main.o(.data)
    .data                                    0x20000008   Section        4  system_hc32l13x.o(.data)
    .data                                    0x2000000c   Section        4  ddl.o(.data)
    .data                                    0x20000010   Section       18  hardware.o(.data)
    .data                                    0x20000022   Section        1  hc_usart.o(.data)
    .data                                    0x20000023   Section        3  hc_tim.o(.data)
    msCnt                                    0x20000025   Data           1  hc_tim.o(.data)
    .data                                    0x20000026   Section        3  loradealdat.o(.data)
    recFlag                                  0x20000027   Data           1  loradealdat.o(.data)
    firstFlag                                0x20000028   Data           1  loradealdat.o(.data)
    .data                                    0x2000002c   Section       12  sx127x_drive.o(.data)
    .data                                    0x20000038   Section        1  gxht3l.o(.data)
    setFlag                                  0x20000038   Data           1  gxht3l.o(.data)
    .data                                    0x20000039   Section        1  sgp30.o(.data)
    failCnt                                  0x20000039   Data           1  sgp30.o(.data)
    .bss                                     0x2000003c   Section       10  hardware.o(.bss)
    .bss                                     0x20000046   Section       41  hc_usart.o(.bss)
    .bss                                     0x2000006f   Section      210  lora.o(.bss)
    .bss                                     0x20000141   Section      256  loradealdat.o(.bss)
    .bss                                     0x20000244   Section       16  sx127x_drive.o(.bss)
    .bss                                     0x20000254   Section       44  sysconfig.o(.bss)
    .bss                                     0x20000280   Section       96  libspace.o(.bss)
    HEAP                                     0x200002e0   Section      512  startup_hc32l13x.o(HEAP)
    Heap_Mem                                 0x200002e0   Data         512  startup_hc32l13x.o(HEAP)
    STACK                                    0x200004e0   Section      512  startup_hc32l13x.o(STACK)
    Stack_Mem                                0x200004e0   Data         512  startup_hc32l13x.o(STACK)
    __initial_sp                             0x200006e0   Data           0  startup_hc32l13x.o(STACK)

    Global Symbols

    Symbol Name                              Value     Ov Type        Size  Object(Section)

    BuildAttributes$$THM_ISAv3M$S$PE$A:L22$X:L11$S22$IEEE1$IW$USESV6$~STKCKD$USESV7$~SHL$OTIME$ROPI$EBA8$UX$STANDARDLIB$REQ8$PRES8$EABIv2 0x00000000   Number         0  anon$$obj.o ABSOLUTE
    __ARM_use_no_argv                        0x00000000   Number         0  main.o ABSOLUTE
    __Vectors                                0x00000000   Data           0  startup_hc32l13x.o(RESET)
    _printf_flags                            0x00000000   Number         0  printf_stubs.o ABSOLUTE
    _printf_return_value                     0x00000000   Number         0  printf_stubs.o ABSOLUTE
    _printf_sizespec                         0x00000000   Number         0  printf_stubs.o ABSOLUTE
    _printf_widthprec                        0x00000000   Number         0  printf_stubs.o ABSOLUTE
    SysTick_IRQHandler                        - Undefined Weak Reference
    __ARM_exceptions_init                     - Undefined Weak Reference
    __alloca_initialize                       - Undefined Weak Reference
    __arm_preinit_                            - Undefined Weak Reference
    __cpp_initialize__aeabi_                  - Undefined Weak Reference
    __cxa_finalize                            - Undefined Weak Reference
    __rt_locale                               - Undefined Weak Reference
    __sigvec_lookup                           - Undefined Weak Reference
    __user_heap_extent                        - Undefined Weak Reference
    _atexit_init                              - Undefined Weak Reference
    _call_atexit_fns                          - Undefined Weak Reference
    _clock_init                               - Undefined Weak Reference
    _fp_trap_init                             - Undefined Weak Reference
    _fp_trap_shutdown                         - Undefined Weak Reference
    _get_lc_collate                           - Undefined Weak Reference
    _get_lc_ctype                             - Undefined Weak Reference
    _get_lc_monetary                          - Undefined Weak Reference
    _get_lc_numeric                           - Undefined Weak Reference
    _get_lc_time                              - Undefined Weak Reference
    _getenv_init                              - Undefined Weak Reference
    _handle_redirection                       - Undefined Weak Reference
    _initio                                   - Undefined Weak Reference
    _mutex_acquire                            - Undefined Weak Reference
    _mutex_free                               - Undefined Weak Reference
    _mutex_release                            - Undefined Weak Reference
    _printf_mbtowc                            - Undefined Weak Reference
    _printf_truncate_signed                   - Undefined Weak Reference
    _printf_truncate_unsigned                 - Undefined Weak Reference
    _rand_init                                - Undefined Weak Reference
    _signal_finish                            - Undefined Weak Reference
    _signal_init                              - Undefined Weak Reference
    _terminateio                              - Undefined Weak Reference
    __Vectors_End                            0x000000c0   Data           0  startup_hc32l13x.o(RESET)
    __Vectors_Size                           0x000000c0   Number         0  startup_hc32l13x.o ABSOLUTE
    __main                                   0x000000c1   Thumb Code     8  __main.o(!!!main)
    __scatterload                            0x000000c9   Thumb Code     0  __scatter.o(!!!scatter)
    __scatterload_rt2                        0x000000c9   Thumb Code    52  __scatter.o(!!!scatter)
    __scatterload_rt2_thumb_only             0x000000c9   Thumb Code     0  __scatter.o(!!!scatter)
    __scatterload_null                       0x000000d9   Thumb Code     0  __scatter.o(!!!scatter)
    __scatterload_copy                       0x00000105   Thumb Code    26  __scatter_copy.o(!!handler_copy)
    __scatterload_zeroinit                   0x00000121   Thumb Code    28  __scatter_zi.o(!!handler_zi)
    _printf_percent                          0x0000013d   Thumb Code     0  _printf_percent.o(.ARM.Collect$$_printf_percent$$00000000)
    _printf_d                                0x0000013f   Thumb Code     0  _printf_d.o(.ARM.Collect$$_printf_percent$$00000009)
    _printf_x                                0x00000149   Thumb Code     0  _printf_x.o(.ARM.Collect$$_printf_percent$$0000000C)
    _printf_s                                0x00000153   Thumb Code     0  _printf_s.o(.ARM.Collect$$_printf_percent$$00000014)
    _printf_percent_end                      0x0000015d   Thumb Code     0  _printf_percent_end.o(.ARM.Collect$$_printf_percent$$00000017)
    __rt_lib_init                            0x00000161   Thumb Code     0  libinit.o(.ARM.Collect$$libinit$$00000000)
    __rt_lib_init_fp_1                       0x00000163   Thumb Code     0  libinit2.o(.ARM.Collect$$libinit$$00000002)
    __rt_lib_init_heap_2                     0x00000163   Thumb Code     0  libinit2.o(.ARM.Collect$$libinit$$00000005)
    __rt_lib_init_preinit_1                  0x00000163   Thumb Code     0  libinit2.o(.ARM.Collect$$libinit$$00000004)
    __rt_lib_init_alloca_1                   0x0000016b   Thumb Code     0  libinit2.o(.ARM.Collect$$libinit$$0000002E)
    __rt_lib_init_argv_1                     0x0000016b   Thumb Code     0  libinit2.o(.ARM.Collect$$libinit$$0000002C)
    __rt_lib_init_atexit_1                   0x0000016b   Thumb Code     0  libinit2.o(.ARM.Collect$$libinit$$0000001B)
    __rt_lib_init_clock_1                    0x0000016b   Thumb Code     0  libinit2.o(.ARM.Collect$$libinit$$00000021)
    __rt_lib_init_cpp_1                      0x0000016b   Thumb Code     0  libinit2.o(.ARM.Collect$$libinit$$00000032)
    __rt_lib_init_exceptions_1               0x0000016b   Thumb Code     0  libinit2.o(.ARM.Collect$$libinit$$00000030)
    __rt_lib_init_fp_trap_1                  0x0000016b   Thumb Code     0  libinit2.o(.ARM.Collect$$libinit$$0000001F)
    __rt_lib_init_getenv_1                   0x0000016b   Thumb Code     0  libinit2.o(.ARM.Collect$$libinit$$00000023)
    __rt_lib_init_heap_1                     0x0000016b   Thumb Code     0  libinit2.o(.ARM.Collect$$libinit$$0000000A)
    __rt_lib_init_lc_collate_1               0x0000016b   Thumb Code     0  libinit2.o(.ARM.Collect$$libinit$$00000011)
    __rt_lib_init_lc_ctype_1                 0x0000016b   Thumb Code     0  libinit2.o(.ARM.Collect$$libinit$$00000013)
    __rt_lib_init_lc_monetary_1              0x0000016b   Thumb Code     0  libinit2.o(.ARM.Collect$$libinit$$00000015)
    __rt_lib_init_lc_numeric_1               0x0000016b   Thumb Code     0  libinit2.o(.ARM.Collect$$libinit$$00000017)
    __rt_lib_init_lc_time_1                  0x0000016b   Thumb Code     0  libinit2.o(.ARM.Collect$$libinit$$00000019)
    __rt_lib_init_rand_1                     0x0000016b   Thumb Code     0  libinit2.o(.ARM.Collect$$libinit$$0000000E)
    __rt_lib_init_return                     0x0000016b   Thumb Code     0  libinit2.o(.ARM.Collect$$libinit$$00000033)
    __rt_lib_init_signal_1                   0x0000016b   Thumb Code     0  libinit2.o(.ARM.Collect$$libinit$$0000001D)
    __rt_lib_init_stdio_1                    0x0000016b   Thumb Code     0  libinit2.o(.ARM.Collect$$libinit$$00000025)
    __rt_lib_init_user_alloc_1               0x0000016b   Thumb Code     0  libinit2.o(.ARM.Collect$$libinit$$0000000C)
    __rt_lib_shutdown                        0x0000016d   Thumb Code     0  libshutdown.o(.ARM.Collect$$libshutdown$$00000000)
    __rt_lib_shutdown_fp_trap_1              0x0000016f   Thumb Code     0  libshutdown2.o(.ARM.Collect$$libshutdown$$00000006)
    __rt_lib_shutdown_heap_1                 0x0000016f   Thumb Code     0  libshutdown2.o(.ARM.Collect$$libshutdown$$0000000E)
    __rt_lib_shutdown_return                 0x0000016f   Thumb Code     0  libshutdown2.o(.ARM.Collect$$libshutdown$$0000000F)
    __rt_lib_shutdown_signal_1               0x0000016f   Thumb Code     0  libshutdown2.o(.ARM.Collect$$libshutdown$$00000009)
    __rt_lib_shutdown_stdio_1                0x0000016f   Thumb Code     0  libshutdown2.o(.ARM.Collect$$libshutdown$$00000003)
    __rt_lib_shutdown_user_alloc_1           0x0000016f   Thumb Code     0  libshutdown2.o(.ARM.Collect$$libshutdown$$0000000B)
    __rt_entry                               0x00000171   Thumb Code     0  __rtentry.o(.ARM.Collect$$rtentry$$00000000)
    __rt_entry_presh_1                       0x00000171   Thumb Code     0  __rtentry2.o(.ARM.Collect$$rtentry$$00000002)
    __rt_entry_sh                            0x00000171   Thumb Code     0  __rtentry4.o(.ARM.Collect$$rtentry$$00000004)
    __rt_entry_li                            0x00000177   Thumb Code     0  __rtentry2.o(.ARM.Collect$$rtentry$$0000000A)
    __rt_entry_postsh_1                      0x00000177   Thumb Code     0  __rtentry2.o(.ARM.Collect$$rtentry$$00000009)
    __rt_entry_main                          0x0000017b   Thumb Code     0  __rtentry2.o(.ARM.Collect$$rtentry$$0000000D)
    __rt_entry_postli_1                      0x0000017b   Thumb Code     0  __rtentry2.o(.ARM.Collect$$rtentry$$0000000C)
    __rt_exit                                0x00000183   Thumb Code     0  rtexit.o(.ARM.Collect$$rtexit$$00000000)
    __rt_exit_ls                             0x00000185   Thumb Code     0  rtexit2.o(.ARM.Collect$$rtexit$$00000003)
    __rt_exit_prels_1                        0x00000185   Thumb Code     0  rtexit2.o(.ARM.Collect$$rtexit$$00000002)
    __rt_exit_exit                           0x00000189   Thumb Code     0  rtexit2.o(.ARM.Collect$$rtexit$$00000004)
    __aeabi_memcpy4                          0x00000191   Thumb Code    56  rt_memcpy.o(.emb_text)
    __aeabi_memcpy8                          0x00000191   Thumb Code     0  rt_memcpy.o(.emb_text)
    Reset_Handler                            0x000001c9   Thumb Code    26  startup_hc32l13x.o(.text)
    _maybe_terminate_alloc                   0x000001c9   Thumb Code     0  maybetermalloc1.o(.emb_text)
    NMI_Handler                              0x000001e3   Thumb Code     2  startup_hc32l13x.o(.text)
    SVC_Handler                              0x000001e7   Thumb Code     2  startup_hc32l13x.o(.text)
    PendSV_Handler                           0x000001e9   Thumb Code     2  startup_hc32l13x.o(.text)
    ADC_IRQHandler                           0x000001ed   Thumb Code     0  startup_hc32l13x.o(.text)
    CLKTRIM_IRQHandler                       0x000001ed   Thumb Code     0  startup_hc32l13x.o(.text)
    DMAC_IRQHandler                          0x000001ed   Thumb Code     0  startup_hc32l13x.o(.text)
    FLASH_RAM_IRQHandler                     0x000001ed   Thumb Code     0  startup_hc32l13x.o(.text)
    I2C0_IRQHandler                          0x000001ed   Thumb Code     0  startup_hc32l13x.o(.text)
    I2C1_IRQHandler                          0x000001ed   Thumb Code     0  startup_hc32l13x.o(.text)
    LCD_IRQHandler                           0x000001ed   Thumb Code     0  startup_hc32l13x.o(.text)
    LPTIM_IRQHandler                         0x000001ed   Thumb Code     0  startup_hc32l13x.o(.text)
    LPUART0_IRQHandler                       0x000001ed   Thumb Code     0  startup_hc32l13x.o(.text)
    LPUART1_IRQHandler                       0x000001ed   Thumb Code     0  startup_hc32l13x.o(.text)
    LVD_IRQHandler                           0x000001ed   Thumb Code     0  startup_hc32l13x.o(.text)
    PCA_IRQHandler                           0x000001ed   Thumb Code     0  startup_hc32l13x.o(.text)
    PCNT_IRQHandler                          0x000001ed   Thumb Code     0  startup_hc32l13x.o(.text)
    PORTA_IRQHandler                         0x000001ed   Thumb Code     0  startup_hc32l13x.o(.text)
    PORTB_IRQHandler                         0x000001ed   Thumb Code     0  startup_hc32l13x.o(.text)
    PORTC_IRQHandler                         0x000001ed   Thumb Code     0  startup_hc32l13x.o(.text)
    PORTD_IRQHandler                         0x000001ed   Thumb Code     0  startup_hc32l13x.o(.text)
    RTC_IRQHandler                           0x000001ed   Thumb Code     0  startup_hc32l13x.o(.text)
    SPI0_IRQHandler                          0x000001ed   Thumb Code     0  startup_hc32l13x.o(.text)
    SPI1_IRQHandler                          0x000001ed   Thumb Code     0  startup_hc32l13x.o(.text)
    TIM1_IRQHandler                          0x000001ed   Thumb Code     0  startup_hc32l13x.o(.text)
    TIM2_IRQHandler                          0x000001ed   Thumb Code     0  startup_hc32l13x.o(.text)
    TIM4_IRQHandler                          0x000001ed   Thumb Code     0  startup_hc32l13x.o(.text)
    TIM5_IRQHandler                          0x000001ed   Thumb Code     0  startup_hc32l13x.o(.text)
    TIM6_IRQHandler                          0x000001ed   Thumb Code     0  startup_hc32l13x.o(.text)
    VC0_IRQHandler                           0x000001ed   Thumb Code     0  startup_hc32l13x.o(.text)
    VC1_IRQHandler                           0x000001ed   Thumb Code     0  startup_hc32l13x.o(.text)
    WDT_IRQHandler                           0x000001ed   Thumb Code     0  startup_hc32l13x.o(.text)
    __user_initial_stackheap                 0x000001f1   Thumb Code     0  startup_hc32l13x.o(.text)
    __use_no_semihosting                     0x00000221   Thumb Code     2  use_no_semi_2.o(.text)
    malloc                                   0x00000223   Thumb Code    98  h1_alloc.o(.text)
    free                                     0x00000285   Thumb Code    76  h1_free.o(.text)
    __2printf                                0x000002d1   Thumb Code    22  noretval__2printf.o(.text)
    _printf_pre_padding                      0x000002ed   Thumb Code    44  _printf_pad.o(.text)
    _printf_post_padding                     0x00000319   Thumb Code    34  _printf_pad.o(.text)
    _printf_str                              0x0000033b   Thumb Code    82  _printf_str.o(.text)
    _printf_int_dec                          0x0000038d   Thumb Code    90  _printf_dec.o(.text)
    _printf_int_hex                          0x000003f9   Thumb Code    84  _printf_hex_int.o(.text)
    _printf_longlong_hex                     0x000003f9   Thumb Code     0  _printf_hex_int.o(.text)
    __printf                                 0x00000451   Thumb Code   306  __printf_flags_wp.o(.text)
    _memset_w                                0x00000589   Thumb Code    26  rt_memclr.o(.text)
    _memset                                  0x000005a3   Thumb Code    30  rt_memclr.o(.text)
    __aeabi_memclr                           0x000005c1   Thumb Code     4  rt_memclr.o(.text)
    __rt_memclr                              0x000005c1   Thumb Code     0  rt_memclr.o(.text)
    __aeabi_memclr4                          0x000005c5   Thumb Code     0  rt_memclr.o(.text)
    __aeabi_memclr8                          0x000005c5   Thumb Code     0  rt_memclr.o(.text)
    __rt_memclr_w                            0x000005c5   Thumb Code     4  rt_memclr.o(.text)
    __aeabi_uidiv                            0x000005c9   Thumb Code     0  aeabi_sdiv.o(.text)
    __aeabi_uidivmod                         0x000005c9   Thumb Code    20  aeabi_sdiv.o(.text)
    __aeabi_idiv                             0x000005dd   Thumb Code     0  aeabi_sdiv.o(.text)
    __aeabi_idivmod                          0x000005dd   Thumb Code   326  aeabi_sdiv.o(.text)
    __use_two_region_memory                  0x00000723   Thumb Code     2  heapauxi.o(.text)
    __rt_heap_escrow                         0x00000725   Thumb Code     2  heapauxi.o(.text)
    __rt_heap_expand                         0x00000727   Thumb Code     2  heapauxi.o(.text)
    __aeabi_dadd                             0x00000a21   Thumb Code     0  daddsub.o(.text)
    _dadd                                    0x00000a21   Thumb Code    26  daddsub.o(.text)
    __aeabi_dsub                             0x00000a3b   Thumb Code     0  daddsub.o(.text)
    _dsub                                    0x00000a3b   Thumb Code    22  daddsub.o(.text)
    __aeabi_drsub                            0x00000a51   Thumb Code     0  daddsub.o(.text)
    _drsb                                    0x00000a51   Thumb Code    28  daddsub.o(.text)
    __aeabi_ddiv                             0x00000a81   Thumb Code     0  ddiv.o(.text)
    _ddiv                                    0x00000a81   Thumb Code  1072  ddiv.o(.text)
    _drdiv                                   0x00000eb1   Thumb Code    20  ddiv.o(.text)
    __aeabi_d2iz                             0x00000ec9   Thumb Code     0  dfixi.o(.text)
    _dfix                                    0x00000ec9   Thumb Code    98  dfixi.o(.text)
    __aeabi_d2uiz                            0x00000f35   Thumb Code     0  dfixui.o(.text)
    _dfixu                                   0x00000f35   Thumb Code    68  dfixui.o(.text)
    __aeabi_i2d_normalise                    0x00000f7d   Thumb Code    66  dflti.o(.text)
    __aeabi_i2d                              0x00000fbf   Thumb Code    16  dflti.o(.text)
    _dflt                                    0x00000fbf   Thumb Code     0  dflti.o(.text)
    __aeabi_ui2d                             0x00000fcf   Thumb Code     6  dflti.o(.text)
    _dfltu                                   0x00000fcf   Thumb Code     0  dflti.o(.text)
    __aeabi_dmul                             0x00000fd5   Thumb Code     0  dmul.o(.text)
    _dmul                                    0x00000fd5   Thumb Code   558  dmul.o(.text)
    __aeabi_f2d                              0x0000121d   Thumb Code     0  f2d.o(.text)
    _f2d                                     0x0000121d   Thumb Code    80  f2d.o(.text)
    __aeabi_fdiv                             0x00001271   Thumb Code     0  fdiv.o(.text)
    _fdiv                                    0x00001271   Thumb Code   334  fdiv.o(.text)
    _frdiv                                   0x000013bf   Thumb Code     8  fdiv.o(.text)
    __aeabi_f2uiz                            0x000013d1   Thumb Code     0  ffixui.o(.text)
    _ffixu                                   0x000013d1   Thumb Code    48  ffixui.o(.text)
    __aeabi_i2f_normalise                    0x00001401   Thumb Code    72  fflti.o(.text)
    __aeabi_i2f                              0x00001449   Thumb Code    16  fflti.o(.text)
    _fflt                                    0x00001449   Thumb Code     0  fflti.o(.text)
    __aeabi_ui2f                             0x00001459   Thumb Code     6  fflti.o(.text)
    _ffltu                                   0x00001459   Thumb Code     0  fflti.o(.text)
    __I$use$semihosting                      0x0000145f   Thumb Code     0  use_no_semi.o(.text)
    __use_no_semihosting_swi                 0x0000145f   Thumb Code     2  use_no_semi.o(.text)
    __rt_heap_descriptor                     0x00001461   Thumb Code     8  rt_heap_descriptor_intlibspace.o(.text)
    __use_no_heap                            0x00001469   Thumb Code     2  hguard.o(.text)
    __heap$guard                             0x0000146b   Thumb Code     2  hguard.o(.text)
    _terminate_user_alloc                    0x0000146d   Thumb Code     2  init_alloc.o(.text)
    _init_user_alloc                         0x0000146f   Thumb Code     2  init_alloc.o(.text)
    __Heap_Full                              0x00001471   Thumb Code    32  init_alloc.o(.text)
    __Heap_Broken                            0x00001491   Thumb Code    10  init_alloc.o(.text)
    _init_alloc                              0x0000149b   Thumb Code    90  init_alloc.o(.text)
    __Heap_Initialize                        0x000014f5   Thumb Code    10  h1_init.o(.text)
    __Heap_DescSize                          0x000014ff   Thumb Code     4  h1_init.o(.text)
    _printf_int_common                       0x00001503   Thumb Code   176  _printf_intcommon.o(.text)
    _printf_cs_common                        0x000015b3   Thumb Code    22  _printf_char.o(.text)
    _printf_char                             0x000015c9   Thumb Code    16  _printf_char.o(.text)
    _printf_string                           0x000015d9   Thumb Code     8  _printf_char.o(.text)
    _printf_char_file                        0x000015e1   Thumb Code    34  _printf_char_file.o(.text)
    __rt_udiv10                              0x00001609   Thumb Code    40  rtudiv10.o(.text)
    __fpl_fcmp_InfNaN                        0x00001631   Thumb Code    96  fcmpin.o(.text)
    __user_libspace                          0x00001695   Thumb Code     8  libspace.o(.text)
    __user_perproc_libspace                  0x00001695   Thumb Code     0  libspace.o(.text)
    __user_perthread_libspace                0x00001695   Thumb Code     0  libspace.o(.text)
    __Heap_ProvideMemory                     0x0000169d   Thumb Code    52  h1_extend.o(.text)
    _printf_char_common                      0x000016db   Thumb Code    32  _printf_char_common.o(.text)
    ferror                                   0x00001701   Thumb Code     8  ferror.o(.text)
    __rt_SIGRTMEM                            0x00001709   Thumb Code    12  defsig_rtmem_outer.o(.text)
    __fpl_cmpreturn                          0x00001715   Thumb Code    44  cmpret.o(.text)
    __fpl_fcheck_NaN2                        0x00001745   Thumb Code    10  fnan2.o(.text)
    __user_setup_stackheap                   0x00001755   Thumb Code    62  sys_stackheap_outer.o(.text)
    exit                                     0x00001793   Thumb Code    12  exit.o(.text)
    __sig_exit                               0x0000179f   Thumb Code    12  defsig_exit.o(.text)
    __rt_SIGRTMEM_inner                      0x000017ad   Thumb Code    22  defsig_rtmem_inner.o(.text)
    __fpl_return_NaN                         0x000017fd   Thumb Code    94  retnan.o(.text)
    __default_signal_display                 0x0000185b   Thumb Code    52  defsig_general.o(.text)
    main                                     0x0000188f   Thumb Code    14  system_hc32l13x.o(i.$Sub$$main)
    BH175_GetIllData                         0x0000189d   Thumb Code   108  bh1750.o(i.BH175_GetIllData)
    BH175_Init                               0x00001929   Thumb Code    16  bh1750.o(i.BH175_Init)
    BH175_ReadData                           0x00001939   Thumb Code    46  bh1750.o(i.BH175_ReadData)
    BH175_Ready                              0x00001967   Thumb Code    22  bh1750.o(i.BH175_Ready)
    BH175_SendCmd                            0x0000197d   Thumb Code    34  bh1750.o(i.BH175_SendCmd)
    Bt_ClearIntFlag                          0x000019a1   Thumb Code    22  bt.o(i.Bt_ClearIntFlag)
    Bt_GetIntFlag                            0x000019bd   Thumb Code    24  bt.o(i.Bt_GetIntFlag)
    Bt_M0_ARRSet                             0x000019d9   Thumb Code    26  bt.o(i.Bt_M0_ARRSet)
    Bt_M0_Cnt16Set                           0x000019f9   Thumb Code    26  bt.o(i.Bt_M0_Cnt16Set)
    Bt_M0_Run                                0x00001a19   Thumb Code    24  bt.o(i.Bt_M0_Run)
    Bt_Mode0_EnableIrq                       0x00001a35   Thumb Code    24  bt.o(i.Bt_Mode0_EnableIrq)
    Bt_Mode0_Init                            0x00001a51   Thumb Code   148  bt.o(i.Bt_Mode0_Init)
    CLEDOFF                                  0x00001ae9   Thumb Code    12  hardware.o(i.CLEDOFF)
    CLEDON                                   0x00001af5   Thumb Code    12  hardware.o(i.CLEDON)
    CheckAlarmTim                            0x00001b01   Thumb Code    36  main.o(i.CheckAlarmTim)
    CheckCrc8                                0x00001b29   Thumb Code    64  sgp30.o(i.CheckCrc8)
    ClkInit                                  0x00001b69   Thumb Code   110  hardware.o(i.ClkInit)
    CloseUartRx                              0x00001bd7   Thumb Code    14  hc_usart.o(i.CloseUartRx)
    DebugDevInfo                             0x00001be5   Thumb Code   228  hardware.o(i.DebugDevInfo)
    EnableNvic                               0x00001fa5   Thumb Code    76  interrupts_hc32l13x.o(i.EnableNvic)
    FlashInit                                0x00001ff9   Thumb Code    38  hc_flash.o(i.FlashInit)
    FlashReadData                            0x0000201f   Thumb Code    36  hc_flash.o(i.FlashReadData)
    FlashWriteData                           0x00002043   Thumb Code    40  hc_flash.o(i.FlashWriteData)
    Flash_Init                               0x0000206d   Thumb Code   188  flash.o(i.Flash_Init)
    Flash_LockAll                            0x00002139   Thumb Code    16  flash.o(i.Flash_LockAll)
    Flash_SectorErase                        0x00002155   Thumb Code   158  flash.o(i.Flash_SectorErase)
    Flash_UnlockAll                          0x00002205   Thumb Code    18  flash.o(i.Flash_UnlockAll)
    Flash_WriteByte                          0x00002225   Thumb Code   158  flash.o(i.Flash_WriteByte)
    GPIOInit                                 0x000022d5   Thumb Code    54  hardware.o(i.GPIOInit)
    GetBit                                   0x0000230b   Thumb Code    12  ddl.o(i.GetBit)
    GetChipId                                0x00002319   Thumb Code   172  hardware.o(i.GetChipId)
    GetCo2SenorBySec                         0x000023dd   Thumb Code    74  main.o(i.GetCo2SenorBySec)
    GetGetCo2Data                            0x00002431   Thumb Code    38  hardware.o(i.GetGetCo2Data)
    GetSensorData                            0x0000246d   Thumb Code    12  hardware.o(i.GetSensorData)
    GetSysMin                                0x00002481   Thumb Code     6  hc_tim.o(i.GetSysMin)
    GetSysSec                                0x0000248d   Thumb Code     6  hc_tim.o(i.GetSysSec)
    Gpio_ClrIO                               0x00002499   Thumb Code    22  gpio.o(i.Gpio_ClrIO)
    Gpio_GetInputIO                          0x000024b5   Thumb Code    18  gpio.o(i.Gpio_GetInputIO)
    Gpio_Init                                0x000024cd   Thumb Code   130  gpio.o(i.Gpio_Init)
    Gpio_SetAfMode                           0x0000255d   Thumb Code    16  gpio.o(i.Gpio_SetAfMode)
    Gpio_SetIO                               0x00002571   Thumb Code    22  gpio.o(i.Gpio_SetIO)
    Gpio_WriteOutputIO                       0x0000258d   Thumb Code    24  gpio.o(i.Gpio_WriteOutputIO)
    Gxht_GetTempAndHumi                      0x000025a9   Thumb Code   142  gxht3l.o(i.Gxht_GetTempAndHumi)
    Gxht_ReadDat                             0x00002661   Thumb Code   252  gxht3l.o(i.Gxht_ReadDat)
    Gxht_Restart                             0x00002779   Thumb Code    40  gxht3l.o(i.Gxht_Restart)
    Gxht_WriteCmd                            0x000027a1   Thumb Code    40  gxht3l.o(i.Gxht_WriteCmd)
    HardFault_Handler                        0x000027c9   Thumb Code    16  interrupts_hc32l13x.o(i.HardFault_Handler)
    IIC_ACK                                  0x000027d9   Thumb Code   134  hc_i2c.o(i.IIC_ACK)
    IIC_Init                                 0x0000285f   Thumb Code   104  hc_i2c.o(i.IIC_Init)
    IIC_NAck                                 0x000028c7   Thumb Code   134  hc_i2c.o(i.IIC_NAck)
    IIC_ReadByte                             0x0000294d   Thumb Code   130  hc_i2c.o(i.IIC_ReadByte)
    IIC_Restart                              0x000029cf   Thumb Code    32  bh1750.o(i.IIC_Restart)
    IIC_SendByte                             0x000029ef   Thumb Code   194  hc_i2c.o(i.IIC_SendByte)
    IIC_Start                                0x00002ab1   Thumb Code   134  hc_i2c.o(i.IIC_Start)
    IIC_Stop                                 0x00002b37   Thumb Code   128  hc_i2c.o(i.IIC_Stop)
    IIC_Wait_Ack                             0x00002bb7   Thumb Code   142  hc_i2c.o(i.IIC_Wait_Ack)
    InitLora                                 0x00002c45   Thumb Code    94  lora.o(i.InitLora)
    IsChipId                                 0x00002cb5   Thumb Code    38  loradealdat.o(i.IsChipId)
    IsDataAlarm                              0x00002ce1   Thumb Code   298  hardware.o(i.IsDataAlarm)
    LEDShow                                  0x00002e2d   Thumb Code    46  hardware.o(i.LEDShow)
    LoraDatPro                               0x00002e5d   Thumb Code   122  lora.o(i.LoraDatPro)
    LoraPro                                  0x00002f09   Thumb Code   502  main.o(i.LoraPro)
    LoraRecDat                               0x0000318d   Thumb Code   244  loradealdat.o(i.LoraRecDat)
    LoraRepDat                               0x00003291   Thumb Code   206  loradealdat.o(i.LoraRepDat)
    LoraSendDat                              0x00003391   Thumb Code   474  loradealdat.o(i.LoraSendDat)
    ModBusCrc                                0x00003595   Thumb Code    46  soil.o(i.ModBusCrc)
    PCSetDevUid                              0x00003661   Thumb Code   164  main.o(i.PCSetDevUid)
    PCUsart1                                 0x00003721   Thumb Code    28  hc_usart.o(i.PCUsart1)
    ReadDevInfo                              0x00003741   Thumb Code    14  sysconfig.o(i.ReadDevInfo)
    Read_SDA                                 0x0000374f   Thumb Code    28  hc_i2c.o(i.Read_SDA)
    ReadyToSend                              0x0000376d   Thumb Code    36  main.o(i.ReadyToSend)
    SDA_IN                                   0x00003795   Thumb Code    52  hc_i2c.o(i.SDA_IN)
    SDA_OUT                                  0x000037c9   Thumb Code    54  hc_i2c.o(i.SDA_OUT)
    SGP30_GetCo2Data                         0x00003801   Thumb Code   214  sgp30.o(i.SGP30_GetCo2Data)
    SGP30_Init                               0x00003905   Thumb Code    26  sgp30.o(i.SGP30_Init)
    SGP30_Reset                              0x00003925   Thumb Code    32  sgp30.o(i.SGP30_Reset)
    SGP30_SendCmd                            0x00003945   Thumb Code    42  sgp30.o(i.SGP30_SendCmd)
    SPI_Start                                0x00003971   Thumb Code    12  hc_spi.o(i.SPI_Start)
    SPI_Stop                                 0x00003981   Thumb Code    12  hc_spi.o(i.SPI_Stop)
    SX127X_Current_RSSI                      0x00003991   Thumb Code    26  sx127x_drive.o(i.SX127X_Current_RSSI)
    SX127X_GetFreq                           0x000039b1   Thumb Code    90  sx127x_drive.o(i.SX127X_GetFreq)
    SX127X_Lora_init                         0x00003a19   Thumb Code   278  sx127x_drive.o(i.SX127X_Lora_init)
    SX127X_PoutSet                           0x00003b5d   Thumb Code   100  sx127x_drive.o(i.SX127X_PoutSet)
    SX127X_Read                              0x00003bc5   Thumb Code    18  sx127x_drive.o(i.SX127X_Read)
    SX127X_ReadBuffer                        0x00003bd7   Thumb Code    46  sx127x_hal.o(i.SX127X_ReadBuffer)
    SX127X_ReadFifo                          0x00003c05   Thumb Code    18  sx127x_drive.o(i.SX127X_ReadFifo)
    SX127X_Reset                             0x00003c17   Thumb Code    48  sx127x_drive.o(i.SX127X_Reset)
    SX127X_RxPacket                          0x00003c49   Thumb Code   180  sx127x_drive.o(i.SX127X_RxPacket)
    SX127X_SetFreq                           0x00003d05   Thumb Code   166  sx127x_drive.o(i.SX127X_SetFreq)
    SX127X_StandbyMode                       0x00003dc1   Thumb Code    12  sx127x_drive.o(i.SX127X_StandbyMode)
    SX127X_StartRx                           0x00003dcd   Thumb Code    78  sx127x_drive.o(i.SX127X_StartRx)
    SX127X_TxPacket                          0x00003e21   Thumb Code    84  sx127x_drive.o(i.SX127X_TxPacket)
    SX127X_Write                             0x00003e79   Thumb Code    16  sx127x_drive.o(i.SX127X_Write)
    SX127X_WriteBuffer                       0x00003e89   Thumb Code    46  sx127x_hal.o(i.SX127X_WriteBuffer)
    SaveDevInfo                              0x00003eb7   Thumb Code    22  sysconfig.o(i.SaveDevInfo)
    SendLoraDatPack                          0x00003ecd   Thumb Code    18  lora.o(i.SendLoraDatPack)
    SendLoraPack                             0x00003ee5   Thumb Code   164  loradealdat.o(i.SendLoraPack)
    SendStr                                  0x00003f95   Thumb Code    26  hc_usart.o(i.SendStr)
    SetBit                                   0x00003faf   Thumb Code    30  ddl.o(i.SetBit)
    SetDevInfoDef                            0x00003fcd   Thumb Code   168  sysconfig.o(i.SetDevInfoDef)
    SetDevSerialNum                          0x00004081   Thumb Code    80  main.o(i.SetDevSerialNum)
    SetRepCnt                                0x000040d9   Thumb Code    48  loradealdat.o(i.SetRepCnt)
    SetWorkFreq                              0x0000410d   Thumb Code    54  loradealdat.o(i.SetWorkFreq)
    Soil_GetSoilTempAndHUmi                  0x0000414d   Thumb Code   166  soil.o(i.Soil_GetSoilTempAndHUmi)
    Spi1ReadWriteByte                        0x00004211   Thumb Code    12  hc_spi.o(i.Spi1ReadWriteByte)
    SpiHardWareInit                          0x0000421d   Thumb Code    40  hc_spi.o(i.SpiHardWareInit)
    SpiHardWareRWByte                        0x00004249   Thumb Code    76  hc_spi.o(i.SpiHardWareRWByte)
    SpiInit                                  0x00004299   Thumb Code     8  hc_spi.o(i.SpiInit)
    SpiPortInit                              0x000042a1   Thumb Code    94  hc_spi.o(i.SpiPortInit)
    Spi_GetStatus                            0x000042ff   Thumb Code    18  spi.o(i.Spi_GetStatus)
    Spi_Init                                 0x00004311   Thumb Code    32  spi.o(i.Spi_Init)
    Spi_ReceiveData                          0x00004331   Thumb Code     8  spi.o(i.Spi_ReceiveData)
    Spi_SendData                             0x00004339   Thumb Code     8  spi.o(i.Spi_SendData)
    Spi_SetCS                                0x00004341   Thumb Code     4  spi.o(i.Spi_SetCS)
    SysTick_Handler                          0x00004345   Thumb Code     8  interrupts_hc32l13x.o(i.SysTick_Handler)
    Sysctrl_ClkSourceEnable                  0x0000434d   Thumb Code   352  sysctrl.o(i.Sysctrl_ClkSourceEnable)
    Sysctrl_GetHClkFreq                      0x000044b9   Thumb Code   354  sysctrl.o(i.Sysctrl_GetHClkFreq)
    Sysctrl_GetPClkFreq                      0x0000462d   Thumb Code    28  sysctrl.o(i.Sysctrl_GetPClkFreq)
    Sysctrl_SetPeripheralGate                0x0000464d   Thumb Code    20  sysctrl.o(i.Sysctrl_SetPeripheralGate)
    Sysctrl_SetRCHTrim                       0x00004665   Thumb Code    32  sysctrl.o(i.Sysctrl_SetRCHTrim)
    Sysctrl_SysClkSwitch                     0x0000468d   Thumb Code    40  sysctrl.o(i.Sysctrl_SysClkSwitch)
    SystemCoreClockUpdate                    0x000046b9   Thumb Code    12  system_hc32l13x.o(i.SystemCoreClockUpdate)
    SystemInit                               0x000046c9   Thumb Code    56  system_hc32l13x.o(i.SystemInit)
    TIM0_IRQHandler                          0x00004709   Thumb Code    50  hc_tim.o(i.TIM0_IRQHandler)
    TIM3_IRQHandler                          0x00004741   Thumb Code    54  hc_time3.o(i.TIM3_IRQHandler)
    Tim3_ClearIntFlag                        0x00004781   Thumb Code    16  timer3.o(i.Tim3_ClearIntFlag)
    Tim3_GetIntFlag                          0x00004795   Thumb Code    18  timer3.o(i.Tim3_GetIntFlag)
    Tim3_M0_ARRSet                           0x000047ad   Thumb Code    22  timer3.o(i.Tim3_M0_ARRSet)
    Tim3_M0_Cnt16Set                         0x000047c9   Thumb Code    22  timer3.o(i.Tim3_M0_Cnt16Set)
    Tim3_M0_Run                              0x000047e5   Thumb Code    18  timer3.o(i.Tim3_M0_Run)
    Tim3_Mode0_EnableIrq                     0x000047fd   Thumb Code    20  timer3.o(i.Tim3_Mode0_EnableIrq)
    Tim3_Mode0_Init                          0x00004815   Thumb Code   168  timer3.o(i.Tim3_Mode0_Init)
    TimInit                                  0x000048c1   Thumb Code   102  hc_tim.o(i.TimInit)
    TimSet                                   0x0000492d   Thumb Code    44  hc_tim.o(i.TimSet)
    Time3Init                                0x0000495d   Thumb Code    82  hc_time3.o(i.Time3Init)
    TimeCntStart                             0x000049af   Thumb Code     8  hc_time3.o(i.TimeCntStart)
    TotalInit                                0x000049b9   Thumb Code   118  hardware.o(i.TotalInit)
    UART0_IRQHandler                         0x00004a41   Thumb Code    58  hc_usart.o(i.UART0_IRQHandler)
    UART1_IRQHandler                         0x00004a85   Thumb Code    46  hc_usart.o(i.UART1_IRQHandler)
    Uart_ClrStatus                           0x00004abd   Thumb Code    22  uart.o(i.Uart_ClrStatus)
    Uart_DisableIrq                          0x00004ad3   Thumb Code    20  uart.o(i.Uart_DisableIrq)
    Uart_EnableFunc                          0x00004ae7   Thumb Code    20  uart.o(i.Uart_EnableFunc)
    Uart_EnableIrq                           0x00004afb   Thumb Code    20  uart.o(i.Uart_EnableIrq)
    Uart_GetStatus                           0x00004b0f   Thumb Code    24  uart.o(i.Uart_GetStatus)
    Uart_Init                                0x00004b29   Thumb Code   144  uart.o(i.Uart_Init)
    Uart_ReceiveData                         0x00004bbd   Thumb Code     8  uart.o(i.Uart_ReceiveData)
    Uart_SendDataIt                          0x00004bc5   Thumb Code    18  uart.o(i.Uart_SendDataIt)
    Usart0Init                               0x00004bd7   Thumb Code   100  hc_usart.o(i.Usart0Init)
    Usart1Init                               0x00004c3d   Thumb Code    98  hc_usart.o(i.Usart1Init)
    UsartPortInit                            0x00004ca5   Thumb Code   118  hc_usart.o(i.UsartPortInit)
    WdtFeedDog                               0x00004d1b   Thumb Code     8  hc_wdt.o(i.WdtFeedDog)
    WdtInit                                  0x00004d23   Thumb Code    20  hc_wdt.o(i.WdtInit)
    Wdt_Feed                                 0x00004d39   Thumb Code    12  wdt.o(i.Wdt_Feed)
    Wdt_Init                                 0x00004d49   Thumb Code    40  wdt.o(i.Wdt_Init)
    Wdt_WriteWdtLoad                         0x00004d75   Thumb Code    20  wdt.o(i.Wdt_WriteWdtLoad)
    __ARM_common_switch8                     0x00004dc1   Thumb Code    28  sysctrl.o(i.__ARM_common_switch8)
    _is_digit                                0x00004ddd   Thumb Code    14  __printf_wp.o(i._is_digit)
    _sys_exit                                0x00004deb   Thumb Code     4  ddl.o(i._sys_exit)
    _ttywrch                                 0x00004def   Thumb Code     2  ddl.o(i._ttywrch)
    ddl_memclr                               0x00004df1   Thumb Code    32  ddl.o(i.ddl_memclr)
    delay100us                               0x00004e11   Thumb Code    74  ddl.o(i.delay100us)
    delay10us                                0x00004e6d   Thumb Code    74  ddl.o(i.delay10us)
    delay1ms                                 0x00004ec9   Thumb Code    76  ddl.o(i.delay1ms)
    delay1us                                 0x00004f21   Thumb Code    74  ddl.o(i.delay1us)
    fputc                                    0x00004f7d   Thumb Code    36  hc_usart.o(i.fputc)
    loraToMatchHost                          0x00004fa1   Thumb Code   124  main.o(i.loraToMatchHost)
    $Super$$main                             0x00005031   Thumb Code    66  main.o(i.main)
    __aeabi_fadd                             0x00005095   Thumb Code     0  faddsub.o(x$fpl$fadd)
    _fadd                                    0x00005095   Thumb Code   134  faddsub.o(x$fpl$fadd)
    __aeabi_cfrcmple                         0x00005121   Thumb Code     0  frlef.o(x$fpl$frleqf)
    _frcmple                                 0x00005121   Thumb Code    84  frlef.o(x$fpl$frleqf)
    __aeabi_fsub                             0x00005179   Thumb Code     0  faddsub.o(x$fpl$fsub)
    _fsub                                    0x00005179   Thumb Code   204  faddsub.o(x$fpl$fsub)
    __I$use$fp                               0x00005248   Number         0  usenofp.o(x$fpl$usenofp)
    pu32PcgTimer4M                           0x00005248   Data          32  flash.o(.constdata)
    HEX                                      0x00005288   Data          16  hardware.o(.constdata)
    auchCRCHi                                0x00005298   Data         256  soil.o(.constdata)
    auchCRCLo                                0x00005398   Data         256  soil.o(.constdata)
    ModBusComm                               0x00005498   Data           8  soil.o(.constdata)
    Region$$Table$$Base                      0x0000559c   Number         0  anon$$obj.o(Region$$Table)
    Region$$Table$$Limit                     0x000055bc   Number         0  anon$$obj.o(Region$$Table)
    SysMin                                   0x20000000   Data           1  main.o(.data)
    tempSec                                  0x20000001   Data           1  main.o(.data)
    timCount                                 0x20000002   Data           1  main.o(.data)
    alarmFlag                                0x20000003   Data           1  main.o(.data)
    alarmSendTim                             0x20000004   Data           2  main.o(.data)
    SystemCoreClock                          0x20000008   Data           4  system_hc32l13x.o(.data)
    __stdout                                 0x2000000c   Data           4  ddl.o(.data)
    ill                                      0x20000010   Data           2  hardware.o(.data)
    Airtemp                                  0x20000012   Data           2  hardware.o(.data)
    Airhumi                                  0x20000014   Data           2  hardware.o(.data)
    soilHumi                                 0x20000016   Data           2  hardware.o(.data)
    co2                                      0x20000018   Data           2  hardware.o(.data)
    Tvoc                                     0x2000001a   Data           2  hardware.o(.data)
    soilTemp                                 0x2000001c   Data           2  hardware.o(.data)
    RepCnt                                   0x2000001e   Data           2  hardware.o(.data)
    tempWorkFreq                             0x20000020   Data           1  hardware.o(.data)
    repTim                                   0x20000021   Data           1  hardware.o(.data)
    UartLen                                  0x20000022   Data           1  hc_usart.o(.data)
    timClock                                 0x20000023   Data           2  hc_tim.o(.data)
    needRestart                              0x20000026   Data           1  loradealdat.o(.data)
    G_LoRaConfig                             0x2000002c   Data           8  sx127x_drive.o(.data)
    G_TsXms                                  0x20000034   Data           4  sx127x_drive.o(.data)
    ChipId                                   0x2000003c   Data          10  hardware.o(.bss)
    usartRec                                 0x20000046   Data          11  hc_usart.o(.bss)
    RxBuf                                    0x20000051   Data          30  hc_usart.o(.bss)
    loraRecBuf                               0x2000006f   Data         100  lora.o(.bss)
    loraSendBuf                              0x200000d3   Data         110  lora.o(.bss)
    SendBuf                                  0x20000141   Data         256  loradealdat.o(.bss)
    G_LoRaPara                               0x20000244   Data          16  sx127x_drive.o(.bss)
    DevInfo                                  0x20000254   Data          44  sysconfig.o(.bss)
    __libspace_start                         0x20000280   Data          96  libspace.o(.bss)
    __temporary_stack_top$libspace           0x200002e0   Data           0  libspace.o(.bss)



==============================================================================

Memory Map of the image

  Image Entry point : 0x000000c1

  Load Region LR_IROM1 (Base: 0x00000000, Size: 0x000055f8, Max: 0x00010000, ABSOLUTE)

    Execution Region ER_IROM1 (Base: 0x00000000, Size: 0x000055bc, Max: 0x00010000, ABSOLUTE)

    Base Addr    Size         Type   Attr      Idx    E Section Name        Object

    0x00000000   0x000000c0   Data   RO          271    RESET               startup_hc32l13x.o
    0x000000c0   0x00000008   Code   RO         2987  * !!!main             c_p.l(__main.o)
    0x000000c8   0x0000003c   Code   RO         3251    !!!scatter          c_p.l(__scatter.o)
    0x00000104   0x0000001a   Code   RO         3253    !!handler_copy      c_p.l(__scatter_copy.o)
    0x0000011e   0x00000002   PAD
    0x00000120   0x0000001c   Code   RO         3255    !!handler_zi        c_p.l(__scatter_zi.o)
    0x0000013c   0x00000002   Code   RO         2974    .ARM.Collect$$_printf_percent$$00000000  c_p.l(_printf_percent.o)
    0x0000013e   0x0000000a   Code   RO         2973    .ARM.Collect$$_printf_percent$$00000009  c_p.l(_printf_d.o)
    0x00000148   0x0000000a   Code   RO         2972    .ARM.Collect$$_printf_percent$$0000000C  c_p.l(_printf_x.o)
    0x00000152   0x0000000a   Code   RO         2971    .ARM.Collect$$_printf_percent$$00000014  c_p.l(_printf_s.o)
    0x0000015c   0x00000004   Code   RO         3059    .ARM.Collect$$_printf_percent$$00000017  c_p.l(_printf_percent_end.o)
    0x00000160   0x00000002   Code   RO         3192    .ARM.Collect$$libinit$$00000000  c_p.l(libinit.o)
    0x00000162   0x00000000   Code   RO         3065    .ARM.Collect$$libinit$$00000002  c_p.l(libinit2.o)
    0x00000162   0x00000000   Code   RO         3067    .ARM.Collect$$libinit$$00000004  c_p.l(libinit2.o)
    0x00000162   0x00000008   Code   RO         3068    .ARM.Collect$$libinit$$00000005  c_p.l(libinit2.o)
    0x0000016a   0x00000000   Code   RO         3070    .ARM.Collect$$libinit$$0000000A  c_p.l(libinit2.o)
    0x0000016a   0x00000000   Code   RO         3072    .ARM.Collect$$libinit$$0000000C  c_p.l(libinit2.o)
    0x0000016a   0x00000000   Code   RO         3074    .ARM.Collect$$libinit$$0000000E  c_p.l(libinit2.o)
    0x0000016a   0x00000000   Code   RO         3077    .ARM.Collect$$libinit$$00000011  c_p.l(libinit2.o)
    0x0000016a   0x00000000   Code   RO         3079    .ARM.Collect$$libinit$$00000013  c_p.l(libinit2.o)
    0x0000016a   0x00000000   Code   RO         3081    .ARM.Collect$$libinit$$00000015  c_p.l(libinit2.o)
    0x0000016a   0x00000000   Code   RO         3083    .ARM.Collect$$libinit$$00000017  c_p.l(libinit2.o)
    0x0000016a   0x00000000   Code   RO         3085    .ARM.Collect$$libinit$$00000019  c_p.l(libinit2.o)
    0x0000016a   0x00000000   Code   RO         3087    .ARM.Collect$$libinit$$0000001B  c_p.l(libinit2.o)
    0x0000016a   0x00000000   Code   RO         3089    .ARM.Collect$$libinit$$0000001D  c_p.l(libinit2.o)
    0x0000016a   0x00000000   Code   RO         3091    .ARM.Collect$$libinit$$0000001F  c_p.l(libinit2.o)
    0x0000016a   0x00000000   Code   RO         3093    .ARM.Collect$$libinit$$00000021  c_p.l(libinit2.o)
    0x0000016a   0x00000000   Code   RO         3095    .ARM.Collect$$libinit$$00000023  c_p.l(libinit2.o)
    0x0000016a   0x00000000   Code   RO         3097    .ARM.Collect$$libinit$$00000025  c_p.l(libinit2.o)
    0x0000016a   0x00000000   Code   RO         3101    .ARM.Collect$$libinit$$0000002C  c_p.l(libinit2.o)
    0x0000016a   0x00000000   Code   RO         3103    .ARM.Collect$$libinit$$0000002E  c_p.l(libinit2.o)
    0x0000016a   0x00000000   Code   RO         3105    .ARM.Collect$$libinit$$00000030  c_p.l(libinit2.o)
    0x0000016a   0x00000000   Code   RO         3107    .ARM.Collect$$libinit$$00000032  c_p.l(libinit2.o)
    0x0000016a   0x00000002   Code   RO         3108    .ARM.Collect$$libinit$$00000033  c_p.l(libinit2.o)
    0x0000016c   0x00000002   Code   RO         3248    .ARM.Collect$$libshutdown$$00000000  c_p.l(libshutdown.o)
    0x0000016e   0x00000000   Code   RO         3210    .ARM.Collect$$libshutdown$$00000003  c_p.l(libshutdown2.o)
    0x0000016e   0x00000000   Code   RO         3213    .ARM.Collect$$libshutdown$$00000006  c_p.l(libshutdown2.o)
    0x0000016e   0x00000000   Code   RO         3216    .ARM.Collect$$libshutdown$$00000009  c_p.l(libshutdown2.o)
    0x0000016e   0x00000000   Code   RO         3218    .ARM.Collect$$libshutdown$$0000000B  c_p.l(libshutdown2.o)
    0x0000016e   0x00000000   Code   RO         3221    .ARM.Collect$$libshutdown$$0000000E  c_p.l(libshutdown2.o)
    0x0000016e   0x00000002   Code   RO         3222    .ARM.Collect$$libshutdown$$0000000F  c_p.l(libshutdown2.o)
    0x00000170   0x00000000   Code   RO         3023    .ARM.Collect$$rtentry$$00000000  c_p.l(__rtentry.o)
    0x00000170   0x00000000   Code   RO         3118    .ARM.Collect$$rtentry$$00000002  c_p.l(__rtentry2.o)
    0x00000170   0x00000006   Code   RO         3130    .ARM.Collect$$rtentry$$00000004  c_p.l(__rtentry4.o)
    0x00000176   0x00000000   Code   RO         3120    .ARM.Collect$$rtentry$$00000009  c_p.l(__rtentry2.o)
    0x00000176   0x00000004   Code   RO         3121    .ARM.Collect$$rtentry$$0000000A  c_p.l(__rtentry2.o)
    0x0000017a   0x00000000   Code   RO         3123    .ARM.Collect$$rtentry$$0000000C  c_p.l(__rtentry2.o)
    0x0000017a   0x00000008   Code   RO         3124    .ARM.Collect$$rtentry$$0000000D  c_p.l(__rtentry2.o)
    0x00000182   0x00000002   Code   RO         3196    .ARM.Collect$$rtexit$$00000000  c_p.l(rtexit.o)
    0x00000184   0x00000000   Code   RO         3224    .ARM.Collect$$rtexit$$00000002  c_p.l(rtexit2.o)
    0x00000184   0x00000004   Code   RO         3225    .ARM.Collect$$rtexit$$00000003  c_p.l(rtexit2.o)
    0x00000188   0x00000006   Code   RO         3226    .ARM.Collect$$rtexit$$00000004  c_p.l(rtexit2.o)
    0x0000018e   0x00000002   PAD
    0x00000190   0x00000038   Code   RO         2975    .emb_text           c_p.l(rt_memcpy.o)
    0x000001c8   0x00000000   Code   RO         3136    .emb_text           c_p.l(maybetermalloc1.o)
    0x000001c8   0x00000058   Code   RO          272    .text               startup_hc32l13x.o
    0x00000220   0x00000002   Code   RO         2854    .text               c_p.l(use_no_semi_2.o)
    0x00000222   0x00000062   Code   RO         2860    .text               c_p.l(h1_alloc.o)
    0x00000284   0x0000004c   Code   RO         2862    .text               c_p.l(h1_free.o)
    0x000002d0   0x0000001c   Code   RO         2920    .text               c_p.l(noretval__2printf.o)
    0x000002ec   0x0000004e   Code   RO         2924    .text               c_p.l(_printf_pad.o)
    0x0000033a   0x00000052   Code   RO         2926    .text               c_p.l(_printf_str.o)
    0x0000038c   0x0000006c   Code   RO         2928    .text               c_p.l(_printf_dec.o)
    0x000003f8   0x00000058   Code   RO         2933    .text               c_p.l(_printf_hex_int.o)
    0x00000450   0x00000138   Code   RO         2963    .text               c_p.l(__printf_flags_wp.o)
    0x00000588   0x00000040   Code   RO         2979    .text               c_p.l(rt_memclr.o)
    0x000005c8   0x0000015a   Code   RO         2981    .text               c_p.l(aeabi_sdiv.o)
    0x00000722   0x00000006   Code   RO         2985    .text               c_p.l(heapauxi.o)
    0x00000728   0x00000358   Code   RO         2989    .text               fz_ps.l(daddsub.o)
    0x00000a80   0x00000448   Code   RO         2991    .text               fz_ps.l(ddiv.o)
    0x00000ec8   0x0000006c   Code   RO         2994    .text               fz_ps.l(dfixi.o)
    0x00000f34   0x00000048   Code   RO         2996    .text               fz_ps.l(dfixui.o)
    0x00000f7c   0x00000058   Code   RO         2998    .text               fz_ps.l(dflti.o)
    0x00000fd4   0x00000248   Code   RO         3000    .text               fz_ps.l(dmul.o)
    0x0000121c   0x00000054   Code   RO         3002    .text               fz_ps.l(f2d.o)
    0x00001270   0x00000160   Code   RO         3010    .text               fz_ps.l(fdiv.o)
    0x000013d0   0x00000030   Code   RO         3013    .text               fz_ps.l(ffixui.o)
    0x00001400   0x0000005e   Code   RO         3015    .text               fz_ps.l(fflti.o)
    0x0000145e   0x00000002   Code   RO         3019    .text               c_p.l(use_no_semi.o)
    0x00001460   0x00000008   Code   RO         3031    .text               c_p.l(rt_heap_descriptor_intlibspace.o)
    0x00001468   0x00000004   Code   RO         3033    .text               c_p.l(hguard.o)
    0x0000146c   0x00000088   Code   RO         3035    .text               c_p.l(init_alloc.o)
    0x000014f4   0x0000000e   Code   RO         3039    .text               c_p.l(h1_init.o)
    0x00001502   0x000000b0   Code   RO         3053    .text               c_p.l(_printf_intcommon.o)
    0x000015b2   0x0000002e   Code   RO         3055    .text               c_p.l(_printf_char.o)
    0x000015e0   0x00000028   Code   RO         3057    .text               c_p.l(_printf_char_file.o)
    0x00001608   0x00000028   Code   RO         3060    .text               c_p.l(rtudiv10.o)
    0x00001630   0x00000064   Code   RO         3109    .text               fz_ps.l(fcmpin.o)
    0x00001694   0x00000008   Code   RO         3114    .text               c_p.l(libspace.o)
    0x0000169c   0x00000034   Code   RO         3138    .text               c_p.l(h1_extend.o)
    0x000016d0   0x00000030   Code   RO         3142    .text               c_p.l(_printf_char_common.o)
    0x00001700   0x00000008   Code   RO         3144    .text               c_p.l(ferror.o)
    0x00001708   0x0000000c   Code   RO         3148    .text               c_p.l(defsig_rtmem_outer.o)
    0x00001714   0x00000030   Code   RO         3157    .text               fz_ps.l(cmpret.o)
    0x00001744   0x00000010   Code   RO         3159    .text               fz_ps.l(fnan2.o)
    0x00001754   0x0000003e   Code   RO         3164    .text               c_p.l(sys_stackheap_outer.o)
    0x00001792   0x0000000c   Code   RO         3173    .text               c_p.l(exit.o)
    0x0000179e   0x0000000c   Code   RO         3175    .text               c_p.l(defsig_exit.o)
    0x000017aa   0x00000002   PAD
    0x000017ac   0x00000050   Code   RO         3181    .text               c_p.l(defsig_rtmem_inner.o)
    0x000017fc   0x0000005e   Code   RO         3193    .text               fz_ps.l(retnan.o)
    0x0000185a   0x00000034   Code   RO         3204    .text               c_p.l(defsig_general.o)
    0x0000188e   0x0000000e   Code   RO          163    i.$Sub$$main        system_hc32l13x.o
    0x0000189c   0x0000008c   Code   RO         2663    i.BH175_GetIllData  bh1750.o
    0x00001928   0x00000010   Code   RO         2664    i.BH175_Init        bh1750.o
    0x00001938   0x0000002e   Code   RO         2665    i.BH175_ReadData    bh1750.o
    0x00001966   0x00000016   Code   RO         2666    i.BH175_Ready       bh1750.o
    0x0000197c   0x00000022   Code   RO         2667    i.BH175_SendCmd     bh1750.o
    0x0000199e   0x00000002   PAD
    0x000019a0   0x0000001c   Code   RO         1406    i.Bt_ClearIntFlag   bt.o
    0x000019bc   0x0000001c   Code   RO         1407    i.Bt_GetIntFlag     bt.o
    0x000019d8   0x00000020   Code   RO         1408    i.Bt_M0_ARRSet      bt.o
    0x000019f8   0x00000020   Code   RO         1410    i.Bt_M0_Cnt16Set    bt.o
    0x00001a18   0x0000001c   Code   RO         1415    i.Bt_M0_Run         bt.o
    0x00001a34   0x0000001c   Code   RO         1449    i.Bt_Mode0_EnableIrq  bt.o
    0x00001a50   0x00000098   Code   RO         1450    i.Bt_Mode0_Init     bt.o
    0x00001ae8   0x0000000c   Code   RO         1796    i.CLEDOFF           hardware.o
    0x00001af4   0x0000000c   Code   RO         1797    i.CLEDON            hardware.o
    0x00001b00   0x00000028   Code   RO            3    i.CheckAlarmTim     main.o
    0x00001b28   0x00000040   Code   RO         2774    i.CheckCrc8         sgp30.o
    0x00001b68   0x0000006e   Code   RO         1798    i.ClkInit           hardware.o
    0x00001bd6   0x0000000e   Code   RO         2155    i.CloseUartRx       hc_usart.o
    0x00001be4   0x000003c0   Code   RO         1799    i.DebugDevInfo      hardware.o
    0x00001fa4   0x00000054   Code   RO          221    i.EnableNvic        interrupts_hc32l13x.o
    0x00001ff8   0x00000026   Code   RO         1929    i.FlashInit         hc_flash.o
    0x0000201e   0x00000024   Code   RO         1930    i.FlashReadData     hc_flash.o
    0x00002042   0x00000028   Code   RO         1931    i.FlashWriteData    hc_flash.o
    0x0000206a   0x00000002   PAD
    0x0000206c   0x000000cc   Code   RO          391    i.Flash_Init        flash.o
    0x00002138   0x0000001c   Code   RO          392    i.Flash_LockAll     flash.o
    0x00002154   0x000000b0   Code   RO          394    i.Flash_SectorErase  flash.o
    0x00002204   0x00000020   Code   RO          395    i.Flash_UnlockAll   flash.o
    0x00002224   0x000000b0   Code   RO          397    i.Flash_WriteByte   flash.o
    0x000022d4   0x00000036   Code   RO         1800    i.GPIOInit          hardware.o
    0x0000230a   0x0000000c   Code   RO          281    i.GetBit            ddl.o
    0x00002316   0x00000002   PAD
    0x00002318   0x000000c4   Code   RO         1801    i.GetChipId         hardware.o
    0x000023dc   0x00000054   Code   RO            4    i.GetCo2SenorBySec  main.o
    0x00002430   0x0000003c   Code   RO         1802    i.GetGetCo2Data     hardware.o
    0x0000246c   0x00000014   Code   RO         1803    i.GetSensorData     hardware.o
    0x00002480   0x0000000c   Code   RO         2233    i.GetSysMin         hc_tim.o
    0x0000248c   0x0000000c   Code   RO         2234    i.GetSysSec         hc_tim.o
    0x00002498   0x0000001c   Code   RO          491    i.Gpio_ClrIO        gpio.o
    0x000024b4   0x00000018   Code   RO          496    i.Gpio_GetInputIO   gpio.o
    0x000024cc   0x00000090   Code   RO          498    i.Gpio_Init         gpio.o
    0x0000255c   0x00000014   Code   RO          500    i.Gpio_SetAfMode    gpio.o
    0x00002570   0x0000001c   Code   RO          503    i.Gpio_SetIO        gpio.o
    0x0000258c   0x0000001c   Code   RO          515    i.Gpio_WriteOutputIO  gpio.o
    0x000025a8   0x000000b8   Code   RO         2719    i.Gxht_GetTempAndHumi  gxht3l.o
    0x00002660   0x00000118   Code   RO         2720    i.Gxht_ReadDat      gxht3l.o
    0x00002778   0x00000028   Code   RO         2721    i.Gxht_Restart      gxht3l.o
    0x000027a0   0x00000028   Code   RO         2722    i.Gxht_WriteCmd     gxht3l.o
    0x000027c8   0x00000010   Code   RO          222    i.HardFault_Handler  interrupts_hc32l13x.o
    0x000027d8   0x00000086   Code   RO         1961    i.IIC_ACK           hc_i2c.o
    0x0000285e   0x00000068   Code   RO         1962    i.IIC_Init          hc_i2c.o
    0x000028c6   0x00000086   Code   RO         1963    i.IIC_NAck          hc_i2c.o
    0x0000294c   0x00000082   Code   RO         1964    i.IIC_ReadByte      hc_i2c.o
    0x000029ce   0x00000020   Code   RO         2668    i.IIC_Restart       bh1750.o
    0x000029ee   0x000000c2   Code   RO         1965    i.IIC_SendByte      hc_i2c.o
    0x00002ab0   0x00000086   Code   RO         1966    i.IIC_Start         hc_i2c.o
    0x00002b36   0x00000080   Code   RO         1967    i.IIC_Stop          hc_i2c.o
    0x00002bb6   0x0000008e   Code   RO         1968    i.IIC_Wait_Ack      hc_i2c.o
    0x00002c44   0x00000070   Code   RO         2313    i.InitLora          lora.o
    0x00002cb4   0x0000002c   Code   RO         2362    i.IsChipId          loradealdat.o
    0x00002ce0   0x0000014c   Code   RO         1804    i.IsDataAlarm       hardware.o
    0x00002e2c   0x0000002e   Code   RO         1805    i.LEDShow           hardware.o
    0x00002e5a   0x00000002   PAD
    0x00002e5c   0x000000ac   Code   RO         2314    i.LoraDatPro        lora.o
    0x00002f08   0x00000284   Code   RO            5    i.LoraPro           main.o
    0x0000318c   0x00000104   Code   RO         2363    i.LoraRecDat        loradealdat.o
    0x00003290   0x00000100   Code   RO         2364    i.LoraRepDat        loradealdat.o
    0x00003390   0x00000204   Code   RO         2365    i.LoraSendDat       loradealdat.o
    0x00003594   0x00000038   Code   RO         2822    i.ModBusCrc         soil.o
    0x000035cc   0x00000078   Code   RO          223    i.NVIC_SetPriority  interrupts_hc32l13x.o
    0x00003644   0x0000001c   Code   RO            6    i.NVIC_SystemReset  main.o
    0x00003660   0x000000c0   Code   RO            7    i.PCSetDevUid       main.o
    0x00003720   0x00000020   Code   RO         2156    i.PCUsart1          hc_usart.o
    0x00003740   0x0000000e   Code   RO         2615    i.ReadDevInfo       sysconfig.o
    0x0000374e   0x0000001c   Code   RO         1969    i.Read_SDA          hc_i2c.o
    0x0000376a   0x00000002   PAD
    0x0000376c   0x00000028   Code   RO            8    i.ReadyToSend       main.o
    0x00003794   0x00000034   Code   RO         1970    i.SDA_IN            hc_i2c.o
    0x000037c8   0x00000036   Code   RO         1971    i.SDA_OUT           hc_i2c.o
    0x000037fe   0x00000002   PAD
    0x00003800   0x00000104   Code   RO         2775    i.SGP30_GetCo2Data  sgp30.o
    0x00003904   0x00000020   Code   RO         2776    i.SGP30_Init        sgp30.o
    0x00003924   0x00000020   Code   RO         2777    i.SGP30_Reset       sgp30.o
    0x00003944   0x0000002a   Code   RO         2778    i.SGP30_SendCmd     sgp30.o
    0x0000396e   0x00000002   PAD
    0x00003970   0x00000010   Code   RO         2044    i.SPI_Start         hc_spi.o
    0x00003980   0x00000010   Code   RO         2045    i.SPI_Stop          hc_spi.o
    0x00003990   0x00000020   Code   RO         2437    i.SX127X_Current_RSSI  sx127x_drive.o
    0x000039b0   0x00000068   Code   RO         2438    i.SX127X_GetFreq    sx127x_drive.o
    0x00003a18   0x00000144   Code   RO         2439    i.SX127X_Lora_init  sx127x_drive.o
    0x00003b5c   0x00000068   Code   RO         2440    i.SX127X_PoutSet    sx127x_drive.o
    0x00003bc4   0x00000012   Code   RO         2441    i.SX127X_Read       sx127x_drive.o
    0x00003bd6   0x0000002e   Code   RO         2586    i.SX127X_ReadBuffer  sx127x_hal.o
    0x00003c04   0x00000012   Code   RO         2442    i.SX127X_ReadFifo   sx127x_drive.o
    0x00003c16   0x00000030   Code   RO         2443    i.SX127X_Reset      sx127x_drive.o
    0x00003c46   0x00000002   PAD
    0x00003c48   0x000000bc   Code   RO         2444    i.SX127X_RxPacket   sx127x_drive.o
    0x00003d04   0x000000bc   Code   RO         2445    i.SX127X_SetFreq    sx127x_drive.o
    0x00003dc0   0x0000000c   Code   RO         2447    i.SX127X_StandbyMode  sx127x_drive.o
    0x00003dcc   0x00000054   Code   RO         2448    i.SX127X_StartRx    sx127x_drive.o
    0x00003e20   0x00000058   Code   RO         2449    i.SX127X_TxPacket   sx127x_drive.o
    0x00003e78   0x00000010   Code   RO         2453    i.SX127X_Write      sx127x_drive.o
    0x00003e88   0x0000002e   Code   RO         2587    i.SX127X_WriteBuffer  sx127x_hal.o
    0x00003eb6   0x00000016   Code   RO         2616    i.SaveDevInfo       sysconfig.o
    0x00003ecc   0x00000018   Code   RO         2315    i.SendLoraDatPack   lora.o
    0x00003ee4   0x000000b0   Code   RO         2366    i.SendLoraPack      loradealdat.o
    0x00003f94   0x0000001a   Code   RO         2157    i.SendStr           hc_usart.o
    0x00003fae   0x0000001e   Code   RO          283    i.SetBit            ddl.o
    0x00003fcc   0x000000b4   Code   RO         2617    i.SetDevInfoDef     sysconfig.o
    0x00004080   0x00000058   Code   RO            9    i.SetDevSerialNum   main.o
    0x000040d8   0x00000034   Code   RO         2367    i.SetRepCnt         loradealdat.o
    0x0000410c   0x00000040   Code   RO         2368    i.SetWorkFreq       loradealdat.o
    0x0000414c   0x000000c4   Code   RO         2823    i.Soil_GetSoilTempAndHUmi  soil.o
    0x00004210   0x0000000c   Code   RO         2046    i.Spi1ReadWriteByte  hc_spi.o
    0x0000421c   0x0000002c   Code   RO         2047    i.SpiHardWareInit   hc_spi.o
    0x00004248   0x00000050   Code   RO         2048    i.SpiHardWareRWByte  hc_spi.o
    0x00004298   0x00000008   Code   RO         2049    i.SpiInit           hc_spi.o
    0x000042a0   0x0000005e   Code   RO         2050    i.SpiPortInit       hc_spi.o
    0x000042fe   0x00000012   Code   RO          734    i.Spi_GetStatus     spi.o
    0x00004310   0x00000020   Code   RO          735    i.Spi_Init          spi.o
    0x00004330   0x00000008   Code   RO          738    i.Spi_ReceiveData   spi.o
    0x00004338   0x00000008   Code   RO          739    i.Spi_SendData      spi.o
    0x00004340   0x00000004   Code   RO          740    i.Spi_SetCS         spi.o
    0x00004344   0x00000008   Code   RO          224    i.SysTick_Handler   interrupts_hc32l13x.o
    0x0000434c   0x0000016c   Code   RO          810    i.Sysctrl_ClkSourceEnable  sysctrl.o
    0x000044b8   0x00000174   Code   RO          811    i.Sysctrl_GetHClkFreq  sysctrl.o
    0x0000462c   0x00000020   Code   RO          812    i.Sysctrl_GetPClkFreq  sysctrl.o
    0x0000464c   0x00000018   Code   RO          819    i.Sysctrl_SetPeripheralGate  sysctrl.o
    0x00004664   0x00000028   Code   RO          820    i.Sysctrl_SetRCHTrim  sysctrl.o
    0x0000468c   0x0000002c   Code   RO          827    i.Sysctrl_SysClkSwitch  sysctrl.o
    0x000046b8   0x00000010   Code   RO          164    i.SystemCoreClockUpdate  system_hc32l13x.o
    0x000046c8   0x00000040   Code   RO          165    i.SystemInit        system_hc32l13x.o
    0x00004708   0x00000038   Code   RO         2235    i.TIM0_IRQHandler   hc_tim.o
    0x00004740   0x00000040   Code   RO         2112    i.TIM3_IRQHandler   hc_time3.o
    0x00004780   0x00000014   Code   RO          963    i.Tim3_ClearIntFlag  timer3.o
    0x00004794   0x00000018   Code   RO          964    i.Tim3_GetIntFlag   timer3.o
    0x000047ac   0x0000001c   Code   RO          965    i.Tim3_M0_ARRSet    timer3.o
    0x000047c8   0x0000001c   Code   RO          967    i.Tim3_M0_Cnt16Set  timer3.o
    0x000047e4   0x00000018   Code   RO          972    i.Tim3_M0_Run       timer3.o
    0x000047fc   0x00000018   Code   RO         1006    i.Tim3_Mode0_EnableIrq  timer3.o
    0x00004814   0x000000ac   Code   RO         1007    i.Tim3_Mode0_Init   timer3.o
    0x000048c0   0x0000006c   Code   RO         2236    i.TimInit           hc_tim.o
    0x0000492c   0x00000030   Code   RO         2237    i.TimSet            hc_tim.o
    0x0000495c   0x00000052   Code   RO         2113    i.Time3Init         hc_time3.o
    0x000049ae   0x00000008   Code   RO         2114    i.TimeCntStart      hc_time3.o
    0x000049b6   0x00000002   PAD
    0x000049b8   0x00000088   Code   RO         1806    i.TotalInit         hardware.o
    0x00004a40   0x00000044   Code   RO         2158    i.UART0_IRQHandler  hc_usart.o
    0x00004a84   0x00000038   Code   RO         2159    i.UART1_IRQHandler  hc_usart.o
    0x00004abc   0x00000016   Code   RO         1292    i.Uart_ClrStatus    uart.o
    0x00004ad2   0x00000014   Code   RO         1294    i.Uart_DisableIrq   uart.o
    0x00004ae6   0x00000014   Code   RO         1295    i.Uart_EnableFunc   uart.o
    0x00004afa   0x00000014   Code   RO         1296    i.Uart_EnableIrq    uart.o
    0x00004b0e   0x00000018   Code   RO         1299    i.Uart_GetStatus    uart.o
    0x00004b26   0x00000002   PAD
    0x00004b28   0x00000094   Code   RO         1300    i.Uart_Init         uart.o
    0x00004bbc   0x00000008   Code   RO         1301    i.Uart_ReceiveData  uart.o
    0x00004bc4   0x00000012   Code   RO         1302    i.Uart_SendDataIt   uart.o
    0x00004bd6   0x00000064   Code   RO         2160    i.Usart0Init        hc_usart.o
    0x00004c3a   0x00000002   PAD
    0x00004c3c   0x00000068   Code   RO         2161    i.Usart1Init        hc_usart.o
    0x00004ca4   0x00000076   Code   RO         2162    i.UsartPortInit     hc_usart.o
    0x00004d1a   0x00000008   Code   RO         2287    i.WdtFeedDog        hc_wdt.o
    0x00004d22   0x00000014   Code   RO         2288    i.WdtInit           hc_wdt.o
    0x00004d36   0x00000002   PAD
    0x00004d38   0x00000010   Code   RO         1734    i.Wdt_Feed          wdt.o
    0x00004d48   0x0000002c   Code   RO         1736    i.Wdt_Init          wdt.o
    0x00004d74   0x00000018   Code   RO         1741    i.Wdt_WriteWdtLoad  wdt.o
    0x00004d8c   0x0000001c   Code   RO          166    i._HidePinInit      system_hc32l13x.o
    0x00004da8   0x00000018   Code   RO          830    i._SysctrlUnlock    sysctrl.o
    0x00004dc0   0x0000001c   Code   RO          955    i.__ARM_common_switch8  sysctrl.o
    0x00004ddc   0x0000000e   Code   RO         2961    i._is_digit         c_p.l(__printf_wp.o)
    0x00004dea   0x00000004   Code   RO          285    i._sys_exit         ddl.o
    0x00004dee   0x00000002   Code   RO          286    i._ttywrch          ddl.o
    0x00004df0   0x00000020   Code   RO          287    i.ddl_memclr        ddl.o
    0x00004e10   0x0000005c   Code   RO          288    i.delay100us        ddl.o
    0x00004e6c   0x0000005c   Code   RO          289    i.delay10us         ddl.o
    0x00004ec8   0x00000058   Code   RO          290    i.delay1ms          ddl.o
    0x00004f20   0x0000005c   Code   RO          291    i.delay1us          ddl.o
    0x00004f7c   0x00000024   Code   RO         2163    i.fputc             hc_usart.o
    0x00004fa0   0x00000090   Code   RO           10    i.loraToMatchHost   main.o
    0x00005030   0x00000064   Code   RO           11    i.main              main.o
    0x00005094   0x0000008c   Code   RO         3004    x$fpl$fadd          fz_ps.l(faddsub.o)
    0x00005120   0x00000058   Code   RO         3017    x$fpl$frleqf        fz_ps.l(frlef.o)
    0x00005178   0x000000d0   Code   RO         3006    x$fpl$fsub          fz_ps.l(faddsub.o)
    0x00005248   0x00000000   Code   RO         3111    x$fpl$usenofp       fz_ps.l(usenofp.o)
    0x00005248   0x00000020   Data   RO          400    .constdata          flash.o
    0x00005268   0x00000018   Data   RO          831    .constdata          sysctrl.o
    0x00005280   0x00000008   Data   RO         1307    .constdata          uart.o
    0x00005288   0x00000010   Data   RO         1808    .constdata          hardware.o
    0x00005298   0x00000208   Data   RO         2824    .constdata          soil.o
    0x000054a0   0x00000028   Data   RO         2934    .constdata          c_p.l(_printf_hex_int.o)
    0x000054c8   0x00000011   Data   RO         2964    .constdata          c_p.l(__printf_flags_wp.o)
    0x000054d9   0x00000080   Data   RO         2992    .constdata          fz_ps.l(ddiv.o)
    0x00005559   0x00000040   Data   RO         3011    .constdata          fz_ps.l(fdiv.o)
    0x00005599   0x00000003   PAD
    0x0000559c   0x00000020   Data   RO         3249    Region$$Table       anon$$obj.o


    Execution Region RW_IRAM1 (Base: 0x20000000, Size: 0x000006e0, Max: 0x00002000, ABSOLUTE)

    Base Addr    Size         Type   Attr      Idx    E Section Name        Object

    0x20000000   0x00000007   Data   RW           12    .data               main.o
    0x20000007   0x00000001   PAD
    0x20000008   0x00000004   Data   RW          167    .data               system_hc32l13x.o
    0x2000000c   0x00000004   Data   RW          292    .data               ddl.o
    0x20000010   0x00000012   Data   RW         1809    .data               hardware.o
    0x20000022   0x00000001   Data   RW         2165    .data               hc_usart.o
    0x20000023   0x00000003   Data   RW         2238    .data               hc_tim.o
    0x20000026   0x00000003   Data   RW         2371    .data               loradealdat.o
    0x20000029   0x00000003   PAD
    0x2000002c   0x0000000c   Data   RW         2457    .data               sx127x_drive.o
    0x20000038   0x00000001   Data   RW         2723    .data               gxht3l.o
    0x20000039   0x00000001   Data   RW         2779    .data               sgp30.o
    0x2000003a   0x00000002   PAD
    0x2000003c   0x0000000a   Zero   RW         1807    .bss                hardware.o
    0x20000046   0x00000029   Zero   RW         2164    .bss                hc_usart.o
    0x2000006f   0x000000d2   Zero   RW         2316    .bss                lora.o
    0x20000141   0x00000100   Zero   RW         2369    .bss                loradealdat.o
    0x20000241   0x00000003   PAD
    0x20000244   0x00000010   Zero   RW         2455    .bss                sx127x_drive.o
    0x20000254   0x0000002c   Zero   RW         2618    .bss                sysconfig.o
    0x20000280   0x00000060   Zero   RW         3115    .bss                c_p.l(libspace.o)
    0x200002e0   0x00000200   Zero   RW          270    HEAP                startup_hc32l13x.o
    0x200004e0   0x00000200   Zero   RW          269    STACK               startup_hc32l13x.o


==============================================================================

Image component sizes


      Code (inc. data)   RO Data    RW Data    ZI Data      Debug   Object Name

       290         32          0          0          0       3237   bh1750.o
       328         34          0          0          0       9879   bt.o
       444         66          0          4          0       5759   ddl.o
       616         78         32          0          0       3822   flash.o
       272         40          0          0          0       3318   gpio.o
       544         70          0          1          0       2552   gxht3l.o
      1938        838         16         18         10       6558   hardware.o
       114          0          0          0          0       1829   hc_flash.o
      1234          0          0          0          0       5562   hc_i2c.o
       270         16          0          0          0       3021   hc_spi.o
       236         28          0          3          0       8016   hc_tim.o
       154         10          0          0          0       1921   hc_time3.o
       554         30          0          1         41       4996   hc_usart.o
        28          0          0          0          0        747   hc_wdt.o
       228         18          0          0          0     121575   interrupts_hc32l13x.o
       308         74          0          0        210      18149   lora.o
      1368        140          0          3        256       5843   loradealdat.o
      1360        260          0          7          0     138281   main.o
       430         52          0          1          0       3162   sgp30.o
       252         40        520          0          0       1899   soil.o
        70          0          0          0          0       3636   spi.o
        88         40        192          0       1024        588   startup_hc32l13x.o
      1224        110          0         12         16      23492   sx127x_drive.o
        92          0          0          0          0       1517   sx127x_hal.o
       216         12          0          0         44       2258   sysconfig.o
       928         78         24          0          0       4946   sysctrl.o
       122         16          0          4          0       4840   system_hc32l13x.o
       320         36          0          0          0       9977   timer3.o
       280          4          8          0          0       5644   uart.o
        84         12          0          0          0       1257   wdt.o

    ----------------------------------------------------------------------
     14416       2134        824         60       1604     408281   Object Totals
         0          0         32          0          0          0   (incl. Generated)
        24          0          0          6          3          0   (incl. Padding)

    ----------------------------------------------------------------------

      Code (inc. data)   RO Data    RW Data    ZI Data      Debug   Library Member Name

         8          0          0          0          0         68   __main.o
       312          6         17          0          0         76   __printf_flags_wp.o
        14          0          0          0          0         60   __printf_wp.o
         0          0          0          0          0          0   __rtentry.o
        12          0          0          0          0          0   __rtentry2.o
         6          0          0          0          0          0   __rtentry4.o
        60          8          0          0          0          0   __scatter.o
        26          0          0          0          0          0   __scatter_copy.o
        28          0          0          0          0          0   __scatter_zi.o
        46          0          0          0          0        100   _printf_char.o
        48          6          0          0          0         88   _printf_char_common.o
        40          6          0          0          0         72   _printf_char_file.o
        10          0          0          0          0          0   _printf_d.o
       108         18          0          0          0         76   _printf_dec.o
        88          4         40          0          0         72   _printf_hex_int.o
       176          0          0          0          0         84   _printf_intcommon.o
        78          0          0          0          0        100   _printf_pad.o
         2          0          0          0          0          0   _printf_percent.o
         4          0          0          0          0          0   _printf_percent_end.o
        10          0          0          0          0          0   _printf_s.o
        82          0          0          0          0         72   _printf_str.o
        10          0          0          0          0          0   _printf_x.o
       346          0          0          0          0         92   aeabi_sdiv.o
        12          0          0          0          0         68   defsig_exit.o
        52          0          0          0          0         72   defsig_general.o
        80         58          0          0          0         68   defsig_rtmem_inner.o
        12          0          0          0          0         68   defsig_rtmem_outer.o
        12          0          0          0          0         64   exit.o
         8          0          0          0          0         60   ferror.o
        98          0          0          0          0         72   h1_alloc.o
        52          0          0          0          0         68   h1_extend.o
        76          0          0          0          0         72   h1_free.o
        14          0          0          0          0         76   h1_init.o
         6          0          0          0          0        136   heapauxi.o
         4          0          0          0          0        120   hguard.o
       136          0          0          0          0        160   init_alloc.o
         2          0          0          0          0          0   libinit.o
        10          0          0          0          0          0   libinit2.o
         2          0          0          0          0          0   libshutdown.o
         2          0          0          0          0          0   libshutdown2.o
         8          4          0          0         96         68   libspace.o
         0          0          0          0          0          0   maybetermalloc1.o
        28          6          0          0          0         84   noretval__2printf.o
         8          4          0          0          0         68   rt_heap_descriptor_intlibspace.o
        64          0          0          0          0        108   rt_memclr.o
        56          0          0          0          0         68   rt_memcpy.o
         2          0          0          0          0          0   rtexit.o
        10          0          0          0          0          0   rtexit2.o
        40          0          0          0          0         60   rtudiv10.o
        62          0          0          0          0         80   sys_stackheap_outer.o
         2          0          0          0          0         68   use_no_semi.o
         2          0          0          0          0         68   use_no_semi_2.o
        48          4          0          0          0         60   cmpret.o
       856         20          0          0          0        208   daddsub.o
      1096         26        128          0          0        112   ddiv.o
       108         10          0          0          0         72   dfixi.o
        72          4          0          0          0         68   dfixui.o
        88          0          0          0          0         92   dflti.o
       584         26          0          0          0         84   dmul.o
        84          4          0          0          0         60   f2d.o
       348          8          0          0          0        160   faddsub.o
       100          4          0          0          0         68   fcmpin.o
       352         10         64          0          0         92   fdiv.o
        48          0          0          0          0         60   ffixui.o
        94          0          0          0          0         92   fflti.o
        16          6          0          0          0         68   fnan2.o
        88          4          0          0          0         76   frlef.o
        94          0          0          0          0         68   retnan.o
         0          0          0          0          0          0   usenofp.o

    ----------------------------------------------------------------------
      6456        246        252          0         96       4176   Library Totals
         6          0          3          0          0          0   (incl. Padding)

    ----------------------------------------------------------------------

      Code (inc. data)   RO Data    RW Data    ZI Data      Debug   Library Name

      2374        120         57          0         96       2736   c_p.l
      4076        126        192          0          0       1440   fz_ps.l

    ----------------------------------------------------------------------
      6456        246        252          0         96       4176   Library Totals

    ----------------------------------------------------------------------

==============================================================================


      Code (inc. data)   RO Data    RW Data    ZI Data      Debug   

     20872       2380       1076         60       1700     402981   Grand Totals
     20872       2380       1076         60       1700     402981   ELF Image Totals
     20872       2380       1076         60          0          0   ROM Totals

==============================================================================

    Total RO  Size (Code + RO Data)                21948 (  21.43kB)
    Total RW  Size (RW Data + ZI Data)              1760 (   1.72kB)
    Total ROM Size (Code + RO Data + RW Data)      22008 (  21.49kB)

==============================================================================

