<!doctype html public "-//w3c//dtd html 4.0 transitional//en">
<html><head>
<title>Static Call Graph - [.\Objects\S282_GateWay.axf]</title></head>
<body><HR>
<H1>Static Call Graph for image .\Objects\S282_GateWay.axf</H1><HR>
<BR><P>#&#060CALLGRAPH&#062# ARM Linker, 5050106: Last Updated: Mon Sep 27 23:34:01 2021
<BR><P>
<H3>Maximum Stack Usage =       1368 bytes + Unknown(Cycles, Untraceable Function Pointers)</H3><H3>
Call chain for Maximum Stack Depth:</H3>
main &rArr; NetPro &rArr; GprsRunning &rArr; SmsFun &rArr; GSMAnalySms &rArr; SmsAnaSetCmd &rArr; GSMReplyFunc &rArr; SmsSendDat &rArr; SmsSendGsm &rArr; WaitGsmChar &rArr; delay_1ms &rArr; NorPro &rArr; PcCmdPro &rArr; SetTerminalW2Info &rArr; DownLoad2TerminalWT2 &rArr; SendLoraData &rArr; JudgeDevSendTim &rArr; LoraPro &rArr;  SendLoraData (Cycle)
<P>
<H3>
Mutually Recursive functions
</H3> <LI><a href="#[23]">CAN0_EWMC_IRQHandler</a>&nbsp;&nbsp;&nbsp;&rArr;&nbsp;&nbsp;&nbsp;<a href="#[23]">CAN0_EWMC_IRQHandler</a><BR>
 <LI><a href="#[1f3]">UdpSendData</a>&nbsp;&nbsp;&nbsp;&rArr;&nbsp;&nbsp;&nbsp;<a href="#[1e6]">uip_process</a><BR>
 <LI><a href="#[1e9]">TcpSendData</a>&nbsp;&nbsp;&nbsp;&rArr;&nbsp;&nbsp;&nbsp;<a href="#[1e6]">uip_process</a><BR>
 <LI><a href="#[117]">SendGprsDat</a>&nbsp;&nbsp;&nbsp;&rArr;&nbsp;&nbsp;&nbsp;<a href="#[eb]">delay_1ms</a><BR>
 <LI><a href="#[b8]">LoraPro</a>&nbsp;&nbsp;&nbsp;&rArr;&nbsp;&nbsp;&nbsp;<a href="#[7e]">SendLoraData</a><BR>
 <LI><a href="#[7b]">cJSON_Delete</a>&nbsp;&nbsp;&nbsp;&rArr;&nbsp;&nbsp;&nbsp;<a href="#[7b]">cJSON_Delete</a><BR>
 <LI><a href="#[22f]">parse_object</a>&nbsp;&nbsp;&nbsp;&rArr;&nbsp;&nbsp;&nbsp;<a href="#[21a]">parse_value</a><BR>
 <LI><a href="#[22b]">parse_array</a>&nbsp;&nbsp;&nbsp;&rArr;&nbsp;&nbsp;&nbsp;<a href="#[21a]">parse_value</a><BR>
</UL>
<P>
<H3>
Function Pointers
</H3><UL>
 <LI><a href="#[1f]">ADC0_1_IRQHandler</a> from adc.o(i.ADC0_1_IRQHandler) referenced from startup_gd32e10x.o(RESET)
 <LI><a href="#[7]">BusFault_Handler</a> from gd32e10x_it.o(i.BusFault_Handler) referenced from startup_gd32e10x.o(RESET)
 <LI><a href="#[23]">CAN0_EWMC_IRQHandler</a> from startup_gd32e10x.o(.text) referenced from startup_gd32e10x.o(RESET)
 <LI><a href="#[21]">CAN0_RX0_IRQHandler</a> from startup_gd32e10x.o(.text) referenced from startup_gd32e10x.o(RESET)
 <LI><a href="#[22]">CAN0_RX1_IRQHandler</a> from startup_gd32e10x.o(.text) referenced from startup_gd32e10x.o(RESET)
 <LI><a href="#[20]">CAN0_TX_IRQHandler</a> from startup_gd32e10x.o(.text) referenced from startup_gd32e10x.o(RESET)
 <LI><a href="#[4b]">CAN1_EWMC_IRQHandler</a> from startup_gd32e10x.o(.text) referenced from startup_gd32e10x.o(RESET)
 <LI><a href="#[49]">CAN1_RX0_IRQHandler</a> from startup_gd32e10x.o(.text) referenced from startup_gd32e10x.o(RESET)
 <LI><a href="#[4a]">CAN1_RX1_IRQHandler</a> from startup_gd32e10x.o(.text) referenced from startup_gd32e10x.o(RESET)
 <LI><a href="#[48]">CAN1_TX_IRQHandler</a> from startup_gd32e10x.o(.text) referenced from startup_gd32e10x.o(RESET)
 <LI><a href="#[18]">DMA0_Channel0_IRQHandler</a> from startup_gd32e10x.o(.text) referenced from startup_gd32e10x.o(RESET)
 <LI><a href="#[19]">DMA0_Channel1_IRQHandler</a> from startup_gd32e10x.o(.text) referenced from startup_gd32e10x.o(RESET)
 <LI><a href="#[1a]">DMA0_Channel2_IRQHandler</a> from startup_gd32e10x.o(.text) referenced from startup_gd32e10x.o(RESET)
 <LI><a href="#[1b]">DMA0_Channel3_IRQHandler</a> from startup_gd32e10x.o(.text) referenced from startup_gd32e10x.o(RESET)
 <LI><a href="#[1c]">DMA0_Channel4_IRQHandler</a> from startup_gd32e10x.o(.text) referenced from startup_gd32e10x.o(RESET)
 <LI><a href="#[1d]">DMA0_Channel5_IRQHandler</a> from startup_gd32e10x.o(.text) referenced from startup_gd32e10x.o(RESET)
 <LI><a href="#[1e]">DMA0_Channel6_IRQHandler</a> from startup_gd32e10x.o(.text) referenced from startup_gd32e10x.o(RESET)
 <LI><a href="#[43]">DMA1_Channel0_IRQHandler</a> from startup_gd32e10x.o(.text) referenced from startup_gd32e10x.o(RESET)
 <LI><a href="#[44]">DMA1_Channel1_IRQHandler</a> from startup_gd32e10x.o(.text) referenced from startup_gd32e10x.o(RESET)
 <LI><a href="#[45]">DMA1_Channel2_IRQHandler</a> from startup_gd32e10x.o(.text) referenced from startup_gd32e10x.o(RESET)
 <LI><a href="#[46]">DMA1_Channel3_IRQHandler</a> from startup_gd32e10x.o(.text) referenced from startup_gd32e10x.o(RESET)
 <LI><a href="#[47]">DMA1_Channel4_IRQHandler</a> from startup_gd32e10x.o(.text) referenced from startup_gd32e10x.o(RESET)
 <LI><a href="#[a]">DebugMon_Handler</a> from gd32e10x_it.o(i.DebugMon_Handler) referenced from startup_gd32e10x.o(RESET)
 <LI><a href="#[3c]">EXMC_IRQHandler</a> from startup_gd32e10x.o(.text) referenced from startup_gd32e10x.o(RESET)
 <LI><a href="#[13]">EXTI0_IRQHandler</a> from startup_gd32e10x.o(.text) referenced from startup_gd32e10x.o(RESET)
 <LI><a href="#[35]">EXTI10_15_IRQHandler</a> from startup_gd32e10x.o(.text) referenced from startup_gd32e10x.o(RESET)
 <LI><a href="#[14]">EXTI1_IRQHandler</a> from startup_gd32e10x.o(.text) referenced from startup_gd32e10x.o(RESET)
 <LI><a href="#[15]">EXTI2_IRQHandler</a> from startup_gd32e10x.o(.text) referenced from startup_gd32e10x.o(RESET)
 <LI><a href="#[16]">EXTI3_IRQHandler</a> from startup_gd32e10x.o(.text) referenced from startup_gd32e10x.o(RESET)
 <LI><a href="#[17]">EXTI4_IRQHandler</a> from startup_gd32e10x.o(.text) referenced from startup_gd32e10x.o(RESET)
 <LI><a href="#[24]">EXTI5_9_IRQHandler</a> from startup_gd32e10x.o(.text) referenced from startup_gd32e10x.o(RESET)
 <LI><a href="#[11]">FMC_IRQHandler</a> from startup_gd32e10x.o(.text) referenced from startup_gd32e10x.o(RESET)
 <LI><a href="#[5]">HardFault_Handler</a> from gd32e10x_it.o(i.HardFault_Handler) referenced from startup_gd32e10x.o(RESET)
 <LI><a href="#[2d]">I2C0_ER_IRQHandler</a> from startup_gd32e10x.o(.text) referenced from startup_gd32e10x.o(RESET)
 <LI><a href="#[2c]">I2C0_EV_IRQHandler</a> from startup_gd32e10x.o(.text) referenced from startup_gd32e10x.o(RESET)
 <LI><a href="#[2f]">I2C1_ER_IRQHandler</a> from startup_gd32e10x.o(.text) referenced from startup_gd32e10x.o(RESET)
 <LI><a href="#[2e]">I2C1_EV_IRQHandler</a> from startup_gd32e10x.o(.text) referenced from startup_gd32e10x.o(RESET)
 <LI><a href="#[e]">LVD_IRQHandler</a> from startup_gd32e10x.o(.text) referenced from startup_gd32e10x.o(RESET)
 <LI><a href="#[6]">MemManage_Handler</a> from gd32e10x_it.o(i.MemManage_Handler) referenced from startup_gd32e10x.o(RESET)
 <LI><a href="#[4]">NMI_Handler</a> from gd32e10x_it.o(i.NMI_Handler) referenced from startup_gd32e10x.o(RESET)
 <LI><a href="#[b]">PendSV_Handler</a> from gd32e10x_it.o(i.PendSV_Handler) referenced from startup_gd32e10x.o(RESET)
 <LI><a href="#[12]">RCU_CTC_IRQHandler</a> from startup_gd32e10x.o(.text) referenced from startup_gd32e10x.o(RESET)
 <LI><a href="#[36]">RTC_Alarm_IRQHandler</a> from startup_gd32e10x.o(.text) referenced from startup_gd32e10x.o(RESET)
 <LI><a href="#[10]">RTC_IRQHandler</a> from rtc.o(i.RTC_IRQHandler) referenced from startup_gd32e10x.o(RESET)
 <LI><a href="#[3]">Reset_Handler</a> from startup_gd32e10x.o(.text) referenced from startup_gd32e10x.o(RESET)
 <LI><a href="#[30]">SPI0_IRQHandler</a> from startup_gd32e10x.o(.text) referenced from startup_gd32e10x.o(RESET)
 <LI><a href="#[31]">SPI1_IRQHandler</a> from startup_gd32e10x.o(.text) referenced from startup_gd32e10x.o(RESET)
 <LI><a href="#[3e]">SPI2_IRQHandler</a> from startup_gd32e10x.o(.text) referenced from startup_gd32e10x.o(RESET)
 <LI><a href="#[9]">SVC_Handler</a> from gd32e10x_it.o(i.SVC_Handler) referenced from startup_gd32e10x.o(RESET)
 <LI><a href="#[c]">SysTick_Handler</a> from gd32e10x_it.o(i.SysTick_Handler) referenced from startup_gd32e10x.o(RESET)
 <LI><a href="#[4e]">SystemInit</a> from system_gd32e10x.o(i.SystemInit) referenced from startup_gd32e10x.o(.text)
 <LI><a href="#[f]">TAMPER_IRQHandler</a> from startup_gd32e10x.o(.text) referenced from startup_gd32e10x.o(RESET)
 <LI><a href="#[25]">TIMER0_BRK_TIMER8_IRQHandler</a> from startup_gd32e10x.o(.text) referenced from startup_gd32e10x.o(RESET)
 <LI><a href="#[28]">TIMER0_Channel_IRQHandler</a> from startup_gd32e10x.o(.text) referenced from startup_gd32e10x.o(RESET)
 <LI><a href="#[27]">TIMER0_TRG_CMT_TIMER10_IRQHandler</a> from startup_gd32e10x.o(.text) referenced from startup_gd32e10x.o(RESET)
 <LI><a href="#[26]">TIMER0_UP_TIMER9_IRQHandler</a> from startup_gd32e10x.o(.text) referenced from startup_gd32e10x.o(RESET)
 <LI><a href="#[29]">TIMER1_IRQHandler</a> from tim1.o(i.TIMER1_IRQHandler) referenced from startup_gd32e10x.o(RESET)
 <LI><a href="#[2a]">TIMER2_IRQHandler</a> from tim2.o(i.TIMER2_IRQHandler) referenced from startup_gd32e10x.o(RESET)
 <LI><a href="#[2b]">TIMER3_IRQHandler</a> from startup_gd32e10x.o(.text) referenced from startup_gd32e10x.o(RESET)
 <LI><a href="#[3d]">TIMER4_IRQHandler</a> from startup_gd32e10x.o(.text) referenced from startup_gd32e10x.o(RESET)
 <LI><a href="#[41]">TIMER5_IRQHandler</a> from startup_gd32e10x.o(.text) referenced from startup_gd32e10x.o(RESET)
 <LI><a href="#[42]">TIMER6_IRQHandler</a> from startup_gd32e10x.o(.text) referenced from startup_gd32e10x.o(RESET)
 <LI><a href="#[38]">TIMER7_BRK_TIMER11_IRQHandler</a> from startup_gd32e10x.o(.text) referenced from startup_gd32e10x.o(RESET)
 <LI><a href="#[3b]">TIMER7_Channel_IRQHandler</a> from startup_gd32e10x.o(.text) referenced from startup_gd32e10x.o(RESET)
 <LI><a href="#[3a]">TIMER7_TRG_CMT_TIMER13_IRQHandler</a> from startup_gd32e10x.o(.text) referenced from startup_gd32e10x.o(RESET)
 <LI><a href="#[39]">TIMER7_UP_TIMER12_IRQHandler</a> from startup_gd32e10x.o(.text) referenced from startup_gd32e10x.o(RESET)
 <LI><a href="#[3f]">UART3_IRQHandler</a> from startup_gd32e10x.o(.text) referenced from startup_gd32e10x.o(RESET)
 <LI><a href="#[40]">UART4_IRQHandler</a> from startup_gd32e10x.o(.text) referenced from startup_gd32e10x.o(RESET)
 <LI><a href="#[32]">USART0_IRQHandler</a> from usart.o(i.USART0_IRQHandler) referenced from startup_gd32e10x.o(RESET)
 <LI><a href="#[33]">USART1_IRQHandler</a> from usart.o(i.USART1_IRQHandler) referenced from startup_gd32e10x.o(RESET)
 <LI><a href="#[34]">USART2_IRQHandler</a> from startup_gd32e10x.o(.text) referenced from startup_gd32e10x.o(RESET)
 <LI><a href="#[4c]">USBFS_IRQHandler</a> from startup_gd32e10x.o(.text) referenced from startup_gd32e10x.o(RESET)
 <LI><a href="#[37]">USBFS_WKUP_IRQHandler</a> from startup_gd32e10x.o(.text) referenced from startup_gd32e10x.o(RESET)
 <LI><a href="#[8]">UsageFault_Handler</a> from gd32e10x_it.o(i.UsageFault_Handler) referenced from startup_gd32e10x.o(RESET)
 <LI><a href="#[d]">WWDGT_IRQHandler</a> from startup_gd32e10x.o(.text) referenced from startup_gd32e10x.o(RESET)
 <LI><a href="#[4f]">__main</a> from entry.o(.ARM.Collect$$$$00000000) referenced from startup_gd32e10x.o(.text)
 <LI><a href="#[52]">_sputc</a> from printf8.o(i._sputc) referenced from printf8.o(i.__0sprintf$8)
 <LI><a href="#[50]">bufchar</a> from mqttpacket.o(i.bufchar) referenced from mqttpacket.o(i.MQTTPacket_decodeBuf)
 <LI><a href="#[51]">fputc</a> from usart.o(i.fputc) referenced from printf8.o(i.__0printf$8)
 <LI><a href="#[2]">free</a> from malloc.o(i.free) referenced 2 times from cjson.o(.data)
 <LI><a href="#[4d]">main</a> from main.o(i.main) referenced from entry9a.o(.ARM.Collect$$$$0000000B)
 <LI><a href="#[1]">malloc</a> from malloc.o(i.malloc) referenced 2 times from cjson.o(.data)
</UL>
<P>
<H3>
Global Symbols
</H3>
<P><STRONG><a name="[4f]"></a>__main</STRONG> (Thumb, 0 bytes, Stack size unknown bytes, entry.o(.ARM.Collect$$$$00000000))
<BR>[Address Reference Count : 1]<UL><LI> startup_gd32e10x.o(.text)
</UL>
<P><STRONG><a name="[253]"></a>_main_stk</STRONG> (Thumb, 0 bytes, Stack size unknown bytes, entry2.o(.ARM.Collect$$$$00000001))

<P><STRONG><a name="[53]"></a>_main_scatterload</STRONG> (Thumb, 0 bytes, Stack size unknown bytes, entry5.o(.ARM.Collect$$$$00000004))
<BR><BR>[Calls]<UL><LI><a href="#[54]">&gt;&gt;</a>&nbsp;&nbsp;&nbsp;__scatterload
</UL>

<P><STRONG><a name="[69]"></a>__main_after_scatterload</STRONG> (Thumb, 0 bytes, Stack size unknown bytes, entry5.o(.ARM.Collect$$$$00000004))
<BR><BR>[Called By]<UL><LI><a href="#[54]">&gt;&gt;</a>&nbsp;&nbsp;&nbsp;__scatterload
</UL>

<P><STRONG><a name="[254]"></a>_main_clock</STRONG> (Thumb, 0 bytes, Stack size unknown bytes, entry7b.o(.ARM.Collect$$$$00000008))

<P><STRONG><a name="[255]"></a>_main_cpp_init</STRONG> (Thumb, 0 bytes, Stack size unknown bytes, entry8b.o(.ARM.Collect$$$$0000000A))

<P><STRONG><a name="[256]"></a>_main_init</STRONG> (Thumb, 0 bytes, Stack size unknown bytes, entry9a.o(.ARM.Collect$$$$0000000B))

<P><STRONG><a name="[257]"></a>__rt_final_cpp</STRONG> (Thumb, 0 bytes, Stack size unknown bytes, entry10a.o(.ARM.Collect$$$$0000000D))

<P><STRONG><a name="[258]"></a>__rt_final_exit</STRONG> (Thumb, 0 bytes, Stack size unknown bytes, entry11a.o(.ARM.Collect$$$$0000000F))

<P><STRONG><a name="[3]"></a>Reset_Handler</STRONG> (Thumb, 8 bytes, Stack size 0 bytes, startup_gd32e10x.o(.text))
<BR>[Address Reference Count : 1]<UL><LI> startup_gd32e10x.o(RESET)
</UL>
<P><STRONG><a name="[23]"></a>CAN0_EWMC_IRQHandler</STRONG> (Thumb, 0 bytes, Stack size 0 bytes, startup_gd32e10x.o(.text))
<BR><BR>[Calls]<UL><LI><a href="#[23]">&gt;&gt;</a>&nbsp;&nbsp;&nbsp;CAN0_EWMC_IRQHandler
</UL>
<BR>[Called By]<UL><LI><a href="#[23]">&gt;&gt;</a>&nbsp;&nbsp;&nbsp;CAN0_EWMC_IRQHandler
</UL>
<BR>[Address Reference Count : 1]<UL><LI> startup_gd32e10x.o(RESET)
</UL>
<P><STRONG><a name="[21]"></a>CAN0_RX0_IRQHandler</STRONG> (Thumb, 0 bytes, Stack size 0 bytes, startup_gd32e10x.o(.text))
<BR>[Address Reference Count : 1]<UL><LI> startup_gd32e10x.o(RESET)
</UL>
<P><STRONG><a name="[22]"></a>CAN0_RX1_IRQHandler</STRONG> (Thumb, 0 bytes, Stack size 0 bytes, startup_gd32e10x.o(.text))
<BR>[Address Reference Count : 1]<UL><LI> startup_gd32e10x.o(RESET)
</UL>
<P><STRONG><a name="[20]"></a>CAN0_TX_IRQHandler</STRONG> (Thumb, 0 bytes, Stack size 0 bytes, startup_gd32e10x.o(.text))
<BR>[Address Reference Count : 1]<UL><LI> startup_gd32e10x.o(RESET)
</UL>
<P><STRONG><a name="[4b]"></a>CAN1_EWMC_IRQHandler</STRONG> (Thumb, 0 bytes, Stack size 0 bytes, startup_gd32e10x.o(.text))
<BR>[Address Reference Count : 1]<UL><LI> startup_gd32e10x.o(RESET)
</UL>
<P><STRONG><a name="[49]"></a>CAN1_RX0_IRQHandler</STRONG> (Thumb, 0 bytes, Stack size 0 bytes, startup_gd32e10x.o(.text))
<BR>[Address Reference Count : 1]<UL><LI> startup_gd32e10x.o(RESET)
</UL>
<P><STRONG><a name="[4a]"></a>CAN1_RX1_IRQHandler</STRONG> (Thumb, 0 bytes, Stack size 0 bytes, startup_gd32e10x.o(.text))
<BR>[Address Reference Count : 1]<UL><LI> startup_gd32e10x.o(RESET)
</UL>
<P><STRONG><a name="[48]"></a>CAN1_TX_IRQHandler</STRONG> (Thumb, 0 bytes, Stack size 0 bytes, startup_gd32e10x.o(.text))
<BR>[Address Reference Count : 1]<UL><LI> startup_gd32e10x.o(RESET)
</UL>
<P><STRONG><a name="[18]"></a>DMA0_Channel0_IRQHandler</STRONG> (Thumb, 0 bytes, Stack size 0 bytes, startup_gd32e10x.o(.text))
<BR>[Address Reference Count : 1]<UL><LI> startup_gd32e10x.o(RESET)
</UL>
<P><STRONG><a name="[19]"></a>DMA0_Channel1_IRQHandler</STRONG> (Thumb, 0 bytes, Stack size 0 bytes, startup_gd32e10x.o(.text))
<BR>[Address Reference Count : 1]<UL><LI> startup_gd32e10x.o(RESET)
</UL>
<P><STRONG><a name="[1a]"></a>DMA0_Channel2_IRQHandler</STRONG> (Thumb, 0 bytes, Stack size 0 bytes, startup_gd32e10x.o(.text))
<BR>[Address Reference Count : 1]<UL><LI> startup_gd32e10x.o(RESET)
</UL>
<P><STRONG><a name="[1b]"></a>DMA0_Channel3_IRQHandler</STRONG> (Thumb, 0 bytes, Stack size 0 bytes, startup_gd32e10x.o(.text))
<BR>[Address Reference Count : 1]<UL><LI> startup_gd32e10x.o(RESET)
</UL>
<P><STRONG><a name="[1c]"></a>DMA0_Channel4_IRQHandler</STRONG> (Thumb, 0 bytes, Stack size 0 bytes, startup_gd32e10x.o(.text))
<BR>[Address Reference Count : 1]<UL><LI> startup_gd32e10x.o(RESET)
</UL>
<P><STRONG><a name="[1d]"></a>DMA0_Channel5_IRQHandler</STRONG> (Thumb, 0 bytes, Stack size 0 bytes, startup_gd32e10x.o(.text))
<BR>[Address Reference Count : 1]<UL><LI> startup_gd32e10x.o(RESET)
</UL>
<P><STRONG><a name="[1e]"></a>DMA0_Channel6_IRQHandler</STRONG> (Thumb, 0 bytes, Stack size 0 bytes, startup_gd32e10x.o(.text))
<BR>[Address Reference Count : 1]<UL><LI> startup_gd32e10x.o(RESET)
</UL>
<P><STRONG><a name="[43]"></a>DMA1_Channel0_IRQHandler</STRONG> (Thumb, 0 bytes, Stack size 0 bytes, startup_gd32e10x.o(.text))
<BR>[Address Reference Count : 1]<UL><LI> startup_gd32e10x.o(RESET)
</UL>
<P><STRONG><a name="[44]"></a>DMA1_Channel1_IRQHandler</STRONG> (Thumb, 0 bytes, Stack size 0 bytes, startup_gd32e10x.o(.text))
<BR>[Address Reference Count : 1]<UL><LI> startup_gd32e10x.o(RESET)
</UL>
<P><STRONG><a name="[45]"></a>DMA1_Channel2_IRQHandler</STRONG> (Thumb, 0 bytes, Stack size 0 bytes, startup_gd32e10x.o(.text))
<BR>[Address Reference Count : 1]<UL><LI> startup_gd32e10x.o(RESET)
</UL>
<P><STRONG><a name="[46]"></a>DMA1_Channel3_IRQHandler</STRONG> (Thumb, 0 bytes, Stack size 0 bytes, startup_gd32e10x.o(.text))
<BR>[Address Reference Count : 1]<UL><LI> startup_gd32e10x.o(RESET)
</UL>
<P><STRONG><a name="[47]"></a>DMA1_Channel4_IRQHandler</STRONG> (Thumb, 0 bytes, Stack size 0 bytes, startup_gd32e10x.o(.text))
<BR>[Address Reference Count : 1]<UL><LI> startup_gd32e10x.o(RESET)
</UL>
<P><STRONG><a name="[3c]"></a>EXMC_IRQHandler</STRONG> (Thumb, 0 bytes, Stack size 0 bytes, startup_gd32e10x.o(.text))
<BR>[Address Reference Count : 1]<UL><LI> startup_gd32e10x.o(RESET)
</UL>
<P><STRONG><a name="[13]"></a>EXTI0_IRQHandler</STRONG> (Thumb, 0 bytes, Stack size 0 bytes, startup_gd32e10x.o(.text))
<BR>[Address Reference Count : 1]<UL><LI> startup_gd32e10x.o(RESET)
</UL>
<P><STRONG><a name="[35]"></a>EXTI10_15_IRQHandler</STRONG> (Thumb, 0 bytes, Stack size 0 bytes, startup_gd32e10x.o(.text))
<BR>[Address Reference Count : 1]<UL><LI> startup_gd32e10x.o(RESET)
</UL>
<P><STRONG><a name="[14]"></a>EXTI1_IRQHandler</STRONG> (Thumb, 0 bytes, Stack size 0 bytes, startup_gd32e10x.o(.text))
<BR>[Address Reference Count : 1]<UL><LI> startup_gd32e10x.o(RESET)
</UL>
<P><STRONG><a name="[15]"></a>EXTI2_IRQHandler</STRONG> (Thumb, 0 bytes, Stack size 0 bytes, startup_gd32e10x.o(.text))
<BR>[Address Reference Count : 1]<UL><LI> startup_gd32e10x.o(RESET)
</UL>
<P><STRONG><a name="[16]"></a>EXTI3_IRQHandler</STRONG> (Thumb, 0 bytes, Stack size 0 bytes, startup_gd32e10x.o(.text))
<BR>[Address Reference Count : 1]<UL><LI> startup_gd32e10x.o(RESET)
</UL>
<P><STRONG><a name="[17]"></a>EXTI4_IRQHandler</STRONG> (Thumb, 0 bytes, Stack size 0 bytes, startup_gd32e10x.o(.text))
<BR>[Address Reference Count : 1]<UL><LI> startup_gd32e10x.o(RESET)
</UL>
<P><STRONG><a name="[24]"></a>EXTI5_9_IRQHandler</STRONG> (Thumb, 0 bytes, Stack size 0 bytes, startup_gd32e10x.o(.text))
<BR>[Address Reference Count : 1]<UL><LI> startup_gd32e10x.o(RESET)
</UL>
<P><STRONG><a name="[11]"></a>FMC_IRQHandler</STRONG> (Thumb, 0 bytes, Stack size 0 bytes, startup_gd32e10x.o(.text))
<BR>[Address Reference Count : 1]<UL><LI> startup_gd32e10x.o(RESET)
</UL>
<P><STRONG><a name="[2d]"></a>I2C0_ER_IRQHandler</STRONG> (Thumb, 0 bytes, Stack size 0 bytes, startup_gd32e10x.o(.text))
<BR>[Address Reference Count : 1]<UL><LI> startup_gd32e10x.o(RESET)
</UL>
<P><STRONG><a name="[2c]"></a>I2C0_EV_IRQHandler</STRONG> (Thumb, 0 bytes, Stack size 0 bytes, startup_gd32e10x.o(.text))
<BR>[Address Reference Count : 1]<UL><LI> startup_gd32e10x.o(RESET)
</UL>
<P><STRONG><a name="[2f]"></a>I2C1_ER_IRQHandler</STRONG> (Thumb, 0 bytes, Stack size 0 bytes, startup_gd32e10x.o(.text))
<BR>[Address Reference Count : 1]<UL><LI> startup_gd32e10x.o(RESET)
</UL>
<P><STRONG><a name="[2e]"></a>I2C1_EV_IRQHandler</STRONG> (Thumb, 0 bytes, Stack size 0 bytes, startup_gd32e10x.o(.text))
<BR>[Address Reference Count : 1]<UL><LI> startup_gd32e10x.o(RESET)
</UL>
<P><STRONG><a name="[e]"></a>LVD_IRQHandler</STRONG> (Thumb, 0 bytes, Stack size 0 bytes, startup_gd32e10x.o(.text))
<BR>[Address Reference Count : 1]<UL><LI> startup_gd32e10x.o(RESET)
</UL>
<P><STRONG><a name="[12]"></a>RCU_CTC_IRQHandler</STRONG> (Thumb, 0 bytes, Stack size 0 bytes, startup_gd32e10x.o(.text))
<BR>[Address Reference Count : 1]<UL><LI> startup_gd32e10x.o(RESET)
</UL>
<P><STRONG><a name="[36]"></a>RTC_Alarm_IRQHandler</STRONG> (Thumb, 0 bytes, Stack size 0 bytes, startup_gd32e10x.o(.text))
<BR>[Address Reference Count : 1]<UL><LI> startup_gd32e10x.o(RESET)
</UL>
<P><STRONG><a name="[30]"></a>SPI0_IRQHandler</STRONG> (Thumb, 0 bytes, Stack size 0 bytes, startup_gd32e10x.o(.text))
<BR>[Address Reference Count : 1]<UL><LI> startup_gd32e10x.o(RESET)
</UL>
<P><STRONG><a name="[31]"></a>SPI1_IRQHandler</STRONG> (Thumb, 0 bytes, Stack size 0 bytes, startup_gd32e10x.o(.text))
<BR>[Address Reference Count : 1]<UL><LI> startup_gd32e10x.o(RESET)
</UL>
<P><STRONG><a name="[3e]"></a>SPI2_IRQHandler</STRONG> (Thumb, 0 bytes, Stack size 0 bytes, startup_gd32e10x.o(.text))
<BR>[Address Reference Count : 1]<UL><LI> startup_gd32e10x.o(RESET)
</UL>
<P><STRONG><a name="[f]"></a>TAMPER_IRQHandler</STRONG> (Thumb, 0 bytes, Stack size 0 bytes, startup_gd32e10x.o(.text))
<BR>[Address Reference Count : 1]<UL><LI> startup_gd32e10x.o(RESET)
</UL>
<P><STRONG><a name="[25]"></a>TIMER0_BRK_TIMER8_IRQHandler</STRONG> (Thumb, 0 bytes, Stack size 0 bytes, startup_gd32e10x.o(.text))
<BR>[Address Reference Count : 1]<UL><LI> startup_gd32e10x.o(RESET)
</UL>
<P><STRONG><a name="[28]"></a>TIMER0_Channel_IRQHandler</STRONG> (Thumb, 0 bytes, Stack size 0 bytes, startup_gd32e10x.o(.text))
<BR>[Address Reference Count : 1]<UL><LI> startup_gd32e10x.o(RESET)
</UL>
<P><STRONG><a name="[27]"></a>TIMER0_TRG_CMT_TIMER10_IRQHandler</STRONG> (Thumb, 0 bytes, Stack size 0 bytes, startup_gd32e10x.o(.text))
<BR>[Address Reference Count : 1]<UL><LI> startup_gd32e10x.o(RESET)
</UL>
<P><STRONG><a name="[26]"></a>TIMER0_UP_TIMER9_IRQHandler</STRONG> (Thumb, 0 bytes, Stack size 0 bytes, startup_gd32e10x.o(.text))
<BR>[Address Reference Count : 1]<UL><LI> startup_gd32e10x.o(RESET)
</UL>
<P><STRONG><a name="[2b]"></a>TIMER3_IRQHandler</STRONG> (Thumb, 0 bytes, Stack size 0 bytes, startup_gd32e10x.o(.text))
<BR>[Address Reference Count : 1]<UL><LI> startup_gd32e10x.o(RESET)
</UL>
<P><STRONG><a name="[3d]"></a>TIMER4_IRQHandler</STRONG> (Thumb, 0 bytes, Stack size 0 bytes, startup_gd32e10x.o(.text))
<BR>[Address Reference Count : 1]<UL><LI> startup_gd32e10x.o(RESET)
</UL>
<P><STRONG><a name="[41]"></a>TIMER5_IRQHandler</STRONG> (Thumb, 0 bytes, Stack size 0 bytes, startup_gd32e10x.o(.text))
<BR>[Address Reference Count : 1]<UL><LI> startup_gd32e10x.o(RESET)
</UL>
<P><STRONG><a name="[42]"></a>TIMER6_IRQHandler</STRONG> (Thumb, 0 bytes, Stack size 0 bytes, startup_gd32e10x.o(.text))
<BR>[Address Reference Count : 1]<UL><LI> startup_gd32e10x.o(RESET)
</UL>
<P><STRONG><a name="[38]"></a>TIMER7_BRK_TIMER11_IRQHandler</STRONG> (Thumb, 0 bytes, Stack size 0 bytes, startup_gd32e10x.o(.text))
<BR>[Address Reference Count : 1]<UL><LI> startup_gd32e10x.o(RESET)
</UL>
<P><STRONG><a name="[3b]"></a>TIMER7_Channel_IRQHandler</STRONG> (Thumb, 0 bytes, Stack size 0 bytes, startup_gd32e10x.o(.text))
<BR>[Address Reference Count : 1]<UL><LI> startup_gd32e10x.o(RESET)
</UL>
<P><STRONG><a name="[3a]"></a>TIMER7_TRG_CMT_TIMER13_IRQHandler</STRONG> (Thumb, 0 bytes, Stack size 0 bytes, startup_gd32e10x.o(.text))
<BR>[Address Reference Count : 1]<UL><LI> startup_gd32e10x.o(RESET)
</UL>
<P><STRONG><a name="[39]"></a>TIMER7_UP_TIMER12_IRQHandler</STRONG> (Thumb, 0 bytes, Stack size 0 bytes, startup_gd32e10x.o(.text))
<BR>[Address Reference Count : 1]<UL><LI> startup_gd32e10x.o(RESET)
</UL>
<P><STRONG><a name="[3f]"></a>UART3_IRQHandler</STRONG> (Thumb, 0 bytes, Stack size 0 bytes, startup_gd32e10x.o(.text))
<BR>[Address Reference Count : 1]<UL><LI> startup_gd32e10x.o(RESET)
</UL>
<P><STRONG><a name="[40]"></a>UART4_IRQHandler</STRONG> (Thumb, 0 bytes, Stack size 0 bytes, startup_gd32e10x.o(.text))
<BR>[Address Reference Count : 1]<UL><LI> startup_gd32e10x.o(RESET)
</UL>
<P><STRONG><a name="[34]"></a>USART2_IRQHandler</STRONG> (Thumb, 0 bytes, Stack size 0 bytes, startup_gd32e10x.o(.text))
<BR>[Address Reference Count : 1]<UL><LI> startup_gd32e10x.o(RESET)
</UL>
<P><STRONG><a name="[4c]"></a>USBFS_IRQHandler</STRONG> (Thumb, 0 bytes, Stack size 0 bytes, startup_gd32e10x.o(.text))
<BR>[Address Reference Count : 1]<UL><LI> startup_gd32e10x.o(RESET)
</UL>
<P><STRONG><a name="[37]"></a>USBFS_WKUP_IRQHandler</STRONG> (Thumb, 0 bytes, Stack size 0 bytes, startup_gd32e10x.o(.text))
<BR>[Address Reference Count : 1]<UL><LI> startup_gd32e10x.o(RESET)
</UL>
<P><STRONG><a name="[d]"></a>WWDGT_IRQHandler</STRONG> (Thumb, 0 bytes, Stack size 0 bytes, startup_gd32e10x.o(.text))
<BR>[Address Reference Count : 1]<UL><LI> startup_gd32e10x.o(RESET)
</UL>
<P><STRONG><a name="[59]"></a>tolower</STRONG> (Thumb, 12 bytes, Stack size 0 bytes, tolower.o(.text))
<BR><BR>[Called By]<UL><LI><a href="#[216]">&gt;&gt;</a>&nbsp;&nbsp;&nbsp;cJSON_strcasecmp
<LI><a href="#[58]">&gt;&gt;</a>&nbsp;&nbsp;&nbsp;strncasecmp
</UL>

<P><STRONG><a name="[170]"></a>__aeabi_memcpy</STRONG> (Thumb, 36 bytes, Stack size 0 bytes, memcpya.o(.text))
<BR><BR>[Called By]<UL><LI><a href="#[a1]">&gt;&gt;</a>&nbsp;&nbsp;&nbsp;SetSysInfoDef
<LI><a href="#[19b]">&gt;&gt;</a>&nbsp;&nbsp;&nbsp;SetTerminalW2Info
<LI><a href="#[167]">&gt;&gt;</a>&nbsp;&nbsp;&nbsp;writeCString
<LI><a href="#[169]">&gt;&gt;</a>&nbsp;&nbsp;&nbsp;writeMQTTString
<LI><a href="#[16e]">&gt;&gt;</a>&nbsp;&nbsp;&nbsp;MQTTSerialize_publish
<LI><a href="#[21d]">&gt;&gt;</a>&nbsp;&nbsp;&nbsp;create_msg
<LI><a href="#[1f5]">&gt;&gt;</a>&nbsp;&nbsp;&nbsp;uip_send
</UL>

<P><STRONG><a name="[176]"></a>__aeabi_memcpy4</STRONG> (Thumb, 0 bytes, Stack size 0 bytes, memcpya.o(.text))
<BR><BR>[Called By]<UL><LI><a href="#[19b]">&gt;&gt;</a>&nbsp;&nbsp;&nbsp;SetTerminalW2Info
<LI><a href="#[175]">&gt;&gt;</a>&nbsp;&nbsp;&nbsp;MqttConnect
</UL>

<P><STRONG><a name="[259]"></a>__aeabi_memcpy8</STRONG> (Thumb, 0 bytes, Stack size 0 bytes, memcpya.o(.text), UNUSED)

<P><STRONG><a name="[56]"></a>__aeabi_memset</STRONG> (Thumb, 14 bytes, Stack size 0 bytes, memseta.o(.text))
<BR><BR>[Called By]<UL><LI><a href="#[1e7]">&gt;&gt;</a>&nbsp;&nbsp;&nbsp;uip_arp_out
<LI><a href="#[57]">&gt;&gt;</a>&nbsp;&nbsp;&nbsp;_memset$wrapper
<LI><a href="#[55]">&gt;&gt;</a>&nbsp;&nbsp;&nbsp;__aeabi_memclr
</UL>

<P><STRONG><a name="[25a]"></a>__aeabi_memset4</STRONG> (Thumb, 0 bytes, Stack size 0 bytes, memseta.o(.text), UNUSED)

<P><STRONG><a name="[25b]"></a>__aeabi_memset8</STRONG> (Thumb, 0 bytes, Stack size 0 bytes, memseta.o(.text), UNUSED)

<P><STRONG><a name="[55]"></a>__aeabi_memclr</STRONG> (Thumb, 4 bytes, Stack size 0 bytes, memseta.o(.text))
<BR><BR>[Calls]<UL><LI><a href="#[56]">&gt;&gt;</a>&nbsp;&nbsp;&nbsp;__aeabi_memset
</UL>
<BR>[Called By]<UL><LI><a href="#[b3]">&gt;&gt;</a>&nbsp;&nbsp;&nbsp;DelDevWT2Config
<LI><a href="#[a9]">&gt;&gt;</a>&nbsp;&nbsp;&nbsp;ClearSysInfo
<LI><a href="#[df]">&gt;&gt;</a>&nbsp;&nbsp;&nbsp;SmsAnaSetCmd
<LI><a href="#[7c]">&gt;&gt;</a>&nbsp;&nbsp;&nbsp;AnalyModBus
<LI><a href="#[182]">&gt;&gt;</a>&nbsp;&nbsp;&nbsp;MqttPublish
<LI><a href="#[21d]">&gt;&gt;</a>&nbsp;&nbsp;&nbsp;create_msg
</UL>

<P><STRONG><a name="[aa]"></a>__aeabi_memclr4</STRONG> (Thumb, 0 bytes, Stack size 0 bytes, memseta.o(.text))
<BR><BR>[Called By]<UL><LI><a href="#[a9]">&gt;&gt;</a>&nbsp;&nbsp;&nbsp;ClearSysInfo
<LI><a href="#[217]">&gt;&gt;</a>&nbsp;&nbsp;&nbsp;cJSON_New_Item
</UL>

<P><STRONG><a name="[25c]"></a>__aeabi_memclr8</STRONG> (Thumb, 0 bytes, Stack size 0 bytes, memseta.o(.text), UNUSED)

<P><STRONG><a name="[57]"></a>_memset$wrapper</STRONG> (Thumb, 18 bytes, Stack size 8 bytes, memseta.o(.text), UNUSED)
<BR><BR>[Calls]<UL><LI><a href="#[56]">&gt;&gt;</a>&nbsp;&nbsp;&nbsp;__aeabi_memset
</UL>

<P><STRONG><a name="[174]"></a>strlen</STRONG> (Thumb, 14 bytes, Stack size 0 bytes, strlen.o(.text))
<BR><BR>[Called By]<UL><LI><a href="#[199]">&gt;&gt;</a>&nbsp;&nbsp;&nbsp;SetDevicePara
<LI><a href="#[167]">&gt;&gt;</a>&nbsp;&nbsp;&nbsp;writeCString
<LI><a href="#[16a]">&gt;&gt;</a>&nbsp;&nbsp;&nbsp;MQTTstrlen
<LI><a href="#[241]">&gt;&gt;</a>&nbsp;&nbsp;&nbsp;tcp_client_appcall
</UL>

<P><STRONG><a name="[22c]"></a>memcmp</STRONG> (Thumb, 26 bytes, Stack size 12 bytes, memcmp.o(.text))
<BR><BR>[Stack]<UL><LI>Max Depth = 12<LI>Call Chain = memcmp
</UL>
<BR>[Called By]<UL><LI><a href="#[226]">&gt;&gt;</a>&nbsp;&nbsp;&nbsp;parse_msg
</UL>

<P><STRONG><a name="[235]"></a>strcpy</STRONG> (Thumb, 18 bytes, Stack size 0 bytes, strcpy.o(.text))
<BR><BR>[Called By]<UL><LI><a href="#[90]">&gt;&gt;</a>&nbsp;&nbsp;&nbsp;resolv_query
</UL>

<P><STRONG><a name="[232]"></a>strncmp</STRONG> (Thumb, 30 bytes, Stack size 12 bytes, strncmp.o(.text))
<BR><BR>[Stack]<UL><LI>Max Depth = 12<LI>Call Chain = strncmp
</UL>
<BR>[Called By]<UL><LI><a href="#[21a]">&gt;&gt;</a>&nbsp;&nbsp;&nbsp;parse_value
</UL>

<P><STRONG><a name="[58]"></a>strncasecmp</STRONG> (Thumb, 50 bytes, Stack size 24 bytes, strncasecmp.o(.text))
<BR><BR>[Stack]<UL><LI>Max Depth = 24<LI>Call Chain = strncasecmp
</UL>
<BR>[Calls]<UL><LI><a href="#[59]">&gt;&gt;</a>&nbsp;&nbsp;&nbsp;tolower
</UL>
<BR>[Called By]<UL><LI><a href="#[74]">&gt;&gt;</a>&nbsp;&nbsp;&nbsp;AnalyJsonFromCould
<LI><a href="#[73]">&gt;&gt;</a>&nbsp;&nbsp;&nbsp;AnalyJson
</UL>

<P><STRONG><a name="[5a]"></a>__aeabi_dadd</STRONG> (Thumb, 322 bytes, Stack size 48 bytes, dadd.o(.text))
<BR><BR>[Stack]<UL><LI>Max Depth = 88<LI>Call Chain = __aeabi_dadd &rArr; _double_epilogue &rArr; _double_round
</UL>
<BR>[Calls]<UL><LI><a href="#[5e]">&gt;&gt;</a>&nbsp;&nbsp;&nbsp;_double_round
<LI><a href="#[5d]">&gt;&gt;</a>&nbsp;&nbsp;&nbsp;_double_epilogue
<LI><a href="#[5c]">&gt;&gt;</a>&nbsp;&nbsp;&nbsp;__aeabi_lasr
<LI><a href="#[5b]">&gt;&gt;</a>&nbsp;&nbsp;&nbsp;__aeabi_llsl
</UL>
<BR>[Called By]<UL><LI><a href="#[5f]">&gt;&gt;</a>&nbsp;&nbsp;&nbsp;__aeabi_dsub
<LI><a href="#[22e]">&gt;&gt;</a>&nbsp;&nbsp;&nbsp;parse_number
<LI><a href="#[20c]">&gt;&gt;</a>&nbsp;&nbsp;&nbsp;__kernel_poly
<LI><a href="#[204]">&gt;&gt;</a>&nbsp;&nbsp;&nbsp;__mathlib_dbl_infnan2
<LI><a href="#[60]">&gt;&gt;</a>&nbsp;&nbsp;&nbsp;__aeabi_drsub
<LI><a href="#[fc]">&gt;&gt;</a>&nbsp;&nbsp;&nbsp;__hardfp_pow
</UL>

<P><STRONG><a name="[5f]"></a>__aeabi_dsub</STRONG> (Thumb, 6 bytes, Stack size 0 bytes, dadd.o(.text))
<BR><BR>[Stack]<UL><LI>Max Depth = 88<LI>Call Chain = __aeabi_dsub &rArr; __aeabi_dadd &rArr; _double_epilogue &rArr; _double_round
</UL>
<BR>[Calls]<UL><LI><a href="#[5a]">&gt;&gt;</a>&nbsp;&nbsp;&nbsp;__aeabi_dadd
</UL>
<BR>[Called By]<UL><LI><a href="#[22e]">&gt;&gt;</a>&nbsp;&nbsp;&nbsp;parse_number
<LI><a href="#[fc]">&gt;&gt;</a>&nbsp;&nbsp;&nbsp;__hardfp_pow
</UL>

<P><STRONG><a name="[60]"></a>__aeabi_drsub</STRONG> (Thumb, 6 bytes, Stack size 0 bytes, dadd.o(.text))
<BR><BR>[Stack]<UL><LI>Max Depth = 88<LI>Call Chain = __aeabi_drsub &rArr; __aeabi_dadd &rArr; _double_epilogue &rArr; _double_round
</UL>
<BR>[Calls]<UL><LI><a href="#[5a]">&gt;&gt;</a>&nbsp;&nbsp;&nbsp;__aeabi_dadd
</UL>
<BR>[Called By]<UL><LI><a href="#[fc]">&gt;&gt;</a>&nbsp;&nbsp;&nbsp;__hardfp_pow
</UL>

<P><STRONG><a name="[61]"></a>__aeabi_dmul</STRONG> (Thumb, 228 bytes, Stack size 48 bytes, dmul.o(.text))
<BR><BR>[Stack]<UL><LI>Max Depth = 88<LI>Call Chain = __aeabi_dmul &rArr; _double_epilogue &rArr; _double_round
</UL>
<BR>[Calls]<UL><LI><a href="#[5d]">&gt;&gt;</a>&nbsp;&nbsp;&nbsp;_double_epilogue
</UL>
<BR>[Called By]<UL><LI><a href="#[22e]">&gt;&gt;</a>&nbsp;&nbsp;&nbsp;parse_number
<LI><a href="#[20c]">&gt;&gt;</a>&nbsp;&nbsp;&nbsp;__kernel_poly
<LI><a href="#[20b]">&gt;&gt;</a>&nbsp;&nbsp;&nbsp;__mathlib_dbl_underflow
<LI><a href="#[207]">&gt;&gt;</a>&nbsp;&nbsp;&nbsp;__mathlib_dbl_overflow
<LI><a href="#[fc]">&gt;&gt;</a>&nbsp;&nbsp;&nbsp;__hardfp_pow
</UL>

<P><STRONG><a name="[62]"></a>__aeabi_ddiv</STRONG> (Thumb, 222 bytes, Stack size 32 bytes, ddiv.o(.text))
<BR><BR>[Stack]<UL><LI>Max Depth = 40<LI>Call Chain = __aeabi_ddiv &rArr; _double_round
</UL>
<BR>[Calls]<UL><LI><a href="#[5e]">&gt;&gt;</a>&nbsp;&nbsp;&nbsp;_double_round
</UL>
<BR>[Called By]<UL><LI><a href="#[1bc]">&gt;&gt;</a>&nbsp;&nbsp;&nbsp;SX127X_SetFreq
<LI><a href="#[20a]">&gt;&gt;</a>&nbsp;&nbsp;&nbsp;__mathlib_dbl_invalid
<LI><a href="#[206]">&gt;&gt;</a>&nbsp;&nbsp;&nbsp;__mathlib_dbl_divzero
<LI><a href="#[fc]">&gt;&gt;</a>&nbsp;&nbsp;&nbsp;__hardfp_pow
</UL>

<P><STRONG><a name="[63]"></a>__aeabi_i2d</STRONG> (Thumb, 34 bytes, Stack size 16 bytes, dflti.o(.text))
<BR><BR>[Stack]<UL><LI>Max Depth = 56<LI>Call Chain = __aeabi_i2d &rArr; _double_epilogue &rArr; _double_round
</UL>
<BR>[Calls]<UL><LI><a href="#[5d]">&gt;&gt;</a>&nbsp;&nbsp;&nbsp;_double_epilogue
</UL>
<BR>[Called By]<UL><LI><a href="#[22e]">&gt;&gt;</a>&nbsp;&nbsp;&nbsp;parse_number
<LI><a href="#[fc]">&gt;&gt;</a>&nbsp;&nbsp;&nbsp;__hardfp_pow
</UL>

<P><STRONG><a name="[64]"></a>__aeabi_ui2d</STRONG> (Thumb, 26 bytes, Stack size 16 bytes, dfltui.o(.text))
<BR><BR>[Stack]<UL><LI>Max Depth = 56<LI>Call Chain = __aeabi_ui2d &rArr; _double_epilogue &rArr; _double_round
</UL>
<BR>[Calls]<UL><LI><a href="#[5d]">&gt;&gt;</a>&nbsp;&nbsp;&nbsp;_double_epilogue
</UL>
<BR>[Called By]<UL><LI><a href="#[fa]">&gt;&gt;</a>&nbsp;&nbsp;&nbsp;GetDataValToStr
<LI><a href="#[1bc]">&gt;&gt;</a>&nbsp;&nbsp;&nbsp;SX127X_SetFreq
</UL>

<P><STRONG><a name="[65]"></a>__aeabi_d2iz</STRONG> (Thumb, 62 bytes, Stack size 16 bytes, dfixi.o(.text))
<BR><BR>[Stack]<UL><LI>Max Depth = 16<LI>Call Chain = __aeabi_d2iz
</UL>
<BR>[Calls]<UL><LI><a href="#[66]">&gt;&gt;</a>&nbsp;&nbsp;&nbsp;__aeabi_llsr
</UL>
<BR>[Called By]<UL><LI><a href="#[22e]">&gt;&gt;</a>&nbsp;&nbsp;&nbsp;parse_number
</UL>

<P><STRONG><a name="[67]"></a>__aeabi_d2uiz</STRONG> (Thumb, 50 bytes, Stack size 8 bytes, dfixui.o(.text))
<BR><BR>[Stack]<UL><LI>Max Depth = 8<LI>Call Chain = __aeabi_d2uiz
</UL>
<BR>[Calls]<UL><LI><a href="#[66]">&gt;&gt;</a>&nbsp;&nbsp;&nbsp;__aeabi_llsr
</UL>
<BR>[Called By]<UL><LI><a href="#[fa]">&gt;&gt;</a>&nbsp;&nbsp;&nbsp;GetDataValToStr
<LI><a href="#[1bc]">&gt;&gt;</a>&nbsp;&nbsp;&nbsp;SX127X_SetFreq
</UL>

<P><STRONG><a name="[20d]"></a>__aeabi_cdrcmple</STRONG> (Thumb, 48 bytes, Stack size 0 bytes, cdrcmple.o(.text))
<BR><BR>[Called By]<UL><LI><a href="#[fc]">&gt;&gt;</a>&nbsp;&nbsp;&nbsp;__hardfp_pow
</UL>

<P><STRONG><a name="[68]"></a>__aeabi_uldivmod</STRONG> (Thumb, 98 bytes, Stack size 40 bytes, uldiv.o(.text), UNUSED)
<BR><BR>[Calls]<UL><LI><a href="#[66]">&gt;&gt;</a>&nbsp;&nbsp;&nbsp;__aeabi_llsr
<LI><a href="#[5b]">&gt;&gt;</a>&nbsp;&nbsp;&nbsp;__aeabi_llsl
</UL>
<BR>[Called By]<UL><LI><a href="#[202]">&gt;&gt;</a>&nbsp;&nbsp;&nbsp;_printf_core
</UL>

<P><STRONG><a name="[5b]"></a>__aeabi_llsl</STRONG> (Thumb, 30 bytes, Stack size 0 bytes, llshl.o(.text))
<BR><BR>[Called By]<UL><LI><a href="#[5a]">&gt;&gt;</a>&nbsp;&nbsp;&nbsp;__aeabi_dadd
<LI><a href="#[5d]">&gt;&gt;</a>&nbsp;&nbsp;&nbsp;_double_epilogue
<LI><a href="#[68]">&gt;&gt;</a>&nbsp;&nbsp;&nbsp;__aeabi_uldivmod
</UL>

<P><STRONG><a name="[25d]"></a>_ll_shift_l</STRONG> (Thumb, 0 bytes, Stack size 0 bytes, llshl.o(.text), UNUSED)

<P><STRONG><a name="[66]"></a>__aeabi_llsr</STRONG> (Thumb, 32 bytes, Stack size 0 bytes, llushr.o(.text))
<BR><BR>[Called By]<UL><LI><a href="#[67]">&gt;&gt;</a>&nbsp;&nbsp;&nbsp;__aeabi_d2uiz
<LI><a href="#[65]">&gt;&gt;</a>&nbsp;&nbsp;&nbsp;__aeabi_d2iz
<LI><a href="#[6a]">&gt;&gt;</a>&nbsp;&nbsp;&nbsp;_dsqrt
<LI><a href="#[5d]">&gt;&gt;</a>&nbsp;&nbsp;&nbsp;_double_epilogue
<LI><a href="#[68]">&gt;&gt;</a>&nbsp;&nbsp;&nbsp;__aeabi_uldivmod
</UL>

<P><STRONG><a name="[25e]"></a>_ll_ushift_r</STRONG> (Thumb, 0 bytes, Stack size 0 bytes, llushr.o(.text), UNUSED)

<P><STRONG><a name="[5c]"></a>__aeabi_lasr</STRONG> (Thumb, 36 bytes, Stack size 0 bytes, llsshr.o(.text))
<BR><BR>[Called By]<UL><LI><a href="#[5a]">&gt;&gt;</a>&nbsp;&nbsp;&nbsp;__aeabi_dadd
</UL>

<P><STRONG><a name="[25f]"></a>_ll_sshift_r</STRONG> (Thumb, 0 bytes, Stack size 0 bytes, llsshr.o(.text), UNUSED)

<P><STRONG><a name="[260]"></a>__I$use$fp</STRONG> (Thumb, 0 bytes, Stack size 8 bytes, iusefp.o(.text), UNUSED)

<P><STRONG><a name="[5e]"></a>_double_round</STRONG> (Thumb, 30 bytes, Stack size 8 bytes, depilogue.o(.text))
<BR><BR>[Stack]<UL><LI>Max Depth = 8<LI>Call Chain = _double_round
</UL>
<BR>[Called By]<UL><LI><a href="#[62]">&gt;&gt;</a>&nbsp;&nbsp;&nbsp;__aeabi_ddiv
<LI><a href="#[5a]">&gt;&gt;</a>&nbsp;&nbsp;&nbsp;__aeabi_dadd
<LI><a href="#[6a]">&gt;&gt;</a>&nbsp;&nbsp;&nbsp;_dsqrt
<LI><a href="#[5d]">&gt;&gt;</a>&nbsp;&nbsp;&nbsp;_double_epilogue
</UL>

<P><STRONG><a name="[5d]"></a>_double_epilogue</STRONG> (Thumb, 156 bytes, Stack size 32 bytes, depilogue.o(.text))
<BR><BR>[Stack]<UL><LI>Max Depth = 40<LI>Call Chain = _double_epilogue &rArr; _double_round
</UL>
<BR>[Calls]<UL><LI><a href="#[5e]">&gt;&gt;</a>&nbsp;&nbsp;&nbsp;_double_round
<LI><a href="#[66]">&gt;&gt;</a>&nbsp;&nbsp;&nbsp;__aeabi_llsr
<LI><a href="#[5b]">&gt;&gt;</a>&nbsp;&nbsp;&nbsp;__aeabi_llsl
</UL>
<BR>[Called By]<UL><LI><a href="#[64]">&gt;&gt;</a>&nbsp;&nbsp;&nbsp;__aeabi_ui2d
<LI><a href="#[63]">&gt;&gt;</a>&nbsp;&nbsp;&nbsp;__aeabi_i2d
<LI><a href="#[61]">&gt;&gt;</a>&nbsp;&nbsp;&nbsp;__aeabi_dmul
<LI><a href="#[5a]">&gt;&gt;</a>&nbsp;&nbsp;&nbsp;__aeabi_dadd
</UL>

<P><STRONG><a name="[20e]"></a>__ARM_scalbn</STRONG> (Thumb, 46 bytes, Stack size 16 bytes, dscalb.o(.text))
<BR><BR>[Stack]<UL><LI>Max Depth = 16<LI>Call Chain = __ARM_scalbn
</UL>
<BR>[Called By]<UL><LI><a href="#[fc]">&gt;&gt;</a>&nbsp;&nbsp;&nbsp;__hardfp_pow
</UL>

<P><STRONG><a name="[261]"></a>scalbn</STRONG> (Thumb, 0 bytes, Stack size 16 bytes, dscalb.o(.text), UNUSED)

<P><STRONG><a name="[54]"></a>__scatterload</STRONG> (Thumb, 28 bytes, Stack size 0 bytes, init.o(.text))
<BR><BR>[Calls]<UL><LI><a href="#[69]">&gt;&gt;</a>&nbsp;&nbsp;&nbsp;__main_after_scatterload
</UL>
<BR>[Called By]<UL><LI><a href="#[53]">&gt;&gt;</a>&nbsp;&nbsp;&nbsp;_main_scatterload
</UL>

<P><STRONG><a name="[262]"></a>__scatterload_rt2</STRONG> (Thumb, 0 bytes, Stack size 0 bytes, init.o(.text), UNUSED)

<P><STRONG><a name="[6a]"></a>_dsqrt</STRONG> (Thumb, 162 bytes, Stack size 32 bytes, dsqrt.o(.text))
<BR><BR>[Stack]<UL><LI>Max Depth = 40<LI>Call Chain = _dsqrt &rArr; _double_round
</UL>
<BR>[Calls]<UL><LI><a href="#[5e]">&gt;&gt;</a>&nbsp;&nbsp;&nbsp;_double_round
<LI><a href="#[66]">&gt;&gt;</a>&nbsp;&nbsp;&nbsp;__aeabi_llsr
</UL>
<BR>[Called By]<UL><LI><a href="#[208]">&gt;&gt;</a>&nbsp;&nbsp;&nbsp;sqrt
</UL>

<P><STRONG><a name="[263]"></a>__decompress</STRONG> (Thumb, 0 bytes, Stack size unknown bytes, __dczerorl2.o(.text), UNUSED)

<P><STRONG><a name="[264]"></a>__decompress1</STRONG> (Thumb, 86 bytes, Stack size unknown bytes, __dczerorl2.o(.text), UNUSED)

<P><STRONG><a name="[1f]"></a>ADC0_1_IRQHandler</STRONG> (Thumb, 82 bytes, Stack size 8 bytes, adc.o(i.ADC0_1_IRQHandler))
<BR><BR>[Stack]<UL><LI>Max Depth = 16<LI>Call Chain = ADC0_1_IRQHandler &rArr; adc_interrupt_flag_get
</UL>
<BR>[Calls]<UL><LI><a href="#[6c]">&gt;&gt;</a>&nbsp;&nbsp;&nbsp;adc_regular_data_read
<LI><a href="#[6b]">&gt;&gt;</a>&nbsp;&nbsp;&nbsp;adc_interrupt_flag_get
<LI><a href="#[6d]">&gt;&gt;</a>&nbsp;&nbsp;&nbsp;adc_interrupt_flag_clear
</UL>
<BR>[Address Reference Count : 1]<UL><LI> startup_gd32e10x.o(RESET)
</UL>
<P><STRONG><a name="[6e]"></a>ADC_EXTI_Init</STRONG> (Thumb, 26 bytes, Stack size 8 bytes, adc.o(i.ADC_EXTI_Init))
<BR><BR>[Stack]<UL><LI>Max Depth = 8<LI>Call Chain = ADC_EXTI_Init
</UL>
<BR>[Calls]<UL><LI><a href="#[6d]">&gt;&gt;</a>&nbsp;&nbsp;&nbsp;adc_interrupt_flag_clear
<LI><a href="#[6f]">&gt;&gt;</a>&nbsp;&nbsp;&nbsp;adc_interrupt_enable
<LI><a href="#[70]">&gt;&gt;</a>&nbsp;&nbsp;&nbsp;adc_calibration_enable
</UL>
<BR>[Called By]<UL><LI><a href="#[122]">&gt;&gt;</a>&nbsp;&nbsp;&nbsp;InitAdc
</UL>

<P><STRONG><a name="[71]"></a>AliyunSendDOResp</STRONG> (Thumb, 114 bytes, Stack size 32 bytes, aliyuniot.o(i.AliyunSendDOResp))
<BR><BR>[Stack]<UL><LI>Max Depth = 56<LI>Call Chain = AliyunSendDOResp &rArr; __2sprintf
</UL>
<BR>[Calls]<UL><LI><a href="#[72]">&gt;&gt;</a>&nbsp;&nbsp;&nbsp;__2sprintf
</UL>
<BR>[Called By]<UL><LI><a href="#[7a]">&gt;&gt;</a>&nbsp;&nbsp;&nbsp;MqttSendDOResp
</UL>

<P><STRONG><a name="[73]"></a>AnalyJson</STRONG> (Thumb, 332 bytes, Stack size 48 bytes, mqttcouldpub.o(i.AnalyJson))
<BR><BR>[Stack]<UL><LI>Max Depth = 520<LI>Call Chain = AnalyJson &rArr; AnalyJsonFromCould &rArr; cJSON_Parse &rArr; cJSON_ParseWithOpts &rArr; parse_value &rArr; parse_number &rArr; __hardfp_pow &rArr; __kernel_poly &rArr; __aeabi_dmul &rArr; _double_epilogue &rArr; _double_round
</UL>
<BR>[Calls]<UL><LI><a href="#[76]">&gt;&gt;</a>&nbsp;&nbsp;&nbsp;S282_Log
<LI><a href="#[74]">&gt;&gt;</a>&nbsp;&nbsp;&nbsp;AnalyJsonFromCould
<LI><a href="#[75]">&gt;&gt;</a>&nbsp;&nbsp;&nbsp;cJSON_Parse
<LI><a href="#[77]">&gt;&gt;</a>&nbsp;&nbsp;&nbsp;cJSON_GetObjectItem
<LI><a href="#[78]">&gt;&gt;</a>&nbsp;&nbsp;&nbsp;cJSON_GetArrayItem
<LI><a href="#[7b]">&gt;&gt;</a>&nbsp;&nbsp;&nbsp;cJSON_Delete
<LI><a href="#[79]">&gt;&gt;</a>&nbsp;&nbsp;&nbsp;MqttSetDOToWT2
<LI><a href="#[7a]">&gt;&gt;</a>&nbsp;&nbsp;&nbsp;MqttSendDOResp
<LI><a href="#[1]">&gt;&gt;</a>&nbsp;&nbsp;&nbsp;malloc
<LI><a href="#[2]">&gt;&gt;</a>&nbsp;&nbsp;&nbsp;free
<LI><a href="#[58]">&gt;&gt;</a>&nbsp;&nbsp;&nbsp;strncasecmp
</UL>
<BR>[Called By]<UL><LI><a href="#[173]">&gt;&gt;</a>&nbsp;&nbsp;&nbsp;MQTT_ClientString
</UL>

<P><STRONG><a name="[74]"></a>AnalyJsonFromCould</STRONG> (Thumb, 320 bytes, Stack size 40 bytes, mqttcouldpub.o(i.AnalyJsonFromCould))
<BR><BR>[Stack]<UL><LI>Max Depth = 472<LI>Call Chain = AnalyJsonFromCould &rArr; cJSON_Parse &rArr; cJSON_ParseWithOpts &rArr; parse_value &rArr; parse_number &rArr; __hardfp_pow &rArr; __kernel_poly &rArr; __aeabi_dmul &rArr; _double_epilogue &rArr; _double_round
</UL>
<BR>[Calls]<UL><LI><a href="#[76]">&gt;&gt;</a>&nbsp;&nbsp;&nbsp;S282_Log
<LI><a href="#[75]">&gt;&gt;</a>&nbsp;&nbsp;&nbsp;cJSON_Parse
<LI><a href="#[77]">&gt;&gt;</a>&nbsp;&nbsp;&nbsp;cJSON_GetObjectItem
<LI><a href="#[7b]">&gt;&gt;</a>&nbsp;&nbsp;&nbsp;cJSON_Delete
<LI><a href="#[79]">&gt;&gt;</a>&nbsp;&nbsp;&nbsp;MqttSetDOToWT2
<LI><a href="#[7a]">&gt;&gt;</a>&nbsp;&nbsp;&nbsp;MqttSendDOResp
<LI><a href="#[1]">&gt;&gt;</a>&nbsp;&nbsp;&nbsp;malloc
<LI><a href="#[2]">&gt;&gt;</a>&nbsp;&nbsp;&nbsp;free
<LI><a href="#[58]">&gt;&gt;</a>&nbsp;&nbsp;&nbsp;strncasecmp
</UL>
<BR>[Called By]<UL><LI><a href="#[73]">&gt;&gt;</a>&nbsp;&nbsp;&nbsp;AnalyJson
</UL>

<P><STRONG><a name="[7c]"></a>AnalyModBus</STRONG> (Thumb, 1636 bytes, Stack size 72 bytes, modbus.o(i.AnalyModBus))
<BR><BR>[Stack]<UL><LI>Max Depth = 328<LI>Call Chain = AnalyModBus &rArr; SetDODevBufData &rArr; DownLoad2TerminalWT2 &rArr; SendLoraData &rArr; JudgeDevSendTim &rArr; LoraPro &rArr;  SendLoraData (Cycle)
</UL>
<BR>[Calls]<UL><LI><a href="#[82]">&gt;&gt;</a>&nbsp;&nbsp;&nbsp;SaveSysInfo
<LI><a href="#[76]">&gt;&gt;</a>&nbsp;&nbsp;&nbsp;S282_Log
<LI><a href="#[7e]">&gt;&gt;</a>&nbsp;&nbsp;&nbsp;SendLoraData
<LI><a href="#[7d]">&gt;&gt;</a>&nbsp;&nbsp;&nbsp;ModBusCrc
<LI><a href="#[81]">&gt;&gt;</a>&nbsp;&nbsp;&nbsp;SetSysInfoData
<LI><a href="#[7f]">&gt;&gt;</a>&nbsp;&nbsp;&nbsp;SetReplayBuf
<LI><a href="#[86]">&gt;&gt;</a>&nbsp;&nbsp;&nbsp;SetDODevBufData
<LI><a href="#[87]">&gt;&gt;</a>&nbsp;&nbsp;&nbsp;ReplyModBus
<LI><a href="#[80]">&gt;&gt;</a>&nbsp;&nbsp;&nbsp;GetSysInfoData
<LI><a href="#[84]">&gt;&gt;</a>&nbsp;&nbsp;&nbsp;GetDevOnlineStatus
<LI><a href="#[83]">&gt;&gt;</a>&nbsp;&nbsp;&nbsp;GetDODevBufData
<LI><a href="#[85]">&gt;&gt;</a>&nbsp;&nbsp;&nbsp;GetDIDevBufData
<LI><a href="#[55]">&gt;&gt;</a>&nbsp;&nbsp;&nbsp;__aeabi_memclr
</UL>
<BR>[Called By]<UL><LI><a href="#[cc]">&gt;&gt;</a>&nbsp;&nbsp;&nbsp;EthFun
<LI><a href="#[113]">&gt;&gt;</a>&nbsp;&nbsp;&nbsp;GprsFun
<LI><a href="#[240]">&gt;&gt;</a>&nbsp;&nbsp;&nbsp;tcp_server_appcall
</UL>

<P><STRONG><a name="[88]"></a>AnalyTarIp</STRONG> (Thumb, 644 bytes, Stack size 32 bytes, ethnet.o(i.AnalyTarIp))
<BR><BR>[Stack]<UL><LI>Max Depth = 68<LI>Call Chain = AnalyTarIp &rArr; str2ip &rArr; str2hex
</UL>
<BR>[Calls]<UL><LI><a href="#[8d]">&gt;&gt;</a>&nbsp;&nbsp;&nbsp;uip_connect
<LI><a href="#[90]">&gt;&gt;</a>&nbsp;&nbsp;&nbsp;resolv_query
<LI><a href="#[8e]">&gt;&gt;</a>&nbsp;&nbsp;&nbsp;resolv_getserver
<LI><a href="#[8f]">&gt;&gt;</a>&nbsp;&nbsp;&nbsp;resolv_conf
<LI><a href="#[8c]">&gt;&gt;</a>&nbsp;&nbsp;&nbsp;htons
<LI><a href="#[8b]">&gt;&gt;</a>&nbsp;&nbsp;&nbsp;str2ip
<LI><a href="#[8a]">&gt;&gt;</a>&nbsp;&nbsp;&nbsp;IsIPaVailable
<LI><a href="#[76]">&gt;&gt;</a>&nbsp;&nbsp;&nbsp;S282_Log
<LI><a href="#[89]">&gt;&gt;</a>&nbsp;&nbsp;&nbsp;GetSecCnt
</UL>
<BR>[Called By]<UL><LI><a href="#[18b]">&gt;&gt;</a>&nbsp;&nbsp;&nbsp;NetRunning
</UL>

<P><STRONG><a name="[fe]"></a>AutoLineBreak</STRONG> (Thumb, 46 bytes, Stack size 0 bytes, smsinstruct.o(i.AutoLineBreak))
<BR><BR>[Called By]<UL><LI><a href="#[df]">&gt;&gt;</a>&nbsp;&nbsp;&nbsp;SmsAnaSetCmd
<LI><a href="#[106]">&gt;&gt;</a>&nbsp;&nbsp;&nbsp;GetGprsServer
<LI><a href="#[105]">&gt;&gt;</a>&nbsp;&nbsp;&nbsp;GetGprsAPNConfig
<LI><a href="#[104]">&gt;&gt;</a>&nbsp;&nbsp;&nbsp;GetEthServer
<LI><a href="#[102]">&gt;&gt;</a>&nbsp;&nbsp;&nbsp;GetDeviceStatus
<LI><a href="#[fd]">&gt;&gt;</a>&nbsp;&nbsp;&nbsp;GetDevCommunicateState
</UL>

<P><STRONG><a name="[7]"></a>BusFault_Handler</STRONG> (Thumb, 4 bytes, Stack size 0 bytes, gd32e10x_it.o(i.BusFault_Handler))
<BR>[Address Reference Count : 1]<UL><LI> startup_gd32e10x.o(RESET)
</UL>
<P><STRONG><a name="[91]"></a>ChangeTempDevID</STRONG> (Thumb, 46 bytes, Stack size 20 bytes, loradealdat.o(i.ChangeTempDevID))
<BR><BR>[Stack]<UL><LI>Max Depth = 36<LI>Call Chain = ChangeTempDevID &rArr; GetTempDevPtr
</UL>
<BR>[Calls]<UL><LI><a href="#[92]">&gt;&gt;</a>&nbsp;&nbsp;&nbsp;GetTempDevPtr
</UL>
<BR>[Called By]<UL><LI><a href="#[19b]">&gt;&gt;</a>&nbsp;&nbsp;&nbsp;SetTerminalW2Info
<LI><a href="#[19c]">&gt;&gt;</a>&nbsp;&nbsp;&nbsp;SetTerminalW1Info
</UL>

<P><STRONG><a name="[f9]"></a>CharToByte</STRONG> (Thumb, 32 bytes, Stack size 0 bytes, modbus.o(i.CharToByte))
<BR><BR>[Called By]<UL><LI><a href="#[84]">&gt;&gt;</a>&nbsp;&nbsp;&nbsp;GetDevOnlineStatus
<LI><a href="#[83]">&gt;&gt;</a>&nbsp;&nbsp;&nbsp;GetDODevBufData
<LI><a href="#[85]">&gt;&gt;</a>&nbsp;&nbsp;&nbsp;GetDIDevBufData
</UL>

<P><STRONG><a name="[93]"></a>CheckAt</STRONG> (Thumb, 22 bytes, Stack size 8 bytes, gsm234g.o(i.CheckAt))
<BR><BR>[Stack]<UL><LI>Max Depth = 1176<LI>Call Chain = CheckAt &rArr; SendCmd &rArr; delay_1ms &rArr; NorPro &rArr; PcCmdPro &rArr; SetTerminalW2Info &rArr; DownLoad2TerminalWT2 &rArr; SendLoraData &rArr; JudgeDevSendTim &rArr; LoraPro &rArr;  SendLoraData (Cycle)
</UL>
<BR>[Calls]<UL><LI><a href="#[94]">&gt;&gt;</a>&nbsp;&nbsp;&nbsp;SendCmd
</UL>
<BR>[Called By]<UL><LI><a href="#[193]">&gt;&gt;</a>&nbsp;&nbsp;&nbsp;OpenGSM
</UL>

<P><STRONG><a name="[95]"></a>CheckConn</STRONG> (Thumb, 44 bytes, Stack size 8 bytes, ethnet.o(i.CheckConn))
<BR><BR>[Stack]<UL><LI>Max Depth = 136<LI>Call Chain = CheckConn &rArr; InitNet &rArr; tapdev_init &rArr; ENC28J60_Init &rArr; ENC28J60_PHY_Write &rArr; ENC28J60_Write &rArr; ENC28J60_Set_Bank &rArr; ENC28J60_Write_Op &rArr; Spi1ReadWriteByte
</UL>
<BR>[Calls]<UL><LI><a href="#[96]">&gt;&gt;</a>&nbsp;&nbsp;&nbsp;InitNet
</UL>
<BR>[Called By]<UL><LI><a href="#[18b]">&gt;&gt;</a>&nbsp;&nbsp;&nbsp;NetRunning
</UL>

<P><STRONG><a name="[19a]"></a>CheckDevUId</STRONG> (Thumb, 52 bytes, Stack size 12 bytes, dealdat.o(i.CheckDevUId))
<BR><BR>[Stack]<UL><LI>Max Depth = 12<LI>Call Chain = CheckDevUId
</UL>
<BR>[Called By]<UL><LI><a href="#[192]">&gt;&gt;</a>&nbsp;&nbsp;&nbsp;PcCmdPro
</UL>

<P><STRONG><a name="[97]"></a>CheckPower</STRONG> (Thumb, 178 bytes, Stack size 8 bytes, hardware.o(i.CheckPower))
<BR><BR>[Stack]<UL><LI>Max Depth = 28<LI>Call Chain = CheckPower &rArr; gpio_init
</UL>
<BR>[Calls]<UL><LI><a href="#[9d]">&gt;&gt;</a>&nbsp;&nbsp;&nbsp;WatchDogFeed
<LI><a href="#[9c]">&gt;&gt;</a>&nbsp;&nbsp;&nbsp;gpio_init
<LI><a href="#[9f]">&gt;&gt;</a>&nbsp;&nbsp;&nbsp;gpio_bit_set
<LI><a href="#[99]">&gt;&gt;</a>&nbsp;&nbsp;&nbsp;gpio_bit_reset
<LI><a href="#[98]">&gt;&gt;</a>&nbsp;&nbsp;&nbsp;gpio_input_port_get
<LI><a href="#[9a]">&gt;&gt;</a>&nbsp;&nbsp;&nbsp;SpiClose
<LI><a href="#[9b]">&gt;&gt;</a>&nbsp;&nbsp;&nbsp;CloseGSM
<LI><a href="#[9e]">&gt;&gt;</a>&nbsp;&nbsp;&nbsp;NVIC_SystemReset
</UL>
<BR>[Called By]<UL><LI><a href="#[120]">&gt;&gt;</a>&nbsp;&nbsp;&nbsp;HardwareCheck
</UL>

<P><STRONG><a name="[a0]"></a>CheckRefactory</STRONG> (Thumb, 208 bytes, Stack size 8 bytes, hardware.o(i.CheckRefactory))
<BR><BR>[Stack]<UL><LI>Max Depth = 120<LI>Call Chain = CheckRefactory &rArr; SetSysInfoDef &rArr; SetUserInfoDef &rArr; SaveUserInfo &rArr; WriteConfig &rArr; W25Q_Write &rArr; W25Q_Erase_Sector &rArr; W25Q_Wait_Busy &rArr; W25Q_ReadSR &rArr; Spi1ReadWriteByte
</UL>
<BR>[Calls]<UL><LI><a href="#[a1]">&gt;&gt;</a>&nbsp;&nbsp;&nbsp;SetSysInfoDef
<LI><a href="#[a2]">&gt;&gt;</a>&nbsp;&nbsp;&nbsp;delayMs
<LI><a href="#[9f]">&gt;&gt;</a>&nbsp;&nbsp;&nbsp;gpio_bit_set
<LI><a href="#[99]">&gt;&gt;</a>&nbsp;&nbsp;&nbsp;gpio_bit_reset
<LI><a href="#[98]">&gt;&gt;</a>&nbsp;&nbsp;&nbsp;gpio_input_port_get
<LI><a href="#[89]">&gt;&gt;</a>&nbsp;&nbsp;&nbsp;GetSecCnt
<LI><a href="#[9e]">&gt;&gt;</a>&nbsp;&nbsp;&nbsp;NVIC_SystemReset
</UL>
<BR>[Called By]<UL><LI><a href="#[120]">&gt;&gt;</a>&nbsp;&nbsp;&nbsp;HardwareCheck
</UL>

<P><STRONG><a name="[a3]"></a>CheckTempDev</STRONG> (Thumb, 60 bytes, Stack size 16 bytes, loradealdat.o(i.CheckTempDev))
<BR><BR>[Stack]<UL><LI>Max Depth = 32<LI>Call Chain = CheckTempDev &rArr; GetTempDevPtr
</UL>
<BR>[Calls]<UL><LI><a href="#[92]">&gt;&gt;</a>&nbsp;&nbsp;&nbsp;GetTempDevPtr
</UL>
<BR>[Called By]<UL><LI><a href="#[154]">&gt;&gt;</a>&nbsp;&nbsp;&nbsp;SaveTempDev
</UL>

<P><STRONG><a name="[a4]"></a>ChekPwd</STRONG> (Thumb, 36 bytes, Stack size 8 bytes, hardware.o(i.ChekPwd))
<BR><BR>[Stack]<UL><LI>Max Depth = 72<LI>Call Chain = ChekPwd &rArr; ReadSysInfo &rArr; ReadConfig &rArr; W25Q_Read &rArr; Spi1ReadWriteByte
</UL>
<BR>[Calls]<UL><LI><a href="#[a5]">&gt;&gt;</a>&nbsp;&nbsp;&nbsp;ReadSysInfo
</UL>
<BR>[Called By]<UL><LI><a href="#[120]">&gt;&gt;</a>&nbsp;&nbsp;&nbsp;HardwareCheck
</UL>

<P><STRONG><a name="[a6]"></a>ClearHistory</STRONG> (Thumb, 100 bytes, Stack size 16 bytes, config.o(i.ClearHistory))
<BR><BR>[Stack]<UL><LI>Max Depth = 112<LI>Call Chain = ClearHistory &rArr; SaveUserInfo &rArr; WriteConfig &rArr; W25Q_Write &rArr; W25Q_Erase_Sector &rArr; W25Q_Wait_Busy &rArr; W25Q_ReadSR &rArr; Spi1ReadWriteByte
</UL>
<BR>[Calls]<UL><LI><a href="#[a8]">&gt;&gt;</a>&nbsp;&nbsp;&nbsp;SaveUserInfo
<LI><a href="#[a7]">&gt;&gt;</a>&nbsp;&nbsp;&nbsp;EraseChipOrSector
</UL>
<BR>[Called By]<UL><LI><a href="#[192]">&gt;&gt;</a>&nbsp;&nbsp;&nbsp;PcCmdPro
</UL>

<P><STRONG><a name="[a9]"></a>ClearSysInfo</STRONG> (Thumb, 306 bytes, Stack size 8 bytes, config.o(i.ClearSysInfo))
<BR><BR>[Stack]<UL><LI>Max Depth = 8<LI>Call Chain = ClearSysInfo
</UL>
<BR>[Calls]<UL><LI><a href="#[aa]">&gt;&gt;</a>&nbsp;&nbsp;&nbsp;__aeabi_memclr4
<LI><a href="#[55]">&gt;&gt;</a>&nbsp;&nbsp;&nbsp;__aeabi_memclr
</UL>
<BR>[Called By]<UL><LI><a href="#[a1]">&gt;&gt;</a>&nbsp;&nbsp;&nbsp;SetSysInfoDef
<LI><a href="#[199]">&gt;&gt;</a>&nbsp;&nbsp;&nbsp;SetDevicePara
</UL>

<P><STRONG><a name="[9b]"></a>CloseGSM</STRONG> (Thumb, 20 bytes, Stack size 8 bytes, hardware.o(i.CloseGSM))
<BR><BR>[Stack]<UL><LI>Max Depth = 8<LI>Call Chain = CloseGSM
</UL>
<BR>[Calls]<UL><LI><a href="#[99]">&gt;&gt;</a>&nbsp;&nbsp;&nbsp;gpio_bit_reset
<LI><a href="#[ab]">&gt;&gt;</a>&nbsp;&nbsp;&nbsp;usart_disable
</UL>
<BR>[Called By]<UL><LI><a href="#[97]">&gt;&gt;</a>&nbsp;&nbsp;&nbsp;CheckPower
<LI><a href="#[115]">&gt;&gt;</a>&nbsp;&nbsp;&nbsp;RestartGSM
</UL>

<P><STRONG><a name="[cf]"></a>CompEthData</STRONG> (Thumb, 50 bytes, Stack size 8 bytes, ethnet.o(i.CompEthData))
<BR><BR>[Stack]<UL><LI>Max Depth = 8<LI>Call Chain = CompEthData
</UL>
<BR>[Called By]<UL><LI><a href="#[cc]">&gt;&gt;</a>&nbsp;&nbsp;&nbsp;EthFun
</UL>

<P><STRONG><a name="[11a]"></a>CompGprsData</STRONG> (Thumb, 52 bytes, Stack size 8 bytes, gprsnet.o(i.CompGprsData))
<BR><BR>[Stack]<UL><LI>Max Depth = 8<LI>Call Chain = CompGprsData
</UL>
<BR>[Called By]<UL><LI><a href="#[113]">&gt;&gt;</a>&nbsp;&nbsp;&nbsp;GprsFun
</UL>

<P><STRONG><a name="[ad]"></a>CompStr</STRONG> (Thumb, 52 bytes, Stack size 12 bytes, hardware.o(i.CompStr))
<BR><BR>[Stack]<UL><LI>Max Depth = 12<LI>Call Chain = CompStr
</UL>
<BR>[Called By]<UL><LI><a href="#[199]">&gt;&gt;</a>&nbsp;&nbsp;&nbsp;SetDevicePara
<LI><a href="#[1c9]">&gt;&gt;</a>&nbsp;&nbsp;&nbsp;SaveStrData
<LI><a href="#[1c7]">&gt;&gt;</a>&nbsp;&nbsp;&nbsp;SaveIntData
<LI><a href="#[ac]">&gt;&gt;</a>&nbsp;&nbsp;&nbsp;CompareDevInfo
<LI><a href="#[192]">&gt;&gt;</a>&nbsp;&nbsp;&nbsp;PcCmdPro
<LI><a href="#[df]">&gt;&gt;</a>&nbsp;&nbsp;&nbsp;SmsAnaSetCmd
<LI><a href="#[f2]">&gt;&gt;</a>&nbsp;&nbsp;&nbsp;GprsAnalysisCmd3GOr4G
<LI><a href="#[f4]">&gt;&gt;</a>&nbsp;&nbsp;&nbsp;GprsAnalysisCmd2G
<LI><a href="#[f1]">&gt;&gt;</a>&nbsp;&nbsp;&nbsp;GSMToAnalysisData
<LI><a href="#[dc]">&gt;&gt;</a>&nbsp;&nbsp;&nbsp;GSMAnalySms
</UL>

<P><STRONG><a name="[ac]"></a>CompareDevInfo</STRONG> (Thumb, 160 bytes, Stack size 24 bytes, dealdat.o(i.CompareDevInfo))
<BR><BR>[Stack]<UL><LI>Max Depth = 36<LI>Call Chain = CompareDevInfo &rArr; CompStr
</UL>
<BR>[Calls]<UL><LI><a href="#[ad]">&gt;&gt;</a>&nbsp;&nbsp;&nbsp;CompStr
</UL>
<BR>[Called By]<UL><LI><a href="#[19b]">&gt;&gt;</a>&nbsp;&nbsp;&nbsp;SetTerminalW2Info
</UL>

<P><STRONG><a name="[ae]"></a>CopyDevInfo</STRONG> (Thumb, 130 bytes, Stack size 32 bytes, dealdat.o(i.CopyDevInfo))
<BR><BR>[Stack]<UL><LI>Max Depth = 40<LI>Call Chain = CopyDevInfo &rArr; CopyStr
</UL>
<BR>[Calls]<UL><LI><a href="#[af]">&gt;&gt;</a>&nbsp;&nbsp;&nbsp;CopyStr
</UL>
<BR>[Called By]<UL><LI><a href="#[19b]">&gt;&gt;</a>&nbsp;&nbsp;&nbsp;SetTerminalW2Info
</UL>

<P><STRONG><a name="[af]"></a>CopyStr</STRONG> (Thumb, 46 bytes, Stack size 8 bytes, hardware.o(i.CopyStr))
<BR><BR>[Stack]<UL><LI>Max Depth = 8<LI>Call Chain = CopyStr
</UL>
<BR>[Called By]<UL><LI><a href="#[ae]">&gt;&gt;</a>&nbsp;&nbsp;&nbsp;CopyDevInfo
<LI><a href="#[df]">&gt;&gt;</a>&nbsp;&nbsp;&nbsp;SmsAnaSetCmd
<LI><a href="#[10b]">&gt;&gt;</a>&nbsp;&nbsp;&nbsp;GetNetStatus
<LI><a href="#[10a]">&gt;&gt;</a>&nbsp;&nbsp;&nbsp;GetNetPriority
<LI><a href="#[106]">&gt;&gt;</a>&nbsp;&nbsp;&nbsp;GetGprsServer
<LI><a href="#[105]">&gt;&gt;</a>&nbsp;&nbsp;&nbsp;GetGprsAPNConfig
<LI><a href="#[104]">&gt;&gt;</a>&nbsp;&nbsp;&nbsp;GetEthServer
<LI><a href="#[103]">&gt;&gt;</a>&nbsp;&nbsp;&nbsp;GetDeviceTim
<LI><a href="#[102]">&gt;&gt;</a>&nbsp;&nbsp;&nbsp;GetDeviceStatus
<LI><a href="#[101]">&gt;&gt;</a>&nbsp;&nbsp;&nbsp;GetDeviceId
<LI><a href="#[d2]">&gt;&gt;</a>&nbsp;&nbsp;&nbsp;SetUtcTime
<LI><a href="#[11c]">&gt;&gt;</a>&nbsp;&nbsp;&nbsp;SendRestartMsg
<LI><a href="#[10f]">&gt;&gt;</a>&nbsp;&nbsp;&nbsp;GprsConnectServer
<LI><a href="#[ec]">&gt;&gt;</a>&nbsp;&nbsp;&nbsp;GSMSetGprs
<LI><a href="#[109]">&gt;&gt;</a>&nbsp;&nbsp;&nbsp;GetMqttConnectData
</UL>

<P><STRONG><a name="[b0]"></a>DebugHistory</STRONG> (Thumb, 176 bytes, Stack size 16 bytes, dealdat.o(i.DebugHistory))
<BR><BR>[Stack]<UL><LI>Max Depth = 48<LI>Call Chain = DebugHistory &rArr; SendString &rArr; PutInUart0 &rArr; WatchDogFeed
</UL>
<BR>[Calls]<UL><LI><a href="#[b1]">&gt;&gt;</a>&nbsp;&nbsp;&nbsp;SendString
<LI><a href="#[1]">&gt;&gt;</a>&nbsp;&nbsp;&nbsp;malloc
<LI><a href="#[2]">&gt;&gt;</a>&nbsp;&nbsp;&nbsp;free
<LI><a href="#[72]">&gt;&gt;</a>&nbsp;&nbsp;&nbsp;__2sprintf
</UL>
<BR>[Called By]<UL><LI><a href="#[f5]">&gt;&gt;</a>&nbsp;&nbsp;&nbsp;GetAlarmHistory
</UL>

<P><STRONG><a name="[a]"></a>DebugMon_Handler</STRONG> (Thumb, 2 bytes, Stack size 0 bytes, gd32e10x_it.o(i.DebugMon_Handler))
<BR>[Address Reference Count : 1]<UL><LI> startup_gd32e10x.o(RESET)
</UL>
<P><STRONG><a name="[b2]"></a>DebugSysInfo</STRONG> (Thumb, 2038 bytes, Stack size 24 bytes, hardware.o(i.DebugSysInfo))
<BR><BR>[Stack]<UL><LI>Max Depth = 56<LI>Call Chain = DebugSysInfo &rArr; SendString &rArr; PutInUart0 &rArr; WatchDogFeed
</UL>
<BR>[Calls]<UL><LI><a href="#[b1]">&gt;&gt;</a>&nbsp;&nbsp;&nbsp;SendString
<LI><a href="#[98]">&gt;&gt;</a>&nbsp;&nbsp;&nbsp;gpio_input_port_get
<LI><a href="#[1]">&gt;&gt;</a>&nbsp;&nbsp;&nbsp;malloc
<LI><a href="#[2]">&gt;&gt;</a>&nbsp;&nbsp;&nbsp;free
<LI><a href="#[72]">&gt;&gt;</a>&nbsp;&nbsp;&nbsp;__2sprintf
</UL>
<BR>[Called By]<UL><LI><a href="#[192]">&gt;&gt;</a>&nbsp;&nbsp;&nbsp;PcCmdPro
</UL>

<P><STRONG><a name="[b3]"></a>DelDevWT2Config</STRONG> (Thumb, 116 bytes, Stack size 8 bytes, config.o(i.DelDevWT2Config))
<BR><BR>[Stack]<UL><LI>Max Depth = 96<LI>Call Chain = DelDevWT2Config &rArr; WriteConfig &rArr; W25Q_Write &rArr; W25Q_Erase_Sector &rArr; W25Q_Wait_Busy &rArr; W25Q_ReadSR &rArr; Spi1ReadWriteByte
</UL>
<BR>[Calls]<UL><LI><a href="#[b4]">&gt;&gt;</a>&nbsp;&nbsp;&nbsp;WriteConfig
<LI><a href="#[55]">&gt;&gt;</a>&nbsp;&nbsp;&nbsp;__aeabi_memclr
</UL>
<BR>[Called By]<UL><LI><a href="#[192]">&gt;&gt;</a>&nbsp;&nbsp;&nbsp;PcCmdPro
<LI><a href="#[df]">&gt;&gt;</a>&nbsp;&nbsp;&nbsp;SmsAnaSetCmd
</UL>

<P><STRONG><a name="[b5]"></a>DevInfoInit</STRONG> (Thumb, 50 bytes, Stack size 8 bytes, config.o(i.DevInfoInit))
<BR><BR>[Stack]<UL><LI>Max Depth = 72<LI>Call Chain = DevInfoInit &rArr; ReadDevWT2Config &rArr; ReadConfig &rArr; W25Q_Read &rArr; Spi1ReadWriteByte
</UL>
<BR>[Calls]<UL><LI><a href="#[b6]">&gt;&gt;</a>&nbsp;&nbsp;&nbsp;ReadDevWT2Config
<LI><a href="#[a2]">&gt;&gt;</a>&nbsp;&nbsp;&nbsp;delayMs
</UL>
<BR>[Called By]<UL><LI><a href="#[192]">&gt;&gt;</a>&nbsp;&nbsp;&nbsp;PcCmdPro
<LI><a href="#[1e1]">&gt;&gt;</a>&nbsp;&nbsp;&nbsp;SysInfoInit
</UL>

<P><STRONG><a name="[1cf]"></a>DevInfoParamInit</STRONG> (Thumb, 222 bytes, Stack size 8 bytes, config.o(i.DevInfoParamInit))
<BR><BR>[Stack]<UL><LI>Max Depth = 8<LI>Call Chain = DevInfoParamInit
</UL>
<BR>[Called By]<UL><LI><a href="#[1ce]">&gt;&gt;</a>&nbsp;&nbsp;&nbsp;SetDevInfoDef
</UL>

<P><STRONG><a name="[b7]"></a>DownLoad2TerminalWT1</STRONG> (Thumb, 342 bytes, Stack size 16 bytes, loradealdat.o(i.DownLoad2TerminalWT1))
<BR><BR>[Stack]<UL><LI>Max Depth = 232<LI>Call Chain = DownLoad2TerminalWT1 &rArr; SendLoraData &rArr; JudgeDevSendTim &rArr; LoraPro &rArr;  SendLoraData (Cycle)
</UL>
<BR>[Calls]<UL><LI><a href="#[b8]">&gt;&gt;</a>&nbsp;&nbsp;&nbsp;LoraPro
<LI><a href="#[a2]">&gt;&gt;</a>&nbsp;&nbsp;&nbsp;delayMs
<LI><a href="#[9d]">&gt;&gt;</a>&nbsp;&nbsp;&nbsp;WatchDogFeed
<LI><a href="#[7e]">&gt;&gt;</a>&nbsp;&nbsp;&nbsp;SendLoraData
</UL>
<BR>[Called By]<UL><LI><a href="#[19c]">&gt;&gt;</a>&nbsp;&nbsp;&nbsp;SetTerminalW1Info
</UL>

<P><STRONG><a name="[b9]"></a>DownLoad2TerminalWT2</STRONG> (Thumb, 1560 bytes, Stack size 24 bytes, loradealdat.o(i.DownLoad2TerminalWT2))
<BR><BR>[Stack]<UL><LI>Max Depth = 240<LI>Call Chain = DownLoad2TerminalWT2 &rArr; SendLoraData &rArr; JudgeDevSendTim &rArr; LoraPro &rArr;  SendLoraData (Cycle)
</UL>
<BR>[Calls]<UL><LI><a href="#[b8]">&gt;&gt;</a>&nbsp;&nbsp;&nbsp;LoraPro
<LI><a href="#[a2]">&gt;&gt;</a>&nbsp;&nbsp;&nbsp;delayMs
<LI><a href="#[9d]">&gt;&gt;</a>&nbsp;&nbsp;&nbsp;WatchDogFeed
<LI><a href="#[7e]">&gt;&gt;</a>&nbsp;&nbsp;&nbsp;SendLoraData
</UL>
<BR>[Called By]<UL><LI><a href="#[19b]">&gt;&gt;</a>&nbsp;&nbsp;&nbsp;SetTerminalW2Info
<LI><a href="#[86]">&gt;&gt;</a>&nbsp;&nbsp;&nbsp;SetDODevBufData
<LI><a href="#[79]">&gt;&gt;</a>&nbsp;&nbsp;&nbsp;MqttSetDOToWT2
</UL>

<P><STRONG><a name="[ba]"></a>ENC28J60_Init</STRONG> (Thumb, 414 bytes, Stack size 16 bytes, enc28j60.o(i.ENC28J60_Init))
<BR><BR>[Stack]<UL><LI>Max Depth = 96<LI>Call Chain = ENC28J60_Init &rArr; ENC28J60_PHY_Write &rArr; ENC28J60_Write &rArr; ENC28J60_Set_Bank &rArr; ENC28J60_Write_Op &rArr; Spi1ReadWriteByte
</UL>
<BR>[Calls]<UL><LI><a href="#[a2]">&gt;&gt;</a>&nbsp;&nbsp;&nbsp;delayMs
<LI><a href="#[bc]">&gt;&gt;</a>&nbsp;&nbsp;&nbsp;ENC28J60_Write_Op
<LI><a href="#[be]">&gt;&gt;</a>&nbsp;&nbsp;&nbsp;ENC28J60_Write
<LI><a href="#[c0]">&gt;&gt;</a>&nbsp;&nbsp;&nbsp;ENC28J60_Set_Bank
<LI><a href="#[bb]">&gt;&gt;</a>&nbsp;&nbsp;&nbsp;ENC28J60_Reset
<LI><a href="#[bf]">&gt;&gt;</a>&nbsp;&nbsp;&nbsp;ENC28J60_PHY_Write
<LI><a href="#[c1]">&gt;&gt;</a>&nbsp;&nbsp;&nbsp;ENC28J60_PHY_Read
<LI><a href="#[bd]">&gt;&gt;</a>&nbsp;&nbsp;&nbsp;ENC28J60_Read
</UL>
<BR>[Called By]<UL><LI><a href="#[c9]">&gt;&gt;</a>&nbsp;&nbsp;&nbsp;tapdev_init
</UL>

<P><STRONG><a name="[c1]"></a>ENC28J60_PHY_Read</STRONG> (Thumb, 80 bytes, Stack size 16 bytes, enc28j60.o(i.ENC28J60_PHY_Read))
<BR><BR>[Stack]<UL><LI>Max Depth = 80<LI>Call Chain = ENC28J60_PHY_Read &rArr; ENC28J60_Write &rArr; ENC28J60_Set_Bank &rArr; ENC28J60_Write_Op &rArr; Spi1ReadWriteByte
</UL>
<BR>[Calls]<UL><LI><a href="#[be]">&gt;&gt;</a>&nbsp;&nbsp;&nbsp;ENC28J60_Write
<LI><a href="#[bd]">&gt;&gt;</a>&nbsp;&nbsp;&nbsp;ENC28J60_Read
</UL>
<BR>[Called By]<UL><LI><a href="#[c2]">&gt;&gt;</a>&nbsp;&nbsp;&nbsp;ENC28J60_Packet_Receive
<LI><a href="#[ba]">&gt;&gt;</a>&nbsp;&nbsp;&nbsp;ENC28J60_Init
</UL>

<P><STRONG><a name="[bf]"></a>ENC28J60_PHY_Write</STRONG> (Thumb, 62 bytes, Stack size 16 bytes, enc28j60.o(i.ENC28J60_PHY_Write))
<BR><BR>[Stack]<UL><LI>Max Depth = 80<LI>Call Chain = ENC28J60_PHY_Write &rArr; ENC28J60_Write &rArr; ENC28J60_Set_Bank &rArr; ENC28J60_Write_Op &rArr; Spi1ReadWriteByte
</UL>
<BR>[Calls]<UL><LI><a href="#[be]">&gt;&gt;</a>&nbsp;&nbsp;&nbsp;ENC28J60_Write
<LI><a href="#[bd]">&gt;&gt;</a>&nbsp;&nbsp;&nbsp;ENC28J60_Read
</UL>
<BR>[Called By]<UL><LI><a href="#[ba]">&gt;&gt;</a>&nbsp;&nbsp;&nbsp;ENC28J60_Init
<LI><a href="#[c9]">&gt;&gt;</a>&nbsp;&nbsp;&nbsp;tapdev_init
</UL>

<P><STRONG><a name="[c2]"></a>ENC28J60_Packet_Receive</STRONG> (Thumb, 214 bytes, Stack size 24 bytes, enc28j60.o(i.ENC28J60_Packet_Receive))
<BR><BR>[Stack]<UL><LI>Max Depth = 104<LI>Call Chain = ENC28J60_Packet_Receive &rArr; ENC28J60_PHY_Read &rArr; ENC28J60_Write &rArr; ENC28J60_Set_Bank &rArr; ENC28J60_Write_Op &rArr; Spi1ReadWriteByte
</UL>
<BR>[Calls]<UL><LI><a href="#[bc]">&gt;&gt;</a>&nbsp;&nbsp;&nbsp;ENC28J60_Write_Op
<LI><a href="#[be]">&gt;&gt;</a>&nbsp;&nbsp;&nbsp;ENC28J60_Write
<LI><a href="#[c3]">&gt;&gt;</a>&nbsp;&nbsp;&nbsp;ENC28J60_Read_Op
<LI><a href="#[c4]">&gt;&gt;</a>&nbsp;&nbsp;&nbsp;ENC28J60_Read_Buf
<LI><a href="#[c1]">&gt;&gt;</a>&nbsp;&nbsp;&nbsp;ENC28J60_PHY_Read
<LI><a href="#[bd]">&gt;&gt;</a>&nbsp;&nbsp;&nbsp;ENC28J60_Read
</UL>
<BR>[Called By]<UL><LI><a href="#[23e]">&gt;&gt;</a>&nbsp;&nbsp;&nbsp;tapdev_read
</UL>

<P><STRONG><a name="[c5]"></a>ENC28J60_Packet_Send</STRONG> (Thumb, 102 bytes, Stack size 16 bytes, enc28j60.o(i.ENC28J60_Packet_Send))
<BR><BR>[Stack]<UL><LI>Max Depth = 80<LI>Call Chain = ENC28J60_Packet_Send &rArr; ENC28J60_Write &rArr; ENC28J60_Set_Bank &rArr; ENC28J60_Write_Op &rArr; Spi1ReadWriteByte
</UL>
<BR>[Calls]<UL><LI><a href="#[bc]">&gt;&gt;</a>&nbsp;&nbsp;&nbsp;ENC28J60_Write_Op
<LI><a href="#[c6]">&gt;&gt;</a>&nbsp;&nbsp;&nbsp;ENC28J60_Write_Buf
<LI><a href="#[be]">&gt;&gt;</a>&nbsp;&nbsp;&nbsp;ENC28J60_Write
<LI><a href="#[bd]">&gt;&gt;</a>&nbsp;&nbsp;&nbsp;ENC28J60_Read
</UL>
<BR>[Called By]<UL><LI><a href="#[1e8]">&gt;&gt;</a>&nbsp;&nbsp;&nbsp;tapdev_send
</UL>

<P><STRONG><a name="[bd]"></a>ENC28J60_Read</STRONG> (Thumb, 20 bytes, Stack size 8 bytes, enc28j60.o(i.ENC28J60_Read))
<BR><BR>[Stack]<UL><LI>Max Depth = 56<LI>Call Chain = ENC28J60_Read &rArr; ENC28J60_Set_Bank &rArr; ENC28J60_Write_Op &rArr; Spi1ReadWriteByte
</UL>
<BR>[Calls]<UL><LI><a href="#[c0]">&gt;&gt;</a>&nbsp;&nbsp;&nbsp;ENC28J60_Set_Bank
<LI><a href="#[c3]">&gt;&gt;</a>&nbsp;&nbsp;&nbsp;ENC28J60_Read_Op
</UL>
<BR>[Called By]<UL><LI><a href="#[c5]">&gt;&gt;</a>&nbsp;&nbsp;&nbsp;ENC28J60_Packet_Send
<LI><a href="#[c2]">&gt;&gt;</a>&nbsp;&nbsp;&nbsp;ENC28J60_Packet_Receive
<LI><a href="#[bf]">&gt;&gt;</a>&nbsp;&nbsp;&nbsp;ENC28J60_PHY_Write
<LI><a href="#[c1]">&gt;&gt;</a>&nbsp;&nbsp;&nbsp;ENC28J60_PHY_Read
<LI><a href="#[ba]">&gt;&gt;</a>&nbsp;&nbsp;&nbsp;ENC28J60_Init
<LI><a href="#[c8]">&gt;&gt;</a>&nbsp;&nbsp;&nbsp;Enc28j60Check
</UL>

<P><STRONG><a name="[c4]"></a>ENC28J60_Read_Buf</STRONG> (Thumb, 56 bytes, Stack size 16 bytes, enc28j60.o(i.ENC28J60_Read_Buf))
<BR><BR>[Stack]<UL><LI>Max Depth = 32<LI>Call Chain = ENC28J60_Read_Buf &rArr; Spi1ReadWriteByte
</UL>
<BR>[Calls]<UL><LI><a href="#[9f]">&gt;&gt;</a>&nbsp;&nbsp;&nbsp;gpio_bit_set
<LI><a href="#[99]">&gt;&gt;</a>&nbsp;&nbsp;&nbsp;gpio_bit_reset
<LI><a href="#[c7]">&gt;&gt;</a>&nbsp;&nbsp;&nbsp;Spi1ReadWriteByte
</UL>
<BR>[Called By]<UL><LI><a href="#[c2]">&gt;&gt;</a>&nbsp;&nbsp;&nbsp;ENC28J60_Packet_Receive
</UL>

<P><STRONG><a name="[c3]"></a>ENC28J60_Read_Op</STRONG> (Thumb, 68 bytes, Stack size 16 bytes, enc28j60.o(i.ENC28J60_Read_Op))
<BR><BR>[Stack]<UL><LI>Max Depth = 32<LI>Call Chain = ENC28J60_Read_Op &rArr; Spi1ReadWriteByte
</UL>
<BR>[Calls]<UL><LI><a href="#[9f]">&gt;&gt;</a>&nbsp;&nbsp;&nbsp;gpio_bit_set
<LI><a href="#[99]">&gt;&gt;</a>&nbsp;&nbsp;&nbsp;gpio_bit_reset
<LI><a href="#[c7]">&gt;&gt;</a>&nbsp;&nbsp;&nbsp;Spi1ReadWriteByte
</UL>
<BR>[Called By]<UL><LI><a href="#[c2]">&gt;&gt;</a>&nbsp;&nbsp;&nbsp;ENC28J60_Packet_Receive
<LI><a href="#[bd]">&gt;&gt;</a>&nbsp;&nbsp;&nbsp;ENC28J60_Read
</UL>

<P><STRONG><a name="[bb]"></a>ENC28J60_Reset</STRONG> (Thumb, 38 bytes, Stack size 8 bytes, enc28j60.o(i.ENC28J60_Reset))
<BR><BR>[Stack]<UL><LI>Max Depth = 24<LI>Call Chain = ENC28J60_Reset &rArr; Spi1ReadWriteByte
</UL>
<BR>[Calls]<UL><LI><a href="#[a2]">&gt;&gt;</a>&nbsp;&nbsp;&nbsp;delayMs
<LI><a href="#[9f]">&gt;&gt;</a>&nbsp;&nbsp;&nbsp;gpio_bit_set
<LI><a href="#[99]">&gt;&gt;</a>&nbsp;&nbsp;&nbsp;gpio_bit_reset
<LI><a href="#[c7]">&gt;&gt;</a>&nbsp;&nbsp;&nbsp;Spi1ReadWriteByte
</UL>
<BR>[Called By]<UL><LI><a href="#[ba]">&gt;&gt;</a>&nbsp;&nbsp;&nbsp;ENC28J60_Init
</UL>

<P><STRONG><a name="[c0]"></a>ENC28J60_Set_Bank</STRONG> (Thumb, 48 bytes, Stack size 8 bytes, enc28j60.o(i.ENC28J60_Set_Bank))
<BR><BR>[Stack]<UL><LI>Max Depth = 48<LI>Call Chain = ENC28J60_Set_Bank &rArr; ENC28J60_Write_Op &rArr; Spi1ReadWriteByte
</UL>
<BR>[Calls]<UL><LI><a href="#[bc]">&gt;&gt;</a>&nbsp;&nbsp;&nbsp;ENC28J60_Write_Op
</UL>
<BR>[Called By]<UL><LI><a href="#[be]">&gt;&gt;</a>&nbsp;&nbsp;&nbsp;ENC28J60_Write
<LI><a href="#[ba]">&gt;&gt;</a>&nbsp;&nbsp;&nbsp;ENC28J60_Init
<LI><a href="#[bd]">&gt;&gt;</a>&nbsp;&nbsp;&nbsp;ENC28J60_Read
</UL>

<P><STRONG><a name="[be]"></a>ENC28J60_Write</STRONG> (Thumb, 24 bytes, Stack size 16 bytes, enc28j60.o(i.ENC28J60_Write))
<BR><BR>[Stack]<UL><LI>Max Depth = 64<LI>Call Chain = ENC28J60_Write &rArr; ENC28J60_Set_Bank &rArr; ENC28J60_Write_Op &rArr; Spi1ReadWriteByte
</UL>
<BR>[Calls]<UL><LI><a href="#[bc]">&gt;&gt;</a>&nbsp;&nbsp;&nbsp;ENC28J60_Write_Op
<LI><a href="#[c0]">&gt;&gt;</a>&nbsp;&nbsp;&nbsp;ENC28J60_Set_Bank
</UL>
<BR>[Called By]<UL><LI><a href="#[c5]">&gt;&gt;</a>&nbsp;&nbsp;&nbsp;ENC28J60_Packet_Send
<LI><a href="#[c2]">&gt;&gt;</a>&nbsp;&nbsp;&nbsp;ENC28J60_Packet_Receive
<LI><a href="#[bf]">&gt;&gt;</a>&nbsp;&nbsp;&nbsp;ENC28J60_PHY_Write
<LI><a href="#[c1]">&gt;&gt;</a>&nbsp;&nbsp;&nbsp;ENC28J60_PHY_Read
<LI><a href="#[ba]">&gt;&gt;</a>&nbsp;&nbsp;&nbsp;ENC28J60_Init
</UL>

<P><STRONG><a name="[c6]"></a>ENC28J60_Write_Buf</STRONG> (Thumb, 50 bytes, Stack size 16 bytes, enc28j60.o(i.ENC28J60_Write_Buf))
<BR><BR>[Stack]<UL><LI>Max Depth = 32<LI>Call Chain = ENC28J60_Write_Buf &rArr; Spi1ReadWriteByte
</UL>
<BR>[Calls]<UL><LI><a href="#[9f]">&gt;&gt;</a>&nbsp;&nbsp;&nbsp;gpio_bit_set
<LI><a href="#[99]">&gt;&gt;</a>&nbsp;&nbsp;&nbsp;gpio_bit_reset
<LI><a href="#[c7]">&gt;&gt;</a>&nbsp;&nbsp;&nbsp;Spi1ReadWriteByte
</UL>
<BR>[Called By]<UL><LI><a href="#[c5]">&gt;&gt;</a>&nbsp;&nbsp;&nbsp;ENC28J60_Packet_Send
</UL>

<P><STRONG><a name="[bc]"></a>ENC28J60_Write_Op</STRONG> (Thumb, 56 bytes, Stack size 24 bytes, enc28j60.o(i.ENC28J60_Write_Op))
<BR><BR>[Stack]<UL><LI>Max Depth = 40<LI>Call Chain = ENC28J60_Write_Op &rArr; Spi1ReadWriteByte
</UL>
<BR>[Calls]<UL><LI><a href="#[9f]">&gt;&gt;</a>&nbsp;&nbsp;&nbsp;gpio_bit_set
<LI><a href="#[99]">&gt;&gt;</a>&nbsp;&nbsp;&nbsp;gpio_bit_reset
<LI><a href="#[c7]">&gt;&gt;</a>&nbsp;&nbsp;&nbsp;Spi1ReadWriteByte
</UL>
<BR>[Called By]<UL><LI><a href="#[be]">&gt;&gt;</a>&nbsp;&nbsp;&nbsp;ENC28J60_Write
<LI><a href="#[c0]">&gt;&gt;</a>&nbsp;&nbsp;&nbsp;ENC28J60_Set_Bank
<LI><a href="#[c5]">&gt;&gt;</a>&nbsp;&nbsp;&nbsp;ENC28J60_Packet_Send
<LI><a href="#[c2]">&gt;&gt;</a>&nbsp;&nbsp;&nbsp;ENC28J60_Packet_Receive
<LI><a href="#[ba]">&gt;&gt;</a>&nbsp;&nbsp;&nbsp;ENC28J60_Init
</UL>

<P><STRONG><a name="[18d]"></a>ETHLineOut</STRONG> (Thumb, 26 bytes, Stack size 0 bytes, enc28j60.o(i.ETHLineOut))
<BR><BR>[Called By]<UL><LI><a href="#[18b]">&gt;&gt;</a>&nbsp;&nbsp;&nbsp;NetRunning
</UL>

<P><STRONG><a name="[c8]"></a>Enc28j60Check</STRONG> (Thumb, 44 bytes, Stack size 8 bytes, ethnet.o(i.Enc28j60Check))
<BR><BR>[Stack]<UL><LI>Max Depth = 128<LI>Call Chain = Enc28j60Check &rArr; tapdev_init &rArr; ENC28J60_Init &rArr; ENC28J60_PHY_Write &rArr; ENC28J60_Write &rArr; ENC28J60_Set_Bank &rArr; ENC28J60_Write_Op &rArr; Spi1ReadWriteByte
</UL>
<BR>[Calls]<UL><LI><a href="#[c9]">&gt;&gt;</a>&nbsp;&nbsp;&nbsp;tapdev_init
<LI><a href="#[bd]">&gt;&gt;</a>&nbsp;&nbsp;&nbsp;ENC28J60_Read
<LI><a href="#[76]">&gt;&gt;</a>&nbsp;&nbsp;&nbsp;S282_Log
</UL>
<BR>[Called By]<UL><LI><a href="#[18b]">&gt;&gt;</a>&nbsp;&nbsp;&nbsp;NetRunning
</UL>

<P><STRONG><a name="[a7]"></a>EraseChipOrSector</STRONG> (Thumb, 22 bytes, Stack size 16 bytes, config_interface.o(i.EraseChipOrSector))
<BR><BR>[Stack]<UL><LI>Max Depth = 56<LI>Call Chain = EraseChipOrSector &rArr; W25Q_Erase_Sector &rArr; W25Q_Wait_Busy &rArr; W25Q_ReadSR &rArr; Spi1ReadWriteByte
</UL>
<BR>[Calls]<UL><LI><a href="#[ca]">&gt;&gt;</a>&nbsp;&nbsp;&nbsp;W25Q_Erase_Sector
<LI><a href="#[cb]">&gt;&gt;</a>&nbsp;&nbsp;&nbsp;W25Q_Erase_Chip
</UL>
<BR>[Called By]<UL><LI><a href="#[a6]">&gt;&gt;</a>&nbsp;&nbsp;&nbsp;ClearHistory
<LI><a href="#[1e1]">&gt;&gt;</a>&nbsp;&nbsp;&nbsp;SysInfoInit
</UL>

<P><STRONG><a name="[cc]"></a>EthFun</STRONG> (Thumb, 704 bytes, Stack size 8 bytes, ethnet.o(i.EthFun))
<BR><BR>[Stack]<UL><LI>Max Depth = 336<LI>Call Chain = EthFun &rArr; AnalyModBus &rArr; SetDODevBufData &rArr; DownLoad2TerminalWT2 &rArr; SendLoraData &rArr; JudgeDevSendTim &rArr; LoraPro &rArr;  SendLoraData (Cycle)
</UL>
<BR>[Calls]<UL><LI><a href="#[9d]">&gt;&gt;</a>&nbsp;&nbsp;&nbsp;WatchDogFeed
<LI><a href="#[cd]">&gt;&gt;</a>&nbsp;&nbsp;&nbsp;UipClient2Server
<LI><a href="#[ce]">&gt;&gt;</a>&nbsp;&nbsp;&nbsp;SendEthWithReg
<LI><a href="#[cf]">&gt;&gt;</a>&nbsp;&nbsp;&nbsp;CompEthData
<LI><a href="#[d0]">&gt;&gt;</a>&nbsp;&nbsp;&nbsp;S282_LogInt
<LI><a href="#[76]">&gt;&gt;</a>&nbsp;&nbsp;&nbsp;S282_Log
<LI><a href="#[89]">&gt;&gt;</a>&nbsp;&nbsp;&nbsp;GetSecCnt
<LI><a href="#[7c]">&gt;&gt;</a>&nbsp;&nbsp;&nbsp;AnalyModBus
</UL>
<BR>[Called By]<UL><LI><a href="#[18b]">&gt;&gt;</a>&nbsp;&nbsp;&nbsp;NetRunning
</UL>

<P><STRONG><a name="[d1]"></a>EthGetServerTime</STRONG> (Thumb, 64 bytes, Stack size 8 bytes, ethnet.o(i.EthGetServerTime))
<BR><BR>[Stack]<UL><LI>Max Depth = 140<LI>Call Chain = EthGetServerTime &rArr; SetUtcTime &rArr; RTC_Set &rArr; RTCTimeToSeconds
</UL>
<BR>[Calls]<UL><LI><a href="#[a2]">&gt;&gt;</a>&nbsp;&nbsp;&nbsp;delayMs
<LI><a href="#[d2]">&gt;&gt;</a>&nbsp;&nbsp;&nbsp;SetUtcTime
<LI><a href="#[76]">&gt;&gt;</a>&nbsp;&nbsp;&nbsp;S282_Log
</UL>
<BR>[Called By]<UL><LI><a href="#[18b]">&gt;&gt;</a>&nbsp;&nbsp;&nbsp;NetRunning
</UL>

<P><STRONG><a name="[100]"></a>FindFreeIndex</STRONG> (Thumb, 60 bytes, Stack size 0 bytes, dealdat.o(i.FindFreeIndex))
<BR><BR>[Called By]<UL><LI><a href="#[ff]">&gt;&gt;</a>&nbsp;&nbsp;&nbsp;GetDevIndex
</UL>

<P><STRONG><a name="[d9]"></a>Flash_ReadWord</STRONG> (Thumb, 6 bytes, Stack size 0 bytes, sysflash.o(i.Flash_ReadWord))
<BR><BR>[Called By]<UL><LI><a href="#[d8]">&gt;&gt;</a>&nbsp;&nbsp;&nbsp;Fmc_ReadToFlash
</UL>

<P><STRONG><a name="[d3]"></a>Fmc_ErasePages</STRONG> (Thumb, 52 bytes, Stack size 16 bytes, sysflash.o(i.Fmc_ErasePages))
<BR><BR>[Stack]<UL><LI>Max Depth = 48<LI>Call Chain = Fmc_ErasePages &rArr; fmc_page_erase &rArr; fmc_ready_wait
</UL>
<BR>[Calls]<UL><LI><a href="#[d4]">&gt;&gt;</a>&nbsp;&nbsp;&nbsp;fmc_unlock
<LI><a href="#[d6]">&gt;&gt;</a>&nbsp;&nbsp;&nbsp;fmc_page_erase
<LI><a href="#[d7]">&gt;&gt;</a>&nbsp;&nbsp;&nbsp;fmc_lock
<LI><a href="#[d5]">&gt;&gt;</a>&nbsp;&nbsp;&nbsp;fmc_flag_clear
</UL>
<BR>[Called By]<UL><LI><a href="#[da]">&gt;&gt;</a>&nbsp;&nbsp;&nbsp;Fmc_WriteToFlash
</UL>

<P><STRONG><a name="[d8]"></a>Fmc_ReadToFlash</STRONG> (Thumb, 36 bytes, Stack size 12 bytes, sysflash.o(i.Fmc_ReadToFlash))
<BR><BR>[Stack]<UL><LI>Max Depth = 12<LI>Call Chain = Fmc_ReadToFlash
</UL>
<BR>[Calls]<UL><LI><a href="#[d9]">&gt;&gt;</a>&nbsp;&nbsp;&nbsp;Flash_ReadWord
</UL>
<BR>[Called By]<UL><LI><a href="#[1b7]">&gt;&gt;</a>&nbsp;&nbsp;&nbsp;ReadConfig
</UL>

<P><STRONG><a name="[da]"></a>Fmc_WriteToFlash</STRONG> (Thumb, 118 bytes, Stack size 24 bytes, sysflash.o(i.Fmc_WriteToFlash))
<BR><BR>[Stack]<UL><LI>Max Depth = 72<LI>Call Chain = Fmc_WriteToFlash &rArr; Fmc_ErasePages &rArr; fmc_page_erase &rArr; fmc_ready_wait
</UL>
<BR>[Calls]<UL><LI><a href="#[db]">&gt;&gt;</a>&nbsp;&nbsp;&nbsp;fmc_word_program
<LI><a href="#[d4]">&gt;&gt;</a>&nbsp;&nbsp;&nbsp;fmc_unlock
<LI><a href="#[d7]">&gt;&gt;</a>&nbsp;&nbsp;&nbsp;fmc_lock
<LI><a href="#[d5]">&gt;&gt;</a>&nbsp;&nbsp;&nbsp;fmc_flag_clear
<LI><a href="#[d3]">&gt;&gt;</a>&nbsp;&nbsp;&nbsp;Fmc_ErasePages
</UL>
<BR>[Called By]<UL><LI><a href="#[b4]">&gt;&gt;</a>&nbsp;&nbsp;&nbsp;WriteConfig
</UL>

<P><STRONG><a name="[ed]"></a>GPRSLEDShow</STRONG> (Thumb, 104 bytes, Stack size 0 bytes, hardware.o(i.GPRSLEDShow))
<BR><BR>[Called By]<UL><LI><a href="#[e7]">&gt;&gt;</a>&nbsp;&nbsp;&nbsp;GSMInit
</UL>

<P><STRONG><a name="[dc]"></a>GSMAnalySms</STRONG> (Thumb, 364 bytes, Stack size 24 bytes, smsinstruct.o(i.GSMAnalySms))
<BR><BR>[Stack]<UL><LI>Max Depth = 1336<LI>Call Chain = GSMAnalySms &rArr; SmsAnaSetCmd &rArr; GSMReplyFunc &rArr; SmsSendDat &rArr; SmsSendGsm &rArr; WaitGsmChar &rArr; delay_1ms &rArr; NorPro &rArr; PcCmdPro &rArr; SetTerminalW2Info &rArr; DownLoad2TerminalWT2 &rArr; SendLoraData &rArr; JudgeDevSendTim &rArr; LoraPro &rArr;  SendLoraData (Cycle)
</UL>
<BR>[Calls]<UL><LI><a href="#[a8]">&gt;&gt;</a>&nbsp;&nbsp;&nbsp;SaveUserInfo
<LI><a href="#[ad]">&gt;&gt;</a>&nbsp;&nbsp;&nbsp;CompStr
<LI><a href="#[dd]">&gt;&gt;</a>&nbsp;&nbsp;&nbsp;UniToGbFunc
<LI><a href="#[df]">&gt;&gt;</a>&nbsp;&nbsp;&nbsp;SmsAnaSetCmd
<LI><a href="#[76]">&gt;&gt;</a>&nbsp;&nbsp;&nbsp;S282_Log
<LI><a href="#[de]">&gt;&gt;</a>&nbsp;&nbsp;&nbsp;GetLanguageMode
</UL>
<BR>[Called By]<UL><LI><a href="#[11d]">&gt;&gt;</a>&nbsp;&nbsp;&nbsp;SmsFun
</UL>

<P><STRONG><a name="[e0]"></a>GSMDelSms</STRONG> (Thumb, 114 bytes, Stack size 16 bytes, smsinstruct.o(i.GSMDelSms))
<BR><BR>[Stack]<UL><LI>Max Depth = 1168<LI>Call Chain = GSMDelSms &rArr; GSMRecOK &rArr; delay_1ms &rArr; NorPro &rArr; PcCmdPro &rArr; SetTerminalW2Info &rArr; DownLoad2TerminalWT2 &rArr; SendLoraData &rArr; JudgeDevSendTim &rArr; LoraPro &rArr;  SendLoraData (Cycle)
</UL>
<BR>[Calls]<UL><LI><a href="#[e2]">&gt;&gt;</a>&nbsp;&nbsp;&nbsp;PutInUart1
<LI><a href="#[e1]">&gt;&gt;</a>&nbsp;&nbsp;&nbsp;WriteComm
<LI><a href="#[e3]">&gt;&gt;</a>&nbsp;&nbsp;&nbsp;GSMRecOK
</UL>
<BR>[Called By]<UL><LI><a href="#[11d]">&gt;&gt;</a>&nbsp;&nbsp;&nbsp;SmsFun
</UL>

<P><STRONG><a name="[e4]"></a>GSMGetCsq</STRONG> (Thumb, 18 bytes, Stack size 8 bytes, gsm234g.o(i.GSMGetCsq))
<BR><BR>[Stack]<UL><LI>Max Depth = 1176<LI>Call Chain = GSMGetCsq &rArr; SendCmd &rArr; delay_1ms &rArr; NorPro &rArr; PcCmdPro &rArr; SetTerminalW2Info &rArr; DownLoad2TerminalWT2 &rArr; SendLoraData &rArr; JudgeDevSendTim &rArr; LoraPro &rArr;  SendLoraData (Cycle)
</UL>
<BR>[Calls]<UL><LI><a href="#[94]">&gt;&gt;</a>&nbsp;&nbsp;&nbsp;SendCmd
</UL>
<BR>[Called By]<UL><LI><a href="#[e7]">&gt;&gt;</a>&nbsp;&nbsp;&nbsp;GSMInit
<LI><a href="#[11d]">&gt;&gt;</a>&nbsp;&nbsp;&nbsp;SmsFun
</UL>

<P><STRONG><a name="[e5]"></a>GSMGetMsgCap</STRONG> (Thumb, 26 bytes, Stack size 8 bytes, gsm234g.o(i.GSMGetMsgCap))
<BR><BR>[Stack]<UL><LI>Max Depth = 32<LI>Call Chain = GSMGetMsgCap &rArr; WriteComm &rArr; PutInUart1 &rArr; WatchDogFeed
</UL>
<BR>[Calls]<UL><LI><a href="#[e1]">&gt;&gt;</a>&nbsp;&nbsp;&nbsp;WriteComm
</UL>
<BR>[Called By]<UL><LI><a href="#[11d]">&gt;&gt;</a>&nbsp;&nbsp;&nbsp;SmsFun
</UL>

<P><STRONG><a name="[e6]"></a>GSMGetReg</STRONG> (Thumb, 74 bytes, Stack size 8 bytes, gsm234g.o(i.GSMGetReg))
<BR><BR>[Stack]<UL><LI>Max Depth = 1176<LI>Call Chain = GSMGetReg &rArr; SendCmd &rArr; delay_1ms &rArr; NorPro &rArr; PcCmdPro &rArr; SetTerminalW2Info &rArr; DownLoad2TerminalWT2 &rArr; SendLoraData &rArr; JudgeDevSendTim &rArr; LoraPro &rArr;  SendLoraData (Cycle)
</UL>
<BR>[Calls]<UL><LI><a href="#[94]">&gt;&gt;</a>&nbsp;&nbsp;&nbsp;SendCmd
<LI><a href="#[76]">&gt;&gt;</a>&nbsp;&nbsp;&nbsp;S282_Log
</UL>
<BR>[Called By]<UL><LI><a href="#[11b]">&gt;&gt;</a>&nbsp;&nbsp;&nbsp;GprsRunning
<LI><a href="#[e7]">&gt;&gt;</a>&nbsp;&nbsp;&nbsp;GSMInit
</UL>

<P><STRONG><a name="[e7]"></a>GSMInit</STRONG> (Thumb, 296 bytes, Stack size 16 bytes, gsm234g.o(i.GSMInit))
<BR><BR>[Stack]<UL><LI>Max Depth = 1200<LI>Call Chain = GSMInit &rArr; GSMSetGprs &rArr; SendCmd &rArr; delay_1ms &rArr; NorPro &rArr; PcCmdPro &rArr; SetTerminalW2Info &rArr; DownLoad2TerminalWT2 &rArr; SendLoraData &rArr; JudgeDevSendTim &rArr; LoraPro &rArr;  SendLoraData (Cycle)
</UL>
<BR>[Calls]<UL><LI><a href="#[eb]">&gt;&gt;</a>&nbsp;&nbsp;&nbsp;delay_1ms
<LI><a href="#[ed]">&gt;&gt;</a>&nbsp;&nbsp;&nbsp;GPRSLEDShow
<LI><a href="#[94]">&gt;&gt;</a>&nbsp;&nbsp;&nbsp;SendCmd
<LI><a href="#[e8]">&gt;&gt;</a>&nbsp;&nbsp;&nbsp;PutModuleVer
<LI><a href="#[ea]">&gt;&gt;</a>&nbsp;&nbsp;&nbsp;InitGsmBasic
<LI><a href="#[76]">&gt;&gt;</a>&nbsp;&nbsp;&nbsp;S282_Log
<LI><a href="#[ec]">&gt;&gt;</a>&nbsp;&nbsp;&nbsp;GSMSetGprs
<LI><a href="#[e6]">&gt;&gt;</a>&nbsp;&nbsp;&nbsp;GSMGetReg
<LI><a href="#[e4]">&gt;&gt;</a>&nbsp;&nbsp;&nbsp;GSMGetCsq
<LI><a href="#[e9]">&gt;&gt;</a>&nbsp;&nbsp;&nbsp;__2printf
</UL>
<BR>[Called By]<UL><LI><a href="#[1eb]">&gt;&gt;</a>&nbsp;&nbsp;&nbsp;TotalInit
<LI><a href="#[115]">&gt;&gt;</a>&nbsp;&nbsp;&nbsp;RestartGSM
</UL>

<P><STRONG><a name="[ee]"></a>GSMReadSms</STRONG> (Thumb, 216 bytes, Stack size 16 bytes, smsinstruct.o(i.GSMReadSms))
<BR><BR>[Stack]<UL><LI>Max Depth = 1168<LI>Call Chain = GSMReadSms &rArr; GSMRecOK &rArr; delay_1ms &rArr; NorPro &rArr; PcCmdPro &rArr; SetTerminalW2Info &rArr; DownLoad2TerminalWT2 &rArr; SendLoraData &rArr; JudgeDevSendTim &rArr; LoraPro &rArr;  SendLoraData (Cycle)
</UL>
<BR>[Calls]<UL><LI><a href="#[e2]">&gt;&gt;</a>&nbsp;&nbsp;&nbsp;PutInUart1
<LI><a href="#[e1]">&gt;&gt;</a>&nbsp;&nbsp;&nbsp;WriteComm
<LI><a href="#[e3]">&gt;&gt;</a>&nbsp;&nbsp;&nbsp;GSMRecOK
</UL>
<BR>[Called By]<UL><LI><a href="#[11d]">&gt;&gt;</a>&nbsp;&nbsp;&nbsp;SmsFun
</UL>

<P><STRONG><a name="[e3]"></a>GSMRecOK</STRONG> (Thumb, 104 bytes, Stack size 16 bytes, gsm234g.o(i.GSMRecOK))
<BR><BR>[Stack]<UL><LI>Max Depth = 1152<LI>Call Chain = GSMRecOK &rArr; delay_1ms &rArr; NorPro &rArr; PcCmdPro &rArr; SetTerminalW2Info &rArr; DownLoad2TerminalWT2 &rArr; SendLoraData &rArr; JudgeDevSendTim &rArr; LoraPro &rArr;  SendLoraData (Cycle)
</UL>
<BR>[Calls]<UL><LI><a href="#[eb]">&gt;&gt;</a>&nbsp;&nbsp;&nbsp;delay_1ms
</UL>
<BR>[Called By]<UL><LI><a href="#[1d5]">&gt;&gt;</a>&nbsp;&nbsp;&nbsp;SmsSendGsm
<LI><a href="#[ee]">&gt;&gt;</a>&nbsp;&nbsp;&nbsp;GSMReadSms
<LI><a href="#[e0]">&gt;&gt;</a>&nbsp;&nbsp;&nbsp;GSMDelSms
</UL>

<P><STRONG><a name="[ef]"></a>GSMReplyFunc</STRONG> (Thumb, 80 bytes, Stack size 8 bytes, smsinstruct.o(i.GSMReplyFunc))
[...]
</UL>

<P><STRONG><a name="[142]"></a>usart_transmit_config</STRONG> (Thumb, 16 bytes, Stack size 0 bytes, gd32e10x_usart.o(i.usart_transmit_config))
<BR><BR>[Called By]<UL><LI><a href="#[14c]">&gt;&gt;</a>&nbsp;&nbsp;&nbsp;InitUsart1
<LI><a href="#[140]">&gt;&gt;</a>&nbsp;&nbsp;&nbsp;InitUsart0
</UL>

<P><STRONG><a name="[145]"></a>usart_word_length_set</STRONG> (Thumb, 16 bytes, Stack size 0 bytes, gd32e10x_usart.o(i.usart_word_length_set))
<BR><BR>[Called By]<UL><LI><a href="#[14c]">&gt;&gt;</a>&nbsp;&nbsp;&nbsp;InitUsart1
<LI><a href="#[140]">&gt;&gt;</a>&nbsp;&nbsp;&nbsp;InitUsart0
</UL>

<P><STRONG><a name="[167]"></a>writeCString</STRONG> (Thumb, 40 bytes, Stack size 16 bytes, mqttpacket.o(i.writeCString))
<BR><BR>[Stack]<UL><LI>Max Depth = 24<LI>Call Chain = writeCString &rArr; writeInt
</UL>
<BR>[Calls]<UL><LI><a href="#[168]">&gt;&gt;</a>&nbsp;&nbsp;&nbsp;writeInt
<LI><a href="#[174]">&gt;&gt;</a>&nbsp;&nbsp;&nbsp;strlen
<LI><a href="#[170]">&gt;&gt;</a>&nbsp;&nbsp;&nbsp;__aeabi_memcpy
</UL>
<BR>[Called By]<UL><LI><a href="#[162]">&gt;&gt;</a>&nbsp;&nbsp;&nbsp;MQTTSerialize_connect
<LI><a href="#[169]">&gt;&gt;</a>&nbsp;&nbsp;&nbsp;writeMQTTString
</UL>

<P><STRONG><a name="[165]"></a>writeChar</STRONG> (Thumb, 12 bytes, Stack size 0 bytes, mqttpacket.o(i.writeChar))
<BR><BR>[Called By]<UL><LI><a href="#[16c]">&gt;&gt;</a>&nbsp;&nbsp;&nbsp;MQTTSerialize_zero
<LI><a href="#[162]">&gt;&gt;</a>&nbsp;&nbsp;&nbsp;MQTTSerialize_connect
<LI><a href="#[171]">&gt;&gt;</a>&nbsp;&nbsp;&nbsp;MQTTSerialize_subscribe
<LI><a href="#[16e]">&gt;&gt;</a>&nbsp;&nbsp;&nbsp;MQTTSerialize_publish
</UL>

<P><STRONG><a name="[168]"></a>writeInt</STRONG> (Thumb, 48 bytes, Stack size 8 bytes, mqttpacket.o(i.writeInt))
<BR><BR>[Stack]<UL><LI>Max Depth = 8<LI>Call Chain = writeInt
</UL>
<BR>[Called By]<UL><LI><a href="#[167]">&gt;&gt;</a>&nbsp;&nbsp;&nbsp;writeCString
<LI><a href="#[162]">&gt;&gt;</a>&nbsp;&nbsp;&nbsp;MQTTSerialize_connect
<LI><a href="#[169]">&gt;&gt;</a>&nbsp;&nbsp;&nbsp;writeMQTTString
<LI><a href="#[171]">&gt;&gt;</a>&nbsp;&nbsp;&nbsp;MQTTSerialize_subscribe
<LI><a href="#[16e]">&gt;&gt;</a>&nbsp;&nbsp;&nbsp;MQTTSerialize_publish
</UL>

<P><STRONG><a name="[169]"></a>writeMQTTString</STRONG> (Thumb, 62 bytes, Stack size 24 bytes, mqttpacket.o(i.writeMQTTString))
<BR><BR>[Stack]<UL><LI>Max Depth = 48<LI>Call Chain = writeMQTTString &rArr; writeCString &rArr; writeInt
</UL>
<BR>[Calls]<UL><LI><a href="#[167]">&gt;&gt;</a>&nbsp;&nbsp;&nbsp;writeCString
<LI><a href="#[168]">&gt;&gt;</a>&nbsp;&nbsp;&nbsp;writeInt
<LI><a href="#[170]">&gt;&gt;</a>&nbsp;&nbsp;&nbsp;__aeabi_memcpy
</UL>
<BR>[Called By]<UL><LI><a href="#[162]">&gt;&gt;</a>&nbsp;&nbsp;&nbsp;MQTTSerialize_connect
<LI><a href="#[171]">&gt;&gt;</a>&nbsp;&nbsp;&nbsp;MQTTSerialize_subscribe
<LI><a href="#[16e]">&gt;&gt;</a>&nbsp;&nbsp;&nbsp;MQTTSerialize_publish
</UL>
<P>
<H3>
Local Symbols
</H3>
<P><STRONG><a name="[23d]"></a>NVIC_SetPriority</STRONG> (Thumb, 32 bytes, Stack size 8 bytes, systick.o(i.NVIC_SetPriority))
<BR><BR>[Stack]<UL><LI>Max Depth = 8<LI>Call Chain = NVIC_SetPriority
</UL>
<BR>[Called By]<UL><LI><a href="#[228]">&gt;&gt;</a>&nbsp;&nbsp;&nbsp;systick_config
</UL>

<P><STRONG><a name="[f1]"></a>GSMToAnalysisData</STRONG> (Thumb, 880 bytes, Stack size 24 bytes, gsm234g.o(i.GSMToAnalysisData))
<BR><BR>[Stack]<UL><LI>Max Depth = 44<LI>Call Chain = GSMToAnalysisData &rArr; GprsAnalysisCmd3GOr4G &rArr; CompStr
</UL>
<BR>[Calls]<UL><LI><a href="#[ad]">&gt;&gt;</a>&nbsp;&nbsp;&nbsp;CompStr
<LI><a href="#[f3]">&gt;&gt;</a>&nbsp;&nbsp;&nbsp;SimAnalysisCmd
<LI><a href="#[f2]">&gt;&gt;</a>&nbsp;&nbsp;&nbsp;GprsAnalysisCmd3GOr4G
<LI><a href="#[f4]">&gt;&gt;</a>&nbsp;&nbsp;&nbsp;GprsAnalysisCmd2G
</UL>
<BR>[Called By]<UL><LI><a href="#[1f2]">&gt;&gt;</a>&nbsp;&nbsp;&nbsp;UartToGSM
</UL>

<P><STRONG><a name="[153]"></a>JudgeDevOnline</STRONG> (Thumb, 286 bytes, Stack size 8 bytes, loradealdat.o(i.JudgeDevOnline))
<BR><BR>[Stack]<UL><LI>Max Depth = 8<LI>Call Chain = JudgeDevOnline
</UL>
<BR>[Called By]<UL><LI><a href="#[b8]">&gt;&gt;</a>&nbsp;&nbsp;&nbsp;LoraPro
</UL>

<P><STRONG><a name="[9e]"></a>NVIC_SystemReset</STRONG> (Thumb, 30 bytes, Stack size 0 bytes, hardware.o(i.NVIC_SystemReset))
<BR><BR>[Called By]<UL><LI><a href="#[a0]">&gt;&gt;</a>&nbsp;&nbsp;&nbsp;CheckRefactory
<LI><a href="#[97]">&gt;&gt;</a>&nbsp;&nbsp;&nbsp;CheckPower
</UL>

<P><STRONG><a name="[1f8]"></a>W25Q_Write_Disable</STRONG> (Thumb, 2 bytes, Stack size 0 bytes, spi_flah.o(i.W25Q_Write_Disable))
<BR><BR>[Called By]<UL><LI><a href="#[1fb]">&gt;&gt;</a>&nbsp;&nbsp;&nbsp;W25Q_Write
<LI><a href="#[ca]">&gt;&gt;</a>&nbsp;&nbsp;&nbsp;W25Q_Erase_Sector
<LI><a href="#[cb]">&gt;&gt;</a>&nbsp;&nbsp;&nbsp;W25Q_Erase_Chip
</UL>

<P><STRONG><a name="[1f6]"></a>W25Q_Write_Enable</STRONG> (Thumb, 26 bytes, Stack size 8 bytes, spi_flah.o(i.W25Q_Write_Enable))
<BR><BR>[Stack]<UL><LI>Max Depth = 24<LI>Call Chain = W25Q_Write_Enable &rArr; Spi1ReadWriteByte
</UL>
<BR>[Calls]<UL><LI><a href="#[9f]">&gt;&gt;</a>&nbsp;&nbsp;&nbsp;gpio_bit_set
<LI><a href="#[99]">&gt;&gt;</a>&nbsp;&nbsp;&nbsp;gpio_bit_reset
<LI><a href="#[c7]">&gt;&gt;</a>&nbsp;&nbsp;&nbsp;Spi1ReadWriteByte
</UL>
<BR>[Called By]<UL><LI><a href="#[1fb]">&gt;&gt;</a>&nbsp;&nbsp;&nbsp;W25Q_Write
<LI><a href="#[ca]">&gt;&gt;</a>&nbsp;&nbsp;&nbsp;W25Q_Erase_Sector
<LI><a href="#[cb]">&gt;&gt;</a>&nbsp;&nbsp;&nbsp;W25Q_Erase_Chip
</UL>

<P><STRONG><a name="[217]"></a>cJSON_New_Item</STRONG> (Thumb, 26 bytes, Stack size 8 bytes, cjson.o(i.cJSON_New_Item))
<BR><BR>[Stack]<UL><LI>Max Depth = 8<LI>Call Chain = cJSON_New_Item
</UL>
<BR>[Calls]<UL><LI><a href="#[aa]">&gt;&gt;</a>&nbsp;&nbsp;&nbsp;__aeabi_memclr4
</UL>
<BR>[Called By]<UL><LI><a href="#[218]">&gt;&gt;</a>&nbsp;&nbsp;&nbsp;cJSON_ParseWithOpts
<LI><a href="#[22f]">&gt;&gt;</a>&nbsp;&nbsp;&nbsp;parse_object
<LI><a href="#[22b]">&gt;&gt;</a>&nbsp;&nbsp;&nbsp;parse_array
</UL>

<P><STRONG><a name="[216]"></a>cJSON_strcasecmp</STRONG> (Thumb, 76 bytes, Stack size 16 bytes, cjson.o(i.cJSON_strcasecmp))
<BR><BR>[Stack]<UL><LI>Max Depth = 16<LI>Call Chain = cJSON_strcasecmp
</UL>
<BR>[Calls]<UL><LI><a href="#[59]">&gt;&gt;</a>&nbsp;&nbsp;&nbsp;tolower
</UL>
<BR>[Called By]<UL><LI><a href="#[77]">&gt;&gt;</a>&nbsp;&nbsp;&nbsp;cJSON_GetObjectItem
</UL>

<P><STRONG><a name="[22b]"></a>parse_array</STRONG> (Thumb, 166 bytes, Stack size 32 bytes, cjson.o(i.parse_array))
<BR><BR>[Stack]<UL><LI>Max Depth = 40 + In Cycle
<LI>Call Chain = parse_array &rArr;  parse_value (Cycle)
</UL>
<BR>[Calls]<UL><LI><a href="#[219]">&gt;&gt;</a>&nbsp;&nbsp;&nbsp;skip
<LI><a href="#[21a]">&gt;&gt;</a>&nbsp;&nbsp;&nbsp;parse_value
<LI><a href="#[217]">&gt;&gt;</a>&nbsp;&nbsp;&nbsp;cJSON_New_Item
</UL>
<BR>[Called By]<UL><LI><a href="#[21a]">&gt;&gt;</a>&nbsp;&nbsp;&nbsp;parse_value
</UL>

<P><STRONG><a name="[231]"></a>parse_hex4</STRONG> (Thumb, 276 bytes, Stack size 0 bytes, cjson.o(i.parse_hex4))
<BR><BR>[Called By]<UL><LI><a href="#[230]">&gt;&gt;</a>&nbsp;&nbsp;&nbsp;parse_string
</UL>

<P><STRONG><a name="[22e]"></a>parse_number</STRONG> (Thumb, 424 bytes, Stack size 80 bytes, cjson.o(i.parse_number))
<BR><BR>[Stack]<UL><LI>Max Depth = 376<LI>Call Chain = parse_number &rArr; __hardfp_pow &rArr; __kernel_poly &rArr; __aeabi_dmul &rArr; _double_epilogue &rArr; _double_round
</UL>
<BR>[Calls]<UL><LI><a href="#[63]">&gt;&gt;</a>&nbsp;&nbsp;&nbsp;__aeabi_i2d
<LI><a href="#[5f]">&gt;&gt;</a>&nbsp;&nbsp;&nbsp;__aeabi_dsub
<LI><a href="#[61]">&gt;&gt;</a>&nbsp;&nbsp;&nbsp;__aeabi_dmul
<LI><a href="#[5a]">&gt;&gt;</a>&nbsp;&nbsp;&nbsp;__aeabi_dadd
<LI><a href="#[65]">&gt;&gt;</a>&nbsp;&nbsp;&nbsp;__aeabi_d2iz
<LI><a href="#[fc]">&gt;&gt;</a>&nbsp;&nbsp;&nbsp;__hardfp_pow
</UL>
<BR>[Called By]<UL><LI><a href="#[21a]">&gt;&gt;</a>&nbsp;&nbsp;&nbsp;parse_value
</UL>

<P><STRONG><a name="[22f]"></a>parse_object</STRONG> (Thumb, 270 bytes, Stack size 32 bytes, cjson.o(i.parse_object))
<BR><BR>[Stack]<UL><LI>Max Depth = 72 + In Cycle
<LI>Call Chain = parse_object &rArr;  parse_value (Cycle)
</UL>
<BR>[Calls]<UL><LI><a href="#[219]">&gt;&gt;</a>&nbsp;&nbsp;&nbsp;skip
<LI><a href="#[21a]">&gt;&gt;</a>&nbsp;&nbsp;&nbsp;parse_value
<LI><a href="#[230]">&gt;&gt;</a>&nbsp;&nbsp;&nbsp;parse_string
<LI><a href="#[217]">&gt;&gt;</a>&nbsp;&nbsp;&nbsp;cJSON_New_Item
</UL>
<BR>[Called By]<UL><LI><a href="#[21a]">&gt;&gt;</a>&nbsp;&nbsp;&nbsp;parse_value
</UL>

<P><STRONG><a name="[230]"></a>parse_string</STRONG> (Thumb, 448 bytes, Stack size 40 bytes, cjson.o(i.parse_string))
<BR><BR>[Stack]<UL><LI>Max Depth = 40<LI>Call Chain = parse_string
</UL>
<BR>[Calls]<UL><LI><a href="#[231]">&gt;&gt;</a>&nbsp;&nbsp;&nbsp;parse_hex4
</UL>
<BR>[Called By]<UL><LI><a href="#[21a]">&gt;&gt;</a>&nbsp;&nbsp;&nbsp;parse_value
<LI><a href="#[22f]">&gt;&gt;</a>&nbsp;&nbsp;&nbsp;parse_object
</UL>

<P><STRONG><a name="[21a]"></a>parse_value</STRONG> (Thumb, 158 bytes, Stack size 16 bytes, cjson.o(i.parse_value))
<BR><BR>[Stack]<UL><LI>Max Depth = 392<LI>Call Chain = parse_value &rArr; parse_number &rArr; __hardfp_pow &rArr; __kernel_poly &rArr; __aeabi_dmul &rArr; _double_epilogue &rArr; _double_round
</UL>
<BR>[Calls]<UL><LI><a href="#[230]">&gt;&gt;</a>&nbsp;&nbsp;&nbsp;parse_string
<LI><a href="#[22f]">&gt;&gt;</a>&nbsp;&nbsp;&nbsp;parse_object
<LI><a href="#[22e]">&gt;&gt;</a>&nbsp;&nbsp;&nbsp;parse_number
<LI><a href="#[22b]">&gt;&gt;</a>&nbsp;&nbsp;&nbsp;parse_array
<LI><a href="#[232]">&gt;&gt;</a>&nbsp;&nbsp;&nbsp;strncmp
</UL>
<BR>[Called By]<UL><LI><a href="#[218]">&gt;&gt;</a>&nbsp;&nbsp;&nbsp;cJSON_ParseWithOpts
<LI><a href="#[22f]">&gt;&gt;</a>&nbsp;&nbsp;&nbsp;parse_object
<LI><a href="#[22b]">&gt;&gt;</a>&nbsp;&nbsp;&nbsp;parse_array
</UL>

<P><STRONG><a name="[219]"></a>skip</STRONG> (Thumb, 18 bytes, Stack size 0 bytes, cjson.o(i.skip))
<BR><BR>[Called By]<UL><LI><a href="#[218]">&gt;&gt;</a>&nbsp;&nbsp;&nbsp;cJSON_ParseWithOpts
<LI><a href="#[22f]">&gt;&gt;</a>&nbsp;&nbsp;&nbsp;parse_object
<LI><a href="#[22b]">&gt;&gt;</a>&nbsp;&nbsp;&nbsp;parse_array
</UL>

<P><STRONG><a name="[24c]"></a>chksum</STRONG> (Thumb, 70 bytes, Stack size 20 bytes, uip.o(i.chksum))
<BR><BR>[Stack]<UL><LI>Max Depth = 20<LI>Call Chain = chksum
</UL>
<BR>[Called By]<UL><LI><a href="#[24b]">&gt;&gt;</a>&nbsp;&nbsp;&nbsp;uip_ipchksum
<LI><a href="#[251]">&gt;&gt;</a>&nbsp;&nbsp;&nbsp;upper_layer_chksum
</UL>

<P><STRONG><a name="[247]"></a>uip_add_rcv_nxt</STRONG> (Thumb, 58 bytes, Stack size 8 bytes, uip.o(i.uip_add_rcv_nxt))
<BR><BR>[Stack]<UL><LI>Max Depth = 8<LI>Call Chain = uip_add_rcv_nxt
</UL>
<BR>[Calls]<UL><LI><a href="#[248]">&gt;&gt;</a>&nbsp;&nbsp;&nbsp;uip_add32
</UL>
<BR>[Called By]<UL><LI><a href="#[1e6]">&gt;&gt;</a>&nbsp;&nbsp;&nbsp;uip_process
</UL>

<P><STRONG><a name="[251]"></a>upper_layer_chksum</STRONG> (Thumb, 66 bytes, Stack size 16 bytes, uip.o(i.upper_layer_chksum))
<BR><BR>[Stack]<UL><LI>Max Depth = 36<LI>Call Chain = upper_layer_chksum &rArr; chksum
</UL>
<BR>[Calls]<UL><LI><a href="#[8c]">&gt;&gt;</a>&nbsp;&nbsp;&nbsp;htons
<LI><a href="#[24c]">&gt;&gt;</a>&nbsp;&nbsp;&nbsp;chksum
</UL>
<BR>[Called By]<UL><LI><a href="#[24f]">&gt;&gt;</a>&nbsp;&nbsp;&nbsp;uip_udpchksum
<LI><a href="#[250]">&gt;&gt;</a>&nbsp;&nbsp;&nbsp;uip_tcpchksum
</UL>

<P><STRONG><a name="[24a]"></a>uip_arp_update</STRONG> (Thumb, 272 bytes, Stack size 8 bytes, uip_arp.o(i.uip_arp_update))
<BR><BR>[Stack]<UL><LI>Max Depth = 8<LI>Call Chain = uip_arp_update
</UL>
<BR>[Called By]<UL><LI><a href="#[249]">&gt;&gt;</a>&nbsp;&nbsp;&nbsp;uip_arp_arpin
</UL>

<P><STRONG><a name="[238]"></a>add_end</STRONG> (Thumb, 8 bytes, Stack size 0 bytes, dhcpc.o(i.add_end))
<BR><BR>[Called By]<UL><LI><a href="#[227]">&gt;&gt;</a>&nbsp;&nbsp;&nbsp;send_request
<LI><a href="#[223]">&gt;&gt;</a>&nbsp;&nbsp;&nbsp;send_discover
</UL>

<P><STRONG><a name="[236]"></a>add_msg_type</STRONG> (Thumb, 18 bytes, Stack size 0 bytes, dhcpc.o(i.add_msg_type))
<BR><BR>[Called By]<UL><LI><a href="#[227]">&gt;&gt;</a>&nbsp;&nbsp;&nbsp;send_request
<LI><a href="#[223]">&gt;&gt;</a>&nbsp;&nbsp;&nbsp;send_discover
</UL>

<P><STRONG><a name="[23a]"></a>add_req_ipaddr</STRONG> (Thumb, 24 bytes, Stack size 0 bytes, dhcpc.o(i.add_req_ipaddr))
<BR><BR>[Called By]<UL><LI><a href="#[227]">&gt;&gt;</a>&nbsp;&nbsp;&nbsp;send_request
</UL>

<P><STRONG><a name="[237]"></a>add_req_options</STRONG> (Thumb, 32 bytes, Stack size 0 bytes, dhcpc.o(i.add_req_options))
<BR><BR>[Called By]<UL><LI><a href="#[223]">&gt;&gt;</a>&nbsp;&nbsp;&nbsp;send_discover
</UL>

<P><STRONG><a name="[239]"></a>add_server_id</STRONG> (Thumb, 24 bytes, Stack size 0 bytes, dhcpc.o(i.add_server_id))
<BR><BR>[Called By]<UL><LI><a href="#[227]">&gt;&gt;</a>&nbsp;&nbsp;&nbsp;send_request
</UL>

<P><STRONG><a name="[21d]"></a>create_msg</STRONG> (Thumb, 112 bytes, Stack size 8 bytes, dhcpc.o(i.create_msg))
<BR><BR>[Stack]<UL><LI>Max Depth = 8<LI>Call Chain = create_msg
</UL>
<BR>[Calls]<UL><LI><a href="#[55]">&gt;&gt;</a>&nbsp;&nbsp;&nbsp;__aeabi_memclr
<LI><a href="#[170]">&gt;&gt;</a>&nbsp;&nbsp;&nbsp;__aeabi_memcpy
</UL>
<BR>[Called By]<UL><LI><a href="#[227]">&gt;&gt;</a>&nbsp;&nbsp;&nbsp;send_request
<LI><a href="#[223]">&gt;&gt;</a>&nbsp;&nbsp;&nbsp;send_discover
</UL>

<P><STRONG><a name="[21f]"></a>handle_dhcp</STRONG> (Thumb, 616 bytes, Stack size 32 bytes, dhcpc.o(i.handle_dhcp))
<BR><BR>[Stack]<UL><LI>Max Depth = 64<LI>Call Chain = handle_dhcp &rArr; send_request &rArr; uip_send
</UL>
<BR>[Calls]<UL><LI><a href="#[8c]">&gt;&gt;</a>&nbsp;&nbsp;&nbsp;htons
<LI><a href="#[224]">&gt;&gt;</a>&nbsp;&nbsp;&nbsp;timer_set
<LI><a href="#[225]">&gt;&gt;</a>&nbsp;&nbsp;&nbsp;timer_expired
<LI><a href="#[220]">&gt;&gt;</a>&nbsp;&nbsp;&nbsp;dhcpc_configured
<LI><a href="#[227]">&gt;&gt;</a>&nbsp;&nbsp;&nbsp;send_request
<LI><a href="#[223]">&gt;&gt;</a>&nbsp;&nbsp;&nbsp;send_discover
<LI><a href="#[226]">&gt;&gt;</a>&nbsp;&nbsp;&nbsp;parse_msg
<LI><a href="#[e9]">&gt;&gt;</a>&nbsp;&nbsp;&nbsp;__2printf
</UL>
<BR>[Called By]<UL><LI><a href="#[21e]">&gt;&gt;</a>&nbsp;&nbsp;&nbsp;dhcpc_appcall
</UL>

<P><STRONG><a name="[226]"></a>parse_msg</STRONG> (Thumb, 64 bytes, Stack size 8 bytes, dhcpc.o(i.parse_msg))
<BR><BR>[Stack]<UL><LI>Max Depth = 20<LI>Call Chain = parse_msg &rArr; parse_options
</UL>
<BR>[Calls]<UL><LI><a href="#[22d]">&gt;&gt;</a>&nbsp;&nbsp;&nbsp;parse_options
<LI><a href="#[22c]">&gt;&gt;</a>&nbsp;&nbsp;&nbsp;memcmp
</UL>
<BR>[Called By]<UL><LI><a href="#[21f]">&gt;&gt;</a>&nbsp;&nbsp;&nbsp;handle_dhcp
</UL>

<P><STRONG><a name="[22d]"></a>parse_options</STRONG> (Thumb, 118 bytes, Stack size 12 bytes, dhcpc.o(i.parse_options))
<BR><BR>[Stack]<UL><LI>Max Depth = 12<LI>Call Chain = parse_options
</UL>
<BR>[Called By]<UL><LI><a href="#[226]">&gt;&gt;</a>&nbsp;&nbsp;&nbsp;parse_msg
</UL>

<P><STRONG><a name="[223]"></a>send_discover</STRONG> (Thumb, 56 bytes, Stack size 16 bytes, dhcpc.o(i.send_discover))
<BR><BR>[Stack]<UL><LI>Max Depth = 32<LI>Call Chain = send_discover &rArr; uip_send
</UL>
<BR>[Calls]<UL><LI><a href="#[21d]">&gt;&gt;</a>&nbsp;&nbsp;&nbsp;create_msg
<LI><a href="#[237]">&gt;&gt;</a>&nbsp;&nbsp;&nbsp;add_req_options
<LI><a href="#[236]">&gt;&gt;</a>&nbsp;&nbsp;&nbsp;add_msg_type
<LI><a href="#[238]">&gt;&gt;</a>&nbsp;&nbsp;&nbsp;add_end
<LI><a href="#[1f5]">&gt;&gt;</a>&nbsp;&nbsp;&nbsp;uip_send
</UL>
<BR>[Called By]<UL><LI><a href="#[21f]">&gt;&gt;</a>&nbsp;&nbsp;&nbsp;handle_dhcp
</UL>

<P><STRONG><a name="[227]"></a>send_request</STRONG> (Thumb, 64 bytes, Stack size 16 bytes, dhcpc.o(i.send_request))
<BR><BR>[Stack]<UL><LI>Max Depth = 32<LI>Call Chain = send_request &rArr; uip_send
</UL>
<BR>[Calls]<UL><LI><a href="#[21d]">&gt;&gt;</a>&nbsp;&nbsp;&nbsp;create_msg
<LI><a href="#[239]">&gt;&gt;</a>&nbsp;&nbsp;&nbsp;add_server_id
<LI><a href="#[23a]">&gt;&gt;</a>&nbsp;&nbsp;&nbsp;add_req_ipaddr
<LI><a href="#[236]">&gt;&gt;</a>&nbsp;&nbsp;&nbsp;add_msg_type
<LI><a href="#[238]">&gt;&gt;</a>&nbsp;&nbsp;&nbsp;add_end
<LI><a href="#[1f5]">&gt;&gt;</a>&nbsp;&nbsp;&nbsp;uip_send
</UL>
<BR>[Called By]<UL><LI><a href="#[21f]">&gt;&gt;</a>&nbsp;&nbsp;&nbsp;handle_dhcp
</UL>

<P><STRONG><a name="[21b]"></a>check_entries</STRONG> (Thumb, 264 bytes, Stack size 24 bytes, resolv.o(i.check_entries))
<BR><BR>[Stack]<UL><LI>Max Depth = 88<LI>Call Chain = check_entries &rArr; resolv_found &rArr; __2printf
</UL>
<BR>[Calls]<UL><LI><a href="#[8c]">&gt;&gt;</a>&nbsp;&nbsp;&nbsp;htons
<LI><a href="#[21c]">&gt;&gt;</a>&nbsp;&nbsp;&nbsp;resolv_found
<LI><a href="#[1f5]">&gt;&gt;</a>&nbsp;&nbsp;&nbsp;uip_send
</UL>
<BR>[Called By]<UL><LI><a href="#[234]">&gt;&gt;</a>&nbsp;&nbsp;&nbsp;resolv_appcall
</UL>

<P><STRONG><a name="[229]"></a>newdata</STRONG> (Thumb, 218 bytes, Stack size 24 bytes, resolv.o(i.newdata))
<BR><BR>[Stack]<UL><LI>Max Depth = 88<LI>Call Chain = newdata &rArr; resolv_found &rArr; __2printf
</UL>
<BR>[Calls]<UL><LI><a href="#[8c]">&gt;&gt;</a>&nbsp;&nbsp;&nbsp;htons
<LI><a href="#[21c]">&gt;&gt;</a>&nbsp;&nbsp;&nbsp;resolv_found
<LI><a href="#[22a]">&gt;&gt;</a>&nbsp;&nbsp;&nbsp;parse_name
</UL>
<BR>[Called By]<UL><LI><a href="#[234]">&gt;&gt;</a>&nbsp;&nbsp;&nbsp;resolv_appcall
</UL>

<P><STRONG><a name="[22a]"></a>parse_name</STRONG> (Thumb, 30 bytes, Stack size 0 bytes, resolv.o(i.parse_name))
<BR><BR>[Called By]<UL><LI><a href="#[229]">&gt;&gt;</a>&nbsp;&nbsp;&nbsp;newdata
</UL>

<P><STRONG><a name="[23c]"></a>system_clock_120m_hxtal</STRONG> (Thumb, 226 bytes, Stack size 0 bytes, system_gd32e10x.o(i.system_clock_120m_hxtal))
<BR><BR>[Called By]<UL><LI><a href="#[1e3]">&gt;&gt;</a>&nbsp;&nbsp;&nbsp;system_clock_config
</UL>

<P><STRONG><a name="[1e3]"></a>system_clock_config</STRONG> (Thumb, 8 bytes, Stack size 8 bytes, system_gd32e10x.o(i.system_clock_config))
<BR><BR>[Stack]<UL><LI>Max Depth = 8<LI>Call Chain = system_clock_config
</UL>
<BR>[Calls]<UL><LI><a href="#[23c]">&gt;&gt;</a>&nbsp;&nbsp;&nbsp;system_clock_120m_hxtal
</UL>
<BR>[Called By]<UL><LI><a href="#[4e]">&gt;&gt;</a>&nbsp;&nbsp;&nbsp;SystemInit
</UL>

<P><STRONG><a name="[221]"></a>fmc_ready_wait</STRONG> (Thumb, 34 bytes, Stack size 16 bytes, gd32e10x_fmc.o(i.fmc_ready_wait))
<BR><BR>[Stack]<UL><LI>Max Depth = 16<LI>Call Chain = fmc_ready_wait
</UL>
<BR>[Calls]<UL><LI><a href="#[222]">&gt;&gt;</a>&nbsp;&nbsp;&nbsp;fmc_state_get
</UL>
<BR>[Called By]<UL><LI><a href="#[db]">&gt;&gt;</a>&nbsp;&nbsp;&nbsp;fmc_word_program
<LI><a href="#[d6]">&gt;&gt;</a>&nbsp;&nbsp;&nbsp;fmc_page_erase
</UL>

<P><STRONG><a name="[222]"></a>fmc_state_get</STRONG> (Thumb, 58 bytes, Stack size 0 bytes, gd32e10x_fmc.o(i.fmc_state_get))
<BR><BR>[Called By]<UL><LI><a href="#[221]">&gt;&gt;</a>&nbsp;&nbsp;&nbsp;fmc_ready_wait
</UL>

<P><STRONG><a name="[202]"></a>_printf_core</STRONG> (Thumb, 996 bytes, Stack size 104 bytes, printf8.o(i._printf_core), UNUSED)
<BR><BR>[Calls]<UL><LI><a href="#[210]">&gt;&gt;</a>&nbsp;&nbsp;&nbsp;_printf_pre_padding
<LI><a href="#[211]">&gt;&gt;</a>&nbsp;&nbsp;&nbsp;_printf_post_padding
<LI><a href="#[68]">&gt;&gt;</a>&nbsp;&nbsp;&nbsp;__aeabi_uldivmod
</UL>
<BR>[Called By]<UL><LI><a href="#[203]">&gt;&gt;</a>&nbsp;&nbsp;&nbsp;__0sprintf$8
<LI><a href="#[201]">&gt;&gt;</a>&nbsp;&nbsp;&nbsp;__0printf$8
</UL>

<P><STRONG><a name="[211]"></a>_printf_post_padding</STRONG> (Thumb, 36 bytes, Stack size 24 bytes, printf8.o(i._printf_post_padding), UNUSED)
<BR><BR>[Called By]<UL><LI><a href="#[202]">&gt;&gt;</a>&nbsp;&nbsp;&nbsp;_printf_core
</UL>

<P><STRONG><a name="[210]"></a>_printf_pre_padding</STRONG> (Thumb, 46 bytes, Stack size 24 bytes, printf8.o(i._printf_pre_padding), UNUSED)
<BR><BR>[Called By]<UL><LI><a href="#[202]">&gt;&gt;</a>&nbsp;&nbsp;&nbsp;_printf_core
</UL>

<P><STRONG><a name="[52]"></a>_sputc</STRONG> (Thumb, 10 bytes, Stack size 0 bytes, printf8.o(i._sputc))
<BR><BR>[Called By]<UL><LI><a href="#[203]">&gt;&gt;</a>&nbsp;&nbsp;&nbsp;__0sprintf$8
</UL>
<BR>[Address Reference Count : 1]<UL><LI> printf8.o(i.__0sprintf$8)
</UL><P>
<H3>
Undefined Global Symbols
</H3><HR></body></html>
