<html>
<body>
<pre>
<h1>µVision Build Log</h1>
<h2>Tool Versions:</h2>
IDE-Version: ¦ÌVision V5.14.0.0
Copyright (C) 2015 ARM Ltd and ARM Germany GmbH. All rights reserved.
License Information: 00 20020, 2020, LIC=CZLPC-7KLDM-NA0DU-SDSWT-X9RMB-7KGE2
 
Tool Versions:
Toolchain:       MDK-ARM Standard  Version: 5.14.0.0
Toolchain Path:  D:\KEI5_MDK\ARM\ARMCC\Bin
C Compiler:      Armcc.exe V5.05 update 1 (build 106)
Assembler:       Armasm.exe V5.05 update 1 (build 106)
Linker/Locator:  ArmLink.exe V5.05 update 1 (build 106)
Library Manager: ArmAr.exe V5.05 update 1 (build 106)
Hex Converter:   FromElf.exe V5.05 update 1 (build 106)
CPU DLL:         SARMCM3.DLL V5.14.0.0
Dialog DLL:      DCM.DLL V1.13.1.0
Target DLL:      Segger\JL2CM3.dll V2.99.13.0
Dialog DLL:      TCM.DLL V1.14.4.0
 
<h2>Project:</h2>
G:\lora\S282_Gateway\S282_GateWay.uvprojx
Project File Date:  09/26/2021

<h2>Output:</h2>
Rebuild target 'S282'
compiling gd32e10x_it.c...
compiling gd32e103c_start.c...
compiling main.c...
compiling systick.c...
compiling dealDat.c...
compiling netLink.c...
compiling GprsNet.c...
compiling GSM234G.c...
compiling SMSInstruct.c...
compiling EthNet.c...
compiling enc28j60.c...
compiling sx127x_Hal.c...
compiling sx127x_Drive.c...
compiling lora.c...
compiling loraDealDat.c...
compiling config.c...
compiling config_interface.c...
compiling Adc.c...
compiling iwdg.c...
compiling rtc.c...
compiling spi.c...
compiling usart.c...
compiling hardware.c...
compiling spi_flah.c...
compiling tim2.c...
compiling sysFlash.c...
compiling tim1.c...
compiling modbus.c...
compiling modbusPub.c...
compiling MQTTUnsubscribeServer.c...
compiling MQTTUnsubscribeClient.c...
compiling MQTTConnectClient.c...
compiling MQTTConnectServer.c...
compiling MQTTDeserializePublish.c...
compiling MQTTPacket.c...
compiling MQTTFormat.c...
compiling MQTTSerializePublish.c...
compiling MQTTSubscribeServer.c...
compiling MQTTSubscribeClient.c...
compiling mqtt.c...
compiling cJSON.c...
compiling AliyunIOT.c...
compiling HuaweiIOT.c...
compiling MqttCouldPub.c...
compiling timer.c...
compiling uip.c...
compiling uip_arp.c...
compiling uip-fw.c...
compiling uiplib.c...
compiling uip-neighbor.c...
compiling dhcpc.c...
compiling clock-arch.c...
compiling tapdev.c...
compiling resolv.c...
compiling uip_appcall.c...
compiling udp_server.c...
compiling udp_client.c...
compiling tcp_server.c...
compiling tcp_client.c...
assembling startup_gd32e10x.s...
compiling system_gd32e10x.c...
compiling gd32e10x_gpio.c...
compiling gd32e10x_misc.c...
compiling gd32e10x_rcu.c...
compiling gd32e10x_spi.c...
compiling gd32e10x_fmc.c...
compiling gd32e10x_dma.c...
compiling gd32e10x_usart.c...
compiling gd32e10x_bkp.c...
compiling gd32e10x_rtc.c...
compiling gd32e10x_fwdgt.c...
compiling gd32e10x_exti.c...
compiling gd32e10x_pmu.c...
compiling gd32e10x_adc.c...
compiling gd32e10x_timer.c...
linking...
Program Size: Code=94418 RO-data=15054 RW-data=420 ZI-data=30236  
FromELF: creating hex file...
".\Objects\S282_GateWay.axf" - 0 Error(s), 0 Warning(s).

<h2>Collection of Component include folders:</h2>
  G:\lora\S282_Gateway\RTE
  D:\KEI5_MDK\ARM\PACK\GigaDevice\GD32E10x_DFP\1.2.0

<h2>Collection of Component Files used:</h2>
</pre>
</body>
</html>
