Component: ARM Compiler 5.05 update 1 (build 106) Tool: armlink [4d0efa]

==============================================================================

Section Cross References

    gd32e10x_it.o(i.SysTick_Handler) refers to systick.o(i.delay_decrement) for delay_decrement
    gd32e10x_it.o(i.SysTick_Handler) refers to gd32e10x_it.o(.data) for Mscnt
    gd32e103c_start.o(i.gd_eval_key_init) refers to gd32e10x_rcu.o(i.rcu_periph_clock_enable) for rcu_periph_clock_enable
    gd32e103c_start.o(i.gd_eval_key_init) refers to gd32e10x_gpio.o(i.gpio_init) for gpio_init
    gd32e103c_start.o(i.gd_eval_key_init) refers to gd32e10x_misc.o(i.nvic_irq_enable) for nvic_irq_enable
    gd32e103c_start.o(i.gd_eval_key_init) refers to gd32e10x_gpio.o(i.gpio_exti_source_select) for gpio_exti_source_select
    gd32e103c_start.o(i.gd_eval_key_init) refers to gd32e10x_exti.o(i.exti_init) for exti_init
    gd32e103c_start.o(i.gd_eval_key_init) refers to gd32e10x_exti.o(i.exti_interrupt_flag_clear) for exti_interrupt_flag_clear
    gd32e103c_start.o(i.gd_eval_key_init) refers to gd32e103c_start.o(.data) for KEY_CLK
    gd32e103c_start.o(i.gd_eval_key_state_get) refers to gd32e10x_gpio.o(i.gpio_input_bit_get) for gpio_input_bit_get
    gd32e103c_start.o(i.gd_eval_key_state_get) refers to gd32e103c_start.o(.data) for KEY_PIN
    gd32e103c_start.o(i.gd_eval_led_init) refers to gd32e10x_rcu.o(i.rcu_periph_clock_enable) for rcu_periph_clock_enable
    gd32e103c_start.o(i.gd_eval_led_init) refers to gd32e10x_gpio.o(i.gpio_init) for gpio_init
    gd32e103c_start.o(i.gd_eval_led_init) refers to gd32e103c_start.o(.data) for GPIO_CLK
    gd32e103c_start.o(i.gd_eval_led_off) refers to gd32e103c_start.o(.data) for GPIO_PIN
    gd32e103c_start.o(i.gd_eval_led_on) refers to gd32e103c_start.o(.data) for GPIO_PIN
    gd32e103c_start.o(i.gd_eval_led_toggle) refers to gd32e10x_gpio.o(i.gpio_input_bit_get) for gpio_input_bit_get
    gd32e103c_start.o(i.gd_eval_led_toggle) refers to gd32e10x_gpio.o(i.gpio_bit_write) for gpio_bit_write
    gd32e103c_start.o(i.gd_eval_led_toggle) refers to gd32e103c_start.o(.data) for GPIO_PIN
    main.o(i.main) refers to systick.o(i.systick_config) for systick_config
    main.o(i.main) refers to hardware.o(i.TotalInit) for TotalInit
    main.o(i.main) refers to netlink.o(i.HardwareCheck) for HardwareCheck
    main.o(i.main) refers to netlink.o(i.NetPro) for NetPro
    main.o(i.main) refers to iwdg.o(i.WatchDogFeed) for WatchDogFeed
    main.o(i.main) refers to dealdat.o(i.PcCmdPro) for PcCmdPro
    systick.o(i.delayMs) refers to systick.o(.data) for delayMsCnt
    systick.o(i.delay_1ms) refers to netlink.o(i.NorPro) for NorPro
    systick.o(i.delay_1ms) refers to systick.o(.data) for delay
    systick.o(i.delay_decrement) refers to systick.o(.data) for delay
    systick.o(i.systick_config) refers to systick.o(i.NVIC_SetPriority) for NVIC_SetPriority
    systick.o(i.systick_config) refers to system_gd32e10x.o(.data) for SystemCoreClock
    dealdat.o(i.CheckDevUId) refers to config_interface.o(.bss) for DevInfo
    dealdat.o(i.CompareDevInfo) refers to hardware.o(i.CompStr) for CompStr
    dealdat.o(i.CopyDevInfo) refers to hardware.o(i.CopyStr) for CopyStr
    dealdat.o(i.DebugHistory) refers to malloc.o(i.malloc) for malloc
    dealdat.o(i.DebugHistory) refers to hardware.o(i.SendString) for SendString
    dealdat.o(i.DebugHistory) refers to printf8.o(i.__0sprintf$8) for __2sprintf
    dealdat.o(i.DebugHistory) refers to malloc.o(i.free) for free
    dealdat.o(i.FindFreeIndex) refers to config_interface.o(.bss) for DevInfo
    dealdat.o(i.GetAlarmHistory) refers to malloc.o(i.malloc) for malloc
    dealdat.o(i.GetAlarmHistory) refers to printf8.o(i.__0sprintf$8) for __2sprintf
    dealdat.o(i.GetAlarmHistory) refers to hardware.o(i.SendString) for SendString
    dealdat.o(i.GetAlarmHistory) refers to config.o(i.ReadHistroy) for ReadHistroy
    dealdat.o(i.GetAlarmHistory) refers to dealdat.o(i.DebugHistory) for DebugHistory
    dealdat.o(i.GetAlarmHistory) refers to hardware.o(i.GetSysTimCnt) for GetSysTimCnt
    dealdat.o(i.GetAlarmHistory) refers to hardware.o(i.PutInUart0) for PutInUart0
    dealdat.o(i.GetAlarmHistory) refers to malloc.o(i.free) for free
    dealdat.o(i.GetAlarmHistory) refers to config.o(.data) for historyCnt
    dealdat.o(i.GetAlarmHistory) refers to config_interface.o(.bss) for History
    dealdat.o(i.GetAlarmHistory) refers to dealdat.o(.data) for DevDBTime
    dealdat.o(i.GetAlarmHistory) refers to usart.o(.data) for sendStop
    dealdat.o(i.GetDevIndex) refers to dealdat.o(i.FindFreeIndex) for FindFreeIndex
    dealdat.o(i.GetTerminalRegData) refers to hardware.o(i.GetDevOnlineIndex) for GetDevOnlineIndex
    dealdat.o(i.GetTerminalRegData) refers to hardware.o(i.SendString) for SendString
    dealdat.o(i.GetTerminalRegData) refers to hardware.o(i.GetTerminalW2Info) for GetTerminalW2Info
    dealdat.o(i.GetTerminalRegData) refers to dealdat.o(.data) for readDevPtr
[...]
    bufchar                                  0x08012a81   Thumb Code    36  mqttpacket.o(i.bufchar)
    cJSON_Delete                             0x08012aa9   Thumb Code    74  cjson.o(i.cJSON_Delete)
    cJSON_GetArrayItem                       0x08012af9   Thumb Code    18  cjson.o(i.cJSON_GetArrayItem)
    cJSON_GetObjectItem                      0x08012b0b   Thumb Code    30  cjson.o(i.cJSON_GetObjectItem)
    cJSON_Parse                              0x08012b49   Thumb Code    16  cjson.o(i.cJSON_Parse)
    cJSON_ParseWithOpts                      0x08012b59   Thumb Code    96  cjson.o(i.cJSON_ParseWithOpts)
    clock_time                               0x08012d6d   Thumb Code     6  clock-arch.o(i.clock_time)
    delayMs                                  0x08012df9   Thumb Code    16  systick.o(i.delayMs)
    delay_1ms                                0x08012e0d   Thumb Code    24  systick.o(i.delay_1ms)
    delay_decrement                          0x08012e29   Thumb Code    34  systick.o(i.delay_decrement)
    dhcpc_appcall                            0x08012e55   Thumb Code     8  dhcpc.o(i.dhcpc_appcall)
    dhcpc_configured                         0x08012e5d   Thumb Code    62  dhcpc.o(i.dhcpc_configured)
    dhcpc_init                               0x08012ead   Thumb Code    70  dhcpc.o(i.dhcpc_init)
    dhcpc_request                            0x08012ef9   Thumb Code    42  dhcpc.o(i.dhcpc_request)
    fabs                                     0x08012f2d   Thumb Code    24  fabs.o(i.fabs)
    fmc_flag_clear                           0x08012f45   Thumb Code     6  gd32e10x_fmc.o(i.fmc_flag_clear)
    fmc_lock                                 0x08012f51   Thumb Code    14  gd32e10x_fmc.o(i.fmc_lock)
    fmc_page_erase                           0x08012f65   Thumb Code    66  gd32e10x_fmc.o(i.fmc_page_erase)
    fmc_unlock                               0x08013011   Thumb Code    22  gd32e10x_fmc.o(i.fmc_unlock)
    fmc_word_program                         0x08013035   Thumb Code    58  gd32e10x_fmc.o(i.fmc_word_program)
    fputc                                    0x08013075   Thumb Code    16  usart.o(i.fputc)
    free                                     0x08013085   Thumb Code    76  malloc.o(i.free)
    fwdgt_config                             0x080130d5   Thumb Code    94  gd32e10x_fwdgt.o(i.fwdgt_config)
    fwdgt_counter_reload                     0x0801313d   Thumb Code    10  gd32e10x_fwdgt.o(i.fwdgt_counter_reload)
    fwdgt_enable                             0x0801314d   Thumb Code    10  gd32e10x_fwdgt.o(i.fwdgt_enable)
    fwdgt_write_enable                       0x0801315d   Thumb Code    10  gd32e10x_fwdgt.o(i.fwdgt_write_enable)
    gpio_bit_reset                           0x0801316d   Thumb Code     4  gd32e10x_gpio.o(i.gpio_bit_reset)
    gpio_bit_set                             0x08013171   Thumb Code     4  gd32e10x_gpio.o(i.gpio_bit_set)
    gpio_init                                0x08013175   Thumb Code   188  gd32e10x_gpio.o(i.gpio_init)
    gpio_input_port_get                      0x08013231   Thumb Code     8  gd32e10x_gpio.o(i.gpio_input_port_get)
    htons                                    0x08013541   Thumb Code    12  uip.o(i.htons)
    isChipId                                 0x0801354d   Thumb Code    54  loradealdat.o(i.isChipId)
    isDevChipId                              0x08013589   Thumb Code    58  loradealdat.o(i.isDevChipId)
    main                                     0x080135c9   Thumb Code    34  main.o(i.main)
    malloc                                   0x080135ed   Thumb Code    92  malloc.o(i.malloc)
    nvic_irq_enable                          0x08013745   Thumb Code   162  gd32e10x_misc.o(i.nvic_irq_enable)
    nvic_priority_group_set                  0x080137f1   Thumb Code    10  gd32e10x_misc.o(i.nvic_priority_group_set)
    nvic_vector_table_set                    0x08013805   Thumb Code    12  gd32e10x_misc.o(i.nvic_vector_table_set)
    pmu_backup_write_disable                 0x08014029   Thumb Code    14  gd32e10x_pmu.o(i.pmu_backup_write_disable)
    pmu_backup_write_enable                  0x0801403d   Thumb Code    14  gd32e10x_pmu.o(i.pmu_backup_write_enable)
    rcu_all_reset_flag_clear                 0x08014051   Thumb Code    14  gd32e10x_rcu.o(i.rcu_all_reset_flag_clear)
    rcu_bkp_reset_disable                    0x08014065   Thumb Code    14  gd32e10x_rcu.o(i.rcu_bkp_reset_disable)
    rcu_bkp_reset_enable                     0x08014079   Thumb Code    14  gd32e10x_rcu.o(i.rcu_bkp_reset_enable)
    rcu_clock_freq_get                       0x0801408d   Thumb Code   352  gd32e10x_rcu.o(i.rcu_clock_freq_get)
    rcu_flag_get                             0x0801420d   Thumb Code    30  gd32e10x_rcu.o(i.rcu_flag_get)
    rcu_osci_on                              0x08014231   Thumb Code    28  gd32e10x_rcu.o(i.rcu_osci_on)
    rcu_osci_stab_wait                       0x08014251   Thumb Code   342  gd32e10x_rcu.o(i.rcu_osci_stab_wait)
    rcu_periph_clock_enable                  0x080143ad   Thumb Code    28  gd32e10x_rcu.o(i.rcu_periph_clock_enable)
    rcu_periph_reset_disable                 0x080143cd   Thumb Code    28  gd32e10x_rcu.o(i.rcu_periph_reset_disable)
    rcu_periph_reset_enable                  0x080143ed   Thumb Code    28  gd32e10x_rcu.o(i.rcu_periph_reset_enable)
    rcu_rtc_clock_config                     0x0801440d   Thumb Code    18  gd32e10x_rcu.o(i.rcu_rtc_clock_config)
    readChar                                 0x08014425   Thumb Code    14  mqttpacket.o(i.readChar)
    readInt                                  0x08014433   Thumb Code    26  mqttpacket.o(i.readInt)
    readMQTTLenString                        0x0801444d   Thumb Code    58  mqttpacket.o(i.readMQTTLenString)
    resolv_appcall                           0x08014489   Thumb Code    44  resolv.o(i.resolv_appcall)
    resolv_conf                              0x080144bd   Thumb Code    34  resolv.o(i.resolv_conf)
    resolv_found                             0x080144e5   Thumb Code   148  resolv.o(i.resolv_found)
    resolv_getserver                         0x080145b1   Thumb Code    16  resolv.o(i.resolv_getserver)
    resolv_init                              0x080145c5   Thumb Code    48  resolv.o(i.resolv_init)
    resolv_query                             0x080145fd   Thumb Code   168  resolv.o(i.resolv_query)
    rtc_configuration_mode_enter             0x080146b9   Thumb Code    14  gd32e10x_rtc.o(i.rtc_configuration_mode_enter)
    rtc_configuration_mode_exit              0x080146cd   Thumb Code    14  gd32e10x_rtc.o(i.rtc_configuration_mode_exit)
    rtc_counter_get                          0x080146e1   Thumb Code    16  gd32e10x_rtc.o(i.rtc_counter_get)
    rtc_counter_set                          0x080146f5   Thumb Code    26  gd32e10x_rtc.o(i.rtc_counter_set)
    rtc_flag_get                             0x08014715   Thumb Code    18  gd32e10x_rtc.o(i.rtc_flag_get)
    rtc_interrupt_enable                     0x0801472d   Thumb Code    12  gd32e10x_rtc.o(i.rtc_interrupt_enable)
    rtc_interrupt_flag_clear                 0x0801473d   Thumb Code    12  gd32e10x_rtc.o(i.rtc_interrupt_flag_clear)
    rtc_lwoff_wait                           0x0801474d   Thumb Code    16  gd32e10x_rtc.o(i.rtc_lwoff_wait)
    rtc_prescaler_set                        0x08014761   Thumb Code    28  gd32e10x_rtc.o(i.rtc_prescaler_set)
    rtc_register_sync_wait                   0x08014781   Thumb Code    28  gd32e10x_rtc.o(i.rtc_register_sync_wait)
    spi_crc_polynomial_set                   0x08014833   Thumb Code     4  gd32e10x_spi.o(i.spi_crc_polynomial_set)
    spi_disable                              0x08014837   Thumb Code    10  gd32e10x_spi.o(i.spi_disable)
    spi_enable                               0x08014841   Thumb Code    10  gd32e10x_spi.o(i.spi_enable)
    spi_i2s_data_receive                     0x0801484b   Thumb Code     8  gd32e10x_spi.o(i.spi_i2s_data_receive)
    spi_i2s_data_transmit                    0x08014853   Thumb Code     4  gd32e10x_spi.o(i.spi_i2s_data_transmit)
    spi_i2s_flag_get                         0x08014857   Thumb Code    16  gd32e10x_spi.o(i.spi_i2s_flag_get)
    spi_init                                 0x08014867   Thumb Code    50  gd32e10x_spi.o(i.spi_init)
    sqrt                                     0x08014899   Thumb Code   110  sqrt.o(i.sqrt)
    str2hex                                  0x08014907   Thumb Code    54  ethnet.o(i.str2hex)
    str2ip                                   0x0801493d   Thumb Code    86  ethnet.o(i.str2ip)
    systick_config                           0x08014a99   Thumb Code    74  systick.o(i.systick_config)
    tapdev_init                              0x08014ae9   Thumb Code    54  tapdev.o(i.tapdev_init)
    tapdev_read                              0x08014b2d   Thumb Code    16  tapdev.o(i.tapdev_read)
    tapdev_send                              0x08014b41   Thumb Code    14  tapdev.o(i.tapdev_send)
    tcp_appcall                              0x08014b59   Thumb Code   130  uip_appcall.o(i.tcp_appcall)
    tcp_client_appcall                       0x08014be9   Thumb Code   464  tcp_client.o(i.tcp_client_appcall)
    tcp_server_appcall                       0x08014e41   Thumb Code   292  tcp_server.o(i.tcp_server_appcall)
    timer_deinit                             0x08014ff5   Thumb Code   374  gd32e10x_timer.o(i.timer_deinit)
    timer_enable                             0x08015179   Thumb Code    10  gd32e10x_timer.o(i.timer_enable)
    timer_expired                            0x08015183   Thumb Code    26  timer.o(i.timer_expired)
    timer_init                               0x0801519d   Thumb Code   134  gd32e10x_timer.o(i.timer_init)
    timer_interrupt_enable                   0x08015241   Thumb Code     8  gd32e10x_timer.o(i.timer_interrupt_enable)
    timer_interrupt_flag_clear               0x08015249   Thumb Code     6  gd32e10x_timer.o(i.timer_interrupt_flag_clear)
    timer_interrupt_flag_get                 0x0801524f   Thumb Code    24  gd32e10x_timer.o(i.timer_interrupt_flag_get)
    timer_reset                              0x08015267   Thumb Code    10  timer.o(i.timer_reset)
    timer_set                                0x08015271   Thumb Code    16  timer.o(i.timer_set)
    u8cpy                                    0x08015281   Thumb Code    34  tcp_client.o(i.u8cpy)
    udp_appcall                              0x080152a5   Thumb Code   136  uip_appcall.o(i.udp_appcall)
    udp_client_appcall                       0x08015335   Thumb Code   140  udp_client.o(i.udp_client_appcall)
    uip_add32                                0x080153d1   Thumb Code   106  uip.o(i.uip_add32)
    uip_arp_arpin                            0x08015485   Thumb Code   216  uip_arp.o(i.uip_arp_arpin)
    uip_arp_init                             0x0801556d   Thumb Code    46  uip_arp.o(i.uip_arp_init)
    uip_arp_out                              0x080155a5   Thumb Code   366  uip_arp.o(i.uip_arp_out)
    uip_arp_timer                            0x08015745   Thumb Code    76  uip_arp.o(i.uip_arp_timer)
    uip_connect                              0x080158c1   Thumb Code   254  uip.o(i.uip_connect)
    uip_init                                 0x080159d1   Thumb Code   136  uip.o(i.uip_init)
    uip_ipchksum                             0x08015a6d   Thumb Code    30  uip.o(i.uip_ipchksum)
    uip_listen                               0x08015a91   Thumb Code    54  uip.o(i.uip_listen)
    uip_log                                  0x08015ad1   Thumb Code     2  uip_appcall.o(i.uip_log)
    uip_polling                              0x08015ad5   Thumb Code   258  tapdev.o(i.uip_polling)
    uip_process                              0x08015bfd   Thumb Code  4600  uip.o(i.uip_process)
    uip_send                                 0x08016df5   Thumb Code    38  uip.o(i.uip_send)
    uip_tcpchksum                            0x08016e25   Thumb Code    10  uip.o(i.uip_tcpchksum)
    uip_udp_new                              0x08016e31   Thumb Code   204  uip.o(i.uip_udp_new)
    uip_udpchksum                            0x08016f09   Thumb Code    10  uip.o(i.uip_udpchksum)
    usart_baudrate_set                       0x08016f5d   Thumb Code   136  gd32e10x_usart.o(i.usart_baudrate_set)
    usart_data_receive                       0x08016fed   Thumb Code    10  gd32e10x_usart.o(i.usart_data_receive)
    usart_data_transmit                      0x08016ff7   Thumb Code     8  gd32e10x_usart.o(i.usart_data_transmit)
    usart_deinit                             0x08017001   Thumb Code   136  gd32e10x_usart.o(i.usart_deinit)
    usart_disable                            0x08017091   Thumb Code    10  gd32e10x_usart.o(i.usart_disable)
    usart_enable                             0x0801709b   Thumb Code    10  gd32e10x_usart.o(i.usart_enable)
    usart_hardware_flow_cts_config           0x080170a5   Thumb Code    16  gd32e10x_usart.o(i.usart_hardware_flow_cts_config)
    usart_hardware_flow_rts_config           0x080170b5   Thumb Code    16  gd32e10x_usart.o(i.usart_hardware_flow_rts_config)
    usart_interrupt_disable                  0x080170c5   Thumb Code    26  gd32e10x_usart.o(i.usart_interrupt_disable)
    usart_interrupt_enable                   0x080170df   Thumb Code    26  gd32e10x_usart.o(i.usart_interrupt_enable)
    usart_interrupt_flag_get                 0x080170f9   Thumb Code    56  gd32e10x_usart.o(i.usart_interrupt_flag_get)
    usart_parity_config                      0x08017131   Thumb Code    16  gd32e10x_usart.o(i.usart_parity_config)
    usart_receive_config                     0x08017141   Thumb Code    16  gd32e10x_usart.o(i.usart_receive_config)
    usart_stop_bit_set                       0x08017151   Thumb Code    16  gd32e10x_usart.o(i.usart_stop_bit_set)
    usart_transmit_config                    0x08017161   Thumb Code    16  gd32e10x_usart.o(i.usart_transmit_config)
    usart_word_length_set                    0x08017171   Thumb Code    16  gd32e10x_usart.o(i.usart_word_length_set)
    writeCString                             0x08017181   Thumb Code    40  mqttpacket.o(i.writeCString)
    writeChar                                0x080171a9   Thumb Code    12  mqttpacket.o(i.writeChar)
    writeInt                                 0x080171b5   Thumb Code    48  mqttpacket.o(i.writeInt)
    writeMQTTString                          0x080171e5   Thumb Code    62  mqttpacket.o(i.writeMQTTString)
    GB2UNI                                   0x08017222   Data       13536  smsinstruct.o(.constdata)
    mon_table                                0x0801a702   Data          12  rtc.o(.constdata)
    table_week                               0x0801a70e   Data          12  rtc.o(.constdata)
    auchCRCHi                                0x0801a71a   Data         256  modbuspub.o(.constdata)
    auchCRCLo                                0x0801a81a   Data         256  modbuspub.o(.constdata)
    mqttDef                                  0x0801a91c   Data           5  mqtt.o(.constdata)
    __mathlib_zero                           0x0801aa28   Data           8  qnan.o(.constdata)
    Region$$Table$$Base                      0x0801ab80   Number         0  anon$$obj.o(Region$$Table)
    Region$$Table$$Limit                     0x0801aba0   Number         0  anon$$obj.o(Region$$Table)
    uip_timer                                0x20000000   Data           4  gd32e10x_it.o(.data)
    SysTimCnt                                0x20000004   Data           4  gd32e10x_it.o(.data)
    freqChangeFlag                           0x20000014   Data           1  dealdat.o(.data)
    freqChangeTim                            0x20000015   Data           1  dealdat.o(.data)
    tempWorkfreq                             0x20000016   Data           1  dealdat.o(.data)
    DevDBTime                                0x20000018   Data           4  dealdat.o(.data)
    NetSelected                              0x2000001e   Data           1  netlink.o(.data)
    g_GprsState                              0x20000020   Data           1  gprsnet.o(.data)
    HeartBeatStamp                           0x20000022   Data           2  gprsnet.o(.data)
    SendDataStamp                            0x20000024   Data           2  gprsnet.o(.data)
    GprsFreeStamp                            0x20000026   Data           2  gprsnet.o(.data)
    g_flag                                   0x20000040   Data           4  gsm234g.o(.data)
    g_Smsflag                                0x20000044   Data           4  gsm234g.o(.data)
    g_NoRespCnt                              0x20000048   Data           4  gsm234g.o(.data)
    g_netLen                                 0x2000004c   Data           4  gsm234g.o(.data)
    g_SmsCnt                                 0x20000050   Data           1  gsm234g.o(.data)
    g_SmsTempCnt                             0x20000051   Data           1  gsm234g.o(.data)
    g_CmeErr                                 0x20000052   Data           1  gsm234g.o(.data)
    GSMBusy                                  0x20000053   Data           1  gsm234g.o(.data)
    ModuleVer                                0x20000054   Data           1  gsm234g.o(.data)
    g_SIMCode                                0x20000055   Data           8  gsm234g.o(.data)
    NeedSetAPN                               0x2000005d   Data           1  gsm234g.o(.data)
    g_SigLevel                               0x2000005e   Data           1  gsm234g.o(.data)
    g_UartDat                                0x2000005f   Data           1  gsm234g.o(.data)
    NeedOffline                              0x20000060   Data           1  gsm234g.o(.data)
    SMSFlag                                  0x20000061   Data           1  gsm234g.o(.data)
    g_Recptr                                 0x20000062   Data           2  gsm234g.o(.data)
    EngMode                                  0x20000065   Data           1  smsinstruct.o(.data)
    longMsgHead                              0x20000066   Data           6  smsinstruct.o(.data)
    g_EthState                               0x20000070   Data           1  ethnet.o(.data)
    g_EthFreeStamp                           0x20000072   Data           2  ethnet.o(.data)
    g_SendDataTemp                           0x20000074   Data           2  ethnet.o(.data)
    SendTryCnt                               0x20000076   Data           1  ethnet.o(.data)
    Rj45Err                                  0x20000077   Data           1  ethnet.o(.data)
    EthLineIsOut                             0x20000090   Data           1  enc28j60.o(.data)
    G_LoRaConfig                             0x20000094   Data           8  sx127x_drive.o(.data)
    G_TsXms                                  0x2000009c   Data           4  sx127x_drive.o(.data)
    DownloadId                               0x200000a0   Data           1  loradealdat.o(.data)
    devPtr                                   0x200000a1   Data           1  loradealdat.o(.data)
    historyCnt                               0x200000a4   Data           2  config.o(.data)
    historyRepCnt                            0x200000a6   Data           2  config.o(.data)
    alarmCnt                                 0x200000a8   Data           2  config.o(.data)
    historyPtr                               0x200000aa   Data           2  config.o(.data)
    historyRepPtr                            0x200000ac   Data           2  config.o(.data)
    alarmPtr                                 0x200000ae   Data           2  config.o(.data)
    LocalBatVal                              0x200000b0   Data           2  adc.o(.data)
    timFlag                                  0x200000b3   Data           1  rtc.o(.data)
    uDaysPerMonth                            0x200000b4   Data          12  rtc.o(.data)
    TxPtr0                                   0x200000c0   Data           2  usart.o(.data)
    TxCnt0                                   0x200000c2   Data           2  usart.o(.data)
    TxPtr1                                   0x200000c4   Data           2  usart.o(.data)
    TxCnt1                                   0x200000c6   Data           2  usart.o(.data)
    sendStop                                 0x200000c8   Data           1  usart.o(.data)
    ChipId                                   0x200000ca   Data           4  hardware.o(.data)
    version                                  0x200000ce   Data           7  hardware.o(.data)
    NetLedCnt                                0x200000d5   Data           1  hardware.o(.data)
    LoraLedCnt                               0x200000d6   Data           1  hardware.o(.data)
    GprsLedCnt                               0x200000d8   Data           2  hardware.o(.data)
    GprsLedStart                             0x200000da   Data           1  hardware.o(.data)
    GprsLedEnd                               0x200000db   Data           1  hardware.o(.data)
    DB_Flag                                  0x200000dc   Data           1  hardware.o(.data)
    UpdateTime                               0x200000dd   Data           1  hardware.o(.data)
    RepCnt                                   0x200000e6   Data           2  tim2.o(.data)
    headRtu                                  0x200000e8   Data           4  modbus.o(.data)
    headTcp                                  0x200000ec   Data           4  modbus.o(.data)
    modbusResp                               0x200000f0   Data           4  modbus.o(.data)
    m_sendBuf                                0x200000f8   Data           4  mqtt.o(.data)
    PacketId                                 0x200000fc   Data           2  mqtt.o(.data)
    m_State                                  0x200000fe   Data           1  mqtt.o(.data)
    uip_hostaddr                             0x20000114   Data           4  uip.o(.data)
    uip_draddr                               0x20000118   Data           4  uip.o(.data)
    uip_netmask                              0x2000011c   Data           4  uip.o(.data)
    uip_ethaddr                              0x20000120   Data           6  uip.o(.data)
    uip_appdata                              0x20000128   Data           4  uip.o(.data)
    uip_sappdata                             0x2000012c   Data           4  uip.o(.data)
    uip_len                                  0x20000130   Data           2  uip.o(.data)
    uip_slen                                 0x20000132   Data           2  uip.o(.data)
    uip_flags                                0x20000134   Data           1  uip.o(.data)
    uip_conn                                 0x20000138   Data           4  uip.o(.data)
    uip_udp_conn                             0x2000013c   Data           4  uip.o(.data)
    uip_acc32                                0x20000148   Data           4  uip.o(.data)
    DhcpOk                                   0x20000158   Data           1  tapdev.o(.data)
    DhcpIp                                   0x20000159   Data           4  tapdev.o(.data)
    g_uiLintenPort                           0x2000015e   Data           2  tapdev.o(.data)
    tcp_server_sta                           0x2000018a   Data           1  tcp_server.o(.data)
    g_RecEthLen                              0x2000018c   Data           2  tcp_client.o(.data)
    tcp_client_sta                           0x2000018e   Data           1  tcp_client.o(.data)
    SystemCoreClock                          0x20000190   Data           4  system_gd32e10x.o(.data)
    __stdout                                 0x20000194   Data           4  stdout.o(.data)
    __microlib_freelist                      0x20000198   Data           4  mvars.o(.data)
    __microlib_freelist_initialised          0x2000019c   Data           4  mvars.o(.data)
    overAllData_Fram                         0x200001a4   Data         129  dealdat.o(.bss)
    gprs_data_Frame                          0x20000226   Data         301  gsm234g.o(.bss)
    sms_data_Frame                           0x20000354   Data         382  gsm234g.o(.bss)
    g_IMEI                                   0x200004d2   Data          15  gsm234g.o(.bss)
    replayBuf_Fram                           0x200004e2   Data         202  smsinstruct.o(.bss)
    G_LoRaPara                               0x200005ac   Data          16  sx127x_drive.o(.bss)
    DevRegVal                                0x200005bc   Data         700  loradealdat.o(.bss)
    DevAlarm                                 0x20000878   Data          50  loradealdat.o(.bss)
    loraRecBuf                               0x200008aa   Data         200  loradealdat.o(.bss)
    loraSendBuf                              0x20000972   Data         210  loradealdat.o(.bss)
    tempDev                                  0x20000a44   Data         400  loradealdat.o(.bss)
    SysInfo                                  0x20000c08   Data        1484  config_interface.o(.bss)
    UserInfo                                 0x200011d4   Data          36  config_interface.o(.bss)
    History                                  0x200011f8   Data          28  config_interface.o(.bss)
    DevInfo                                  0x20001214   Data       10500  config_interface.o(.bss)
    calendar                                 0x20003b18   Data          10  rtc.o(.bss)
    spi_init_struct                          0x20003b24   Data          28  spi.o(.bss)
    TxBuffer0                                0x20003b40   Data         128  usart.o(.bss)
    TxBuffer1                                0x20003bc0   Data         128  usart.o(.bss)
    usart_Frame                              0x20003c40   Data        1404  usart.o(.bss)
    mReplyBuf                                0x200041bc   Data         270  modbus.o(.bss)
    m_mqttBuf                                0x200042cc   Data         216  mqtt.o(.bss)
    topicString                              0x200043a4   Data          12  mqtt.o(.bss)
    uip_buf                                  0x200043bc   Data        4098  uip.o(.bss)
    uip_conns                                0x200053c0   Data        1600  uip.o(.bss)
    uip_listenports                          0x20005a00   Data          80  uip.o(.bss)
    uip_udp_conns                            0x20005a50   Data         240  uip.o(.bss)
    uip_stat                                 0x20005b40   Data          52  uip.o(.bss)
    g_mconn                                  0x20005c08   Data          48  tapdev.o(.bss)
    tcp_server_databuf                       0x20005ce0   Data         250  tcp_server.o(.bss)
    tcp_server_tempBuf                       0x20005dda   Data         252  tcp_server.o(.bss)
    tcp_client_sendbuf                       0x20005ed6   Data         500  tcp_client.o(.bss)
    tcp_client_Recbuf                        0x200060ca   Data         500  tcp_client.o(.bss)
    __heap_base                              0x200062c0   Data           0  startup_gd32e10x.o(HEAP)
    __heap_limit                             0x200073c0   Data           0  startup_gd32e10x.o(HEAP)
    __initial_sp                             0x200077c0   Data           0  startup_gd32e10x.o(STACK)



==============================================================================

Memory Map of the image

  Image Entry point : 0x08000151

  Load Region LR_IROM1 (Base: 0x08000000, Size: 0x0001ad44, Max: 0x00020000, ABSOLUTE, COMPRESSED[0x0001abe4])

    Execution Region ER_IROM1 (Base: 0x08000000, Size: 0x0001aba0, Max: 0x00020000, ABSOLUTE)

    Base Addr    Size         Type   Attr      Idx    E Section Name        Object

    0x08000000   0x00000150   Data   RO         4528    RESET               startup_gd32e10x.o
    0x08000150   0x00000000   Code   RO         7186  * .ARM.Collect$$$$00000000  mc_w.l(entry.o)
    0x08000150   0x00000004   Code   RO         7551    .ARM.Collect$$$$00000001  mc_w.l(entry2.o)
    0x08000154   0x00000004   Code   RO         7554    .ARM.Collect$$$$00000004  mc_w.l(entry5.o)
    0x08000158   0x00000000   Code   RO         7556    .ARM.Collect$$$$00000008  mc_w.l(entry7b.o)
    0x08000158   0x00000000   Code   RO         7558    .ARM.Collect$$$$0000000A  mc_w.l(entry8b.o)
    0x08000158   0x00000008   Code   RO         7559    .ARM.Collect$$$$0000000B  mc_w.l(entry9a.o)
    0x08000160   0x00000000   Code   RO         7561    .ARM.Collect$$$$0000000D  mc_w.l(entry10a.o)
    0x08000160   0x00000000   Code   RO         7563    .ARM.Collect$$$$0000000F  mc_w.l(entry11a.o)
    0x08000160   0x00000004   Code   RO         7552    .ARM.Collect$$$$00002712  mc_w.l(entry2.o)
    0x08000164   0x00000024   Code   RO         4529    .text               startup_gd32e10x.o
    0x08000188   0x0000000c   Code   RO         7189    .text               mc_w.l(tolower.o)
    0x08000194   0x00000024   Code   RO         7191    .text               mc_w.l(memcpya.o)
    0x080001b8   0x00000024   Code   RO         7193    .text               mc_w.l(memseta.o)
    0x080001dc   0x0000000e   Code   RO         7197    .text               mc_w.l(strlen.o)
    0x080001ea   0x0000001a   Code   RO         7201    .text               mc_w.l(memcmp.o)
    0x08000204   0x00000012   Code   RO         7203    .text               mc_w.l(strcpy.o)
    0x08000216   0x0000001e   Code   RO         7205    .text               mc_w.l(strncmp.o)
    0x08000234   0x00000032   Code   RO         7209    .text               mc_w.l(strncasecmp.o)
    0x08000266   0x0000014e   Code   RO         7500    .text               mf_w.l(dadd.o)
    0x080003b4   0x000000e4   Code   RO         7502    .text               mf_w.l(dmul.o)
    0x08000498   0x000000de   Code   RO         7504    .text               mf_w.l(ddiv.o)
    0x08000576   0x00000022   Code   RO         7506    .text               mf_w.l(dflti.o)
    0x08000598   0x0000001a   Code   RO         7508    .text               mf_w.l(dfltui.o)
    0x080005b2   0x0000003e   Code   RO         7510    .text               mf_w.l(dfixi.o)
    0x080005f0   0x00000032   Code   RO         7512    .text               mf_w.l(dfixui.o)
    0x08000622   0x00000002   PAD
    0x08000624   0x00000030   Code   RO         7518    .text               mf_w.l(cdrcmple.o)
    0x08000654   0x00000062   Code   RO         7568    .text               mc_w.l(uldiv.o)
    0x080006b6   0x0000001e   Code   RO         7570    .text               mc_w.l(llshl.o)
    0x080006d4   0x00000020   Code   RO         7572    .text               mc_w.l(llushr.o)
    0x080006f4   0x00000024   Code   RO         7574    .text               mc_w.l(llsshr.o)
    0x08000718   0x00000000   Code   RO         7585    .text               mc_w.l(iusefp.o)
    0x08000718   0x000000ba   Code   RO         7586    .text               mf_w.l(depilogue.o)
    0x080007d2   0x0000002e   Code   RO         7590    .text               mf_w.l(dscalb.o)
    0x08000800   0x00000024   Code   RO         7594    .text               mc_w.l(init.o)
    0x08000824   0x000000a2   Code   RO         7596    .text               mf_w.l(dsqrt.o)
    0x080008c6   0x00000056   Code   RO         7606    .text               mc_w.l(__dczerorl2.o)
    0x0800091c   0x00000060   Code   RO         1935    i.ADC0_1_IRQHandler  adc.o
    0x0800097c   0x00000020   Code   RO         1936    i.ADC_EXTI_Init     adc.o
    0x0800099c   0x000000b8   Code   RO         3618    i.AliyunSendDOResp  aliyuniot.o
    0x08000a54   0x00000210   Code   RO         3692    i.AnalyJson         mqttcouldpub.o
    0x08000c64   0x000001a8   Code   RO         3693    i.AnalyJsonFromCould  mqttcouldpub.o
    0x08000e0c   0x0000066c   Code   RO         2586    i.AnalyModBus       modbus.o
    0x08001478   0x000002c0   Code   RO         1086    i.AnalyTarIp        ethnet.o
    0x08001738   0x00000034   Code   RO          907    i.AutoLineBreak     smsinstruct.o
    0x0800176c   0x00000004   Code   RO            3    i.BusFault_Handler  gd32e10x_it.o
    0x08001770   0x00000034   Code   RO         1613    i.ChangeTempDevID   loradealdat.o
    0x080017a4   0x00000020   Code   RO         2588    i.CharToByte        modbus.o
    0x080017c4   0x00000020   Code   RO          755    i.CheckAt           gsm234g.o
    0x080017e4   0x00000030   Code   RO         1087    i.CheckConn         ethnet.o
    0x08001814   0x00000038   Code   RO          328    i.CheckDevUId       dealdat.o
    0x0800184c   0x000000c8   Code   RO         2183    i.CheckPower        hardware.o
    0x08001914   0x000000e0   Code   RO         2184    i.CheckRefactory    hardware.o
    0x080019f4   0x00000040   Code   RO         1614    i.CheckTempDev      loradealdat.o
    0x08001a34   0x00000028   Code   RO         2185    i.ChekPwd           hardware.o
    0x08001a5c   0x00000074   Code   RO         1733    i.ClearHistory      config.o
    0x08001ad0   0x00000148   Code   RO         1734    i.ClearSysInfo      config.o
    0x08001c18   0x0000001c   Code   RO         2186    i.CloseGSM          hardware.o
    0x08001c34   0x0000003c   Code   RO         1088    i.CompEthData       ethnet.o
    0x08001c70   0x00000038   Code   RO          621    i.CompGprsData      gprsnet.o
    0x08001ca8   0x00000034   Code   RO         2187    i.CompStr           hardware.o
    0x08001cdc   0x000000a0   Code   RO          329    i.CompareDevInfo    dealdat.o
    0x08001d7c   0x00000082   Code   RO          330    i.CopyDevInfo       dealdat.o
    0x08001dfe   0x0000002e   Code   RO         2188    i.CopyStr           hardware.o
    0x08001e2c   0x0000019c   Code   RO          331    i.DebugHistory      dealdat.o
    0x08001fc8   0x00000002   Code   RO            4    i.DebugMon_Handler  gd32e10x_it.o
    0x08001fca   0x00000002   PAD
    0x08001fcc   0x000009b4   Code   RO         2189    i.DebugSysInfo      hardware.o
    0x08002980   0x0000007c   Code   RO         1735    i.DelDevWT2Config   config.o
    0x080029fc   0x00000038   Code   RO         1736    i.DevInfoInit       config.o
    0x08002a34   0x000000e4   Code   RO         1737    i.DevInfoParamInit  config.o
    0x08002b18   0x00000160   Code   RO         1615    i.DownLoad2TerminalWT1  loradealdat.o
    0x08002c78   0x00000624   Code   RO         1616    i.DownLoad2TerminalWT2  loradealdat.o
    0x0800329c   0x000001a8   Code   RO         1241    i.ENC28J60_Init     enc28j60.o
    0x08003444   0x00000050   Code   RO         1242    i.ENC28J60_PHY_Read  enc28j60.o
    0x08003494   0x0000003e   Code   RO         1243    i.ENC28J60_PHY_Write  enc28j60.o
    0x080034d2   0x00000002   PAD
    0x080034d4   0x000000e0   Code   RO         1244    i.ENC28J60_Packet_Receive  enc28j60.o
    0x080035b4   0x00000066   Code   RO         1245    i.ENC28J60_Packet_Send  enc28j60.o
    0x0800361a   0x00000014   Code   RO         1246    i.ENC28J60_Read     enc28j60.o
    0x0800362e   0x00000002   PAD
    0x08003630   0x0000003c   Code   RO         1247    i.ENC28J60_Read_Buf  enc28j60.o
    0x0800366c   0x00000048   Code   RO         1248    i.ENC28J60_Read_Op  enc28j60.o
    0x080036b4   0x0000002c   Code   RO         1249    i.ENC28J60_Reset    enc28j60.o
    0x080036e0   0x00000034   Code   RO         1250    i.ENC28J60_Set_Bank  enc28j60.o
    0x08003714   0x00000018   Code   RO         1251    i.ENC28J60_Write    enc28j60.o
    0x0800372c   0x00000038   Code   RO         1252    i.ENC28J60_Write_Buf  enc28j60.o
    0x08003764   0x0000003c   Code   RO         1253    i.ENC28J60_Write_Op  enc28j60.o
    0x080037a0   0x00000024   Code   RO         1254    i.ETHLineOut        enc28j60.o
    0x080037c4   0x00000048   Code   RO         1089    i.Enc28j60Check     ethnet.o
    0x0800380c   0x00000016   Code   RO         1883    i.EraseChipOrSector  config_interface.o
    0x08003822   0x00000002   PAD
    0x08003824   0x00000304   Code   RO         1090    i.EthFun            ethnet.o
    0x08003b28   0x0000004c   Code   RO         1091    i.EthGetServerTime  ethnet.o
    0x08003b74   0x00000040   Code   RO          332    i.FindFreeIndex     dealdat.o
    0x08003bb4   0x00000006   Code   RO         2514    i.Flash_ReadWord    sysflash.o
    0x08003bba   0x00000034   Code   RO         2515    i.Fmc_ErasePages    sysflash.o
    0x08003bee   0x00000024   Code   RO         2516    i.Fmc_ReadToFlash   sysflash.o
    0x08003c12   0x00000076   Code   RO         2517    i.Fmc_WriteToFlash  sysflash.o
    0x08003c88   0x00000078   Code   RO         2190    i.GPRSLEDShow       hardware.o
    0x08003d00   0x00000178   Code   RO          908    i.GSMAnalySms       smsinstruct.o
    0x08003e78   0x0000008c   Code   RO          909    i.GSMDelSms         smsinstruct.o
    0x08003f04   0x00000020   Code   RO          756    i.GSMGetCsq         gsm234g.o
    0x08003f24   0x0000004c   Code   RO          757    i.GSMGetMsgCap      gsm234g.o
    0x08003f70   0x000000a4   Code   RO          758    i.GSMGetReg         gsm234g.o
    0x08004014   0x000001bc   Code   RO          759    i.GSMInit           gsm234g.o
    0x080041d0   0x000000f8   Code   RO          910    i.GSMReadSms        smsinstruct.o
    0x080042c8   0x00000070   Code   RO          760    i.GSMRecOK          gsm234g.o
    0x08004338   0x00000054   Code   RO          911    i.GSMReplyFunc      smsinstruct.o
    0x0800438c   0x0000012c   Code   RO          761    i.GSMSetGprs        gsm234g.o
    0x080044b8   0x000003e4   Code   RO          762    i.GSMToAnalysisData  gsm234g.o
    0x0800489c   0x0000003c   Code   RO          912    i.GbToUniFunc       smsinstruct.o
    0x080048d8   0x000000b4   Code   RO          333    i.GetAlarmHistory   dealdat.o
    0x0800498c   0x00000024   Code   RO         2191    i.GetChipId         hardware.o
    0x080049b0   0x000003c0   Code   RO         2589    i.GetDIDevBufData   modbus.o
    0x08004d70   0x0000014c   Code   RO         2590    i.GetDODevBufData   modbus.o
    0x08004ebc   0x00000098   Code   RO          913    i.GetDataValToStr   smsinstruct.o
    0x08004f54   0x0000019c   Code   RO          914    i.GetDevCommunicateState  smsinstruct.o
    0x080050f0   0x0000003a   Code   RO          334    i.GetDevIndex       dealdat.o
    0x0800512a   0x00000002   PAD
    0x0800512c   0x000000a4   Code   RO         2192    i.GetDevOnlineIndex  hardware.o
    0x080051d0   0x00000068   Code   RO         2591    i.GetDevOnlineStatus  modbus.o
    0x08005238   0x000000a4   Code   RO          915    i.GetDeviceId       smsinstruct.o
    0x080052dc   0x000002e0   Code   RO          916    i.GetDeviceStatus   smsinstruct.o
    0x080055bc   0x00000318   Code   RO          917    i.GetDeviceTim      smsinstruct.o
    0x080058d4   0x00000120   Code   RO          918    i.GetEthServer      smsinstruct.o
    0x080059f4   0x00000130   Code   RO          919    i.GetGprsAPNConfig  smsinstruct.o
    0x08005b24   0x00000124   Code   RO          920    i.GetGprsServer     smsinstruct.o
    0x08005c48   0x00000154   Code   RO         1738    i.GetHistoyrCodeLen  config.o
    0x08005d9c   0x00000020   Code   RO          921    i.GetLanguageMode   smsinstruct.o
    0x08005dbc   0x0000026c   Code   RO         3175    i.GetMqttConnectData  mqtt.o
    0x08006028   0x00000158   Code   RO          922    i.GetNetPriority    smsinstruct.o
    0x08006180   0x00000204   Code   RO          923    i.GetNetStatus      smsinstruct.o
    0x08006384   0x0000001e   Code   RO          924    i.GetNumLen         smsinstruct.o
    0x080063a2   0x00000002   PAD
    0x080063a4   0x00000024   Code   RO         2193    i.GetSecCnt         hardware.o
    0x080063c8   0x0000014c   Code   RO         2594    i.GetSysInfoData    modbus.o
    0x08006514   0x00000020   Code   RO         2194    i.GetSysTimCnt      hardware.o
    0x08006534   0x00000068   Code   RO         1617    i.GetTempDevPtr     loradealdat.o
    0x0800659c   0x00000078   Code   RO          335    i.GetTerminalRegData  dealdat.o
    0x08006614   0x00000504   Code   RO         2195    i.GetTerminalW2Info  hardware.o
    0x08006b18   0x0000002c   Code   RO         4419    i.GetUipUdpConn     udp_client.o
    0x08006b44   0x00000140   Code   RO          875    i.GprsAnalysisCmd2G  gsm234g.o
    0x08006c84   0x00000210   Code   RO          881    i.GprsAnalysisCmd3GOr4G  gsm234g.o
    0x08006e94   0x000001fc   Code   RO          763    i.GprsConnectServer  gsm234g.o
    0x08007090   0x00000064   Code   RO          764    i.GprsDisConRemote  gsm234g.o
    0x080070f4   0x00000070   Code   RO          765    i.GprsDisConnect    gsm234g.o
    0x08007164   0x000005f4   Code   RO          622    i.GprsFun           gprsnet.o
    0x08007758   0x00000094   Code   RO          623    i.GprsGetServerTime  gprsnet.o
    0x080077ec   0x00000164   Code   RO          624    i.GprsRunning       gprsnet.o
    0x08007950   0x000000f8   Code   RO         3659    i.HWyunSendDOResp   huaweiiot.o
    0x08007a48   0x00000048   Code   RO         3660    i.HWyunSendResp     huaweiiot.o
    0x08007a90   0x00000004   Code   RO            5    i.HardFault_Handler  gd32e10x_it.o
    0x08007a94   0x00000088   Code   RO          578    i.HardwareCheck     netlink.o
    0x08007b1c   0x0000009c   Code   RO         1937    i.InitAdc           adc.o
    0x08007bb8   0x0000007c   Code   RO         2196    i.InitGPIO          hardware.o
    0x08007c34   0x0000010c   Code   RO          766    i.InitGsmBasic      gsm234g.o
    0x08007d40   0x000001e4   Code   RO         1092    i.InitLocalIP       ethnet.o
    0x08007f24   0x00000040   Code   RO         1570    i.InitLora          lora.o
    0x08007f64   0x00000048   Code   RO         2197    i.InitNVIC          hardware.o
    0x08007fac   0x0000001a   Code   RO         1093    i.InitNet           ethnet.o
    0x08007fc6   0x00000054   Code   RO         2555    i.InitTimer1        tim1.o
    0x0800801a   0x00000002   PAD
    0x0800801c   0x0000009c   Code   RO         2128    i.InitUsart0        usart.o
    0x080080b8   0x00000080   Code   RO         2129    i.InitUsart1        usart.o
    0x08008138   0x00000044   Code   RO         2198    i.IsIPaVailable     hardware.o
    0x0800817c   0x00000134   Code   RO         1618    i.JudgeDevOnline    loradealdat.o
    0x080082b0   0x000000b8   Code   RO         2199    i.JudgeDevSendTim   hardware.o
    0x08008368   0x00000070   Code   RO         1571    i.LoraDatPro        lora.o
    0x080083d8   0x000001f8   Code   RO         1619    i.LoraPro           loradealdat.o
    0x080085d0   0x00000076   Code   RO         2781    i.MQTTDeserialize_connack  mqttconnectclient.o
    0x08008646   0x000000a8   Code   RO         2864    i.MQTTDeserialize_publish  mqttdeserializepublish.o
    0x080086ee   0x00000092   Code   RO         3143    i.MQTTDeserialize_suback  mqttsubscribeclient.o
    0x08008780   0x00000058   Code   RO         2889    i.MQTTPacket_decode  mqttpacket.o
    0x080087d8   0x0000001c   Code   RO         2890    i.MQTTPacket_decodeBuf  mqttpacket.o
    0x080087f4   0x00000036   Code   RO         2891    i.MQTTPacket_encode  mqttpacket.o
    0x0800882a   0x00000002   PAD
    0x0800882c   0x00000028   Code   RO         2893    i.MQTTPacket_len    mqttpacket.o
    0x08008854   0x00000168   Code   RO         2782    i.MQTTSerialize_connect  mqttconnectclient.o
    0x080089bc   0x00000076   Code   RO         2783    i.MQTTSerialize_connectLength  mqttconnectclient.o
    0x08008a32   0x00000012   Code   RO         2784    i.MQTTSerialize_disconnect  mqttconnectclient.o
    0x08008a44   0x00000012   Code   RO         2785    i.MQTTSerialize_pingreq  mqttconnectclient.o
    0x08008a56   0x000000b0   Code   RO         3070    i.MQTTSerialize_publish  mqttserializepublish.o
    0x08008b06   0x00000022   Code   RO         3071    i.MQTTSerialize_publishLength  mqttserializepublish.o
    0x08008b28   0x000000b0   Code   RO         3144    i.MQTTSerialize_subscribe  mqttsubscribeclient.o
    0x08008bd8   0x0000002e   Code   RO         3145    i.MQTTSerialize_subscribeLength  mqttsubscribeclient.o
    0x08008c06   0x0000004c   Code   RO         2786    i.MQTTSerialize_zero  mqttconnectclient.o
    0x08008c52   0x00000002   PAD
    0x08008c54   0x00000154   Code   RO         3176    i.MQTT_ClientString  mqtt.o
    0x08008da8   0x00000018   Code   RO         2895    i.MQTTstrlen        mqttpacket.o
    0x08008dc0   0x00000004   Code   RO            6    i.MemManage_Handler  gd32e10x_it.o
    0x08008dc4   0x00000038   Code   RO         2681    i.ModBusCrc         modbuspub.o
    0x08008dfc   0x00000118   Code   RO         3177    i.MqttConnect       mqtt.o
    0x08008f14   0x00000028   Code   RO         3178    i.MqttDisConnect    mqtt.o
    0x08008f3c   0x000000b4   Code   RO         3179    i.MqttGetRegData    mqtt.o
    0x08008ff0   0x00000138   Code   RO         3180    i.MqttHistoryRep    mqtt.o
    0x08009128   0x00000084   Code   RO         3181    i.MqttOfflineToSaveRegDat  mqtt.o
    0x080091ac   0x00000028   Code   RO         3182    i.MqttPingReq       mqtt.o
    0x080091d4   0x000002e4   Code   RO         3183    i.MqttPro           mqtt.o
    0x080094b8   0x000000ec   Code   RO         3184    i.MqttPublish       mqtt.o
    0x080095a4   0x00000050   Code   RO         3694    i.MqttRepAlarmFlag  mqttcouldpub.o
    0x080095f4   0x0000014c   Code   RO         3185    i.MqttSendDOResp    mqtt.o
    0x08009740   0x000000f8   Code   RO         3186    i.MqttSendRegData   mqtt.o
    0x08009838   0x00000078   Code   RO         3187    i.MqttSetDOToWT2    mqtt.o
    0x080098b0   0x000001a0   Code   RO         3695    i.MqttSetRepBuf     mqttcouldpub.o
    0x08009a50   0x00000104   Code   RO         3188    i.MqttSubscribe     mqtt.o
    0x08009b54   0x00000002   Code   RO            7    i.NMI_Handler       gd32e10x_it.o
    0x08009b56   0x00000002   PAD
    0x08009b58   0x00000028   Code   RO          275    i.NVIC_SetPriority  systick.o
    0x08009b80   0x00000028   Code   RO         2200    i.NVIC_SystemReset  hardware.o
    0x08009ba8   0x0000004c   Code   RO         1094    i.NetConnClose      ethnet.o
    0x08009bf4   0x0000000c   Code   RO          579    i.NetPro            netlink.o
    0x08009c00   0x000005fc   Code   RO         1095    i.NetRunning        ethnet.o
    0x0800a1fc   0x000000c0   Code   RO         1620    i.NewDevOffline     loradealdat.o
    0x0800a2bc   0x00000028   Code   RO          580    i.NorPro            netlink.o
    0x0800a2e4   0x00000074   Code   RO         2201    i.NumToStr          hardware.o
    0x0800a358   0x00000064   Code   RO         2202    i.OpenGSM           hardware.o
    0x0800a3bc   0x00000a8c   Code   RO         3696    i.OtherSetRegValToBuf  mqttcouldpub.o
    0x0800ae48   0x0000055c   Code   RO          336    i.PcCmdPro          dealdat.o
    0x0800b3a4   0x00000002   Code   RO            8    i.PendSV_Handler    gd32e10x_it.o
    0x0800b3a6   0x00000002   PAD
    0x0800b3a8   0x00000190   Code   RO          337    i.PrintNewDev       dealdat.o
    0x0800b538   0x0000005c   Code   RO         2203    i.PutInUart0        hardware.o
    0x0800b594   0x0000006c   Code   RO         2204    i.PutInUart1        hardware.o
    0x0800b600   0x00000040   Code   RO          767    i.PutModuleVer      gsm234g.o
    0x0800b640   0x000000b2   Code   RO         2011    i.RTCInit           rtc.o
    0x0800b6f2   0x00000002   PAD
    0x0800b6f4   0x00000108   Code   RO         2012    i.RTCTimeToSeconds  rtc.o
    0x0800b7fc   0x0000013c   Code   RO         2013    i.RTC_Get           rtc.o
    0x0800b938   0x00000078   Code   RO         2014    i.RTC_Get_Week      rtc.o
    0x0800b9b0   0x0000001a   Code   RO         2015    i.RTC_IRQHandler    rtc.o
    0x0800b9ca   0x00000002   PAD
    0x0800b9cc   0x0000005c   Code   RO         2016    i.RTC_Set           rtc.o
    0x0800ba28   0x00000064   Code   RO         1884    i.ReadConfig        config_interface.o
    0x0800ba8c   0x0000002c   Code   RO         1739    i.ReadDevWT2Config  config.o
    0x0800bab8   0x000000c0   Code   RO         1885    i.ReadHistory       config_interface.o
    0x0800bb78   0x00000022   Code   RO         1740    i.ReadHistroy       config.o
    0x0800bb9a   0x00000012   Code   RO         1741    i.ReadHistroyRep    config.o
    0x0800bbac   0x00000014   Code   RO         1742    i.ReadSysInfo       config.o
    0x0800bbc0   0x00000014   Code   RO         1743    i.ReadUserInfo      config.o
    0x0800bbd4   0x00000104   Code   RO          338    i.ReplyDeviceTim    dealdat.o
    0x0800bcd8   0x00000032   Code   RO         2595    i.ReplyModBus       modbus.o
    0x0800bd0a   0x00000002   PAD
    0x0800bd0c   0x00000028   Code   RO          339    i.ReplySetErr       dealdat.o
    0x0800bd34   0x00000028   Code   RO          340    i.ReplySetOK        dealdat.o
    0x0800bd5c   0x00000024   Code   RO         2205    i.RestartGSM        hardware.o
    0x0800bd80   0x00000024   Code   RO         2206    i.S282_Log          hardware.o
    0x0800bda4   0x00000028   Code   RO         2207    i.S282_LogInt       hardware.o
    0x0800bdcc   0x00000002   Code   RO            9    i.SVC_Handler       gd32e10x_it.o
    0x0800bdce   0x00000002   PAD
    0x0800bdd0   0x00000020   Code   RO         1385    i.SX127X_Current_RSSI  sx127x_drive.o
    0x0800bdf0   0x00000068   Code   RO         1386    i.SX127X_GetFreq    sx127x_drive.o
    0x0800be58   0x00000118   Code   RO         1387    i.SX127X_Lora_init  sx127x_drive.o
    0x0800bf70   0x00000068   Code   RO         1388    i.SX127X_PoutSet    sx127x_drive.o
    0x0800bfd8   0x00000012   Code   RO         1389    i.SX127X_Read       sx127x_drive.o
    0x0800bfea   0x00000002   PAD
    0x0800bfec   0x00000044   Code   RO         1353    i.SX127X_ReadBuffer  sx127x_hal.o
    0x0800c030   0x00000012   Code   RO         1390    i.SX127X_ReadFifo   sx127x_drive.o
    0x0800c042   0x00000002   PAD
    0x0800c044   0x00000034   Code   RO         1391    i.SX127X_Reset      sx127x_drive.o
    0x0800c078   0x000000bc   Code   RO         1392    i.SX127X_RxPacket   sx127x_drive.o
    0x0800c134   0x000000b4   Code   RO         1393    i.SX127X_SetFreq    sx127x_drive.o
    0x0800c1e8   0x0000000c   Code   RO         1395    i.SX127X_StandbyMode  sx127x_drive.o
    0x0800c1f4   0x00000054   Code   RO         1396    i.SX127X_StartRx    sx127x_drive.o
    0x0800c248   0x00000058   Code   RO         1397    i.SX127X_TxPacket   sx127x_drive.o
    0x0800c2a0   0x00000010   Code   RO         1401    i.SX127X_Write      sx127x_drive.o
    0x0800c2b0   0x00000040   Code   RO         1354    i.SX127X_WriteBuffer  sx127x_hal.o
    0x0800c2f0   0x00000048   Code   RO         1744    i.SaveDevWT2Config  config.o
    0x0800c338   0x000000b4   Code   RO         1745    i.SaveHistory       config.o
    0x0800c3ec   0x00000078   Code   RO         1746    i.SaveHistoryRep    config.o
    0x0800c464   0x00000038   Code   RO          341    i.SaveIntData       dealdat.o
    0x0800c49c   0x0000003c   Code   RO          342    i.SaveStrData       dealdat.o
    0x0800c4d8   0x00000024   Code   RO         1747    i.SaveSysInfo       config.o
    0x0800c4fc   0x00000114   Code   RO         1621    i.SaveTempDev       loradealdat.o
    0x0800c610   0x00000022   Code   RO         1622    i.SaveToHistory     loradealdat.o
    0x0800c632   0x00000002   PAD
    0x0800c634   0x0000001c   Code   RO         1748    i.SaveUserInfo      config.o
    0x0800c650   0x00000078   Code   RO          768    i.SendCmd           gsm234g.o
    0x0800c6c8   0x0000007c   Code   RO         1096    i.SendEthWithReg    ethnet.o
    0x0800c744   0x00000194   Code   RO          769    i.SendGprsDat       gsm234g.o
    0x0800c8d8   0x0000007c   Code   RO          625    i.SendGprsWithReg   gprsnet.o
    0x0800c954   0x0000003e   Code   RO          770    i.SendHexAsAsc      gsm234g.o
    0x0800c992   0x00000002   PAD
    0x0800c994   0x00000018   Code   RO         1572    i.SendLoraDatPack   lora.o
    0x0800c9ac   0x00000030   Code   RO         1623    i.SendLoraData      loradealdat.o
    0x0800c9dc   0x000000ec   Code   RO         1624    i.SendLoraPack      loradealdat.o
    0x0800cac8   0x00000064   Code   RO          925    i.SendRestartMsg    smsinstruct.o
    0x0800cb2c   0x0000001c   Code   RO         2208    i.SendString        hardware.o
    0x0800cb48   0x0000004a   Code   RO          343    i.SetCopyIp         dealdat.o
    0x0800cb92   0x0000004c   Code   RO          344    i.SetCopyNum        dealdat.o
    0x0800cbde   0x0000003e   Code   RO          345    i.SetCopyStr        dealdat.o
    0x0800cc1c   0x00000034   Code   RO         2596    i.SetDODevBufData   modbus.o
    0x0800cc50   0x00000022   Code   RO         1749    i.SetDevInfoDef     config.o
    0x0800cc72   0x00000002   PAD
    0x0800cc74   0x000001b8   Code   RO         1625    i.SetDevRegVal      loradealdat.o
    0x0800ce2c   0x00000bf0   Code   RO          346    i.SetDevicePara     dealdat.o
    0x0800da1c   0x0000004c   Code   RO          347    i.SetDevicePwd      dealdat.o
    0x0800da68   0x00000090   Code   RO          348    i.SetDeviceTime     dealdat.o
    0x0800daf8   0x000000a4   Code   RO         1750    i.SetHistory        config.o
    0x0800db9c   0x00000034   Code   RO         3189    i.SetMQTT_Tim       mqtt.o
    0x0800dbd0   0x00000038   Code   RO          349    i.SetOnlyCopyStr    dealdat.o
    0x0800dc08   0x00000088   Code   RO         3619    i.SetRegDatToAli    aliyuniot.o
    0x0800dc90   0x000000a8   Code   RO         3661    i.SetRegDatToHW     huaweiiot.o
    0x0800dd38   0x000006ec   Code   RO         3697    i.SetRegValToBuf    mqttcouldpub.o
    0x0800e424   0x0000003c   Code   RO         2597    i.SetReplayBuf      modbus.o
    0x0800e460   0x00000104   Code   RO         2598    i.SetSysInfoData    modbus.o
    0x0800e564   0x000001ac   Code   RO         1751    i.SetSysInfoDef     config.o
    0x0800e710   0x00000028   Code   RO          350    i.SetTerminalW1Info  dealdat.o
    0x0800e738   0x00000490   Code   RO          351    i.SetTerminalW2Info  dealdat.o
    0x0800ebc8   0x00000050   Code   RO         1752    i.SetUserInfoDef    config.o
    0x0800ec18   0x000000c0   Code   RO         2209    i.SetUtcTime        hardware.o
    0x0800ecd8   0x00000014   Code   RO         1626    i.SetWorkFreq       loradealdat.o
    0x0800ecec   0x00000104   Code   RO          887    i.SimAnalysisCmd    gsm234g.o
    0x0800edf0   0x00000ffc   Code   RO          926    i.SmsAnaSetCmd      smsinstruct.o
    0x0800fdec   0x000001b0   Code   RO          626    i.SmsFun            gprsnet.o
    0x0800ff9c   0x00000370   Code   RO          927    i.SmsSendDat        smsinstruct.o
    0x0801030c   0x00000214   Code   RO          928    i.SmsSendGsm        smsinstruct.o
    0x08010520   0x0000007c   Code   RO         2078    i.Spi1Init          spi.o
    0x0801059c   0x00000054   Code   RO         2079    i.Spi1ReadWriteByte  spi.o
    0x080105f0   0x0000002c   Code   RO         2080    i.SpiAsFlash        spi.o
    0x0801061c   0x00000024   Code   RO         2081    i.SpiAsNet          spi.o
    0x08010640   0x00000010   Code   RO         2082    i.SpiClose          spi.o
    0x08010650   0x00000034   Code   RO         2210    i.StrToNum          hardware.o
    0x08010684   0x00000060   Code   RO         1753    i.SysInfoInit       config.o
    0x080106e4   0x00000040   Code   RO           10    i.SysTick_Handler   gd32e10x_it.o
    0x08010724   0x00000058   Code   RO         4536    i.SystemInit        system_gd32e10x.o
    0x0801077c   0x000000cc   Code   RO         2556    i.TIMER1_IRQHandler  tim1.o
    0x08010848   0x0000004c   Code   RO         2478    i.TIMER2_IRQHandler  tim2.o
    0x08010894   0x00000038   Code   RO         4197    i.TcpClose          tapdev.o
    0x080108cc   0x0000002c   Code   RO         4198    i.TcpSendData       tapdev.o
    0x080108f8   0x00000058   Code   RO         2479    i.Tim2Init          tim2.o
    0x08010950   0x00000200   Code   RO         2211    i.TotalInit         hardware.o
    0x08010b50   0x000000fc   Code   RO         2130    i.USART0_IRQHandler  usart.o
    0x08010c4c   0x0000009c   Code   RO         2131    i.USART1_IRQHandler  usart.o
    0x08010ce8   0x00000160   Code   RO          771    i.UartToGSM         gsm234g.o
    0x08010e48   0x0000002c   Code   RO         4199    i.UdpSendData       tapdev.o
    0x08010e74   0x00000060   Code   RO         4200    i.UipClient2Server  tapdev.o
    0x08010ed4   0x0000003c   Code   RO         4201    i.UipServer2Client  tapdev.o
    0x08010f10   0x00000020   Code   RO         4202    i.UipServerAck      tapdev.o
    0x08010f30   0x00000044   Code   RO          930    i.UniToGbFunc       smsinstruct.o
    0x08010f74   0x00000004   Code   RO           11    i.UsageFault_Handler  gd32e10x_it.o
    0x08010f78   0x0000002c   Code   RO         2403    i.W25Q_Erase_Chip   spi_flah.o
    0x08010fa4   0x0000004c   Code   RO         2404    i.W25Q_Erase_Sector  spi_flah.o
    0x08010ff0   0x0000003c   Code   RO         2405    i.W25Q_Init         spi_flah.o
    0x0801102c   0x00000060   Code   RO         2406    i.W25Q_Read         spi_flah.o
    0x0801108c   0x00000044   Code   RO         2407    i.W25Q_ReadID       spi_flah.o
    0x080110d0   0x0000002c   Code   RO         2408    i.W25Q_ReadSR       spi_flah.o
    0x080110fc   0x00000012   Code   RO         2409    i.W25Q_Wait_Busy    spi_flah.o
    0x0801110e   0x00000002   PAD
    0x08011110   0x000000a4   Code   RO         2410    i.W25Q_Write        spi_flah.o
    0x080111b4   0x00000002   Code   RO         2411    i.W25Q_Write_Disable  spi_flah.o
    0x080111b6   0x00000002   PAD
    0x080111b8   0x00000020   Code   RO         2412    i.W25Q_Write_Enable  spi_flah.o
    0x080111d8   0x00000044   Code   RO          772    i.WaitGsmChar       gsm234g.o
    0x0801121c   0x00000008   Code   RO         1981    i.WatchDogFeed      iwdg.o
    0x08011224   0x00000022   Code   RO         1982    i.WatchDogInit      iwdg.o
    0x08011246   0x00000016   Code   RO          773    i.WriteComm         gsm234g.o
    0x0801125c   0x00000064   Code   RO         1886    i.WriteConfig       config_interface.o
    0x080112c0   0x000000cc   Code   RO         1887    i.WriteHistory      config_interface.o
    0x0801138c   0x00000020   Code   RO         7418    i.__0printf$8       mc_w.l(printf8.o)
    0x080113ac   0x00000028   Code   RO         7420    i.__0sprintf$8      mc_w.l(printf8.o)
    0x080113d4   0x00000030   Code   RO         7534    i.__ARM_fpclassify  m_wm.l(fpclassify.o)
    0x08011404   0x00000004   PAD
    0x08011408   0x00000c38   Code   RO         7172    i.__hardfp_pow      m_wm.l(pow.o)
    0x08012040   0x000000f8   Code   RO         7536    i.__kernel_poly     m_wm.l(poly.o)
    0x08012138   0x00000030   Code   RO         7520    i.__mathlib_dbl_divzero  m_wm.l(dunder.o)
    0x08012168   0x00000014   Code   RO         7522    i.__mathlib_dbl_infnan2  m_wm.l(dunder.o)
    0x0801217c   0x00000004   PAD
    0x08012180   0x00000020   Code   RO         7523    i.__mathlib_dbl_invalid  m_wm.l(dunder.o)
    0x080121a0   0x00000020   Code   RO         7524    i.__mathlib_dbl_overflow  m_wm.l(dunder.o)
    0x080121c0   0x00000020   Code   RO         7526    i.__mathlib_dbl_underflow  m_wm.l(dunder.o)
    0x080121e0   0x0000000e   Code   RO         7600    i.__scatterload_copy  mc_w.l(handlers.o)
    0x080121ee   0x00000002   Code   RO         7601    i.__scatterload_null  mc_w.l(handlers.o)
    0x080121f0   0x0000000e   Code   RO         7602    i.__scatterload_zeroinit  mc_w.l(handlers.o)
    0x080121fe   0x00000002   PAD
    0x08012200   0x0000000c   Code   RO         7580    i.__set_errno       mc_w.l(errno.o)
    0x0801220c   0x00000410   Code   RO         7425    i._printf_core      mc_w.l(printf8.o)
    0x0801261c   0x00000024   Code   RO         7426    i._printf_post_padding  mc_w.l(printf8.o)
    0x08012640   0x0000002e   Code   RO         7427    i._printf_pre_padding  mc_w.l(printf8.o)
    0x0801266e   0x0000000a   Code   RO         7429    i._sputc            mc_w.l(printf8.o)
    0x08012678   0x0000002a   Code   RO         6486    i.adc_calibration_enable  gd32e10x_adc.o
    0x080126a2   0x00000046   Code   RO         6487    i.adc_channel_length_config  gd32e10x_adc.o
    0x080126e8   0x00000016   Code   RO         6488    i.adc_data_alignment_config  gd32e10x_adc.o
    0x080126fe   0x00000002   PAD
    0x08012700   0x00000040   Code   RO         6489    i.adc_deinit        gd32e10x_adc.o
    0x08012740   0x00000012   Code   RO         6494    i.adc_enable        gd32e10x_adc.o
    0x08012752   0x0000003e   Code   RO         6495    i.adc_external_trigger_config  gd32e10x_adc.o
    0x08012790   0x00000030   Code   RO         6496    i.adc_external_trigger_source_config  gd32e10x_adc.o
    0x080127c0   0x0000002c   Code   RO         6504    i.adc_interrupt_enable  gd32e10x_adc.o
    0x080127ec   0x00000008   Code   RO         6505    i.adc_interrupt_flag_clear  gd32e10x_adc.o
    0x080127f4   0x00000058   Code   RO         6506    i.adc_interrupt_flag_get  gd32e10x_adc.o
    0x0801284c   0x0000001c   Code   RO         6507    i.adc_mode_config   gd32e10x_adc.o
    0x08012868   0x000000ac   Code   RO         6511    i.adc_regular_channel_config  gd32e10x_adc.o
    0x08012914   0x00000008   Code   RO         6512    i.adc_regular_data_read  gd32e10x_adc.o
    0x0801291c   0x0000001e   Code   RO         6515    i.adc_software_trigger_enable  gd32e10x_adc.o
    0x0801293a   0x0000005a   Code   RO         6516    i.adc_special_function_config  gd32e10x_adc.o
    0x08012994   0x00000008   Code   RO         4089    i.add_end           dhcpc.o
    0x0801299c   0x00000012   Code   RO         4090    i.add_msg_type      dhcpc.o
    0x080129ae   0x00000002   PAD
    0x080129b0   0x0000001c   Code   RO         4091    i.add_req_ipaddr    dhcpc.o
    0x080129cc   0x00000020   Code   RO         4092    i.add_req_options   dhcpc.o
    0x080129ec   0x0000001c   Code   RO         4093    i.add_server_id     dhcpc.o
    0x08012a08   0x00000038   Code   RO         6019    i.bkp_data_read     gd32e10x_bkp.o
    0x08012a40   0x00000034   Code   RO         6020    i.bkp_data_write    gd32e10x_bkp.o
    0x08012a74   0x0000000c   Code   RO         6021    i.bkp_deinit        gd32e10x_bkp.o
    0x08012a80   0x00000028   Code   RO         2896    i.bufchar           mqttpacket.o
    0x08012aa8   0x00000050   Code   RO         3310    i.cJSON_Delete      cjson.o
    0x08012af8   0x00000012   Code   RO         3316    i.cJSON_GetArrayItem  cjson.o
    0x08012b0a   0x0000001e   Code   RO         3319    i.cJSON_GetObjectItem  cjson.o
    0x08012b28   0x00000020   Code   RO         3322    i.cJSON_New_Item    cjson.o
    0x08012b48   0x00000010   Code   RO         3323    i.cJSON_Parse       cjson.o
    0x08012b58   0x00000064   Code   RO         3324    i.cJSON_ParseWithOpts  cjson.o
    0x08012bbc   0x0000004c   Code   RO         3329    i.cJSON_strcasecmp  cjson.o
    0x08012c08   0x0000011c   Code   RO         4273    i.check_entries     resolv.o
    0x08012d24   0x00000046   Code   RO         3779    i.chksum            uip.o
    0x08012d6a   0x00000002   PAD
    0x08012d6c   0x0000000c   Code   RO         4181    i.clock_time        clock-arch.o
    0x08012d78   0x00000080   Code   RO         4094    i.create_msg        dhcpc.o
    0x08012df8   0x00000014   Code   RO          276    i.delayMs           systick.o
    0x08012e0c   0x0000001c   Code   RO          277    i.delay_1ms         systick.o
    0x08012e28   0x0000002c   Code   RO          278    i.delay_decrement   systick.o
    0x08012e54   0x00000008   Code   RO         4095    i.dhcpc_appcall     dhcpc.o
    0x08012e5c   0x00000050   Code   RO         4096    i.dhcpc_configured  dhcpc.o
    0x08012eac   0x0000004c   Code   RO         4097    i.dhcpc_init        dhcpc.o
    0x08012ef8   0x00000034   Code   RO         4098    i.dhcpc_request     dhcpc.o
    0x08012f2c   0x00000018   Code   RO         7168    i.fabs              m_wm.l(fabs.o)
    0x08012f44   0x0000000c   Code   RO         5297    i.fmc_flag_clear    gd32e10x_fmc.o
    0x08012f50   0x00000014   Code   RO         5306    i.fmc_lock          gd32e10x_fmc.o
    0x08012f64   0x00000048   Code   RO         5308    i.fmc_page_erase    gd32e10x_fmc.o
    0x08012fac   0x00000022   Code   RO         5312    i.fmc_ready_wait    gd32e10x_fmc.o
    0x08012fce   0x00000002   PAD
    0x08012fd0   0x00000040   Code   RO         5313    i.fmc_state_get     gd32e10x_fmc.o
    0x08013010   0x00000024   Code   RO         5314    i.fmc_unlock        gd32e10x_fmc.o
    0x08013034   0x00000040   Code   RO         5315    i.fmc_word_program  gd32e10x_fmc.o
    0x08013074   0x00000010   Code   RO         2132    i.fputc             usart.o
    0x08013084   0x00000050   Code   RO         7472    i.free              mc_w.l(malloc.o)
    0x080130d4   0x00000068   Code   RO         6257    i.fwdgt_config      gd32e10x_fwdgt.o
    0x0801313c   0x00000010   Code   RO         6258    i.fwdgt_counter_reload  gd32e10x_fwdgt.o
    0x0801314c   0x00000010   Code   RO         6259    i.fwdgt_enable      gd32e10x_fwdgt.o
    0x0801315c   0x00000010   Code   RO         6262    i.fwdgt_write_enable  gd32e10x_fwdgt.o
    0x0801316c   0x00000004   Code   RO         4578    i.gpio_bit_reset    gd32e10x_gpio.o
    0x08013170   0x00000004   Code   RO         4579    i.gpio_bit_set      gd32e10x_gpio.o
    0x08013174   0x000000bc   Code   RO         4588    i.gpio_init         gd32e10x_gpio.o
    0x08013230   0x00000008   Code   RO         4590    i.gpio_input_port_get  gd32e10x_gpio.o
    0x08013238   0x00000308   Code   RO         4099    i.handle_dhcp       dhcpc.o
    0x08013540   0x0000000c   Code   RO         3780    i.htons             uip.o
    0x0801354c   0x0000003c   Code   RO         1627    i.isChipId          loradealdat.o
    0x08013588   0x00000040   Code   RO         1628    i.isDevChipId       loradealdat.o
    0x080135c8   0x00000022   Code   RO          237    i.main              main.o
    0x080135ea   0x00000002   PAD
    0x080135ec   0x0000006c   Code   RO         7473    i.malloc            mc_w.l(malloc.o)
    0x08013658   0x000000ec   Code   RO         4274    i.newdata           resolv.o
    0x08013744   0x000000ac   Code   RO         4706    i.nvic_irq_enable   gd32e10x_misc.o
    0x080137f0   0x00000014   Code   RO         4707    i.nvic_priority_group_set  gd32e10x_misc.o
    0x08013804   0x00000014   Code   RO         4708    i.nvic_vector_table_set  gd32e10x_misc.o
    0x08013818   0x000000ac   Code   RO         3332    i.parse_array       cjson.o
    0x080138c4   0x00000114   Code   RO         3333    i.parse_hex4        cjson.o
    0x080139d8   0x00000050   Code   RO         4100    i.parse_msg         dhcpc.o
    0x08013a28   0x0000001e   Code   RO         4275    i.parse_name        resolv.o
    0x08013a46   0x00000002   PAD
    0x08013a48   0x000001c8   Code   RO         3334    i.parse_number      cjson.o
    0x08013c10   0x00000114   Code   RO         3335    i.parse_object      cjson.o
    0x08013d24   0x0000007c   Code   RO         4101    i.parse_options     dhcpc.o
    0x08013da0   0x000001cc   Code   RO         3336    i.parse_string      cjson.o
    0x08013f6c   0x000000bc   Code   RO         3337    i.parse_value       cjson.o
    0x08014028   0x00000014   Code   RO         6393    i.pmu_backup_write_disable  gd32e10x_pmu.o
    0x0801403c   0x00000014   Code   RO         6394    i.pmu_backup_write_enable  gd32e10x_pmu.o
    0x08014050   0x00000014   Code   RO         4763    i.rcu_all_reset_flag_clear  gd32e10x_rcu.o
    0x08014064   0x00000014   Code   RO         4766    i.rcu_bkp_reset_disable  gd32e10x_rcu.o
    0x08014078   0x00000014   Code   RO         4767    i.rcu_bkp_reset_enable  gd32e10x_rcu.o
    0x0801408c   0x00000180   Code   RO         4770    i.rcu_clock_freq_get  gd32e10x_rcu.o
    0x0801420c   0x00000024   Code   RO         4773    i.rcu_flag_get      gd32e10x_rcu.o
    0x08014230   0x00000020   Code   RO         4787    i.rcu_osci_on       gd32e10x_rcu.o
    0x08014250   0x0000015c   Code   RO         4788    i.rcu_osci_stab_wait  gd32e10x_rcu.o
    0x080143ac   0x00000020   Code   RO         4790    i.rcu_periph_clock_enable  gd32e10x_rcu.o
    0x080143cc   0x00000020   Code   RO         4793    i.rcu_periph_reset_disable  gd32e10x_rcu.o
    0x080143ec   0x00000020   Code   RO         4794    i.rcu_periph_reset_enable  gd32e10x_rcu.o
    0x0801440c   0x00000018   Code   RO         4801    i.rcu_rtc_clock_config  gd32e10x_rcu.o
    0x08014424   0x0000000e   Code   RO         2898    i.readChar          mqttpacket.o
    0x08014432   0x0000001a   Code   RO         2899    i.readInt           mqttpacket.o
    0x0801444c   0x0000003a   Code   RO         2900    i.readMQTTLenString  mqttpacket.o
    0x08014486   0x00000002   PAD
    0x08014488   0x00000034   Code   RO         4276    i.resolv_appcall    resolv.o
    0x080144bc   0x00000028   Code   RO         4277    i.resolv_conf       resolv.o
    0x080144e4   0x000000cc   Code   RO         4278    i.resolv_found      resolv.o
    0x080145b0   0x00000014   Code   RO         4279    i.resolv_getserver  resolv.o
    0x080145c4   0x00000038   Code   RO         4280    i.resolv_init       resolv.o
    0x080145fc   0x000000bc   Code   RO         4282    i.resolv_query      resolv.o
    0x080146b8   0x00000014   Code   RO         6154    i.rtc_configuration_mode_enter  gd32e10x_rtc.o
    0x080146cc   0x00000014   Code   RO         6155    i.rtc_configuration_mode_exit  gd32e10x_rtc.o
    0x080146e0   0x00000014   Code   RO         6156    i.rtc_counter_get   gd32e10x_rtc.o
    0x080146f4   0x00000020   Code   RO         6157    i.rtc_counter_set   gd32e10x_rtc.o
    0x08014714   0x00000018   Code   RO         6160    i.rtc_flag_get      gd32e10x_rtc.o
    0x0801472c   0x00000010   Code   RO         6162    i.rtc_interrupt_enable  gd32e10x_rtc.o
    0x0801473c   0x00000010   Code   RO         6163    i.rtc_interrupt_flag_clear  gd32e10x_rtc.o
    0x0801474c   0x00000014   Code   RO         6165    i.rtc_lwoff_wait    gd32e10x_rtc.o
    0x08014760   0x00000020   Code   RO         6166    i.rtc_prescaler_set  gd32e10x_rtc.o
    0x08014780   0x00000020   Code   RO         6167    i.rtc_register_sync_wait  gd32e10x_rtc.o
    0x080147a0   0x0000003c   Code   RO         4102    i.send_discover     dhcpc.o
    0x080147dc   0x00000044   Code   RO         4103    i.send_request      dhcpc.o
    0x08014820   0x00000012   Code   RO         3344    i.skip              cjson.o
    0x08014832   0x00000004   Code   RO         5056    i.spi_crc_polynomial_set  gd32e10x_spi.o
    0x08014836   0x0000000a   Code   RO         5057    i.spi_disable       gd32e10x_spi.o
    0x08014840   0x0000000a   Code   RO         5060    i.spi_enable        gd32e10x_spi.o
    0x0801484a   0x00000008   Code   RO         5062    i.spi_i2s_data_receive  gd32e10x_spi.o
    0x08014852   0x00000004   Code   RO         5063    i.spi_i2s_data_transmit  gd32e10x_spi.o
    0x08014856   0x00000010   Code   RO         5065    i.spi_i2s_flag_get  gd32e10x_spi.o
    0x08014866   0x00000032   Code   RO         5069    i.spi_init          gd32e10x_spi.o
    0x08014898   0x0000006e   Code   RO         7541    i.sqrt              m_wm.l(sqrt.o)
    0x08014906   0x00000036   Code   RO         1097    i.str2hex           ethnet.o
    0x0801493c   0x00000056   Code   RO         1098    i.str2ip            ethnet.o
    0x08014992   0x00000002   PAD
    0x08014994   0x000000fc   Code   RO         4537    i.system_clock_120m_hxtal  system_gd32e10x.o
    0x08014a90   0x00000008   Code   RO         4538    i.system_clock_config  system_gd32e10x.o
    0x08014a98   0x00000050   Code   RO          279    i.systick_config    systick.o
    0x08014ae8   0x00000044   Code   RO         4203    i.tapdev_init       tapdev.o
    0x08014b2c   0x00000014   Code   RO         4204    i.tapdev_read       tapdev.o
    0x08014b40   0x00000018   Code   RO         4205    i.tapdev_send       tapdev.o
    0x08014b58   0x00000090   Code   RO         4354    i.tcp_appcall       uip_appcall.o
    0x08014be8   0x00000258   Code   RO         4483    i.tcp_client_appcall  tcp_client.o
    0x08014e40   0x000001b4   Code   RO         4448    i.tcp_server_appcall  tcp_server.o
    0x08014ff4   0x00000184   Code   RO         6759    i.timer_deinit      gd32e10x_timer.o
    0x08015178   0x0000000a   Code   RO         6764    i.timer_enable      gd32e10x_timer.o
    0x08015182   0x0000001a   Code   RO         3743    i.timer_expired     timer.o
    0x0801519c   0x000000a4   Code   RO         6774    i.timer_init        gd32e10x_timer.o
    0x08015240   0x00000008   Code   RO         6781    i.timer_interrupt_enable  gd32e10x_timer.o
    0x08015248   0x00000006   Code   RO         6782    i.timer_interrupt_flag_clear  gd32e10x_timer.o
    0x0801524e   0x00000018   Code   RO         6783    i.timer_interrupt_flag_get  gd32e10x_timer.o
    0x08015266   0x0000000a   Code   RO         3744    i.timer_reset       timer.o
    0x08015270   0x00000010   Code   RO         3746    i.timer_set         timer.o
    0x08015280   0x00000022   Code   RO         4485    i.u8cpy             tcp_client.o
    0x080152a2   0x00000002   PAD
    0x080152a4   0x00000090   Code   RO         4355    i.udp_appcall       uip_appcall.o
    0x08015334   0x0000009c   Code   RO         4420    i.udp_client_appcall  udp_client.o
    0x080153d0   0x00000070   Code   RO         3781    i.uip_add32         uip.o
    0x08015440   0x00000044   Code   RO         3782    i.uip_add_rcv_nxt   uip.o
    0x08015484   0x000000e8   Code   RO         3914    i.uip_arp_arpin     uip_arp.o
    0x0801556c   0x00000038   Code   RO         3915    i.uip_arp_init      uip_arp.o
    0x080155a4   0x000001a0   Code   RO         3916    i.uip_arp_out       uip_arp.o
    0x08015744   0x00000058   Code   RO         3917    i.uip_arp_timer     uip_arp.o
    0x0801579c   0x00000124   Code   RO         3918    i.uip_arp_update    uip_arp.o
    0x080158c0   0x00000110   Code   RO         3784    i.uip_connect       uip.o
    0x080159d0   0x0000009c   Code   RO         3785    i.uip_init          uip.o
    0x08015a6c   0x00000024   Code   RO         3786    i.uip_ipchksum      uip.o
    0x08015a90   0x00000040   Code   RO         3787    i.uip_listen        uip.o
    0x08015ad0   0x00000002   Code   RO         4356    i.uip_log           uip_appcall.o
    0x08015ad2   0x00000002   PAD
    0x08015ad4   0x00000128   Code   RO         4206    i.uip_polling       tapdev.o
    0x08015bfc   0x000011f8   Code   RO         3788    i.uip_process       uip.o
    0x08016df4   0x00000030   Code   RO         3789    i.uip_send          uip.o
    0x08016e24   0x0000000a   Code   RO         3791    i.uip_tcpchksum     uip.o
    0x08016e2e   0x00000002   PAD
    0x08016e30   0x000000d8   Code   RO         3792    i.uip_udp_new       uip.o
    0x08016f08   0x0000000a   Code   RO         3793    i.uip_udpchksum     uip.o
    0x08016f12   0x00000002   PAD
    0x08016f14   0x00000048   Code   RO         3795    i.upper_layer_chksum  uip.o
    0x08016f5c   0x00000090   Code   RO         5700    i.usart_baudrate_set  gd32e10x_usart.o
    0x08016fec   0x0000000a   Code   RO         5703    i.usart_data_receive  gd32e10x_usart.o
    0x08016ff6   0x00000008   Code   RO         5704    i.usart_data_transmit  gd32e10x_usart.o
    0x08016ffe   0x00000002   PAD
    0x08017000   0x00000090   Code   RO         5705    i.usart_deinit      gd32e10x_usart.o
    0x08017090   0x0000000a   Code   RO         5706    i.usart_disable     gd32e10x_usart.o
    0x0801709a   0x0000000a   Code   RO         5709    i.usart_enable      gd32e10x_usart.o
    0x080170a4   0x00000010   Code   RO         5716    i.usart_hardware_flow_cts_config  gd32e10x_usart.o
    0x080170b4   0x00000010   Code   RO         5717    i.usart_hardware_flow_rts_config  gd32e10x_usart.o
    0x080170c4   0x0000001a   Code   RO         5718    i.usart_interrupt_disable  gd32e10x_usart.o
    0x080170de   0x0000001a   Code   RO         5719    i.usart_interrupt_enable  gd32e10x_usart.o
    0x080170f8   0x00000038   Code   RO         5721    i.usart_interrupt_flag_get  gd32e10x_usart.o
    0x08017130   0x00000010   Code   RO         5732    i.usart_parity_config  gd32e10x_usart.o
    0x08017140   0x00000010   Code   RO         5734    i.usart_receive_config  gd32e10x_usart.o
    0x08017150   0x00000010   Code   RO         5744    i.usart_stop_bit_set  gd32e10x_usart.o
    0x08017160   0x00000010   Code   RO         5748    i.usart_transmit_config  gd32e10x_usart.o
    0x08017170   0x00000010   Code   RO         5749    i.usart_word_length_set  gd32e10x_usart.o
    0x08017180   0x00000028   Code   RO         2901    i.writeCString      mqttpacket.o
    0x080171a8   0x0000000c   Code   RO         2902    i.writeChar         mqttpacket.o
    0x080171b4   0x00000030   Code   RO         2903    i.writeInt          mqttpacket.o
    0x080171e4   0x0000003e   Code   RO         2904    i.writeMQTTString   mqttpacket.o
    0x08017222   0x000034e0   Data   RO          932    .constdata          smsinstruct.o
    0x0801a702   0x00000018   Data   RO         2018    .constdata          rtc.o
    0x0801a71a   0x00000200   Data   RO         2682    .constdata          modbuspub.o
    0x0801a91a   0x00000002   PAD
    0x0801a91c   0x00000060   Data   RO         3191    .constdata          mqtt.o
    0x0801a97c   0x00000007   Data   RO         3346    .constdata          cjson.o
    0x0801a983   0x00000001   PAD
    0x0801a984   0x00000008   Data   RO         3797    .constdata          uip.o
    0x0801a98c   0x0000000a   Data   RO         3920    .constdata          uip_arp.o
    0x0801a996   0x00000008   Data   RO         4105    .constdata          dhcpc.o
    0x0801a99e   0x00000002   PAD
    0x0801a9a0   0x00000088   Data   RO         7175    .constdata          m_wm.l(pow.o)
    0x0801aa28   0x00000008   Data   RO         7538    .constdata          m_wm.l(qnan.o)
    0x0801aa30   0x00000058   Data   RO          775    .conststring        gsm234g.o
    0x0801aa88   0x000000b4   Data   RO         2213    .conststring        hardware.o
    0x0801ab3c   0x00000041   Data   RO         3662    .conststring        huaweiiot.o
    0x0801ab7d   0x00000003   PAD
    0x0801ab80   0x00000020   Data   RO         7598    Region$$Table       anon$$obj.o


    Execution Region RW_IRAM1 (Base: 0x20000000, Size: 0x000077c0, Max: 0x00008000, ABSOLUTE, COMPRESSED[0x00000044])

    Base Addr    Size         Type   Attr      Idx    E Section Name        Object

    0x20000000   0x00000009   Data   RW           12    .data               gd32e10x_it.o
    0x20000009   0x00000003   PAD
    0x2000000c   0x00000006   Data   RW          280    .data               systick.o
    0x20000012   0x00000002   PAD
    0x20000014   0x0000000a   Data   RW          353    .data               dealdat.o
    0x2000001e   0x00000001   Data   RW          581    .data               netlink.o
    0x2000001f   0x00000001   PAD
    0x20000020   0x0000001e   Data   RW          627    .data               gprsnet.o
    0x2000003e   0x00000002   PAD
    0x20000040   0x00000025   Data   RW          776    .data               gsm234g.o
    0x20000065   0x00000009   Data   RW          933    .data               smsinstruct.o
    0x2000006e   0x00000002   PAD
    0x20000070   0x00000018   Data   RW         1099    .data               ethnet.o
    0x20000088   0x0000000a   Data   RW         1255    .data               enc28j60.o
    0x20000092   0x00000002   PAD
    0x20000094   0x0000000c   Data   RW         1405    .data               sx127x_drive.o
    0x200000a0   0x00000004   Data   RW         1631    .data               loradealdat.o
    0x200000a4   0x0000000c   Data   RW         1754    .data               config.o
    0x200000b0   0x00000003   Data   RW         1938    .data               adc.o
    0x200000b3   0x0000000d   Data   RW         2019    .data               rtc.o
    0x200000c0   0x00000009   Data   RW         2134    .data               usart.o
    0x200000c9   0x00000001   PAD
    0x200000ca   0x0000001c   Data   RW         2214    .data               hardware.o
    0x200000e6   0x00000002   Data   RW         2480    .data               tim2.o
    0x200000e8   0x0000000c   Data   RW         2600    .data               modbus.o
    0x200000f4   0x00000004   Data   RW         2905    .data               mqttpacket.o
    0x200000f8   0x00000010   Data   RW         3192    .data               mqtt.o
    0x20000108   0x0000000c   Data   RW         3347    .data               cjson.o
    0x20000114   0x0000003c   Data   RW         3798    .data               uip.o
    0x20000150   0x00000008   Data   RW         3921    .data               uip_arp.o
    0x20000158   0x00000019   Data   RW         4208    .data               tapdev.o
    0x20000171   0x00000003   PAD
    0x20000174   0x00000016   Data   RW         4284    .data               resolv.o
    0x2000018a   0x00000001   Data   RW         4450    .data               tcp_server.o
    0x2000018b   0x00000001   PAD
    0x2000018c   0x00000003   Data   RW         4487    .data               tcp_client.o
    0x2000018f   0x00000001   PAD
    0x20000190   0x00000004   Data   RW         4539    .data               system_gd32e10x.o
    0x20000194   0x00000004   Data   RW         7565    .data               mc_w.l(stdout.o)
    0x20000198   0x00000004   Data   RW         7576    .data               mc_w.l(mvars.o)
    0x2000019c   0x00000004   Data   RW         7577    .data               mc_w.l(mvars.o)
    0x200001a0   0x00000004   Data   RW         7581    .data               mc_w.l(errno.o)
    0x200001a4   0x00000081   Zero   RW          352    .bss                dealdat.o
    0x20000225   0x00000001   PAD
    0x20000226   0x000002bb   Zero   RW          774    .bss                gsm234g.o
    0x200004e1   0x00000001   PAD
    0x200004e2   0x000000ca   Zero   RW          931    .bss                smsinstruct.o
    0x200005ac   0x00000010   Zero   RW         1403    .bss                sx127x_drive.o
    0x200005bc   0x0000064a   Zero   RW         1629    .bss                loradealdat.o
    0x20000c06   0x00000002   PAD
    0x20000c08   0x00002f10   Zero   RW         1888    .bss                config_interface.o
    0x20003b18   0x0000000a   Zero   RW         2017    .bss                rtc.o
    0x20003b22   0x00000002   PAD
    0x20003b24   0x0000001c   Zero   RW         2083    .bss                spi.o
    0x20003b40   0x0000067c   Zero   RW         2133    .bss                usart.o
    0x200041bc   0x0000010e   Zero   RW         2599    .bss                modbus.o
    0x200042ca   0x00000002   PAD
    0x200042cc   0x000000ee   Zero   RW         3190    .bss                mqtt.o
    0x200043ba   0x00000002   PAD
    0x200043bc   0x000017b8   Zero   RW         3796    .bss                uip.o
    0x20005b74   0x00000060   Zero   RW         3919    .bss                uip_arp.o
    0x20005bd4   0x00000034   Zero   RW         4104    .bss                dhcpc.o
    0x20005c08   0x00000030   Zero   RW         4207    .bss                tapdev.o
    0x20005c38   0x000000a8   Zero   RW         4283    .bss                resolv.o
    0x20005ce0   0x000001f6   Zero   RW         4449    .bss                tcp_server.o
    0x20005ed6   0x000003e8   Zero   RW         4486    .bss                tcp_client.o
    0x200062be   0x00000002   PAD
    0x200062c0   0x00001100   Zero   RW         4527    HEAP                startup_gd32e10x.o
    0x200073c0   0x00000400   Zero   RW         4526    STACK               startup_gd32e10x.o


==============================================================================

Image component sizes


      Code (inc. data)   RO Data    RW Data    ZI Data      Debug   Object Name

       284         26          0          3          0       1668   adc.o
       320        154          0          0          0       1652   aliyuniot.o
      2198        102          7         12          0      11774   cjson.o
        12          6          0          0          0        737   clock-arch.o
      2566        262          0         12          0      16816   config.o
       618         42          0          0      12048       8461   config_interface.o
      8160       1520          0         10        129      52905   dealdat.o
      1566        248          8          0         52       9860   dhcpc.o
      1316         58          0         10          0       9004   enc28j60.o
      4114        426          0         24          0      20715   ethnet.o
       794         10          0          0          0       8876   gd32e10x_adc.o
       120         12          0          0          0       1570   gd32e10x_bkp.o
       302         44          0          0          0       7669   gd32e10x_fmc.o
       152         28          0          0          0       2114   gd32e10x_fwdgt.o
       204          0          0          0          0       2358   gd32e10x_gpio.o
        88         12          0          9          0      59924   gd32e10x_it.o
       212         28          0          0          0       1788   gd32e10x_misc.o
        40         12          0          0          0        917   gd32e10x_pmu.o
       980         84          0          0          0       6563   gd32e10x_rcu.o
       232         48          0          0          0       4880   gd32e10x_rtc.o
       102          0          0          0          0       4321   gd32e10x_spi.o
       600         44          0          0          0       3916   gd32e10x_timer.o
       546         16          0          0          0       9048   gd32e10x_usart.o
      2640        290          0         30          0       6307   gprsnet.o
      5344       1058         88         37        699      17190   gsm234g.o
      6546       2346        180         28          0      18245   hardware.o
       488        190         65          0          0       2306   huaweiiot.o
        42          0          0          0          0        902   iwdg.o
       200         28          0          0          0      17984   lora.o
      4326        224          0          4       1610      13649   loradealdat.o
        34          0          0          0          0       1103   main.o
      3826        124          0         12        270      10698   modbus.o
        56          8        512          0          0       1230   modbuspub.o
      3932        684         96         16        238      12487   mqtt.o
       708         18          0          0          0       4764   mqttconnectclient.o
      5920       1622          0          0          0       7163   mqttcouldpub.o
       168          0          0          0          0       1530   mqttdeserializepublish.o
       534         18          0          4          0       8336   mqttpacket.o
       210          0          0          0          0       1706   mqttserializepublish.o
       368          0          0          0          0       3031   mqttsubscribeclient.o
         0          0          0          0          0       2192   mqttunsubscribeserver.o
       188         26          0          1          0       2020   netlink.o
      1110        140          0         22        168      14447   resolv.o
       996         26         24         13         10       5147   rtc.o
     10694       1802      13536          9        202      43053   smsinstruct.o
       304         42          0          0         28       2648   spi.o
       604         44          0          0          0       5736   spi_flah.o
        36          8        336          0       5376        784   startup_gd32e10x.o
      1176         70          0         12         16      39816   sx127x_drive.o
       132         10          0          0          0       1621   sx127x_hal.o
       212          0          0          0          0       2779   sysflash.o
       348         38          0          4          0       1799   system_gd32e10x.o
       212         32          0          6          0      27456   systick.o
       740        116          0         25         48       6743   tapdev.o
       634        136          0          3       1000       3118   tcp_client.o
       436        144          0          1        502       2400   tcp_server.o
       288         28          0          0          0       1125   tim1.o
       164         20          0          2          0       1152   tim2.o
        52          0          0          0          0       2006   timer.o
       200         22          0          0          0       1517   udp_client.o
      5746        662          8         60       6072      21420   uip.o
       290         22          0          0          0       9692   uip_appcall.o
      1084        108         10          8         96      11834   uip_arp.o
       708         88          0          9       1660       3937   usart.o

    ----------------------------------------------------------------------
     87292      13376      14910        404      30236     590609   Object Totals
         0          0         32          0          0          0   (incl. Generated)
        70          0          8         18         12          0   (incl. Padding)

    ----------------------------------------------------------------------

      Code (inc. data)   RO Data    RW Data    ZI Data      Debug   Library Member Name

       164         44          0          0          0        620   dunder.o
        24          0          0          0          0        124   fabs.o
        48          0          0          0          0        124   fpclassify.o
       248          0          0          0          0        152   poly.o
      3128        302        136          0          0        356   pow.o
         0          0          8          0          0          0   qnan.o
       110          0          0          0          0        148   sqrt.o
        86          0          0          0          0          0   __dczerorl2.o
         0          0          0          0          0          0   entry.o
         0          0          0          0          0          0   entry10a.o
         0          0          0          0          0          0   entry11a.o
         8          4          0          0          0          0   entry2.o
         4          0          0          0          0          0   entry5.o
         0          0          0          0          0          0   entry7b.o
         0          0          0          0          0          0   entry8b.o
         8          4          0          0          0          0   entry9a.o
        12          6          0          4          0         68   errno.o
        30          0          0          0          0          0   handlers.o
        36          8          0          0          0         68   init.o
         0          0          0          0          0          0   iusefp.o
        30          0          0          0          0         68   llshl.o
        36          0          0          0          0         68   llsshr.o
        32          0          0          0          0         68   llushr.o
       188         20          0          0          0        160   malloc.o
        26          0          0          0          0         80   memcmp.o
        36          0          0          0          0         68   memcpya.o
        36          0          0          0          0        108   memseta.o
         0          0          0          8          0          0   mvars.o
      1204         60          0          0          0        504   printf8.o
         0          0          0          4          0          0   stdout.o
        18          0          0          0          0         68   strcpy.o
        14          0          0          0          0         68   strlen.o
        50          0          0          0          0         84   strncasecmp.o
        30          0          0          0          0         80   strncmp.o
        12          0          0          0          0         68   tolower.o
        98          0          0          0          0         92   uldiv.o
        48          0          0          0          0         68   cdrcmple.o
       334          0          0          0          0        148   dadd.o
       222          0          0          0          0        100   ddiv.o
       186          0          0          0          0        176   depilogue.o
        62          0          0          0          0         80   dfixi.o
        50          0          0          0          0         76   dfixui.o
        34          0          0          0          0         76   dflti.o
        26          0          0          0          0         76   dfltui.o
       228          0          0          0          0         96   dmul.o
        46          0          0          0          0         80   dscalb.o
       162          0          0          0          0        100   dsqrt.o

    ----------------------------------------------------------------------
      7126        448        144         16          0       4320   Library Totals
        12          0          0          0          0          0   (incl. Padding)

    ----------------------------------------------------------------------

      Code (inc. data)   RO Data    RW Data    ZI Data      Debug   Library Name

      3722        346        144          0          0       1524   m_wm.l
      1994        102          0         16          0       1720   mc_w.l
      1398          0          0          0          0       1076   mf_w.l

    ----------------------------------------------------------------------
      7126        448        144         16          0       4320   Library Totals

    ----------------------------------------------------------------------

==============================================================================


      Code (inc. data)   RO Data    RW Data    ZI Data      Debug   

     94418      13824      15054        420      30236     545405   Grand Totals
     94418      13824      15054         68      30236     545405   ELF Image Totals (compressed)
     94418      13824      15054         68          0          0   ROM Totals

==============================================================================

    Total RO  Size (Code + RO Data)               109472 ( 106.91kB)
    Total RW  Size (RW Data + ZI Data)             30656 (  29.94kB)
    Total ROM Size (Code + RO Data + RW Data)     109540 ( 106.97kB)

==============================================================================

