###############################################################################
#                                                                             #
# IAR ELF Linker V1.40.1.50106 for STM8                 20/Apr/2020  15:28:53 #
# Copyright 2010-2013 IAR Systems AB.                                         #
#                                                                             #
#    Output file  =  E:\金鸽\s281\prog\子站\281wt105\Debug\Exe\281wt2.out     #
#    Map file     =  E:\金鸽\s281\prog\子站\281wt105\Debug\List\281wt2.map    #
#    Command line =  E:\金鸽\s281\prog\子站\281wt105\Debug\Obj\18b20.o        #
#                    E:\金鸽\s281\prog\子站\281wt105\Debug\Obj\Rf433.o        #
#                    E:\金鸽\s281\prog\子站\281wt105\Debug\Obj\SX127X_Driver. #
#                    o E:\金鸽\s281\prog\子站\281wt105\Debug\Obj\SX127X_Hal.o #
#                     E:\金鸽\s281\prog\子站\281wt105\Debug\Obj\flash_eeprom. #
#                    o E:\金鸽\s281\prog\子站\281wt105\Debug\Obj\hw_config.o  #
#                    E:\金鸽\s281\prog\子站\281wt105\Debug\Obj\it.o           #
#                    E:\金鸽\s281\prog\子站\281wt105\Debug\Obj\lora.o         #
#                    E:\金鸽\s281\prog\子站\281wt105\Debug\Obj\main.o         #
#                    E:\金鸽\s281\prog\子站\281wt105\Debug\Obj\pccmd.o        #
#                    E:\金鸽\s281\prog\子站\281wt105\Debug\Obj\stm8l15x_adc.o #
#                     E:\金鸽\s281\prog\子站\281wt105\Debug\Obj\stm8l15x_clk. #
#                    o E:\金鸽\s281\prog\子站\281wt105\Debug\Obj\stm8l15x_dma #
#                    .o E:\金鸽\s281\prog\子站\281wt105\Debug\Obj\stm8l15x_ex #
#                    ti.o E:\金鸽\s281\prog\子站\281wt105\Debug\Obj\stm8l15x_ #
#                    flash.o E:\金鸽\s281\prog\子站\281wt105\Debug\Obj\stm8l1 #
#                    5x_gpio.o E:\金鸽\s281\prog\子站\281wt105\Debug\Obj\stm8 #
#                    l15x_iwdg.o E:\金鸽\s281\prog\子站\281wt105\Debug\Obj\st #
#                    m8l15x_pwr.o E:\金鸽\s281\prog\子站\281wt105\Debug\Obj\s #
#                    tm8l15x_rtc.o E:\金鸽\s281\prog\子站\281wt105\Debug\Obj\ #
#                    stm8l15x_spi.o E:\金鸽\s281\prog\子站\281wt105\Debug\Obj #
#                    \stm8l15x_tim1.o E:\金鸽\s281\prog\子站\281wt105\Debug\O #
#                    bj\stm8l15x_usart.o --redirect _Printf=_PrintfFullNoMb   #
#                    --redirect _Scanf=_ScanfFullNoMb -o                      #
#                    E:\金鸽\s281\prog\子站\281wt105\Debug\Exe\281wt2.out     #
#                    --map E:\金鸽\s281\prog\子站\281wt105\Debug\List\281wt2. #
#                    map --config "C:\Program Files (x86)\IAR                 #
#                    Systems\Embedded Workbench 6.5\stm8\config\lnkstm8l151k4 #
#                    .icf" --config_def _CSTACK_SIZE=0x100 --config_def       #
#                    _HEAP_SIZE=0 --entry __iar_program_start --debug_lib     #
#                                                                             #
#                                                                             #
###############################################################################

*******************************************************************************
*** RUNTIME MODEL ATTRIBUTES
***

__SystemLibrary            = DLib
__code_model               = small
__core                     = stm8
__data_model               = medium
__dlib_file_descriptor     = 0
__dlib_full_locale_support = 0
__rt_version               = 4


*******************************************************************************
*** PLACEMENT SUMMARY
***

"A1":  place at start of [0x000000-0x0000ff] { rw section .vregs };
"A2":  place at end of [0x000000-0x0007ff] { block CSTACK };
"P2":  place in [from 0x000000 to 0x0007ff] {
          block HEAP, rw section .far.bss, rw section .far.data,
          rw section .far.noinit, rw section .far_func.textrw,
          rw section .huge.bss, rw section .huge.data, rw section .huge.noinit,
          rw section .huge_func.textrw, rw section .iar.dynexit,
          rw section .near.bss, rw section .near.data, rw section .near.noinit,
          rw section .near_func.textrw };
"A3":  place at start of [0x008000-0x00bfff] { block INTVEC };
"P3":  place in [from 0x008000 to 0x00bfff] {
          ro section .far.data_init, ro section .far_func.textrw_init,
          ro section .huge.data_init, ro section .huge_func.textrw_init,
          ro section .iar.init_table, ro section .init_array,
          ro section .near.data_init, ro section .near.rodata,
          ro section .near_func.text, ro section .near_func.textrw_init,
          ro section .tiny.data_init, ro section .tiny.rodata_init };

  Section            Kind      Address    Size  Object
  -------            ----      -------    ----  ------
"A1":                                     0x10
  .vregs             uninit   0x000000    0x10  vregs.o [4]
                            - 0x000010    0x10

"P2", part 1 of 2:                         0x4
  P2 s0                       0x000010     0x4  <Init block>
    .near.data       inited   0x000010     0x4  SX127X_Driver.o [1]
                            - 0x000014     0x4

"P2", part 2 of 2:                       0x23d
  .near.bss          zero     0x000014    0xfa  Rf433.o [1]
  .near.bss          zero     0x00010e    0x80  hw_config.o [1]
  .near.bss          zero     0x00018e    0x64  pccmd.o [1]
  .near.bss          zero     0x0001f2    0x15  Rf433.o [1]
  .near.bss          zero     0x000207     0xb  SX127X_Driver.o [1]
  .near.bss          zero     0x000212     0xb  flash_eeprom.o [1]
  .near.bss          zero     0x00021d     0x8  SX127X_Driver.o [1]
  .near.bss          zero     0x000225     0x2  Rf433.o [1]
  .near.bss          zero     0x000227     0x2  hw_config.o [1]
  .near.bss          zero     0x000229     0x2  hw_config.o [1]
  .near.bss          zero     0x00022b     0x2  it.o [1]
  .near.bss          zero     0x00022d     0x2  it.o [1]
  .near.bss          zero     0x00022f     0x2  it.o [1]
  .near.bss          zero     0x000231     0x2  main.o [1]
  .near.bss          zero     0x000233     0x2  main.o [1]
  .near.bss          zero     0x000235     0x2  main.o [1]
  .near.bss          zero     0x000237     0x2  main.o [1]
  .near.bss          zero     0x000239     0x2  main.o [1]
  .near.bss          zero     0x00023b     0x2  main.o [1]
  .near.bss          zero     0x00023d     0x2  pccmd.o [1]
  .near.bss          zero     0x00023f     0x2  pccmd.o [1]
  .near.bss          zero     0x000241     0x2  pccmd.o [1]
  .near.bss          zero     0x000243     0x1  Rf433.o [1]
  .near.bss          zero     0x000244     0x1  Rf433.o [1]
  .near.bss          zero     0x000245     0x1  Rf433.o [1]
  .near.bss          zero     0x000246     0x1  it.o [1]
  .near.bss          zero     0x000247     0x1  it.o [1]
  .near.bss          zero     0x000248     0x1  it.o [1]
  .near.bss          zero     0x000249     0x1  lora.o [1]
  .near.bss          zero     0x00024a     0x1  lora.o [1]
  .near.bss          zero     0x00024b     0x1  lora.o [1]
  .near.bss          zero     0x00024c     0x1  main.o [1]
  .near.bss          zero     0x00024d     0x1  main.o [1]
  .near.bss          zero     0x00024e     0x1  main.o [1]
  .near.bss          zero     0x00024f     0x1  main.o [1]
  .near.bss          zero     0x000250     0x1  pccmd.o [1]
                            - 0x000251   0x23d

"A2":                                    0x100
  CSTACK                      0x000700   0x100  <Block>
    CSTACK           uninit   0x000700   0x100  <Block tail>
                            - 0x000800   0x100

"A3":                                     0x80
  INTVEC                      0x008000    0x80  <Block>
    .intvec          const    0x008000    0x80  interrupt.o [4]
                            - 0x008080    0x80

"P3":                                   0x37aa
  .near_func.text    ro code  0x008080   0x465  float.o [4]
  .near_func.text    ro code  0x0084e5   0x42f  xprintffull_nomb.o [4]
  .near_func.text    ro code  0x008914   0x410  xprintffull_nomb.o [4]
  .near_func.text    ro code  0x008d24   0x392  SX127X_Driver.o [1]
  .near_func.text    ro code  0x0090b6   0x385  xprintffull_nomb.o [4]
  .near_func.text    ro code  0x00943b   0x31e  hw_config.o [1]
  .near_func.text    ro code  0x009759   0x202  long.o [4]
  .near_func.text    ro code  0x00995b   0x171  xprintffull_nomb.o [4]
  .near_func.text    ro code  0x009acc   0x161  float_libsup.o [4]
  .near_func.text    ro code  0x009c2d   0x132  vreg_util.o [4]
  .near_func.text    ro code  0x009d5f   0x127  main.o [1]
  .near_func.text    ro code  0x009e86    0xda  18b20.o [1]
  .near_func.text    ro code  0x009f60    0xd1  stm8l15x_rtc.o [1]
  .near_func.text    ro code  0x00a031    0xa1  Rf433.o [1]
  .near_func.text    ro code  0x00a0d2    0x9c  18b20.o [1]
  .near_func.text    ro code  0x00a16e    0x9c  flash_eeprom.o [1]
  .near_func.text    ro code  0x00a20a    0x93  it.o [1]
  .near_func.text    ro code  0x00a29d    0x8a  Rf433.o [1]
  .near_func.text    ro code  0x00a327    0x89  stm8l15x_usart.o [1]
  .near_func.text    ro code  0x00a3b0    0x83  main.o [1]
  .near_func.text    ro code  0x00a433    0x80  18b20.o [1]
  .near_func.text    ro code  0x00a4b3    0x80  main.o [1]
  .near_func.text    ro code  0x00a533    0x80  stm8l15x_clk.o [1]
  .near_func.text    ro code  0x00a5b3    0x78  18b20.o [1]
  .near_func.text    ro code  0x00a62b    0x72  stm8l15x_gpio.o [1]
  .near_func.text    ro code  0x00a69d    0x72  long_util.o [4]
  .near_func.text    ro code  0x00a70f    0x6b  stm8l15x_usart.o [1]
  .near_func.text    ro code  0x00a77a    0x62  Rf433.o [1]
  .near_func.text    ro code  0x00a7dc    0x62  stm8l15x_clk.o [1]
  .near_func.text    ro code  0x00a83e    0x60  SX127X_Driver.o [1]
  .near_func.text    ro code  0x00a89e    0x60  lora.o [1]
  .near_func.text    ro code  0x00a8fe    0x5e  SX127X_Hal.o [1]
  .near_func.text    ro code  0x00a95c    0x5c  main.o [1]
  .near_func.text    ro code  0x00a9b8    0x59  short.o [4]
  .near_func.text    ro code  0x00aa11    0x57  pccmd.o [1]
  .near_func.text    ro code  0x00aa68    0x50  18b20.o [1]
  .near_func.text    ro code  0x00aab8    0x4b  it.o [1]
  .near_func.text    ro code  0x00ab03    0x49  stm8l15x_flash.o [1]
  .near_func.text    ro code  0x00ab4c    0x46  18b20.o [1]
  .near_func.text    ro code  0x00ab92    0x44  SX127X_Hal.o [1]
  .near_func.text    ro code  0x00abd6    0x43  xprintffull_nomb.o [4]
  .near_func.text    ro code  0x00ac19    0x41  main.o [1]
  .near_func.text    ro code  0x00ac5a    0x40  it.o [1]
  .near_func.text    ro code  0x00ac9a    0x3f  xprintffull_nomb.o [4]
  .near_func.text    ro code  0x00acd9    0x3d  SX127X_Hal.o [1]
  .near_func.text    ro code  0x00ad16    0x3c  stm8l15x_rtc.o [1]
  .near_func.text    const    0x00ad52    0x3c  xprintffull_nomb.o [4]
  .near_func.text    ro code  0x00ad8e    0x3b  lora.o [1]
  .near_func.text    ro code  0x00adc9    0x39  18b20.o [1]
  .near_func.text    ro code  0x00ae02    0x39  xprintffull_nomb.o [4]
  .near_func.text    ro code  0x00ae3b    0x38  stm8l15x_clk.o [1]
  .near_func.text    ro code  0x00ae73    0x36  stm8l15x_rtc.o [1]
  .near_func.text    ro code  0x00aea9    0x35  stm8l15x_usart.o [1]
  .near_func.text    ro code  0x00aede    0x33  lora.o [1]
  .near_func.text    ro code  0x00af11    0x33  stm8l15x_spi.o [1]
  .near_func.text    ro code  0x00af44    0x33  xprintffull_nomb.o [4]
  .near_func.text    ro code  0x00af77    0x31  hw_config.o [1]
  .near_func.text    ro code  0x00afa8    0x30  div.o [4]
  .near_func.text    ro code  0x00afd8    0x2f  main.o [1]
  .near_func.text    ro code  0x00b007    0x2f  stm8l15x_rtc.o [1]
  .near_func.text    ro code  0x00b036    0x2f  xprintffull_nomb.o [4]
  .near.rodata       const    0x00b065    0x2c  hw_config.o [1]
  .near.rodata       const    0x00b091    0x2c  hw_config.o [1]
  .near.rodata       const    0x00b0bd    0x2c  hw_config.o [1]
  .near.rodata       const    0x00b0e9    0x2c  hw_config.o [1]
  .near_func.text    ro code  0x00b115    0x2b  it.o [1]
  .near_func.text    ro code  0x00b140    0x28  init_small.o [4]
  .near_func.text    ro code  0x00b168    0x26  pccmd.o [1]
  .near_func.text    ro code  0x00b18e    0x25  memcpy.o [4]
  .near_func.text    ro code  0x00b1b3    0x23  hw_config.o [1]
  .near_func.text    ro code  0x00b1d6    0x23  stm8l15x_rtc.o [1]
  .near_func.text    ro code  0x00b1f9    0x23  stm8l15x_rtc.o [1]
  .near.rodata       const    0x00b21c    0x22  hw_config.o [1]
  .near_func.text    ro code  0x00b23e    0x22  hw_config.o [1]
  .near_func.text    ro code  0x00b260    0x21  hw_config.o [1]
  .iar.init_table    const    0x00b281    0x12  - Linker created -
  .near.rodata       const    0x00b293    0x20  hw_config.o [1]
  .near_func.text    ro code  0x00b2b3    0x20  printf.o [4]
  .near_func.text    ro code  0x00b2d3    0x1f  dc_util.o [4]
  .near_func.text    ro code  0x00b2f2    0x1e  init_small.o [4]
  .near_func.text    ro code  0x00b310    0x1c  it.o [1]
  .near_func.text    ro code  0x00b32c    0x1c  stm8l15x_adc.o [1]
  .near_func.text    ro code  0x00b348    0x1b  pccmd.o [1]
  .near_func.text    ro code  0x00b363    0x1a  stm8l15x_adc.o [1]
  .near_func.text    ro code  0x00b37d    0x1a  stm8l15x_rtc.o [1]
  .near_func.text    ro code  0x00b397    0x19  stm8l15x_adc.o [1]
  .near_func.text    ro code  0x00b3b0    0x19  stm8l15x_flash.o [1]
  .near_func.text    ro code  0x00b3c9    0x19  xprout.o [4]
  .near_func.text    ro code  0x00b3e2    0x18  it.o [1]
  .near_func.text    ro code  0x00b3fa    0x18  xprintffull_nomb.o [4]
  .near_func.text    ro code  0x00b412    0x17  init.o [4]
  .near_func.text    ro code  0x00b429    0x16  lora.o [1]
  .near_func.text    ro code  0x00b43f    0x16  stm8l15x_adc.o [1]
  .near_func.text    ro code  0x00b455    0x16  stm8l15x_exti.o [1]
  .near.rodata       const    0x00b46b    0x15  main.o [1]
  .near_func.text    ro code  0x00b480    0x15  memchr.o [4]
  .near_func.text    ro code  0x00b495    0x15  strchr.o [4]
  .near_func.text    ro code  0x00b4aa    0x14  pccmd.o [1]
  .near_func.text    ro code  0x00b4be    0x14  __dbg_xxexit.o [3]
  .near.rodata       const    0x00b4d2    0x13  main.o [1]
  .near_func.text    ro code  0x00b4e5    0x13  hw_config.o [1]
  .near_func.text    ro code  0x00b4f8    0x13  cstartup.o [4]
  .near_func.text    ro code  0x00b50b    0x12  strlen.o [4]
  .near.rodata       const    0x00b51d    0x10  main.o [1]
  .near_func.text    ro code  0x00b52d    0x10  stm8l15x_usart.o [1]
  .near.rodata       const    0x00b53d     0xf  main.o [1]
  .near_func.text    ro code  0x00b54c     0xf  main.o [1]
  .near_func.text    ro code  0x00b55b     0xf  stm8l15x_clk.o [1]
  .near_func.text    ro code  0x00b56a     0xf  stm8l15x_clk.o [1]
  .near_func.text    ro code  0x00b579     0xf  stm8l15x_spi.o [1]
  .near.rodata       const    0x00b588     0xe  main.o [1]
  .near.rodata       const    0x00b596     0xe  main.o [1]
  .near.rodata       const    0x00b5a4     0xd  SX127X_Driver.o [1]
  .near_func.text    ro code  0x00b5b1     0xd  stm8l15x_adc.o [1]
  .near_func.text    ro code  0x00b5be     0xd  stm8l15x_adc.o [1]
  .near_func.text    ro code  0x00b5cb     0xd  stm8l15x_clk.o [1]
  .near_func.text    ro code  0x00b5d8     0xd  stm8l15x_pwr.o [1]
  .near_func.text    ro code  0x00b5e5     0xd  stm8l15x_spi.o [1]
  .near_func.text    ro code  0x00b5f2     0xd  move.o [4]
  .near.rodata       const    0x00b5ff     0xc  hw_config.o [1]
  .near.rodata       const    0x00b60b     0xc  lora.o [1]
  .near.rodata       const    0x00b617     0xc  main.o [1]
  .near_func.text    ro code  0x00b623     0xc  xprintffull_nomb.o [4]
  .near_func.text    ro code  0x00b62f     0xc  switch.o [4]
  .near.rodata       const    0x00b63b     0xb  lora.o [1]
  .near.rodata       const    0x00b646     0xb  main.o [1]
  .near.rodata       const    0x00b651     0xb  main.o [1]
  .near_func.text    ro code  0x00b65c     0xb  stm8l15x_adc.o [1]
  .near_func.text    ro code  0x00b667     0xb  xprintffull_nomb.o [4]
  .near.rodata       const    0x00b672     0xa  Rf433.o [1]
  .near_func.text    ro code  0x00b67c     0xa  hw_config.o [1]
  .near_func.text    ro code  0x00b686     0xa  stm8l15x_clk.o [1]
  .near_func.text    ro code  0x00b690     0xa  xprintffull_nomb.o [4]
  .near_func.text    ro code  0x00b69a     0xa  xprintffull_nomb.o [4]
  .near_func.text    ro code  0x00b6a4     0xa  xprintffull_nomb.o [4]
  .near_func.text    ro code  0x00b6ae     0xa  xprintffull_nomb.o [4]
  .near.rodata       const    0x00b6b8     0x9  hw_config.o [1]
  .near_func.text    ro code  0x00b6c1     0x9  hw_config.o [1]
  .near_func.text    ro code  0x00b6ca     0x9  stm8l15x_rtc.o [1]
  .near_func.text    ro code  0x00b6d3     0x9  xprintffull_nomb.o [4]
  .near_func.text    ro code  0x00b6dc     0x9  xprintffull_nomb.o [4]
  .near_func.text    ro code  0x00b6e5     0x9  xprintffull_nomb.o [4]
  .near_func.text    ro code  0x00b6ee     0x9  xprintffull_nomb.o [4]
  .near_func.text    ro code  0x00b6f7     0x9  xprintffull_nomb.o [4]
  .near_func.text    ro code  0x00b700     0x9  xprintffull_nomb.o [4]
  .near.rodata       const    0x00b709     0x8  Rf433.o [1]
  .near.rodata       const    0x00b711     0x8  hw_config.o [1]
  .near.rodata       const    0x00b719     0x8  hw_config.o [1]
  .near.rodata       const    0x00b721     0x8  main.o [1]
  .near_func.text    ro code  0x00b729     0x8  xprintffull_nomb.o [4]
  .near_func.text    ro code  0x00b731     0x8  xprintffull_nomb.o [4]
  .near_func.text    ro code  0x00b739     0x8  xprintffull_nomb.o [4]
  .near_func.text    ro code  0x00b741     0x8  xprintffull_nomb.o [4]
  .near.rodata       const    0x00b749     0x7  hw_config.o [1]
  .near.rodata       const    0x00b750     0x7  xprintffull_nomb.o [4]
  .near_func.text    ro code  0x00b757     0x7  stm8l15x_flash.o [1]
  .near_func.text    ro code  0x00b75e     0x7  xprintffull_nomb.o [4]
  .near_func.text    ro code  0x00b765     0x7  xprintffull_nomb.o [4]
  .near_func.text    ro code  0x00b76c     0x7  xprintffull_nomb.o [4]
  .near_func.text    ro code  0x00b773     0x7  xprintffull_nomb.o [4]
  .near_func.text    ro code  0x00b77a     0x6  xprintffull_nomb.o [4]
  .near_func.text    ro code  0x00b780     0x6  xprintffull_nomb.o [4]
  .near_func.text    ro code  0x00b786     0x6  xprintffull_nomb.o [4]
  .near.rodata       const    0x00b78c     0x5  pccmd.o [1]
  .near.rodata       const    0x00b791     0x5  pccmd.o [1]
  .near.rodata       const    0x00b796     0x5  stm8l15x_clk.o [1]
  .near_func.text    ro code  0x00b79b     0x5  it.o [1]
  .near_func.text    ro code  0x00b7a0     0x5  stm8l15x_adc.o [1]
  .near_func.text    ro code  0x00b7a5     0x5  stm8l15x_iwdg.o [1]
  .near_func.text    ro code  0x00b7aa     0x5  stm8l15x_iwdg.o [1]
  .near_func.text    ro code  0x00b7af     0x5  stm8l15x_spi.o [1]
  .near_func.text    ro code  0x00b7b4     0x5  stm8l15x_spi.o [1]
  .near_func.text    ro code  0x00b7b9     0x5  stm8l15x_usart.o [1]
  .near_func.text    ro code  0x00b7be     0x5  char.o [4]
  .near_func.text    ro code  0x00b7c3     0x5  xprintffull_nomb.o [4]
  .near_func.text    ro code  0x00b7c8     0x5  cexit.o [4]
  .near.rodata       const    0x00b7cd     0x4  lora.o [1]
  .near.rodata       const    0x00b7d1     0x4  xprintffull_nomb.o [4]
  .near.rodata       const    0x00b7d5     0x4  xprintffull_nomb.o [4]
  .near.rodata       const    0x00b7d9     0x4  xprintffull_nomb.o [4]
  .near.rodata       const    0x00b7dd     0x4  xprintffull_nomb.o [4]
  .near_func.text    ro code  0x00b7e1     0x4  stm8l15x_clk.o [1]
  .near_func.text    ro code  0x00b7e5     0x4  stm8l15x_flash.o [1]
  .near_func.text    ro code  0x00b7e9     0x4  stm8l15x_flash.o [1]
  .near_func.text    ro code  0x00b7ed     0x4  stm8l15x_gpio.o [1]
  .near_func.text    ro code  0x00b7f1     0x4  stm8l15x_iwdg.o [1]
  .near_func.text    ro code  0x00b7f5     0x4  stm8l15x_iwdg.o [1]
  .near_func.text    ro code  0x00b7f9     0x4  stm8l15x_iwdg.o [1]
  .near_func.text    ro code  0x00b7fd     0x3  stm8l15x_gpio.o [1]
  .near_func.text    ro code  0x00b800     0x3  stm8l15x_gpio.o [1]
  .near_func.text    ro code  0x00b803     0x3  interrupt.o [4]
  .near_func.text    ro code  0x00b806     0x3  low_level_init.o [4]
  .near_func.text    ro code  0x00b809     0x3  exit.o [4]
  .near_func.text    ro code  0x00b80c     0x3  unhandled_exception.o [4]
  .near.rodata       const    0x00b80f     0x2  xprintffull_nomb.o [4]
  .near_func.text    ro code  0x00b811     0x1  it.o [1]
  .near_func.text    ro code  0x00b812     0x1  it.o [1]
  .near_func.text    ro code  0x00b813     0x1  it.o [1]
  .near_func.text    ro code  0x00b814     0x1  it.o [1]
  .near_func.text    ro code  0x00b815     0x1  it.o [1]
  .near_func.text    ro code  0x00b816     0x1  it.o [1]
  .near_func.text    ro code  0x00b817     0x1  it.o [1]
  .near_func.text    ro code  0x00b818     0x1  it.o [1]
  .near_func.text    ro code  0x00b819     0x1  it.o [1]
  .near_func.text    ro code  0x00b81a     0x1  it.o [1]
  .near_func.text    ro code  0x00b81b     0x1  it.o [1]
  .near_func.text    ro code  0x00b81c     0x1  it.o [1]
  .near_func.text    ro code  0x00b81d     0x1  it.o [1]
  .near_func.text    ro code  0x00b81e     0x1  it.o [1]
  .near_func.text    ro code  0x00b81f     0x1  it.o [1]
  .near_func.text    ro code  0x00b820     0x1  it.o [1]
  .near_func.text    ro code  0x00b821     0x1  it.o [1]
  .near_func.text    ro code  0x00b822     0x1  it.o [1]
  .near_func.text    ro code  0x00b823     0x1  it.o [1]
  .near_func.text    ro code  0x00b824     0x1  it.o [1]
  .near_func.text    ro code  0x00b825     0x1  __dbg_break.o [3]
  Initializer bytes  ro data  0x00b826     0x4  <for P2 s0>
                            - 0x00b82a  0x37aa


*******************************************************************************
*** INIT TABLE
***

          Address   Size
          -------   ----
Zero (__iar_zero_init2)
    1 destination range, total size 0x23d:
          0x000014  0x23d

Copy (__iar_copy_init2)
    1 source range, total size 0x4:
          0x00b826    0x4
    1 destination range, total size 0x4:
          0x000010    0x4



*******************************************************************************
*** MODULE SUMMARY
***

    Module                 ro code  ro data  rw data
    ------                 -------  -------  -------
E:\金鸽\s281\prog\子站\281wt105\Debug\Obj: [1]
    18b20.o                    829
    Rf433.o                    397       18      276
    SX127X_Driver.o          1 010       17       23
    SX127X_Hal.o               223
    flash_eeprom.o             156                11
    hw_config.o                987      286      132
    it.o                       406                 9
    lora.o                     228       27        3
    main.o                     773      141       16
    pccmd.o                    172       10      107
    stm8l15x_adc.o             143
    stm8l15x_clk.o             339        5
    stm8l15x_exti.o             22
    stm8l15x_flash.o           113
    stm8l15x_gpio.o            124
    stm8l15x_iwdg.o             22
    stm8l15x_pwr.o              13
    stm8l15x_rtc.o             475
    stm8l15x_spi.o              89
    stm8l15x_usart.o           318
    ------------------------------------------------
    Total:                   6 839      504      577

command line: [2]
    ------------------------------------------------
    Total:

dbgstm8smd.a: [3]
    __dbg_break.o                1
    __dbg_xxexit.o              20
    ------------------------------------------------
    Total:                      21

dlstm8smn.a: [4]
    cexit.o                      5
    char.o                       5
    cstartup.o                  19
    dc_util.o                   31
    div.o                       48
    exit.o                       3
    float.o                  1 125
    float_libsup.o             353
    init.o                      23
    init_small.o                70
    interrupt.o                  3      128
    long.o                     514
    long_util.o                114
    low_level_init.o             3
    memchr.o                    21
    memcpy.o                    37
    move.o                      13
    printf.o                    32
    short.o                     89
    strchr.o                    21
    strlen.o                    18
    switch.o                    12
    unhandled_exception.o        3
    vreg_util.o                306
    vregs.o                                       16
    xprintffull_nomb.o       3 890       85
    xprout.o                    25
    ------------------------------------------------
    Total:                   6 783      213       16

    Linker created                       18      256
----------------------------------------------------
    Grand Total:            13 643      735      849


*******************************************************************************
*** ENTRY LIST
***

Entry                    Address   Size  Type      Object
-----                    -------   ----  ----      ------
?add32_l0_l0_0x         0x009787         Code  Gb  long.o [4]
?add32_l0_l0_dl         0x009782         Code  Gb  long.o [4]
?and32_l0_l0_0x         0x009901         Code  Gb  long.o [4]
?and32_l0_l0_l1         0x0098fe         Code  Gb  long.o [4]
?b0                     0x000000         Data  Gb  vregs.o [4]
?b1                     0x000001         Data  Gb  vregs.o [4]
?b10                    0x00000a         Data  Gb  vregs.o [4]
?b11                    0x00000b         Data  Gb  vregs.o [4]
?b12                    0x00000c         Data  Gb  vregs.o [4]
?b13                    0x00000d         Data  Gb  vregs.o [4]
?b14                    0x00000e         Data  Gb  vregs.o [4]
?b15                    0x00000f         Data  Gb  vregs.o [4]
?b2                     0x000002         Data  Gb  vregs.o [4]
?b3                     0x000003         Data  Gb  vregs.o [4]
?b4                     0x000004         Data  Gb  vregs.o [4]
?b5                     0x000005         Data  Gb  vregs.o [4]
?b6                     0x000006         Data  Gb  vregs.o [4]
?b7                     0x000007         Data  Gb  vregs.o [4]
?b8                     0x000008         Data  Gb  vregs.o [4]
?b9                     0x000009         Data  Gb  vregs.o [4]
?dc32_l1                0x00b2da         Code  Gb  dc_util.o [4]
?dc32_px                0x00b2e7         Code  Gb  dc_util.o [4]
?dc8_px                 0x00b2d3         Code  Gb  dc_util.o [4]
?dec32_0x_0x            0x00976e         Code  Gb  long.o [4]
?dec32_l1_l1            0x009769         Code  Gb  long.o [4]
?e0                     0x000001         Data  Gb  vregs.o [4]
?e1                     0x000005         Data  Gb  vregs.o [4]
?e2                     0x000009         Data  Gb  vregs.o [4]
?e3                     0x00000d         Data  Gb  vregs.o [4]
?epilogue_l2            0x009cd2         Code  Gb  vreg_util.o [4]
?epilogue_l2_l3         0x009ccf         Code  Gb  vreg_util.o [4]
?epilogue_l2_w6         0x009cd6         Code  Gb  vreg_util.o [4]
?epilogue_w4            0x009cdd         Code  Gb  vreg_util.o [4]
?fadd32_l0_l0_l1        0x0080a3         Code  Gb  float.o [4]
?fcastf32s32_l0_l0      0x0083a0         Code  Gb  float.o [4]
?fcastf32u32_l0_l0      0x0083ab         Code  Gb  float.o [4]
?fcasts32f32_l0_l0      0x00833f         Code  Gb  float.o [4]
?fcastu32f32_l0_l0      0x008328         Code  Gb  float.o [4]
?fcmpge32_c_l0_0x       0x0082c9         Code  Gb  float.o [4]
?fcmpge32_c_l0_dc32     0x0082c4         Code  Gb  float.o [4]
?fcmplt32_c_l0_0x       0x0082d2         Code  Gb  float.o [4]
?fcmplt32_c_l0_dc32     0x0082cd         Code  Gb  float.o [4]
?fdiv32_l0_l0_dc32      0x008211         Code  Gb  float.o [4]
?fdiv32_l0_l0_l1        0x008216         Code  Gb  float.o [4]
?fmul32_l0_l0_dc32      0x008171         Code  Gb  float.o [4]
?fmul32_l0_l0_l1        0x008176         Code  Gb  float.o [4]
?fsub32_l0_l0_l1        0x00809d         Code  Gb  float.o [4]
?l0                     0x000000         Data  Gb  vregs.o [4]
?l1                     0x000004         Data  Gb  vregs.o [4]
?l2                     0x000008         Data  Gb  vregs.o [4]
?l3                     0x00000c         Data  Gb  vregs.o [4]
?load32_0x_l0           0x00a6e2         Code  Gb  long_util.o [4]
?load32_0x_l2           0x00a701         Code  Gb  long_util.o [4]
?load32_asp_l0          0x00a6d6         Code  Gb  long_util.o [4]
?load32_asp_l2          0x00a6f5         Code  Gb  long_util.o [4]
?load32_dbsp_l0         0x00a6d1         Code  Gb  long_util.o [4]
?load32_dbsp_l2         0x00a6f0         Code  Gb  long_util.o [4]
?load32_l0_0x           0x00a6ad         Code  Gb  long_util.o [4]
?load32_l0_asp          0x00a6a2         Code  Gb  long_util.o [4]
?load32_l0_dbsp         0x00a69d         Code  Gb  long_util.o [4]
?load32_l0_xsp          0x00a6a4         Code  Gb  long_util.o [4]
?load32_l1_0x           0x00a6b9         Code  Gb  long_util.o [4]
?load32_l2_0x           0x00a6c5         Code  Gb  long_util.o [4]
?load32_xsp_l0          0x00a6d8         Code  Gb  long_util.o [4]
?load32_xsp_l2          0x00a6f7         Code  Gb  long_util.o [4]
?mov_e0_e1              0x009d07         Code  Gb  vreg_util.o [4]
?mov_e0_e2              0x009d14         Code  Gb  vreg_util.o [4]
?mov_e1_e0              0x009d21         Code  Gb  vreg_util.o [4]
?mov_e1_e2              0x009d2e         Code  Gb  vreg_util.o [4]
?mov_e1_e3              0x009d3b         Code  Gb  vreg_util.o [4]
?mov_e2_e0              0x009d48         Code  Gb  vreg_util.o [4]
?mov_e3_e0              0x009d55         Code  Gb  vreg_util.o [4]
?mov_l0_l1              0x009d04         Code  Gb  vreg_util.o [4]
?mov_l0_l2              0x009d11         Code  Gb  vreg_util.o [4]
?mov_l1_l0              0x009d1e         Code  Gb  vreg_util.o [4]
?mov_l1_l2              0x009d2b         Code  Gb  vreg_util.o [4]
?mov_l1_l3              0x009d38         Code  Gb  vreg_util.o [4]
?mov_l2_l0              0x009d45         Code  Gb  vreg_util.o [4]
?mov_l3_l0              0x009d52         Code  Gb  vreg_util.o [4]
?mov_w1_w3              0x009d0a         Code  Gb  vreg_util.o [4]
?mov_w1_w5              0x009d17         Code  Gb  vreg_util.o [4]
?mov_w1_w6              0x009ce1         Code  Gb  vreg_util.o [4]
?mov_w2_w0              0x009ce8         Code  Gb  vreg_util.o [4]
?mov_w2_w1              0x009cef         Code  Gb  vreg_util.o [4]
?mov_w3_w1              0x009d24         Code  Gb  vreg_util.o [4]
?mov_w3_w5              0x009d31         Code  Gb  vreg_util.o [4]
?mov_w3_w7              0x009d3e         Code  Gb  vreg_util.o [4]
?mov_w4_w1              0x009cf6         Code  Gb  vreg_util.o [4]
?mov_w5_w0              0x009cfd         Code  Gb  vreg_util.o [4]
?mov_w5_w1              0x009d4b         Code  Gb  vreg_util.o [4]
?mov_w7_w1              0x009d58         Code  Gb  vreg_util.o [4]
?move1616_v_x_y_a       0x00b5f2         Code  Gb  move.o [4]
?mul16_x_x_w0           0x00a9b8         Code  Gb  short.o [4]
?mul32_l0_l0_0x         0x0097a2         Code  Gb  long.o [4]
?mul32_l0_l0_dl         0x00979f         Code  Gb  long.o [4]
?mul32_l0_l0_l1         0x0097ab         Code  Gb  long.o [4]
?neg32_l0_l0            0x009759         Code  Gb  long.o [4]
?pop_l0                 0x009c9b         Code  Gb  vreg_util.o [4]
?pop_l1                 0x009ca6         Code  Gb  vreg_util.o [4]
?pop_l2                 0x009cb1         Code  Gb  vreg_util.o [4]
?pop_l3                 0x009cbc         Code  Gb  vreg_util.o [4]
?pop_w4                 0x009c54         Code  Gb  vreg_util.o [4]
?pop_w6                 0x009c5b         Code  Gb  vreg_util.o [4]
?push_l0                0x009c6a         Code  Gb  vreg_util.o [4]
?push_l1                0x009c6f         Code  Gb  vreg_util.o [4]
?push_l2                0x009c74         Code  Gb  vreg_util.o [4]
?push_l3                0x009c79         Code  Gb  vreg_util.o [4]
?push_w0                0x009c2d         Code  Gb  vreg_util.o [4]
?push_w1                0x009c32         Code  Gb  vreg_util.o [4]
?push_w4                0x009c37         Code  Gb  vreg_util.o [4]
?push_w6                0x009c3c         Code  Gb  vreg_util.o [4]
?scmp32_c_l0_l1         0x0098e7         Code  Gb  long.o [4]
?sdiv16_x_x_y           0x00a9d6         Code  Gb  short.o [4]
?sdiv32_l0_l0_dl        0x00989e         Code  Gb  long.o [4]
?sdiv32_l0_l0_l1        0x0098a1         Code  Gb  long.o [4]
?sext16_x_a             0x00aa0a         Code  Gb  short.o [4]
?sext32_l0_a            0x00994e         Code  Gb  long.o [4]
?sext32_l0_x            0x009943         Code  Gb  long.o [4]
?sll16_x_x_4            0x00a9f7         Code  Gb  short.o [4]
?sll16_x_x_a            0x00a9ef         Code  Gb  short.o [4]
?sll8_a_a_5             0x00b7be         Code  Gb  char.o [4]
?smod32_l1_l0_l1        0x0098a1         Code  Gb  long.o [4]
?sra16_x_x_4            0x00aa05         Code  Gb  short.o [4]
?sra16_x_x_5            0x00aa04         Code  Gb  short.o [4]
?sra16_x_x_6            0x00aa03         Code  Gb  short.o [4]
?sra16_x_x_7            0x00aa02         Code  Gb  short.o [4]
?sra16_x_x_8            0x00aa01         Code  Gb  short.o [4]
?sra32_0x_0x_a          0x009935         Code  Gb  long.o [4]
?sra32_l0_l0_a          0x009932         Code  Gb  long.o [4]
?sra32_l0_l0_db         0x00992e         Code  Gb  long.o [4]
?srl16_x_x_4            0x00a9fc         Code  Gb  short.o [4]
?srl32_0x_0x_a          0x009920         Code  Gb  long.o [4]
?srl32_l0_l0_a          0x00991d         Code  Gb  long.o [4]
?srl32_l0_l0_db         0x009919         Code  Gb  long.o [4]
?switch8vlt_0x_a_0x     0x00b62f         Code  Gb  switch.o [4]
?udiv32_l0_l0_dl        0x00982e         Code  Gb  long.o [4]
?udiv32_l0_l0_l1        0x009831         Code  Gb  long.o [4]
?umod32_l1_l0_dl        0x009829         Code  Gb  long.o [4]
?umod32_l1_l0_l1        0x009831         Code  Gb  long.o [4]
?w0                     0x000000         Data  Gb  vregs.o [4]
?w1                     0x000002         Data  Gb  vregs.o [4]
?w2                     0x000004         Data  Gb  vregs.o [4]
?w3                     0x000006         Data  Gb  vregs.o [4]
?w4                     0x000008         Data  Gb  vregs.o [4]
?w5                     0x00000a         Data  Gb  vregs.o [4]
?w6                     0x00000c         Data  Gb  vregs.o [4]
?w7                     0x00000e         Data  Gb  vregs.o [4]
ADC1_COMP_IRQHandler    0x00a20a   0x93  Code  Gb  it.o [1]
ADC_ChannelCmd          0x00b397   0x19  Code  Gb  stm8l15x_adc.o [1]
ADC_Cmd                 0x00b5b1    0xd  Code  Gb  stm8l15x_adc.o [1]
ADC_GetConversionValue  0x00b363   0x1a  Code  Gb  stm8l15x_adc.o [1]
ADC_ITConfig            0x00b65c    0xb  Code  Gb  stm8l15x_adc.o [1]
ADC_Init                0x00b43f   0x16  Code  Gb  stm8l15x_adc.o [1]
ADC_SamplingTimeConfig  0x00b32c   0x1c  Code  Gb  stm8l15x_adc.o [1]
ADC_SoftwareStartConv   0x00b7a0    0x5  Code  Gb  stm8l15x_adc.o [1]
ADC_VrefintCmd          0x00b5be    0xd  Code  Gb  stm8l15x_adc.o [1]
AckOk                   0x000244    0x1  Data  Gb  Rf433.o [1]
AdcCh                   0x000246    0x1  Data  Gb  it.o [1]
AdcVal                  0x00022d    0x2  Data  Gb  it.o [1]
AdcVref                 0x00022f    0x2  Data  Gb  it.o [1]
AinState                0x000235    0x2  Data  Gb  main.o [1]
AlarmCnt                0x000233    0x2  Data  Gb  main.o [1]
AnaSetCmd               0x00b348   0x1b  Code  Gb  pccmd.o [1]
BAUDMODE                0x00b293   0x20  Data  Gb  hw_config.o [1]
BatVal                  0x00024c    0x1  Data  Gb  main.o [1]
CLK_GetClockFreq        0x00ae3b   0x38  Code  Gb  stm8l15x_clk.o [1]
CLK_GetFlagStatus       0x00a533   0x80  Code  Gb  stm8l15x_clk.o [1]
CLK_HSEConfig           0x00b55b    0xf  Code  Gb  stm8l15x_clk.o [1]
CLK_LSEConfig           0x00b56a    0xf  Code  Gb  stm8l15x_clk.o [1]
CLK_LSICmd              0x00b5cb    0xd  Code  Gb  stm8l15x_clk.o [1]
CLK_PeripheralClockConfig
                        0x00a7dc   0x62  Code  Gb  stm8l15x_clk.o [1]
CLK_RTCClockConfig      0x00b686    0xa  Code  Gb  stm8l15x_clk.o [1]
CLK_SYSCLKDivConfig     0x00b7e1    0x4  Code  Gb  stm8l15x_clk.o [1]
CSTACK$$Base            0x000700          --   Gb  - Linker created -
CSTACK$$Limit           0x000800          --   Gb  - Linker created -
CheckSet                0x00ac19   0x41  Code  Gb  main.o [1]
CheckVal                0x00a95c   0x5c  Code  Gb  main.o [1]
CommCnt                 0x000231    0x2  Data  Gb  main.o [1]
CompStr                 0x00b168   0x26  Code  Gb  pccmd.o [1]
Crc8                    0x00ab4c   0x46  Code  Gb  18b20.o [1]
EXTI0_IRQHandler        0x00b3e2   0x18  Code  Gb  it.o [1]
EXTI1_IRQHandler        0x00b814    0x1  Code  Gb  it.o [1]
EXTI2_IRQHandler        0x00b815    0x1  Code  Gb  it.o [1]
EXTI3_IRQHandler        0x00b816    0x1  Code  Gb  it.o [1]
EXTI4_IRQHandler        0x00b817    0x1  Code  Gb  it.o [1]
EXTI5_IRQHandler        0x00b818    0x1  Code  Gb  it.o [1]
EXTI6_IRQHandler        0x00b819    0x1  Code  Gb  it.o [1]
EXTI7_IRQHandler        0x00b81a    0x1  Code  Gb  it.o [1]
EXTIB_G_IRQHandler      0x00b812    0x1  Code  Gb  it.o [1]
EXTID_H_IRQHandler      0x00b813    0x1  Code  Gb  it.o [1]
EXTIE_F_PVD_IRQHandler  0x00b811    0x1  Code  Gb  it.o [1]
EXTI_ClearITPendingBit  0x00b455   0x16  Code  Gb  stm8l15x_exti.o [1]
EnWatchDog              0x00b1b3   0x23  Code  Gb  hw_config.o [1]
FLASH_Lock              0x00b757    0x7  Code  Gb  stm8l15x_flash.o [1]
FLASH_ProgramByte       0x00b7e5    0x4  Code  Gb  stm8l15x_flash.o [1]
FLASH_ReadByte          0x00b7e9    0x4  Code  Gb  stm8l15x_flash.o [1]
FLASH_Unlock            0x00b3b0   0x19  Code  Gb  stm8l15x_flash.o [1]
FLASH_WaitForLastOperation
                        0x00ab03   0x49  Code  Gb  stm8l15x_flash.o [1]
GPIO_Init               0x00a62b   0x72  Code  Gb  stm8l15x_gpio.o [1]
GPIO_ReadInputData      0x00b800    0x3  Code  Gb  stm8l15x_gpio.o [1]
GPIO_ResetBits          0x00b7ed    0x4  Code  Gb  stm8l15x_gpio.o [1]
GPIO_SetBits            0x00b7fd    0x3  Code  Gb  stm8l15x_gpio.o [1]
G_LoRaConfig            0x00021d    0x8  Data  Gb  SX127X_Driver.o [1]
G_LoRaPara              0x000207    0xb  Data  Gb  SX127X_Driver.o [1]
G_TsXms                 0x000010    0x4  Data  Gb  SX127X_Driver.o [1]
GetFreq                 0x009019   0x60  Code  Gb  SX127X_Driver.o [1]
GetSensor               0x00a4b3   0x80  Code  Gb  main.o [1]
GointoStandby           0x00afd8   0x2f  Code  Gb  main.o [1]
I2C1_SPI2_IRQHandler    0x00b824    0x1  Code  Gb  it.o [1]
INTVEC$$Base            0x008000          --   Gb  - Linker created -
INTVEC$$Limit           0x008080          --   Gb  - Linker created -
IWDG_Enable             0x00b7aa    0x5  Code  Gb  stm8l15x_iwdg.o [1]
IWDG_ReloadCounter      0x00b7a5    0x5  Code  Gb  stm8l15x_iwdg.o [1]
IWDG_SetPrescaler       0x00b7f5    0x4  Code  Gb  stm8l15x_iwdg.o [1]
IWDG_SetReload          0x00b7f9    0x4  Code  Gb  stm8l15x_iwdg.o [1]
IWDG_WriteAccessCmd     0x00b7f1    0x4  Code  Gb  stm8l15x_iwdg.o [1]
InSetMode               0x00024e    0x1  Data  Gb  main.o [1]
Init18b20               0x009e86   0xda  Code  Gb  18b20.o [1]
InitGpio                0x0095c4   0xbe  Code  Gb  hw_config.o [1]
InitLora                0x00ad8e   0x3b  Code  Gb  lora.o [1]
InitRtc                 0x009490   0x3b  Code  Gb  hw_config.o [1]
IsrTime                 0x00ac5a   0x40  Code  Gb  it.o [1]
LCD_AES_IRQHandler      0x00b81b    0x1  Code  Gb  it.o [1]
LastSendStamp           0x000225    0x2  Data  Gb  Rf433.o [1]
LedCnt                  0x000247    0x1  Data  Gb  it.o [1]
LoadInt                 0x00ac9a   0x3f  Code  Lc  xprintffull_nomb.o [4]
ManualSetBuf            0x00018e   0x64  Data  Gb  pccmd.o [1]
ManualSetCmdLen         0x00023d    0x2  Data  Gb  pccmd.o [1]
PWR_UltraLowPowerCmd    0x00b5d8    0xd  Code  Gb  stm8l15x_pwr.o [1]
PackSeq                 0x000243    0x1  Data  Gb  Rf433.o [1]
PrintInfo               0x009466   0x2a  Code  Gb  hw_config.o [1]
ProcLora                0x00a89e   0x60  Code  Gb  lora.o [1]
ProcPcCmd               0x00b4aa   0x14  Code  Gb  pccmd.o [1]
ProcRfCmd               0x00a031   0xa1  Code  Gb  Rf433.o [1]
PutinUart1              0x0094da   0x50  Code  Gb  hw_config.o [1]
RTC_CSSLSE_IRQHandler   0x00b310   0x1c  Code  Gb  it.o [1]
RTC_ClearITPendingBit   0x00b6ca    0x9  Code  Gb  stm8l15x_rtc.o [1]
RTC_DeInit              0x009f60   0xd1  Code  Gb  stm8l15x_rtc.o [1]
RTC_EnterInitMode       0x00b1d6   0x23  Code  Gb  stm8l15x_rtc.o [1]
RTC_ITConfig            0x00ad16   0x3c  Code  Gb  stm8l15x_rtc.o [1]
RTC_SetWakeUpCounter    0x00b37d   0x1a  Code  Gb  stm8l15x_rtc.o [1]
RTC_WaitForSynchro      0x00b007   0x2f  Code  Gb  stm8l15x_rtc.o [1]
RTC_WakeUpClockConfig   0x00b1f9   0x23  Code  Gb  stm8l15x_rtc.o [1]
RTC_WakeUpCmd           0x00ae73   0x36  Code  Gb  stm8l15x_rtc.o [1]
ReadEeprom              0x00a1cd   0x3d  Code  Gb  flash_eeprom.o [1]
ReadSysInfo             0x00a17a    0xc  Code  Gb  flash_eeprom.o [1]
Read_Data_18b20         0x00aa68   0x50  Code  Gb  18b20.o [1]
Read_Thermometer        0x00a433   0x80  Code  Gb  18b20.o [1]
RecLen                  0x000245    0x1  Data  Gb  Rf433.o [1]
RecU1                   0x000014   0xfa  Data  Gb  Rf433.o [1]
Region$$Table$$Base     0x00b281          --   Gb  - Linker created -
Region$$Table$$Limit    0x00b293          --   Gb  - Linker created -
Reset_18b20             0x00a0d2   0x9c  Code  Gb  18b20.o [1]
SPI1_IRQHandler         0x00b823    0x1  Code  Gb  it.o [1]
SPI_Cmd                 0x00b5e5    0xd  Code  Gb  stm8l15x_spi.o [1]
SPI_GetFlagStatus       0x00b579    0xf  Code  Gb  stm8l15x_spi.o [1]
SPI_Init                0x00af11   0x33  Code  Gb  stm8l15x_spi.o [1]
SPI_RW                  0x00a92d   0x2f  Code  Gb  SX127X_Hal.o [1]
SPI_ReceiveData         0x00b7b4    0x5  Code  Gb  stm8l15x_spi.o [1]
SPI_SendData            0x00b7af    0x5  Code  Gb  stm8l15x_spi.o [1]
SWITCH_CSS_BREAK_DAC_IRQHandler
                        0x00b81c    0x1  Code  Gb  it.o [1]
SX127X_Init             0x00a901   0x2c  Code  Gb  SX127X_Hal.o [1]
SX127X_Lora_init        0x008e8a   0xf9  Code  Gb  SX127X_Driver.o [1]
SX127X_PoutSet          0x00a83e   0x60  Code  Gb  SX127X_Driver.o [1]
SX127X_Read             0x0090a0    0x7  Code  Gb  SX127X_Driver.o [1]
SX127X_ReadBuffer       0x00ab92   0x44  Code  Gb  SX127X_Hal.o [1]
SX127X_ReadFifo         0x00909a    0x6  Code  Gb  SX127X_Driver.o [1]
SX127X_ReadWriteByte    0x00a8fe    0x3  Code  Gb  SX127X_Hal.o [1]
SX127X_Reset            0x009079   0x21  Code  Gb  SX127X_Driver.o [1]
SX127X_RxPacket         0x008d36   0xa5  Code  Gb  SX127X_Driver.o [1]
SX127X_SleepMode        0x008d2d    0x9  Code  Gb  SX127X_Driver.o [1]
SX127X_StandbyMode      0x008d24    0x9  Code  Gb  SX127X_Driver.o [1]
SX127X_StartRx          0x008ddb   0x4c  Code  Gb  SX127X_Driver.o [1]
SX127X_TxPacket         0x008e27   0x63  Code  Gb  SX127X_Driver.o [1]
SX127X_Write            0x0090a7    0xf  Code  Gb  SX127X_Driver.o [1]
SX127X_WriteBuffer      0x00acd9   0x3d  Code  Gb  SX127X_Hal.o [1]
SYSDivFactor            0x00b796    0x5  Data  Gb  stm8l15x_clk.o [1]
SaveSysInfo             0x00a16e    0xc  Code  Gb  flash_eeprom.o [1]
SendLoraPack            0x00b429   0x16  Code  Gb  lora.o [1]
SendPackDat             0x00a29d   0x8a  Code  Gb  Rf433.o [1]
SendPackSet             0x00a77a   0x62  Code  Gb  Rf433.o [1]
SendU1                  0x0001f2   0x15  Data  Gb  Rf433.o [1]
SetFreq                 0x008f83   0x96  Code  Gb  SX127X_Driver.o [1]
SetLowPwr               0x00b67c    0xa  Code  Gb  hw_config.o [1]
SetSystem               0x00943b   0x2b  Code  Gb  hw_config.o [1]
Start18b20Ad            0x00adc9   0x39  Code  Gb  18b20.o [1]
StartAdc                0x009682   0xd7  Code  Gb  hw_config.o [1]
StopAdc                 0x00af77   0x31  Code  Gb  hw_config.o [1]
SysInfo                 0x000212    0xb  Data  Gb  flash_eeprom.o [1]
SysTick                 0x00022b    0x2  Data  Gb  it.o [1]
TIM1_CC_IRQHandler      0x00b821    0x1  Code  Gb  it.o [1]
TIM1_UPD_OVF_TRG_COM_IRQHandler
                        0x00b79b    0x5  Code  Gb  it.o [1]
TIM2_CC_USART2_RX_IRQHandler
                        0x00b81e    0x1  Code  Gb  it.o [1]
TIM2_UPD_OVF_TRG_BRK_USART2_TX_IRQHandler
                        0x00b81d    0x1  Code  Gb  it.o [1]
TIM3_CC_USART3_RX_IRQHandler
                        0x00b820    0x1  Code  Gb  it.o [1]
TIM3_UPD_OVF_TRG_BRK_USART3_TX_IRQHandler
                        0x00b81f    0x1  Code  Gb  it.o [1]
TIM4_UPD_OVF_TRG_IRQHandler
                        0x00b822    0x1  Code  Gb  it.o [1]
TstSend                 0x00024d    0x1  Data  Gb  main.o [1]
TxBuffer1               0x00010e   0x80  Data  Gb  hw_config.o [1]
TxCnt1                  0x000229    0x2  Data  Gb  hw_config.o [1]
TxPtr1                  0x000227    0x2  Data  Gb  hw_config.o [1]
USART1_RX_TIM5_CC_IRQHandler
                        0x00b115   0x2b  Code  Gb  it.o [1]
USART1_TX_TIM5_UPD_OVF_TRG_BRK_IRQHandler
                        0x00aab8   0x4b  Code  Gb  it.o [1]
USART_ClearITPendingBit
                        0x00b7b9    0x5  Code  Gb  stm8l15x_usart.o [1]
USART_Cmd               0x00b52d   0x10  Code  Gb  stm8l15x_usart.o [1]
USART_DeInit            0x00aea9   0x35  Code  Gb  stm8l15x_usart.o [1]
USART_ITConfig          0x00a70f   0x6b  Code  Gb  stm8l15x_usart.o [1]
USART_Init              0x00a327   0x89  Code  Gb  stm8l15x_usart.o [1]
Uart_Init               0x00952a   0x9a  Code  Gb  hw_config.o [1]
WaitSendOk              0x00aede   0x33  Code  Gb  lora.o [1]
WaitTxdOver             0x00b54c    0xf  Code  Gb  main.o [1]
WorkMode                0x009d5f  0x127  Code  Gb  main.o [1]
WriteCmd18b20           0x00a5b3   0x78  Code  Gb  18b20.o [1]
WriteEeprom             0x00a186   0x47  Code  Gb  flash_eeprom.o [1]
_GenldFullNoMb          0x0090b6  0x385  Code  Lc  xprintffull_nomb.o [4]
_LdtobFullNoMb          0x0084e5  0x42f  Code  Lc  xprintffull_nomb.o [4]
_LitobFullNoMb          0x00995b  0x171  Code  Lc  xprintffull_nomb.o [4]
_PrintfFullNoMb         0x008914  0x410  Code  Gb  xprintffull_nomb.o [4]
_Prout                  0x00b3c9   0x19  Code  Gb  xprout.o [4]
_PutcharFullNoMb        0x00b036   0x2f  Code  Lc  xprintffull_nomb.o [4]
_PutcharsFullNoMb       0x00af44   0x33  Code  Lc  xprintffull_nomb.o [4]
__DebugBreak            0x00b825    0x1  Code  Gb  __dbg_break.o [3]
__exit                  0x00b4be   0x14  Code  Gb  __dbg_xxexit.o [3]
__iar_Dnorm             0x009acc         Code  Gb  float_libsup.o [4]
__iar_Dscale            0x009b5a         Code  Gb  float_libsup.o [4]
__iar_Dunscale          0x009b08         Code  Gb  float_libsup.o [4]
__iar_Memchr            0x00b480   0x15  Code  Gb  memchr.o [4]
__iar_Strchr            0x00b495   0x15  Code  Gb  strchr.o [4]
__iar_copy_init2        0x00b140         Code  Gb  init_small.o [4]
__iar_data_init2        0x00b412   0x17  Code  Gb  init.o [4]
__iar_program_start     0x00b4f8         Code  Gb  cstartup.o [4]
__iar_unhandled_exception
                        0x00b80c         Code  Gb  unhandled_exception.o [4]
__iar_zero_init2        0x00b2f2         Code  Gb  init_small.o [4]
__intvec                0x008000         Data  Gb  interrupt.o [4]
__low_level_init        0x00b806    0x3  Code  Gb  low_level_init.o [4]
_exit                   0x00b7c8         Code  Gb  cexit.o [4]
_interrupt_1            0x00b803         Code  Wk  interrupt.o [4]
_interrupt_10           0x00b3e2         Code  Gb  it.o [1]
_interrupt_11           0x00b814         Code  Gb  it.o [1]
_interrupt_12           0x00b815         Code  Gb  it.o [1]
_interrupt_13           0x00b816         Code  Gb  it.o [1]
_interrupt_14           0x00b817         Code  Gb  it.o [1]
_interrupt_15           0x00b818         Code  Gb  it.o [1]
_interrupt_16           0x00b819         Code  Gb  it.o [1]
_interrupt_17           0x00b81a         Code  Gb  it.o [1]
_interrupt_18           0x00b81b         Code  Gb  it.o [1]
_interrupt_19           0x00b81c         Code  Gb  it.o [1]
_interrupt_2            0x00b803         Code  Wk  interrupt.o [4]
_interrupt_20           0x00a20a         Code  Gb  it.o [1]
_interrupt_21           0x00b81d         Code  Gb  it.o [1]
_interrupt_22           0x00b81e         Code  Gb  it.o [1]
_interrupt_23           0x00b81f         Code  Gb  it.o [1]
_interrupt_24           0x00b820         Code  Gb  it.o [1]
_interrupt_25           0x00b79b         Code  Gb  it.o [1]
_interrupt_26           0x00b821         Code  Gb  it.o [1]
_interrupt_27           0x00b822         Code  Gb  it.o [1]
_interrupt_28           0x00b823         Code  Gb  it.o [1]
_interrupt_29           0x00aab8         Code  Gb  it.o [1]
_interrupt_3            0x00b803         Code  Wk  interrupt.o [4]
_interrupt_30           0x00b115         Code  Gb  it.o [1]
_interrupt_31           0x00b824         Code  Gb  it.o [1]
_interrupt_4            0x00b803         Code  Wk  interrupt.o [4]
_interrupt_5            0x00b803         Code  Wk  interrupt.o [4]
_interrupt_6            0x00b310         Code  Gb  it.o [1]
_interrupt_7            0x00b811         Code  Gb  it.o [1]
_interrupt_8            0x00b812         Code  Gb  it.o [1]
_interrupt_9            0x00b813         Code  Gb  it.o [1]
delay1us                0x00b6c1    0x9  Code  Gb  hw_config.o [1]
delayTick               0x00b23e   0x22  Code  Gb  hw_config.o [1]
delayTickWfi            0x00b260   0x21  Code  Gb  hw_config.o [1]
delayus                 0x00b4e5   0x13  Code  Gb  hw_config.o [1]
div                     0x00afa8   0x30  Code  Gb  div.o [4]
exit                    0x00b809    0x3  Code  Gb  exit.o [4]
g_Temp                  0x000237    0x2  Data  Gb  main.o [1]
g_humid                 0x000239    0x2  Data  Gb  main.o [1]
main                    0x00a3b0   0x83  Code  Gb  main.o [1]
memcpy                  0x00b18e   0x25  Code  Gb  memcpy.o [4]
pad                     0x00ae02   0x39  Code  Lc  xprintffull_nomb.o [4]
pccmdIsr                0x00aa11   0x57  Code  Gb  pccmd.o [1]
printf                  0x00b2b3   0x20  Code  Gb  printf.o [4]
putchar                 0x0094cb    0xf  Code  Gb  hw_config.o [1]
r1                      0x000249    0x1  Data  Gb  lora.o [1]
r2                      0x00024a    0x1  Data  Gb  lora.o [1]
r3                      0x00024b    0x1  Data  Gb  lora.o [1]
scale                   0x00abd6   0x43  Code  Lc  xprintffull_nomb.o [4]
strlen                  0x00b50b   0x12  Code  Gb  strlen.o [4]
tmp                     0x000248    0x1  Data  Gb  it.o [1]


[1] = E:\金鸽\s281\prog\子站\281wt105\Debug\Obj
[2] = command line
[3] = dbgstm8smd.a
[4] = dlstm8smn.a

  13 643 bytes of readonly  code memory
     735 bytes of readonly  data memory
     849 bytes of readwrite data memory

Errors: none
Warnings: none
