###############################################################################
#                                                                             #
# IAR ELF Linker V1.40.1.50106 for STM8                 14/Jul/2020  08:24:44 #
# Copyright 2010-2013 IAR Systems AB.                                         #
#                                                                             #
#    Output file  =  E:\½ð¸ë\s281\prog\×ÓÕ¾\281wt100ÌØÊâ°æ\Debug\Exe\281wt2.o #
#                    ut                                                       #
#    Map file     =  E:\½ð¸ë\s281\prog\×ÓÕ¾\281wt100ÌØÊâ°æ\Debug\List\281wt2. #
#                    map                                                      #
#    Command line =  E:\½ð¸ë\s281\prog\×ÓÕ¾\281wt100ÌØÊâ°æ\Debug\Obj\Rf433.o  #
#                    E:\½ð¸ë\s281\prog\×ÓÕ¾\281wt100ÌØÊâ°æ\Debug\Obj\SX127X_D #
#                    river.o E:\½ð¸ë\s281\prog\×ÓÕ¾\281wt100ÌØÊâ°æ\Debug\Obj\ #
#                    SX127X_Hal.o E:\½ð¸ë\s281\prog\×ÓÕ¾\281wt100ÌØÊâ°æ\Debug #
#                    \Obj\flash_eeprom.o E:\½ð¸ë\s281\prog\×ÓÕ¾\281wt100ÌØÊâ° #
#                    æ\Debug\Obj\hw_config.o E:\½ð¸ë\s281\prog\×ÓÕ¾\281wt100Ì #
#                    ØÊâ°æ\Debug\Obj\it.o E:\½ð¸ë\s281\prog\×ÓÕ¾\281wt100ÌØÊâ #
#                    °æ\Debug\Obj\lora.o E:\½ð¸ë\s281\prog\×ÓÕ¾\281wt100ÌØÊâ° #
#                    æ\Debug\Obj\main.o E:\½ð¸ë\s281\prog\×ÓÕ¾\281wt100ÌØÊâ°æ #
#                    \Debug\Obj\pccmd.o E:\½ð¸ë\s281\prog\×ÓÕ¾\281wt100ÌØÊâ°æ #
#                    \Debug\Obj\stm8l15x_adc.o E:\½ð¸ë\s281\prog\×ÓÕ¾\281wt10 #
#                    0ÌØÊâ°æ\Debug\Obj\stm8l15x_clk.o                         #
#                    E:\½ð¸ë\s281\prog\×ÓÕ¾\281wt100ÌØÊâ°æ\Debug\Obj\stm8l15x #
#                    _dma.o E:\½ð¸ë\s281\prog\×ÓÕ¾\281wt100ÌØÊâ°æ\Debug\Obj\s #
#                    tm8l15x_exti.o E:\½ð¸ë\s281\prog\×ÓÕ¾\281wt100ÌØÊâ°æ\Deb #
#                    ug\Obj\stm8l15x_flash.o E:\½ð¸ë\s281\prog\×ÓÕ¾\281wt100Ì #
#                    ØÊâ°æ\Debug\Obj\stm8l15x_gpio.o                          #
#                    E:\½ð¸ë\s281\prog\×ÓÕ¾\281wt100ÌØÊâ°æ\Debug\Obj\stm8l15x #
#                    _iwdg.o E:\½ð¸ë\s281\prog\×ÓÕ¾\281wt100ÌØÊâ°æ\Debug\Obj\ #
#                    stm8l15x_pwr.o E:\½ð¸ë\s281\prog\×ÓÕ¾\281wt100ÌØÊâ°æ\Deb #
#                    ug\Obj\stm8l15x_rtc.o E:\½ð¸ë\s281\prog\×ÓÕ¾\281wt100ÌØÊ #
#                    â°æ\Debug\Obj\stm8l15x_spi.o                             #
#                    E:\½ð¸ë\s281\prog\×ÓÕ¾\281wt100ÌØÊâ°æ\Debug\Obj\stm8l15x #
#                    _tim1.o E:\½ð¸ë\s281\prog\×ÓÕ¾\281wt100ÌØÊâ°æ\Debug\Obj\ #
#                    stm8l15x_usart.o --redirect _Printf=_PrintfFullNoMb      #
#                    --redirect _Scanf=_ScanfFullNoMb -o                      #
#                    E:\½ð¸ë\s281\prog\×ÓÕ¾\281wt100ÌØÊâ°æ\Debug\Exe\281wt2.o #
#                    ut --map E:\½ð¸ë\s281\prog\×ÓÕ¾\281wt100ÌØÊâ°æ\Debug\Lis #
#                    t\281wt2.map --config "C:\Program Files (x86)\IAR        #
#                    Systems\Embedded Workbench 6.5\stm8\config\lnkstm8l151k4 #
#                    .icf" --config_def _CSTACK_SIZE=0x100 --config_def       #
#                    _HEAP_SIZE=0 --entry __iar_program_start --debug_lib     #
#                                                                             #
#                                                                             #
###############################################################################

*******************************************************************************
*** RUNTIME MODEL ATTRIBUTES
***

__SystemLibrary            = DLib
__code_model               = small
__core                     = stm8
__data_model               = medium
__dlib_file_descriptor     = 0
__dlib_full_locale_support = 0
__rt_version               = 4


*******************************************************************************
*** PLACEMENT SUMMARY
***

"A1":  place at start of [0x000000-0x0000ff] { rw section .vregs };
"A2":  place at end of [0x000000-0x0007ff] { block CSTACK };
"P2":  place in [from 0x000000 to 0x0007ff] {
          block HEAP, rw section .far.bss, rw section .far.data,
          rw section .far.noinit, rw section .far_func.textrw,
          rw section .huge.bss, rw section .huge.data, rw section .huge.noinit,
          rw section .huge_func.textrw, rw section .iar.dynexit,
          rw section .near.bss, rw section .near.data, rw section .near.noinit,
          rw section .near_func.textrw };
"A3":  place at start of [0x008000-0x00bfff] { block INTVEC };
"P3":  place in [from 0x008000 to 0x00bfff] {
          ro section .far.data_init, ro section .far_func.textrw_init,
          ro section .huge.data_init, ro section .huge_func.textrw_init,
          ro section .iar.init_table, ro section .init_array,
          ro section .near.data_init, ro section .near.rodata,
          ro section .near_func.text, ro section .near_func.textrw_init,
          ro section .tiny.data_init, ro section .tiny.rodata_init };

  Section            Kind      Address    Size  Object
  -------            ----      -------    ----  ------
"A1":                                     0x10
  .vregs             uninit   0x000000    0x10  vregs.o [4]
                            - 0x000010    0x10

"P2", part 1 of 2:                         0x4
  P2 s0                       0x000010     0x4  <Init block>
    .near.data       inited   0x000010     0x4  SX127X_Driver.o [1]
                            - 0x000014     0x4

"P2", part 2 of 2:                       0x369
  .near.bss          zero     0x000014    0xfa  Rf433.o [1]
  .near.bss          zero     0x00010e    0xfa  Rf433.o [1]
  .near.bss          zero     0x000208    0xc8  pccmd.o [1]
  .near.bss          zero     0x0002d0    0x80  hw_config.o [1]
  .near.bss          zero     0x000350     0xb  SX127X_Driver.o [1]
  .near.bss          zero     0x00035b     0x8  SX127X_Driver.o [1]
  .near.bss          zero     0x000363     0x2  Rf433.o [1]
  .near.bss          zero     0x000365     0x2  flash_eeprom.o [1]
  .near.bss          zero     0x000367     0x2  hw_config.o [1]
  .near.bss          zero     0x000369     0x2  hw_config.o [1]
  .near.bss          zero     0x00036b     0x2  it.o [1]
  .near.bss          zero     0x00036d     0x2  it.o [1]
  .near.bss          zero     0x00036f     0x2  main.o [1]
  .near.bss          zero     0x000371     0x2  pccmd.o [1]
  .near.bss          zero     0x000373     0x2  pccmd.o [1]
  .near.bss          zero     0x000375     0x1  Rf433.o [1]
  .near.bss          zero     0x000376     0x1  Rf433.o [1]
  .near.bss          zero     0x000377     0x1  it.o [1]
  .near.bss          zero     0x000378     0x1  it.o [1]
  .near.bss          zero     0x000379     0x1  lora.o [1]
  .near.bss          zero     0x00037a     0x1  lora.o [1]
  .near.bss          zero     0x00037b     0x1  lora.o [1]
  .near.bss          zero     0x00037c     0x1  main.o [1]
                            - 0x00037d   0x369

"A2":                                    0x100
  CSTACK                      0x000700   0x100  <Block>
    CSTACK           uninit   0x000700   0x100  <Block tail>
                            - 0x000800   0x100

"A3":                                     0x80
  INTVEC                      0x008000    0x80  <Block>
    .intvec          const    0x008000    0x80  interrupt.o [4]
                            - 0x008080    0x80

"P3":                                   0x2ead
  .near_func.text    ro code  0x008080   0x465  float.o [4]
  .near_func.text    ro code  0x0084e5   0x42f  xprintffull_nomb.o [4]
  .near_func.text    ro code  0x008914   0x410  xprintffull_nomb.o [4]
  .near_func.text    ro code  0x008d24   0x389  SX127X_Driver.o [1]
  .near_func.text    ro code  0x0090ad   0x385  xprintffull_nomb.o [4]
  .near_func.text    ro code  0x009432   0x202  long.o [4]
  .near_func.text    ro code  0x009634   0x171  xprintffull_nomb.o [4]
  .near_func.text    ro code  0x0097a5   0x161  float_libsup.o [4]
  .near_func.text    ro code  0x009906   0x132  vreg_util.o [4]
  .near_func.text    ro code  0x009a38    0xd1  stm8l15x_rtc.o [1]
  .near_func.text    ro code  0x009b09    0xc3  Rf433.o [1]
  .near_func.text    ro code  0x009bcc    0xbb  hw_config.o [1]
  .near_func.text    ro code  0x009c87    0x9c  flash_eeprom.o [1]
  .near_func.text    ro code  0x009d23    0x9b  hw_config.o [1]
  .near_func.text    ro code  0x009dbe    0x98  pccmd.o [1]
  .near_func.text    ro code  0x009e56    0x89  stm8l15x_usart.o [1]
  .near_func.text    ro code  0x009edf    0x80  stm8l15x_clk.o [1]
  .near_func.text    ro code  0x009f5f    0x72  stm8l15x_gpio.o [1]
  .near_func.text    ro code  0x009fd1    0x72  long_util.o [4]
  .near_func.text    ro code  0x00a043    0x6b  stm8l15x_usart.o [1]
  .near_func.text    ro code  0x00a0ae    0x62  stm8l15x_clk.o [1]
  .near_func.text    ro code  0x00a110    0x60  Rf433.o [1]
  .near_func.text    ro code  0x00a170    0x60  SX127X_Driver.o [1]
  .near_func.text    ro code  0x00a1d0    0x60  lora.o [1]
  .near_func.text    ro code  0x00a230    0x5e  SX127X_Hal.o [1]
  .near_func.text    ro code  0x00a28e    0x58  hw_config.o [1]
  .near_func.text    ro code  0x00a2e6    0x53  it.o [1]
  .near_func.text    ro code  0x00a339    0x50  short.o [4]
  .near_func.text    ro code  0x00a389    0x4b  Rf433.o [1]
  .near_func.text    ro code  0x00a3d4    0x49  stm8l15x_flash.o [1]
  .near_func.text    ro code  0x00a41d    0x44  SX127X_Hal.o [1]
  .near_func.text    ro code  0x00a461    0x43  xprintffull_nomb.o [4]
  .near_func.text    ro code  0x00a4a4    0x40  it.o [1]
  .near_func.text    ro code  0x00a4e4    0x3f  xprintffull_nomb.o [4]
  .near_func.text    ro code  0x00a523    0x3d  SX127X_Hal.o [1]
  .near_func.text    ro code  0x00a560    0x3c  it.o [1]
  .near_func.text    ro code  0x00a59c    0x3c  stm8l15x_rtc.o [1]
  .near_func.text    const    0x00a5d8    0x3c  xprintffull_nomb.o [4]
  .near_func.text    ro code  0x00a614    0x3b  hw_config.o [1]
  .near_func.text    ro code  0x00a64f    0x3b  lora.o [1]
  .near_func.text    ro code  0x00a68a    0x3b  main.o [1]
  .near_func.text    ro code  0x00a6c5    0x39  xprintffull_nomb.o [4]
  .near_func.text    ro code  0x00a6fe    0x38  stm8l15x_clk.o [1]
  .near_func.text    ro code  0x00a736    0x37  pccmd.o [1]
  .near_func.text    ro code  0x00a76d    0x36  stm8l15x_rtc.o [1]
  .near_func.text    ro code  0x00a7a3    0x35  stm8l15x_usart.o [1]
  .near_func.text    ro code  0x00a7d8    0x33  lora.o [1]
  .near_func.text    ro code  0x00a80b    0x33  stm8l15x_spi.o [1]
  .near_func.text    ro code  0x00a83e    0x33  xprintffull_nomb.o [4]
  .near_func.text    ro code  0x00a871    0x30  div.o [4]
  .near_func.text    ro code  0x00a8a1    0x2f  stm8l15x_rtc.o [1]
  .near_func.text    ro code  0x00a8d0    0x2f  xprintffull_nomb.o [4]
  .near_func.text    ro code  0x00a8ff    0x2d  stm8l15x_tim1.o [1]
  .near_func.text    ro code  0x00a92c    0x2b  it.o [1]
  .near_func.text    ro code  0x00a957    0x28  hw_config.o [1]
  .near_func.text    ro code  0x00a97f    0x28  init_small.o [4]
  .near_func.text    ro code  0x00a9a7    0x26  pccmd.o [1]
  .near_func.text    ro code  0x00a9cd    0x25  memcpy.o [4]
  .near_func.text    ro code  0x00a9f2    0x24  main.o [1]
  .near_func.text    ro code  0x00aa16    0x23  hw_config.o [1]
  .near_func.text    ro code  0x00aa39    0x23  stm8l15x_rtc.o [1]
  .near_func.text    ro code  0x00aa5c    0x23  stm8l15x_rtc.o [1]
  .near_func.text    ro code  0x00aa7f    0x22  hw_config.o [1]
  .iar.init_table    const    0x00aaa1    0x12  - Linker created -
  .near.rodata       const    0x00aab3    0x20  hw_config.o [1]
  .near_func.text    ro code  0x00aad3    0x20  printf.o [4]
  .near_func.text    ro code  0x00aaf3    0x1f  dc_util.o [4]
  .near_func.text    ro code  0x00ab12    0x1e  init_small.o [4]
  .near_func.text    ro code  0x00ab30    0x1c  it.o [1]
  .near_func.text    ro code  0x00ab4c    0x1c  pccmd.o [1]
  .near_func.text    ro code  0x00ab68    0x1b  hw_config.o [1]
  .near_func.text    ro code  0x00ab83    0x1a  stm8l15x_rtc.o [1]
  .near_func.text    ro code  0x00ab9d    0x19  stm8l15x_flash.o [1]
  .near_func.text    ro code  0x00abb6    0x19  xprout.o [4]
  .near_func.text    ro code  0x00abcf    0x18  it.o [1]
  .near_func.text    ro code  0x00abe7    0x18  xprintffull_nomb.o [4]
  .near_func.text    ro code  0x00abff    0x17  pccmd.o [1]
  .near_func.text    ro code  0x00ac16    0x17  init.o [4]
  .near_func.text    ro code  0x00ac2d    0x16  lora.o [1]
  .near_func.text    ro code  0x00ac43    0x16  stm8l15x_exti.o [1]
  .near_func.text    ro code  0x00ac59    0x15  memchr.o [4]
  .near_func.text    ro code  0x00ac6e    0x15  strchr.o [4]
  .near_func.text    ro code  0x00ac83    0x14  __dbg_xxexit.o [3]
  .near_func.text    ro code  0x00ac97    0x13  stm8l15x_tim1.o [1]
  .near_func.text    ro code  0x00acaa    0x13  cstartup.o [4]
  .near_func.text    ro code  0x00acbd    0x12  strlen.o [4]
  .near_func.text    ro code  0x00accf    0x10  stm8l15x_usart.o [1]
  .near_func.text    ro code  0x00acdf     0xf  stm8l15x_clk.o [1]
  .near_func.text    ro code  0x00acee     0xf  stm8l15x_clk.o [1]
  .near_func.text    ro code  0x00acfd     0xf  stm8l15x_spi.o [1]
  .near.rodata       const    0x00ad0c     0xe  main.o [1]
  .near.rodata       const    0x00ad1a     0xe  pccmd.o [1]
  .near.rodata       const    0x00ad28     0xd  SX127X_Driver.o [1]
  .near.rodata       const    0x00ad35     0xd  pccmd.o [1]
  .near_func.text    ro code  0x00ad42     0xd  stm8l15x_clk.o [1]
  .near_func.text    ro code  0x00ad4f     0xd  stm8l15x_pwr.o [1]
  .near_func.text    ro code  0x00ad5c     0xd  stm8l15x_spi.o [1]
  .near_func.text    ro code  0x00ad69     0xd  stm8l15x_tim1.o [1]
  .near_func.text    ro code  0x00ad76     0xd  move.o [4]
  .near.rodata       const    0x00ad83     0xc  lora.o [1]
  .near_func.text    ro code  0x00ad8f     0xc  xprintffull_nomb.o [4]
  .near_func.text    ro code  0x00ad9b     0xc  switch.o [4]
  .near.rodata       const    0x00ada7     0xb  lora.o [1]
  .near_func.text    ro code  0x00adb2     0xb  xprintffull_nomb.o [4]
  .near.rodata       const    0x00adbd     0xa  Rf433.o [1]
  .near_func.text    ro code  0x00adc7     0xa  stm8l15x_clk.o [1]
  .near_func.text    ro code  0x00add1     0xa  xprintffull_nomb.o [4]
  .near_func.text    ro code  0x00addb     0xa  xprintffull_nomb.o [4]
  .near_func.text    ro code  0x00ade5     0xa  xprintffull_nomb.o [4]
  .near_func.text    ro code  0x00adef     0xa  xprintffull_nomb.o [4]
  .near_func.text    ro code  0x00adf9     0x9  stm8l15x_rtc.o [1]
  .near_func.text    ro code  0x00ae02     0x9  xprintffull_nomb.o [4]
  .near_func.text    ro code  0x00ae0b     0x9  xprintffull_nomb.o [4]
  .near_func.text    ro code  0x00ae14     0x9  xprintffull_nomb.o [4]
  .near_func.text    ro code  0x00ae1d     0x9  xprintffull_nomb.o [4]
  .near_func.text    ro code  0x00ae26     0x9  xprintffull_nomb.o [4]
  .near_func.text    ro code  0x00ae2f     0x9  xprintffull_nomb.o [4]
  .near.rodata       const    0x00ae38     0x8  pccmd.o [1]
  .near_func.text    ro code  0x00ae40     0x8  xprintffull_nomb.o [4]
  .near_func.text    ro code  0x00ae48     0x8  xprintffull_nomb.o [4]
  .near_func.text    ro code  0x00ae50     0x8  xprintffull_nomb.o [4]
  .near_func.text    ro code  0x00ae58     0x8  xprintffull_nomb.o [4]
  .near.rodata       const    0x00ae60     0x7  xprintffull_nomb.o [4]
  .near_func.text    ro code  0x00ae67     0x7  stm8l15x_flash.o [1]
  .near_func.text    ro code  0x00ae6e     0x7  xprintffull_nomb.o [4]
  .near_func.text    ro code  0x00ae75     0x7  xprintffull_nomb.o [4]
  .near_func.text    ro code  0x00ae7c     0x7  xprintffull_nomb.o [4]
  .near_func.text    ro code  0x00ae83     0x7  xprintffull_nomb.o [4]
  .near.rodata       const    0x00ae8a     0x6  pccmd.o [1]
  .near.rodata       const    0x00ae90     0x6  pccmd.o [1]
  .near_func.text    ro code  0x00ae96     0x6  xprintffull_nomb.o [4]
  .near_func.text    ro code  0x00ae9c     0x6  xprintffull_nomb.o [4]
  .near_func.text    ro code  0x00aea2     0x6  xprintffull_nomb.o [4]
  .near.rodata       const    0x00aea8     0x5  stm8l15x_clk.o [1]
  .near_func.text    ro code  0x00aead     0x5  stm8l15x_iwdg.o [1]
  .near_func.text    ro code  0x00aeb2     0x5  stm8l15x_iwdg.o [1]
  .near_func.text    ro code  0x00aeb7     0x5  stm8l15x_spi.o [1]
  .near_func.text    ro code  0x00aebc     0x5  stm8l15x_spi.o [1]
  .near_func.text    ro code  0x00aec1     0x5  stm8l15x_usart.o [1]
  .near_func.text    ro code  0x00aec6     0x5  xprintffull_nomb.o [4]
  .near_func.text    ro code  0x00aecb     0x5  cexit.o [4]
  .near.rodata       const    0x00aed0     0x4  lora.o [1]
  .near.rodata       const    0x00aed4     0x4  xprintffull_nomb.o [4]
  .near.rodata       const    0x00aed8     0x4  xprintffull_nomb.o [4]
  .near.rodata       const    0x00aedc     0x4  xprintffull_nomb.o [4]
  .near.rodata       const    0x00aee0     0x4  xprintffull_nomb.o [4]
  .near_func.text    ro code  0x00aee4     0x4  stm8l15x_clk.o [1]
  .near_func.text    ro code  0x00aee8     0x4  stm8l15x_flash.o [1]
  .near_func.text    ro code  0x00aeec     0x4  stm8l15x_flash.o [1]
  .near_func.text    ro code  0x00aef0     0x4  stm8l15x_gpio.o [1]
  .near_func.text    ro code  0x00aef4     0x4  stm8l15x_iwdg.o [1]
  .near_func.text    ro code  0x00aef8     0x4  stm8l15x_iwdg.o [1]
  .near_func.text    ro code  0x00aefc     0x4  stm8l15x_iwdg.o [1]
  .near_func.text    ro code  0x00af00     0x3  stm8l15x_gpio.o [1]
  .near_func.text    ro code  0x00af03     0x3  interrupt.o [4]
  .near_func.text    ro code  0x00af06     0x3  low_level_init.o [4]
  .near_func.text    ro code  0x00af09     0x3  exit.o [4]
  .near_func.text    ro code  0x00af0c     0x3  unhandled_exception.o [4]
  .near.rodata       const    0x00af0f     0x2  xprintffull_nomb.o [4]
  .near_func.text    ro code  0x00af11     0x1  hw_config.o [1]
  .near_func.text    ro code  0x00af12     0x1  hw_config.o [1]
  .near_func.text    ro code  0x00af13     0x1  it.o [1]
  .near_func.text    ro code  0x00af14     0x1  it.o [1]
  .near_func.text    ro code  0x00af15     0x1  it.o [1]
  .near_func.text    ro code  0x00af16     0x1  it.o [1]
  .near_func.text    ro code  0x00af17     0x1  it.o [1]
  .near_func.text    ro code  0x00af18     0x1  it.o [1]
  .near_func.text    ro code  0x00af19     0x1  it.o [1]
  .near_func.text    ro code  0x00af1a     0x1  it.o [1]
  .near_func.text    ro code  0x00af1b     0x1  it.o [1]
  .near_func.text    ro code  0x00af1c     0x1  it.o [1]
  .near_func.text    ro code  0x00af1d     0x1  it.o [1]
  .near_func.text    ro code  0x00af1e     0x1  it.o [1]
  .near_func.text    ro code  0x00af1f     0x1  it.o [1]
  .near_func.text    ro code  0x00af20     0x1  it.o [1]
  .near_func.text    ro code  0x00af21     0x1  it.o [1]
  .near_func.text    ro code  0x00af22     0x1  it.o [1]
  .near_func.text    ro code  0x00af23     0x1  it.o [1]
  .near_func.text    ro code  0x00af24     0x1  it.o [1]
  .near_func.text    ro code  0x00af25     0x1  it.o [1]
  .near_func.text    ro code  0x00af26     0x1  it.o [1]
  .near_func.text    ro code  0x00af27     0x1  it.o [1]
  .near_func.text    ro code  0x00af28     0x1  __dbg_break.o [3]
  Initializer bytes  ro data  0x00af29     0x4  <for P2 s0>
                            - 0x00af2d  0x2ead


*******************************************************************************
*** INIT TABLE
***

          Address   Size
          -------   ----
Zero (__iar_zero_init2)
    1 destination range, total size 0x369:
          0x000014  0x369

Copy (__iar_copy_init2)
    1 source range, total size 0x4:
          0x00af29    0x4
    1 destination range, total size 0x4:
          0x000010    0x4



*******************************************************************************
*** MODULE SUMMARY
***

    Module                 ro code  ro data  rw data
    ------                 -------  -------  -------
E:\½ð¸ë\s281\prog\×ÓÕ¾\281wt100ÌØÊâ°æ\Debug\Obj: [1]
    Rf433.o                    366       10      504
    SX127X_Driver.o          1 001       17       23
    SX127X_Hal.o               223
    flash_eeprom.o             156                 2
    hw_config.o                627       32      132
    it.o                       323                 6
    lora.o                     228       27        3
    main.o                      95       14        3
    pccmd.o                    296       47      204
    stm8l15x_clk.o             339        5
    stm8l15x_exti.o             22
    stm8l15x_flash.o           113
    stm8l15x_gpio.o            121
    stm8l15x_iwdg.o             22
    stm8l15x_pwr.o              13
    stm8l15x_rtc.o             475
    stm8l15x_spi.o              89
    stm8l15x_tim1.o             77
    stm8l15x_usart.o           318
    ------------------------------------------------
    Total:                   4 904      152      877

command line: [2]
    ------------------------------------------------
    Total:

dbgstm8smd.a: [3]
    __dbg_break.o                1
    __dbg_xxexit.o              20
    ------------------------------------------------
    Total:                      21

dlstm8smn.a: [4]
    cexit.o                      5
    cstartup.o                  19
    dc_util.o                   31
    div.o                       48
    exit.o                       3
    float.o                  1 125
    float_libsup.o             353
    init.o                      23
    init_small.o                70
    interrupt.o                  3      128
    long.o                     514
    long_util.o                114
    low_level_init.o             3
    memchr.o                    21
    memcpy.o                    37
    move.o                      13
    printf.o                    32
    short.o                     80
    strchr.o                    21
    strlen.o                    18
    switch.o                    12
    unhandled_exception.o        3
    vreg_util.o                306
    vregs.o                                       16
    xprintffull_nomb.o       3 890       85
    xprout.o                    25
    ------------------------------------------------
    Total:                   6 769      213       16

    Linker created                       18      256
----------------------------------------------------
    Grand Total:            11 694      383    1 149


*******************************************************************************
*** ENTRY LIST
***

Entry                    Address   Size  Type      Object
-----                    -------   ----  ----      ------
?add32_l0_l0_0x         0x009460         Code  Gb  long.o [4]
?add32_l0_l0_dl         0x00945b         Code  Gb  long.o [4]
?and32_l0_l0_0x         0x0095da         Code  Gb  long.o [4]
?and32_l0_l0_l1         0x0095d7         Code  Gb  long.o [4]
?b0                     0x000000         Data  Gb  vregs.o [4]
?b1                     0x000001         Data  Gb  vregs.o [4]
?b10                    0x00000a         Data  Gb  vregs.o [4]
?b11                    0x00000b         Data  Gb  vregs.o [4]
?b12                    0x00000c         Data  Gb  vregs.o [4]
?b13                    0x00000d         Data  Gb  vregs.o [4]
?b14                    0x00000e         Data  Gb  vregs.o [4]
?b15                    0x00000f         Data  Gb  vregs.o [4]
?b2                     0x000002         Data  Gb  vregs.o [4]
?b3                     0x000003         Data  Gb  vregs.o [4]
?b4                     0x000004         Data  Gb  vregs.o [4]
?b5                     0x000005         Data  Gb  vregs.o [4]
?b6                     0x000006         Data  Gb  vregs.o [4]
?b7                     0x000007         Data  Gb  vregs.o [4]
?b8                     0x000008         Data  Gb  vregs.o [4]
?b9                     0x000009         Data  Gb  vregs.o [4]
?dc32_l1                0x00aafa         Code  Gb  dc_util.o [4]
?dc32_px                0x00ab07         Code  Gb  dc_util.o [4]
?dc8_px                 0x00aaf3         Code  Gb  dc_util.o [4]
?dec32_0x_0x            0x009447         Code  Gb  long.o [4]
?dec32_l1_l1            0x009442         Code  Gb  long.o [4]
?e0                     0x000001         Data  Gb  vregs.o [4]
?e1                     0x000005         Data  Gb  vregs.o [4]
?e2                     0x000009         Data  Gb  vregs.o [4]
?e3                     0x00000d         Data  Gb  vregs.o [4]
?epilogue_l2            0x0099ab         Code  Gb  vreg_util.o [4]
?epilogue_l2_l3         0x0099a8         Code  Gb  vreg_util.o [4]
?epilogue_l2_w6         0x0099af         Code  Gb  vreg_util.o [4]
?epilogue_w4            0x0099b6         Code  Gb  vreg_util.o [4]
?fadd32_l0_l0_l1        0x0080a3         Code  Gb  float.o [4]
?fcastf32s32_l0_l0      0x0083a0         Code  Gb  float.o [4]
?fcastf32u32_l0_l0      0x0083ab         Code  Gb  float.o [4]
?fcasts32f32_l0_l0      0x00833f         Code  Gb  float.o [4]
?fcastu32f32_l0_l0      0x008328         Code  Gb  float.o [4]
?fcmpge32_c_l0_0x       0x0082c9         Code  Gb  float.o [4]
?fcmpge32_c_l0_dc32     0x0082c4         Code  Gb  float.o [4]
?fcmplt32_c_l0_0x       0x0082d2         Code  Gb  float.o [4]
?fcmplt32_c_l0_dc32     0x0082cd         Code  Gb  float.o [4]
?fdiv32_l0_l0_dc32      0x008211         Code  Gb  float.o [4]
?fdiv32_l0_l0_l1        0x008216         Code  Gb  float.o [4]
?fmul32_l0_l0_dc32      0x008171         Code  Gb  float.o [4]
?fmul32_l0_l0_l1        0x008176         Code  Gb  float.o [4]
?fsub32_l0_l0_l1        0x00809d         Code  Gb  float.o [4]
?l0                     0x000000         Data  Gb  vregs.o [4]
?l1                     0x000004         Data  Gb  vregs.o [4]
?l2                     0x000008         Data  Gb  vregs.o [4]
?l3                     0x00000c         Data  Gb  vregs.o [4]
?load32_0x_l0           0x00a016         Code  Gb  long_util.o [4]
?load32_0x_l2           0x00a035         Code  Gb  long_util.o [4]
?load32_asp_l0          0x00a00a         Code  Gb  long_util.o [4]
?load32_asp_l2          0x00a029         Code  Gb  long_util.o [4]
?load32_dbsp_l0         0x00a005         Code  Gb  long_util.o [4]
?load32_dbsp_l2         0x00a024         Code  Gb  long_util.o [4]
?load32_l0_0x           0x009fe1         Code  Gb  long_util.o [4]
?load32_l0_asp          0x009fd6         Code  Gb  long_util.o [4]
?load32_l0_dbsp         0x009fd1         Code  Gb  long_util.o [4]
?load32_l0_xsp          0x009fd8         Code  Gb  long_util.o [4]
?load32_l1_0x           0x009fed         Code  Gb  long_util.o [4]
?load32_l2_0x           0x009ff9         Code  Gb  long_util.o [4]
?load32_xsp_l0          0x00a00c         Code  Gb  long_util.o [4]
?load32_xsp_l2          0x00a02b         Code  Gb  long_util.o [4]
?mov_e0_e1              0x0099e0         Code  Gb  vreg_util.o [4]
?mov_e0_e2              0x0099ed         Code  Gb  vreg_util.o [4]
?mov_e1_e0              0x0099fa         Code  Gb  vreg_util.o [4]
?mov_e1_e2              0x009a07         Code  Gb  vreg_util.o [4]
?mov_e1_e3              0x009a14         Code  Gb  vreg_util.o [4]
?mov_e2_e0              0x009a21         Code  Gb  vreg_util.o [4]
?mov_e3_e0              0x009a2e         Code  Gb  vreg_util.o [4]
?mov_l0_l1              0x0099dd         Code  Gb  vreg_util.o [4]
?mov_l0_l2              0x0099ea         Code  Gb  vreg_util.o [4]
?mov_l1_l0              0x0099f7         Code  Gb  vreg_util.o [4]
?mov_l1_l2              0x009a04         Code  Gb  vreg_util.o [4]
?mov_l1_l3              0x009a11         Code  Gb  vreg_util.o [4]
?mov_l2_l0              0x009a1e         Code  Gb  vreg_util.o [4]
?mov_l3_l0              0x009a2b         Code  Gb  vreg_util.o [4]
?mov_w1_w3              0x0099e3         Code  Gb  vreg_util.o [4]
?mov_w1_w5              0x0099f0         Code  Gb  vreg_util.o [4]
?mov_w1_w6              0x0099ba         Code  Gb  vreg_util.o [4]
?mov_w2_w0              0x0099c1         Code  Gb  vreg_util.o [4]
?mov_w2_w1              0x0099c8         Code  Gb  vreg_util.o [4]
?mov_w3_w1              0x0099fd         Code  Gb  vreg_util.o [4]
?mov_w3_w5              0x009a0a         Code  Gb  vreg_util.o [4]
?mov_w3_w7              0x009a17         Code  Gb  vreg_util.o [4]
?mov_w4_w1              0x0099cf         Code  Gb  vreg_util.o [4]
?mov_w5_w0              0x0099d6         Code  Gb  vreg_util.o [4]
?mov_w5_w1              0x009a24         Code  Gb  vreg_util.o [4]
?mov_w7_w1              0x009a31         Code  Gb  vreg_util.o [4]
?move1616_v_x_y_a       0x00ad76         Code  Gb  move.o [4]
?mul16_x_x_w0           0x00a339         Code  Gb  short.o [4]
?mul32_l0_l0_0x         0x00947b         Code  Gb  long.o [4]
?mul32_l0_l0_dl         0x009478         Code  Gb  long.o [4]
?mul32_l0_l0_l1         0x009484         Code  Gb  long.o [4]
?neg32_l0_l0            0x009432         Code  Gb  long.o [4]
?pop_l0                 0x009974         Code  Gb  vreg_util.o [4]
?pop_l1                 0x00997f         Code  Gb  vreg_util.o [4]
?pop_l2                 0x00998a         Code  Gb  vreg_util.o [4]
?pop_l3                 0x009995         Code  Gb  vreg_util.o [4]
?pop_w4                 0x00992d         Code  Gb  vreg_util.o [4]
?pop_w6                 0x009934         Code  Gb  vreg_util.o [4]
?push_l0                0x009943         Code  Gb  vreg_util.o [4]
?push_l1                0x009948         Code  Gb  vreg_util.o [4]
?push_l2                0x00994d         Code  Gb  vreg_util.o [4]
?push_l3                0x009952         Code  Gb  vreg_util.o [4]
?push_w0                0x009906         Code  Gb  vreg_util.o [4]
?push_w1                0x00990b         Code  Gb  vreg_util.o [4]
?push_w4                0x009910         Code  Gb  vreg_util.o [4]
?push_w6                0x009915         Code  Gb  vreg_util.o [4]
?scmp32_c_l0_l1         0x0095c0         Code  Gb  long.o [4]
?sdiv16_x_x_y           0x00a357         Code  Gb  short.o [4]
?sdiv32_l0_l0_dl        0x009577         Code  Gb  long.o [4]
?sdiv32_l0_l0_l1        0x00957a         Code  Gb  long.o [4]
?sext16_x_a             0x00a382         Code  Gb  short.o [4]
?sext32_l0_a            0x009627         Code  Gb  long.o [4]
?sext32_l0_x            0x00961c         Code  Gb  long.o [4]
?sll16_x_x_4            0x00a378         Code  Gb  short.o [4]
?sll16_x_x_a            0x00a370         Code  Gb  short.o [4]
?smod32_l1_l0_l1        0x00957a         Code  Gb  long.o [4]
?sra32_0x_0x_a          0x00960e         Code  Gb  long.o [4]
?sra32_l0_l0_a          0x00960b         Code  Gb  long.o [4]
?sra32_l0_l0_db         0x009607         Code  Gb  long.o [4]
?srl16_x_x_4            0x00a37d         Code  Gb  short.o [4]
?srl32_0x_0x_a          0x0095f9         Code  Gb  long.o [4]
?srl32_l0_l0_a          0x0095f6         Code  Gb  long.o [4]
?srl32_l0_l0_db         0x0095f2         Code  Gb  long.o [4]
?switch8vlt_0x_a_0x     0x00ad9b         Code  Gb  switch.o [4]
?udiv32_l0_l0_dl        0x009507         Code  Gb  long.o [4]
?udiv32_l0_l0_l1        0x00950a         Code  Gb  long.o [4]
?umod32_l1_l0_dl        0x009502         Code  Gb  long.o [4]
?umod32_l1_l0_l1        0x00950a         Code  Gb  long.o [4]
?w0                     0x000000         Data  Gb  vregs.o [4]
?w1                     0x000002         Data  Gb  vregs.o [4]
?w2                     0x000004         Data  Gb  vregs.o [4]
?w3                     0x000006         Data  Gb  vregs.o [4]
?w4                     0x000008         Data  Gb  vregs.o [4]
?w5                     0x00000a         Data  Gb  vregs.o [4]
?w6                     0x00000c         Data  Gb  vregs.o [4]
?w7                     0x00000e         Data  Gb  vregs.o [4]
ADC1_COMP_IRQHandler    0x00af1f    0x1  Code  Gb  it.o [1]
BAUDMODE                0x00aab3   0x20  Data  Gb  hw_config.o [1]
CLK_GetClockFreq        0x00a6fe   0x38  Code  Gb  stm8l15x_clk.o [1]
CLK_GetFlagStatus       0x009edf   0x80  Code  Gb  stm8l15x_clk.o [1]
CLK_HSEConfig           0x00acdf    0xf  Code  Gb  stm8l15x_clk.o [1]
CLK_LSEConfig           0x00acee    0xf  Code  Gb  stm8l15x_clk.o [1]
CLK_LSICmd              0x00ad42    0xd  Code  Gb  stm8l15x_clk.o [1]
CLK_PeripheralClockConfig
                        0x00a0ae   0x62  Code  Gb  stm8l15x_clk.o [1]
CLK_RTCClockConfig      0x00adc7    0xa  Code  Gb  stm8l15x_clk.o [1]
CLK_SYSCLKDivConfig     0x00aee4    0x4  Code  Gb  stm8l15x_clk.o [1]
CSTACK$$Base            0x000700          --   Gb  - Linker created -
CSTACK$$Limit           0x000800          --   Gb  - Linker created -
ChangeStr_u8            0x00a736   0x37  Code  Gb  pccmd.o [1]
CheckSet                0x00a68a   0x3b  Code  Gb  main.o [1]
CommCnt                 0x00036f    0x2  Data  Gb  main.o [1]
CompStr                 0x00a9a7   0x26  Code  Gb  pccmd.o [1]
EXTI0_IRQHandler        0x00abcf   0x18  Code  Gb  it.o [1]
EXTI1_IRQHandler        0x00af16    0x1  Code  Gb  it.o [1]
EXTI2_IRQHandler        0x00af17    0x1  Code  Gb  it.o [1]
EXTI3_IRQHandler        0x00af18    0x1  Code  Gb  it.o [1]
EXTI4_IRQHandler        0x00af19    0x1  Code  Gb  it.o [1]
EXTI5_IRQHandler        0x00af1a    0x1  Code  Gb  it.o [1]
EXTI6_IRQHandler        0x00af1b    0x1  Code  Gb  it.o [1]
EXTI7_IRQHandler        0x00af1c    0x1  Code  Gb  it.o [1]
EXTIB_G_IRQHandler      0x00af14    0x1  Code  Gb  it.o [1]
EXTID_H_IRQHandler      0x00af15    0x1  Code  Gb  it.o [1]
EXTIE_F_PVD_IRQHandler  0x00af13    0x1  Code  Gb  it.o [1]
EXTI_ClearITPendingBit  0x00ac43   0x16  Code  Gb  stm8l15x_exti.o [1]
EnWatchDog              0x00aa16   0x23  Code  Gb  hw_config.o [1]
FLASH_Lock              0x00ae67    0x7  Code  Gb  stm8l15x_flash.o [1]
FLASH_ProgramByte       0x00aee8    0x4  Code  Gb  stm8l15x_flash.o [1]
FLASH_ReadByte          0x00aeec    0x4  Code  Gb  stm8l15x_flash.o [1]
FLASH_Unlock            0x00ab9d   0x19  Code  Gb  stm8l15x_flash.o [1]
FLASH_WaitForLastOperation
                        0x00a3d4   0x49  Code  Gb  stm8l15x_flash.o [1]
GPIO_Init               0x009f5f   0x72  Code  Gb  stm8l15x_gpio.o [1]
GPIO_ResetBits          0x00aef0    0x4  Code  Gb  stm8l15x_gpio.o [1]
GPIO_SetBits            0x00af00    0x3  Code  Gb  stm8l15x_gpio.o [1]
G_LoRaConfig            0x00035b    0x8  Data  Gb  SX127X_Driver.o [1]
G_LoRaPara              0x000350    0xb  Data  Gb  SX127X_Driver.o [1]
G_TsXms                 0x000010    0x4  Data  Gb  SX127X_Driver.o [1]
GetFreq                 0x009010   0x60  Code  Gb  SX127X_Driver.o [1]
I2C1_SPI2_IRQHandler    0x00af27    0x1  Code  Gb  it.o [1]
INTVEC$$Base            0x008000          --   Gb  - Linker created -
INTVEC$$Limit           0x008080          --   Gb  - Linker created -
IWDG_Enable             0x00aeb2    0x5  Code  Gb  stm8l15x_iwdg.o [1]
IWDG_ReloadCounter      0x00aead    0x5  Code  Gb  stm8l15x_iwdg.o [1]
IWDG_SetPrescaler       0x00aef8    0x4  Code  Gb  stm8l15x_iwdg.o [1]
IWDG_SetReload          0x00aefc    0x4  Code  Gb  stm8l15x_iwdg.o [1]
IWDG_WriteAccessCmd     0x00aef4    0x4  Code  Gb  stm8l15x_iwdg.o [1]
InSetMode               0x00037c    0x1  Data  Gb  main.o [1]
InitGpio                0x009bcc   0xbb  Code  Gb  hw_config.o [1]
InitLora                0x00a64f   0x3b  Code  Gb  lora.o [1]
InitRtc                 0x00a614   0x3b  Code  Gb  hw_config.o [1]
IsrTime                 0x00a4a4   0x40  Code  Gb  it.o [1]
LCD_AES_IRQHandler      0x00af1d    0x1  Code  Gb  it.o [1]
LastRecStamp            0x000373    0x2  Data  Gb  pccmd.o [1]
LedCnt                  0x000377    0x1  Data  Gb  it.o [1]
LoadInt                 0x00a4e4   0x3f  Code  Lc  xprintffull_nomb.o [4]
MbSrc                   0x000375    0x1  Data  Gb  Rf433.o [1]
MbSrcStamp              0x000363    0x2  Data  Gb  Rf433.o [1]
PWR_UltraLowPowerCmd    0x00ad4f    0xd  Code  Gb  stm8l15x_pwr.o [1]
ProcLora                0x00a1d0   0x60  Code  Gb  lora.o [1]
ProcPcCmd               0x009dbe   0x98  Code  Gb  pccmd.o [1]
ProcRfCmd               0x009b09   0xc3  Code  Gb  Rf433.o [1]
PutinUart1              0x00a28e   0x58  Code  Gb  hw_config.o [1]
RTC_CSSLSE_IRQHandler   0x00ab30   0x1c  Code  Gb  it.o [1]
RTC_ClearITPendingBit   0x00adf9    0x9  Code  Gb  stm8l15x_rtc.o [1]
RTC_DeInit              0x009a38   0xd1  Code  Gb  stm8l15x_rtc.o [1]
RTC_EnterInitMode       0x00aa39   0x23  Code  Gb  stm8l15x_rtc.o [1]
RTC_ITConfig            0x00a59c   0x3c  Code  Gb  stm8l15x_rtc.o [1]
RTC_SetWakeUpCounter    0x00ab83   0x1a  Code  Gb  stm8l15x_rtc.o [1]
RTC_WaitForSynchro      0x00a8a1   0x2f  Code  Gb  stm8l15x_rtc.o [1]
RTC_WakeUpClockConfig   0x00aa5c   0x23  Code  Gb  stm8l15x_rtc.o [1]
RTC_WakeUpCmd           0x00a76d   0x36  Code  Gb  stm8l15x_rtc.o [1]
ReadEeprom              0x009ce6   0x3d  Code  Gb  flash_eeprom.o [1]
ReadSysInfo             0x009c93    0xc  Code  Gb  flash_eeprom.o [1]
RecBuf                  0x000208   0xc8  Data  Gb  pccmd.o [1]
RecLen                  0x000376    0x1  Data  Gb  Rf433.o [1]
RecU1                   0x000014   0xfa  Data  Gb  Rf433.o [1]
Region$$Table$$Base     0x00aaa1          --   Gb  - Linker created -
Region$$Table$$Limit    0x00aab3          --   Gb  - Linker created -
SPI1_IRQHandler         0x00af26    0x1  Code  Gb  it.o [1]
SPI_Cmd                 0x00ad5c    0xd  Code  Gb  stm8l15x_spi.o [1]
SPI_GetFlagStatus       0x00acfd    0xf  Code  Gb  stm8l15x_spi.o [1]
SPI_Init                0x00a80b   0x33  Code  Gb  stm8l15x_spi.o [1]
SPI_RW                  0x00a25f   0x2f  Code  Gb  SX127X_Hal.o [1]
SPI_ReceiveData         0x00aebc    0x5  Code  Gb  stm8l15x_spi.o [1]
SPI_SendData            0x00aeb7    0x5  Code  Gb  stm8l15x_spi.o [1]
SWITCH_CSS_BREAK_DAC_IRQHandler
                        0x00af1e    0x1  Code  Gb  it.o [1]
SX127X_Init             0x00a233   0x2c  Code  Gb  SX127X_Hal.o [1]
SX127X_Lora_init        0x008e81   0xf9  Code  Gb  SX127X_Driver.o [1]
SX127X_PoutSet          0x00a170   0x60  Code  Gb  SX127X_Driver.o [1]
SX127X_Read             0x009097    0x7  Code  Gb  SX127X_Driver.o [1]
SX127X_ReadBuffer       0x00a41d   0x44  Code  Gb  SX127X_Hal.o [1]
SX127X_ReadFifo         0x009091    0x6  Code  Gb  SX127X_Driver.o [1]
SX127X_ReadWriteByte    0x00a230    0x3  Code  Gb  SX127X_Hal.o [1]
SX127X_Reset            0x009070   0x21  Code  Gb  SX127X_Driver.o [1]
SX127X_RxPacket         0x008d2d   0xa5  Code  Gb  SX127X_Driver.o [1]
SX127X_StandbyMode      0x008d24    0x9  Code  Gb  SX127X_Driver.o [1]
SX127X_StartRx          0x008dd2   0x4c  Code  Gb  SX127X_Driver.o [1]
SX127X_TxPacket         0x008e1e   0x63  Code  Gb  SX127X_Driver.o [1]
SX127X_Write            0x00909e    0xf  Code  Gb  SX127X_Driver.o [1]
SX127X_WriteBuffer      0x00a523   0x3d  Code  Gb  SX127X_Hal.o [1]
SYSDivFactor            0x00aea8    0x5  Data  Gb  stm8l15x_clk.o [1]
SaveSysInfo             0x009c87    0xc  Code  Gb  flash_eeprom.o [1]
SendLoraPack            0x00ac2d   0x16  Code  Gb  lora.o [1]
SendPackDat             0x00a110   0x60  Code  Gb  Rf433.o [1]
SendPackSet             0x00a389   0x4b  Code  Gb  Rf433.o [1]
SendU1                  0x00010e   0xfa  Data  Gb  Rf433.o [1]
SetFreq                 0x008f7a   0x96  Code  Gb  SX127X_Driver.o [1]
SetLowPwr               0x00af11    0x1  Code  Gb  hw_config.o [1]
SetSystem               0x00ab68   0x1b  Code  Gb  hw_config.o [1]
Sys1msCnt               0x00036d    0x2  Data  Gb  it.o [1]
SysInfo                 0x000365    0x2  Data  Gb  flash_eeprom.o [1]
SysTick                 0x00036b    0x2  Data  Gb  it.o [1]
TIM1_CC_IRQHandler      0x00af24    0x1  Code  Gb  it.o [1]
TIM1_Cmd                0x00ad69    0xd  Code  Gb  stm8l15x_tim1.o [1]
TIM1_ITConfig           0x00ac97   0x13  Code  Gb  stm8l15x_tim1.o [1]
TIM1_TimeBaseInit       0x00a8ff   0x2d  Code  Gb  stm8l15x_tim1.o [1]
TIM1_UPD_OVF_TRG_COM_IRQHandler
                        0x00a560   0x3c  Code  Gb  it.o [1]
TIM2_CC_USART2_RX_IRQHandler
                        0x00af21    0x1  Code  Gb  it.o [1]
TIM2_UPD_OVF_TRG_BRK_USART2_TX_IRQHandler
                        0x00af20    0x1  Code  Gb  it.o [1]
TIM3_CC_USART3_RX_IRQHandler
                        0x00af23    0x1  Code  Gb  it.o [1]
TIM3_UPD_OVF_TRG_BRK_USART3_TX_IRQHandler
                        0x00af22    0x1  Code  Gb  it.o [1]
TIM4_UPD_OVF_TRG_IRQHandler
                        0x00af25    0x1  Code  Gb  it.o [1]
Tim1_Init               0x00a957   0x28  Code  Gb  hw_config.o [1]
TxBuffer1               0x0002d0   0x80  Data  Gb  hw_config.o [1]
TxCnt1                  0x000369    0x2  Data  Gb  hw_config.o [1]
TxPtr1                  0x000367    0x2  Data  Gb  hw_config.o [1]
UARTFREE                0x00ae38    0x8  Data  Gb  pccmd.o [1]
USART1_RX_TIM5_CC_IRQHandler
                        0x00a92c   0x2b  Code  Gb  it.o [1]
USART1_TX_TIM5_UPD_OVF_TRG_BRK_IRQHandler
                        0x00a2e6   0x53  Code  Gb  it.o [1]
USART_ClearITPendingBit
                        0x00aec1    0x5  Code  Gb  stm8l15x_usart.o [1]
USART_Cmd               0x00accf   0x10  Code  Gb  stm8l15x_usart.o [1]
USART_DeInit            0x00a7a3   0x35  Code  Gb  stm8l15x_usart.o [1]
USART_ITConfig          0x00a043   0x6b  Code  Gb  stm8l15x_usart.o [1]
USART_Init              0x009e56   0x89  Code  Gb  stm8l15x_usart.o [1]
Uart_Init               0x009d23   0x9b  Code  Gb  hw_config.o [1]
WaitSendOk              0x00a7d8   0x33  Code  Gb  lora.o [1]
WriteEeprom             0x009c9f   0x47  Code  Gb  flash_eeprom.o [1]
_GenldFullNoMb          0x0090ad  0x385  Code  Lc  xprintffull_nomb.o [4]
_LdtobFullNoMb          0x0084e5  0x42f  Code  Lc  xprintffull_nomb.o [4]
_LitobFullNoMb          0x009634  0x171  Code  Lc  xprintffull_nomb.o [4]
_PrintfFullNoMb         0x008914  0x410  Code  Gb  xprintffull_nomb.o [4]
_Prout                  0x00abb6   0x19  Code  Gb  xprout.o [4]
_PutcharFullNoMb        0x00a8d0   0x2f  Code  Lc  xprintffull_nomb.o [4]
_PutcharsFullNoMb       0x00a83e   0x33  Code  Lc  xprintffull_nomb.o [4]
__DebugBreak            0x00af28    0x1  Code  Gb  __dbg_break.o [3]
__exit                  0x00ac83   0x14  Code  Gb  __dbg_xxexit.o [3]
__iar_Dnorm             0x0097a5         Code  Gb  float_libsup.o [4]
__iar_Dscale            0x009833         Code  Gb  float_libsup.o [4]
__iar_Dunscale          0x0097e1         Code  Gb  float_libsup.o [4]
__iar_Memchr            0x00ac59   0x15  Code  Gb  memchr.o [4]
__iar_Strchr            0x00ac6e   0x15  Code  Gb  strchr.o [4]
__iar_copy_init2        0x00a97f         Code  Gb  init_small.o [4]
__iar_data_init2        0x00ac16   0x17  Code  Gb  init.o [4]
__iar_program_start     0x00acaa         Code  Gb  cstartup.o [4]
__iar_unhandled_exception
                        0x00af0c         Code  Gb  unhandled_exception.o [4]
__iar_zero_init2        0x00ab12         Code  Gb  init_small.o [4]
__intvec                0x008000         Data  Gb  interrupt.o [4]
__low_level_init        0x00af06    0x3  Code  Gb  low_level_init.o [4]
_exit                   0x00aecb         Code  Gb  cexit.o [4]
_interrupt_1            0x00af03         Code  Wk  interrupt.o [4]
_interrupt_10           0x00abcf         Code  Gb  it.o [1]
_interrupt_11           0x00af16         Code  Gb  it.o [1]
_interrupt_12           0x00af17         Code  Gb  it.o [1]
_interrupt_13           0x00af18         Code  Gb  it.o [1]
_interrupt_14           0x00af19         Code  Gb  it.o [1]
_interrupt_15           0x00af1a         Code  Gb  it.o [1]
_interrupt_16           0x00af1b         Code  Gb  it.o [1]
_interrupt_17           0x00af1c         Code  Gb  it.o [1]
_interrupt_18           0x00af1d         Code  Gb  it.o [1]
_interrupt_19           0x00af1e         Code  Gb  it.o [1]
_interrupt_2            0x00af03         Code  Wk  interrupt.o [4]
_interrupt_20           0x00af1f         Code  Gb  it.o [1]
_interrupt_21           0x00af20         Code  Gb  it.o [1]
_interrupt_22           0x00af21         Code  Gb  it.o [1]
_interrupt_23           0x00af22         Code  Gb  it.o [1]
_interrupt_24           0x00af23         Code  Gb  it.o [1]
_interrupt_25           0x00a560         Code  Gb  it.o [1]
_interrupt_26           0x00af24         Code  Gb  it.o [1]
_interrupt_27           0x00af25         Code  Gb  it.o [1]
_interrupt_28           0x00af26         Code  Gb  it.o [1]
_interrupt_29           0x00a2e6         Code  Gb  it.o [1]
_interrupt_3            0x00af03         Code  Wk  interrupt.o [4]
_interrupt_30           0x00a92c         Code  Gb  it.o [1]
_interrupt_31           0x00af27         Code  Gb  it.o [1]
_interrupt_4            0x00af03         Code  Wk  interrupt.o [4]
_interrupt_5            0x00af03         Code  Wk  interrupt.o [4]
_interrupt_6            0x00ab30         Code  Gb  it.o [1]
_interrupt_7            0x00af13         Code  Gb  it.o [1]
_interrupt_8            0x00af14         Code  Gb  it.o [1]
_interrupt_9            0x00af15         Code  Gb  it.o [1]
delayTick               0x00aa7f   0x22  Code  Gb  hw_config.o [1]
div                     0x00a871   0x30  Code  Gb  div.o [4]
exit                    0x00af09    0x3  Code  Gb  exit.o [4]
main                    0x00a9f2   0x24  Code  Gb  main.o [1]
memcpy                  0x00a9cd   0x25  Code  Gb  memcpy.o [4]
pad                     0x00a6c5   0x39  Code  Lc  xprintffull_nomb.o [4]
pccmdIsr                0x00ab4c   0x1c  Code  Gb  pccmd.o [1]
printf                  0x00aad3   0x20  Code  Gb  printf.o [4]
ptr                     0x000371    0x2  Data  Gb  pccmd.o [1]
putchar                 0x00af12    0x1  Code  Gb  hw_config.o [1]
r1                      0x000379    0x1  Data  Gb  lora.o [1]
r2                      0x00037a    0x1  Data  Gb  lora.o [1]
r3                      0x00037b    0x1  Data  Gb  lora.o [1]
scale                   0x00a461   0x43  Code  Lc  xprintffull_nomb.o [4]
strlen                  0x00acbd   0x12  Code  Gb  strlen.o [4]
tmp                     0x000378    0x1  Data  Gb  it.o [1]
transmit                0x00abff   0x17  Code  Gb  pccmd.o [1]


[1] = E:\½ð¸ë\s281\prog\×ÓÕ¾\281wt100ÌØÊâ°æ\Debug\Obj
[2] = command line
[3] = dbgstm8smd.a
[4] = dlstm8smn.a

  11 694 bytes of readonly  code memory
     383 bytes of readonly  data memory
   1 149 bytes of readwrite data memory

Errors: none
Warnings: none
